[0.200s] Invoking command in '/home/nathan/ros2_ws/build/articubot_one': CMAKE_PREFIX_PATH=${CMAKE_PREFIX_PATH}:/home/nathan/ros2_ws/install/rdj2025_potato_disease_detection:/home/nathan/ros2_ws/install/joy_tester:/opt/ros/humble /usr/bin/cmake --build /home/nathan/ros2_ws/build/articubot_one -- -j4 -l4
[1.721s] Invoked command in '/home/nathan/ros2_ws/build/articubot_one' returned '0': CMAKE_PREFIX_PATH=${CMAKE_PREFIX_PATH}:/home/nathan/ros2_ws/install/rdj2025_potato_disease_detection:/home/nathan/ros2_ws/install/joy_tester:/opt/ros/humble /usr/bin/cmake --build /home/nathan/ros2_ws/build/articubot_one -- -j4 -l4
[1.944s] Invoking command in '/home/nathan/ros2_ws/build/articubot_one': CMAKE_PREFIX_PATH=${CMAKE_PREFIX_PATH}:/home/nathan/ros2_ws/install/rdj2025_potato_disease_detection:/home/nathan/ros2_ws/install/joy_tester:/opt/ros/humble /usr/bin/cmake --install /home/nathan/ros2_ws/build/articubot_one
[2.121s] -- Install configuration: ""
[2.138s] -- Up-to-date: /home/nathan/ros2_ws/install/articubot_one/share/articubot_one/config
[2.188s] -- Up-to-date: /home/nathan/ros2_ws/install/articubot_one/share/articubot_one/config/my_controllers.yaml
[2.189s] -- Up-to-date: /home/nathan/ros2_ws/install/articubot_one/share/articubot_one/config/ball_tracker_params_sim.yaml
[2.189s] -- Up-to-date: /home/nathan/ros2_ws/install/articubot_one/share/articubot_one/config/main.rviz
[2.189s] -- Up-to-date: /home/nathan/ros2_ws/install/articubot_one/share/articubot_one/config/joystick.yaml
[2.189s] -- Up-to-date: /home/nathan/ros2_ws/install/articubot_one/share/articubot_one/config/map.rviz
[2.190s] -- Up-to-date: /home/nathan/ros2_ws/install/articubot_one/share/articubot_one/config/gazebo_params.yaml
[2.190s] -- Up-to-date: /home/nathan/ros2_ws/install/articubot_one/share/articubot_one/config/gaz_ros2_ctl_use_sim.yaml
[2.190s] -- Up-to-date: /home/nathan/ros2_ws/install/articubot_one/share/articubot_one/config/twist_mux.yaml
[2.190s] -- Up-to-date: /home/nathan/ros2_ws/install/articubot_one/share/articubot_one/config/empty.yaml
[2.190s] -- Up-to-date: /home/nathan/ros2_ws/install/articubot_one/share/articubot_one/config/drive_bot.rviz
[2.191s] -- Up-to-date: /home/nathan/ros2_ws/install/articubot_one/share/articubot_one/config/ball_tracker_params_robot.yaml
[2.191s] -- Up-to-date: /home/nathan/ros2_ws/install/articubot_one/share/articubot_one/config/mapper_params_online_async.yaml
[2.191s] -- Up-to-date: /home/nathan/ros2_ws/install/articubot_one/share/articubot_one/config/view_bot.rviz
[2.191s] -- Up-to-date: /home/nathan/ros2_ws/install/articubot_one/share/articubot_one/config/nav2_params.yaml
[2.191s] -- Up-to-date: /home/nathan/ros2_ws/install/articubot_one/share/articubot_one/description
[2.258s] -- Up-to-date: /home/nathan/ros2_ws/install/articubot_one/share/articubot_one/description/ros2_control.xacro
[2.258s] -- Up-to-date: /home/nathan/ros2_ws/install/articubot_one/share/articubot_one/description/camera.xacro
[2.258s] -- Up-to-date: /home/nathan/ros2_ws/install/articubot_one/share/articubot_one/description/lidar.xacro
[2.259s] -- Up-to-date: /home/nathan/ros2_ws/install/articubot_one/share/articubot_one/description/depth_camera.xacro
[2.260s] -- Up-to-date: /home/nathan/ros2_ws/install/articubot_one/share/articubot_one/description/face.xacro
[2.260s] -- Up-to-date: /home/nathan/ros2_ws/install/articubot_one/share/articubot_one/description/robot.urdf.xacro
[2.261s] -- Up-to-date: /home/nathan/ros2_ws/install/articubot_one/share/articubot_one/description/gazebo_control.xacro
[2.261s] -- Up-to-date: /home/nathan/ros2_ws/install/articubot_one/share/articubot_one/description/robot_core.xacro
[2.262s] -- Up-to-date: /home/nathan/ros2_ws/install/articubot_one/share/articubot_one/description/inertial_macros.xacro
[2.262s] -- Up-to-date: /home/nathan/ros2_ws/install/articubot_one/share/articubot_one/launch
[2.263s] -- Up-to-date: /home/nathan/ros2_ws/install/articubot_one/share/articubot_one/launch/joystick.launch.py
[2.263s] -- Up-to-date: /home/nathan/ros2_ws/install/articubot_one/share/articubot_one/launch/rplidar.launch.py
[2.263s] -- Up-to-date: /home/nathan/ros2_ws/install/articubot_one/share/articubot_one/launch/navigation_launch.py
[2.264s] -- Up-to-date: /home/nathan/ros2_ws/install/articubot_one/share/articubot_one/launch/camera.launch.py
[2.265s] -- Up-to-date: /home/nathan/ros2_ws/install/articubot_one/share/articubot_one/launch/rsp.launch.py
[2.265s] -- Up-to-date: /home/nathan/ros2_ws/install/articubot_one/share/articubot_one/launch/launch_robot.launch.py
[2.265s] -- Up-to-date: /home/nathan/ros2_ws/install/articubot_one/share/articubot_one/launch/launch_sim.launch.py
[2.266s] -- Up-to-date: /home/nathan/ros2_ws/install/articubot_one/share/articubot_one/launch/online_async_launch.py
[2.266s] -- Up-to-date: /home/nathan/ros2_ws/install/articubot_one/share/articubot_one/launch/ball_tracker.launch.py
[2.266s] -- Up-to-date: /home/nathan/ros2_ws/install/articubot_one/share/articubot_one/launch/localization_launch.py
[2.267s] -- Up-to-date: /home/nathan/ros2_ws/install/articubot_one/share/articubot_one/worlds
[2.267s] -- Up-to-date: /home/nathan/ros2_ws/install/articubot_one/share/articubot_one/worlds/obstacles.world
[2.267s] -- Up-to-date: /home/nathan/ros2_ws/install/articubot_one/share/articubot_one/worlds/empty.world
[2.267s] -- Up-to-date: /home/nathan/ros2_ws/install/articubot_one/share/ament_index/resource_index/package_run_dependencies/articubot_one
[2.268s] -- Up-to-date: /home/nathan/ros2_ws/install/articubot_one/share/ament_index/resource_index/parent_prefix_path/articubot_one
[2.268s] -- Up-to-date: /home/nathan/ros2_ws/install/articubot_one/share/articubot_one/environment/ament_prefix_path.sh
[2.268s] -- Up-to-date: /home/nathan/ros2_ws/install/articubot_one/share/articubot_one/environment/ament_prefix_path.dsv
[2.268s] -- Up-to-date: /home/nathan/ros2_ws/install/articubot_one/share/articubot_one/environment/path.sh
[2.269s] -- Up-to-date: /home/nathan/ros2_ws/install/articubot_one/share/articubot_one/environment/path.dsv
[2.269s] -- Up-to-date: /home/nathan/ros2_ws/install/articubot_one/share/articubot_one/local_setup.bash
[2.269s] -- Up-to-date: /home/nathan/ros2_ws/install/articubot_one/share/articubot_one/local_setup.sh
[2.269s] -- Up-to-date: /home/nathan/ros2_ws/install/articubot_one/share/articubot_one/local_setup.zsh
[2.270s] -- Up-to-date: /home/nathan/ros2_ws/install/articubot_one/share/articubot_one/local_setup.dsv
[2.270s] -- Installing: /home/nathan/ros2_ws/install/articubot_one/share/articubot_one/package.dsv
[2.314s] -- Up-to-date: /home/nathan/ros2_ws/install/articubot_one/share/ament_index/resource_index/packages/articubot_one
[2.314s] -- Up-to-date: /home/nathan/ros2_ws/install/articubot_one/share/articubot_one/cmake/articubot_oneConfig.cmake
[2.315s] -- Up-to-date: /home/nathan/ros2_ws/install/articubot_one/share/articubot_one/cmake/articubot_oneConfig-version.cmake
[2.315s] -- Up-to-date: /home/nathan/ros2_ws/install/articubot_one/share/articubot_one/package.xml
[3.234s] Invoked command in '/home/nathan/ros2_ws/build/articubot_one' returned '0': CMAKE_PREFIX_PATH=${CMAKE_PREFIX_PATH}:/home/nathan/ros2_ws/install/rdj2025_potato_disease_detection:/home/nathan/ros2_ws/install/joy_tester:/opt/ros/humble /usr/bin/cmake --install /home/nathan/ros2_ws/build/articubot_one
