[0.218s] Invoking command in '/home/nathan/ros2_ws/build/diffdrive_arduino': CMAKE_PREFIX_PATH=${CMAKE_PREFIX_PATH}:/home/nathan/ros2_ws/install/rdj2025_potato_disease_detection:/home/nathan/ros2_ws/install/joy_tester:/opt/ros/humble /usr/bin/cmake --build /home/nathan/ros2_ws/build/diffdrive_arduino -- -j4 -l4
[6.378s] [100%] Built target diffdrive_arduino
[6.389s] Invoked command in '/home/nathan/ros2_ws/build/diffdrive_arduino' returned '0': CMAKE_PREFIX_PATH=${CMAKE_PREFIX_PATH}:/home/nathan/ros2_ws/install/rdj2025_potato_disease_detection:/home/nathan/ros2_ws/install/joy_tester:/opt/ros/humble /usr/bin/cmake --build /home/nathan/ros2_ws/build/diffdrive_arduino -- -j4 -l4
[6.532s] Invoking command in '/home/nathan/ros2_ws/build/diffdrive_arduino': CMAKE_PREFIX_PATH=${CMAKE_PREFIX_PATH}:/home/nathan/ros2_ws/install/rdj2025_potato_disease_detection:/home/nathan/ros2_ws/install/joy_tester:/opt/ros/humble /usr/bin/cmake --install /home/nathan/ros2_ws/build/diffdrive_arduino
[6.605s] -- Install configuration: ""
[6.605s] -- Up-to-date: /home/nathan/ros2_ws/install/diffdrive_arduino/share/diffdrive_arduino/diffdrive_arduino.xml
[6.605s] -- Up-to-date: /home/nathan/ros2_ws/install/diffdrive_arduino/include/diffdrive_arduino
[6.606s] -- Up-to-date: /home/nathan/ros2_ws/install/diffdrive_arduino/include/diffdrive_arduino/diffdrive_arduino
[6.606s] -- Up-to-date: /home/nathan/ros2_ws/install/diffdrive_arduino/include/diffdrive_arduino/diffdrive_arduino/visibility_control.h
[6.606s] -- Up-to-date: /home/nathan/ros2_ws/install/diffdrive_arduino/include/diffdrive_arduino/diffdrive_arduino/diffbot_system.hpp
[6.606s] -- Up-to-date: /home/nathan/ros2_ws/install/diffdrive_arduino/include/diffdrive_arduino/diffdrive_arduino/arduino_comms.hpp
[6.606s] -- Up-to-date: /home/nathan/ros2_ws/install/diffdrive_arduino/include/diffdrive_arduino/diffdrive_arduino/wheel.hpp
[6.664s] -- Up-to-date: /home/nathan/ros2_ws/install/diffdrive_arduino/share/diffdrive_arduino/launch
[6.665s] -- Up-to-date: /home/nathan/ros2_ws/install/diffdrive_arduino/share/diffdrive_arduino/launch/view_robot.launch.py
[6.665s] -- Up-to-date: /home/nathan/ros2_ws/install/diffdrive_arduino/share/diffdrive_arduino/ros2_control
[6.665s] -- Up-to-date: /home/nathan/ros2_ws/install/diffdrive_arduino/share/diffdrive_arduino/ros2_control/diffbot.ros2_control.xacro
[6.665s] -- Up-to-date: /home/nathan/ros2_ws/install/diffdrive_arduino/share/diffdrive_arduino/urdf
[6.665s] -- Up-to-date: /home/nathan/ros2_ws/install/diffdrive_arduino/share/diffdrive_arduino/urdf/diffbot_description.urdf.xacro
[6.666s] -- Up-to-date: /home/nathan/ros2_ws/install/diffdrive_arduino/share/diffdrive_arduino/urdf/diffbot.materials.xacro
[6.666s] -- Up-to-date: /home/nathan/ros2_ws/install/diffdrive_arduino/share/diffdrive_arduino/urdf/diffbot.urdf.xacro
[6.666s] -- Up-to-date: /home/nathan/ros2_ws/install/diffdrive_arduino/share/diffdrive_arduino/rviz
[6.666s] -- Up-to-date: /home/nathan/ros2_ws/install/diffdrive_arduino/share/diffdrive_arduino/rviz/diffbot.rviz
[6.666s] -- Up-to-date: /home/nathan/ros2_ws/install/diffdrive_arduino/share/diffdrive_arduino/rviz/diffbot_view.rviz
[6.741s] -- Up-to-date: /home/nathan/ros2_ws/install/diffdrive_arduino/share/diffdrive_arduino/launch
[6.799s] -- Up-to-date: /home/nathan/ros2_ws/install/diffdrive_arduino/share/diffdrive_arduino/launch/diffbot.launch.py
[6.800s] -- Up-to-date: /home/nathan/ros2_ws/install/diffdrive_arduino/share/diffdrive_arduino/config
[6.846s] -- Up-to-date: /home/nathan/ros2_ws/install/diffdrive_arduino/share/diffdrive_arduino/config/diffbot_controllers.yaml
[6.960s] -- Up-to-date: /home/nathan/ros2_ws/install/diffdrive_arduino/lib/libdiffdrive_arduino.so
[6.961s] -- Up-to-date: /home/nathan/ros2_ws/install/diffdrive_arduino/share/diffdrive_arduino/environment/library_path.sh
[6.962s] -- Up-to-date: /home/nathan/ros2_ws/install/diffdrive_arduino/share/diffdrive_arduino/environment/library_path.dsv
[6.962s] -- Up-to-date: /home/nathan/ros2_ws/install/diffdrive_arduino/share/ament_index/resource_index/package_run_dependencies/diffdrive_arduino
[7.014s] -- Up-to-date: /home/nathan/ros2_ws/install/diffdrive_arduino/share/ament_index/resource_index/parent_prefix_path/diffdrive_arduino
[7.014s] -- Up-to-date: /home/nathan/ros2_ws/install/diffdrive_arduino/share/diffdrive_arduino/environment/ament_prefix_path.sh
[7.015s] -- Up-to-date: /home/nathan/ros2_ws/install/diffdrive_arduino/share/diffdrive_arduino/environment/ament_prefix_path.dsv
[7.016s] -- Up-to-date: /home/nathan/ros2_ws/install/diffdrive_arduino/share/diffdrive_arduino/environment/path.sh
[7.017s] -- Up-to-date: /home/nathan/ros2_ws/install/diffdrive_arduino/share/diffdrive_arduino/environment/path.dsv
[7.017s] -- Up-to-date: /home/nathan/ros2_ws/install/diffdrive_arduino/share/diffdrive_arduino/local_setup.bash
[7.017s] -- Up-to-date: /home/nathan/ros2_ws/install/diffdrive_arduino/share/diffdrive_arduino/local_setup.sh
[7.018s] -- Up-to-date: /home/nathan/ros2_ws/install/diffdrive_arduino/share/diffdrive_arduino/local_setup.zsh
[7.018s] -- Up-to-date: /home/nathan/ros2_ws/install/diffdrive_arduino/share/diffdrive_arduino/local_setup.dsv
[7.018s] -- Installing: /home/nathan/ros2_ws/install/diffdrive_arduino/share/diffdrive_arduino/package.dsv
[7.034s] -- Up-to-date: /home/nathan/ros2_ws/install/diffdrive_arduino/share/ament_index/resource_index/packages/diffdrive_arduino
[7.035s] -- Up-to-date: /home/nathan/ros2_ws/install/diffdrive_arduino/share/ament_index/resource_index/hardware_interface__pluginlib__plugin/diffdrive_arduino
[7.192s] -- Up-to-date: /home/nathan/ros2_ws/install/diffdrive_arduino/share/diffdrive_arduino/cmake/export_diffdrive_arduinoExport.cmake
[7.193s] -- Up-to-date: /home/nathan/ros2_ws/install/diffdrive_arduino/share/diffdrive_arduino/cmake/export_diffdrive_arduinoExport-noconfig.cmake
[7.194s] -- Up-to-date: /home/nathan/ros2_ws/install/diffdrive_arduino/share/diffdrive_arduino/cmake/ament_cmake_export_targets-extras.cmake
[7.195s] -- Up-to-date: /home/nathan/ros2_ws/install/diffdrive_arduino/share/diffdrive_arduino/cmake/ament_cmake_export_dependencies-extras.cmake
[7.196s] -- Up-to-date: /home/nathan/ros2_ws/install/diffdrive_arduino/share/diffdrive_arduino/cmake/diffdrive_arduinoConfig.cmake
[7.196s] -- Up-to-date: /home/nathan/ros2_ws/install/diffdrive_arduino/share/diffdrive_arduino/cmake/diffdrive_arduinoConfig-version.cmake
[7.197s] -- Up-to-date: /home/nathan/ros2_ws/install/diffdrive_arduino/share/diffdrive_arduino/package.xml
[7.222s] Invoked command in '/home/nathan/ros2_ws/build/diffdrive_arduino' returned '0': CMAKE_PREFIX_PATH=${CMAKE_PREFIX_PATH}:/home/nathan/ros2_ws/install/rdj2025_potato_disease_detection:/home/nathan/ros2_ws/install/joy_tester:/opt/ros/humble /usr/bin/cmake --install /home/nathan/ros2_ws/build/diffdrive_arduino
