[0.065s] Invoking command in '/home/limitbreakers/breakers_ws/build/diffdrive_arduino': AMENT_PREFIX_PATH=/home/limitbreakers/breakers_ws/install/serial:${AMENT_PREFIX_PATH} CMAKE_PREFIX_PATH=/home/limitbreakers/breakers_ws/install/serial:/home/limitbreakers/breakers_ws/install/sllidar_ros2:/home/limitbreakers/breakers_ws/install/dojo:/home/limitbreakers/breakers_ws/install/diffdrive_arduino:/home/limitbreakers/breakers_ws/install/articubot_one:/home/limitbreakers/ros2_ws/install/serial:/home/limitbreakers/ros2_ws/install/rplidar_ros:/home/limitbreakers/ros2_ws/install/diffdrive_arduino:/home/limitbreakers/ros2_ws/install/articubot_one:/home/limitbreakers/breakers_ws/install/joy_tester:/opt/ros/humble LD_LIBRARY_PATH=/home/limitbreakers/breakers_ws/install/serial/lib:${LD_LIBRARY_PATH} /usr/bin/cmake --build /home/limitbreakers/breakers_ws/build/diffdrive_arduino -- -j4 -l4
[0.261s] [35m[1mConsolidate compiler generated dependencies of target fake_robot[0m
[0.269s] [35m[1mConsolidate compiler generated dependencies of target diffdrive_arduino[0m
[0.383s] [ 42%] Built target fake_robot
[0.396s] [100%] Built target diffdrive_arduino
[0.447s] Invoked command in '/home/limitbreakers/breakers_ws/build/diffdrive_arduino' returned '0': AMENT_PREFIX_PATH=/home/limitbreakers/breakers_ws/install/serial:${AMENT_PREFIX_PATH} CMAKE_PREFIX_PATH=/home/limitbreakers/breakers_ws/install/serial:/home/limitbreakers/breakers_ws/install/sllidar_ros2:/home/limitbreakers/breakers_ws/install/dojo:/home/limitbreakers/breakers_ws/install/diffdrive_arduino:/home/limitbreakers/breakers_ws/install/articubot_one:/home/limitbreakers/ros2_ws/install/serial:/home/limitbreakers/ros2_ws/install/rplidar_ros:/home/limitbreakers/ros2_ws/install/diffdrive_arduino:/home/limitbreakers/ros2_ws/install/articubot_one:/home/limitbreakers/breakers_ws/install/joy_tester:/opt/ros/humble LD_LIBRARY_PATH=/home/limitbreakers/breakers_ws/install/serial/lib:${LD_LIBRARY_PATH} /usr/bin/cmake --build /home/limitbreakers/breakers_ws/build/diffdrive_arduino -- -j4 -l4
[0.449s] Invoking command in '/home/limitbreakers/breakers_ws/build/diffdrive_arduino': AMENT_PREFIX_PATH=/home/limitbreakers/breakers_ws/install/serial:${AMENT_PREFIX_PATH} CMAKE_PREFIX_PATH=/home/limitbreakers/breakers_ws/install/serial:/home/limitbreakers/breakers_ws/install/sllidar_ros2:/home/limitbreakers/breakers_ws/install/dojo:/home/limitbreakers/breakers_ws/install/diffdrive_arduino:/home/limitbreakers/breakers_ws/install/articubot_one:/home/limitbreakers/ros2_ws/install/serial:/home/limitbreakers/ros2_ws/install/rplidar_ros:/home/limitbreakers/ros2_ws/install/diffdrive_arduino:/home/limitbreakers/ros2_ws/install/articubot_one:/home/limitbreakers/breakers_ws/install/joy_tester:/opt/ros/humble LD_LIBRARY_PATH=/home/limitbreakers/breakers_ws/install/serial/lib:${LD_LIBRARY_PATH} /usr/bin/cmake --install /home/limitbreakers/breakers_ws/build/diffdrive_arduino
[0.474s] -- Install configuration: ""
[0.475s] -- Execute custom install script
[0.477s] -- Up-to-date symlink: /home/limitbreakers/breakers_ws/install/diffdrive_arduino/share/diffdrive_arduino//robot_hardware.xml
[0.477s] -- Up-to-date symlink: /home/limitbreakers/breakers_ws/install/diffdrive_arduino/share/diffdrive_arduino//fake_robot_hardware.xml
[0.479s] -- Up-to-date symlink: /home/limitbreakers/breakers_ws/install/diffdrive_arduino/lib/libdiffdrive_arduino.so
[0.480s] -- Up-to-date symlink: /home/limitbreakers/breakers_ws/install/diffdrive_arduino/lib/libfake_robot.so
[0.482s] -- Up-to-date symlink: /home/limitbreakers/breakers_ws/install/diffdrive_arduino/share/diffdrive_arduino/controllers/robot_controller_example.yaml
[0.483s] -- Up-to-date symlink: /home/limitbreakers/breakers_ws/install/diffdrive_arduino/share/diffdrive_arduino/__pycache__/test_robot.launch.cpython-310.pyc
[0.484s] -- Up-to-date symlink: /home/limitbreakers/breakers_ws/install/diffdrive_arduino/share/diffdrive_arduino/fake_robot.launch.py
[0.485s] -- Up-to-date symlink: /home/limitbreakers/breakers_ws/install/diffdrive_arduino/share/diffdrive_arduino/test_robot.launch.py
[0.486s] -- Up-to-date symlink: /home/limitbreakers/breakers_ws/install/diffdrive_arduino/share/diffdrive_arduino/environment/library_path.sh
[0.487s] -- Up-to-date symlink: /home/limitbreakers/breakers_ws/install/diffdrive_arduino/share/diffdrive_arduino/environment/library_path.dsv
[0.488s] -- Up-to-date symlink: /home/limitbreakers/breakers_ws/install/diffdrive_arduino/share/ament_index/resource_index/package_run_dependencies/diffdrive_arduino
[0.489s] -- Up-to-date symlink: /home/limitbreakers/breakers_ws/install/diffdrive_arduino/share/ament_index/resource_index/parent_prefix_path/diffdrive_arduino
[0.490s] -- Up-to-date symlink: /home/limitbreakers/breakers_ws/install/diffdrive_arduino/share/diffdrive_arduino/environment/ament_prefix_path.sh
[0.491s] -- Up-to-date symlink: /home/limitbreakers/breakers_ws/install/diffdrive_arduino/share/diffdrive_arduino/environment/ament_prefix_path.dsv
[0.492s] -- Up-to-date symlink: /home/limitbreakers/breakers_ws/install/diffdrive_arduino/share/diffdrive_arduino/environment/path.sh
[0.493s] -- Up-to-date symlink: /home/limitbreakers/breakers_ws/install/diffdrive_arduino/share/diffdrive_arduino/environment/path.dsv
[0.494s] -- Up-to-date symlink: /home/limitbreakers/breakers_ws/install/diffdrive_arduino/share/diffdrive_arduino/local_setup.bash
[0.495s] -- Up-to-date symlink: /home/limitbreakers/breakers_ws/install/diffdrive_arduino/share/diffdrive_arduino/local_setup.sh
[0.496s] -- Up-to-date symlink: /home/limitbreakers/breakers_ws/install/diffdrive_arduino/share/diffdrive_arduino/local_setup.zsh
[0.497s] -- Up-to-date symlink: /home/limitbreakers/breakers_ws/install/diffdrive_arduino/share/diffdrive_arduino/local_setup.dsv
[0.497s] -- Symlinking: /home/limitbreakers/breakers_ws/install/diffdrive_arduino/share/diffdrive_arduino/package.dsv
[0.533s] -- Up-to-date symlink: /home/limitbreakers/breakers_ws/install/diffdrive_arduino/share/ament_index/resource_index/packages/diffdrive_arduino
[0.534s] -- Up-to-date symlink: /home/limitbreakers/breakers_ws/install/diffdrive_arduino/share/ament_index/resource_index/hardware_interface__pluginlib__plugin/diffdrive_arduino
[0.535s] -- Up-to-date symlink: /home/limitbreakers/breakers_ws/install/diffdrive_arduino/share/diffdrive_arduino/cmake/ament_cmake_export_libraries-extras.cmake
[0.536s] -- Up-to-date symlink: /home/limitbreakers/breakers_ws/install/diffdrive_arduino/share/diffdrive_arduino/cmake/ament_cmake_export_dependencies-extras.cmake
[0.537s] -- Up-to-date symlink: /home/limitbreakers/breakers_ws/install/diffdrive_arduino/share/diffdrive_arduino/cmake/diffdrive_arduinoConfig.cmake
[0.538s] -- Up-to-date symlink: /home/limitbreakers/breakers_ws/install/diffdrive_arduino/share/diffdrive_arduino/cmake/diffdrive_arduinoConfig-version.cmake
[0.539s] -- Up-to-date symlink: /home/limitbreakers/breakers_ws/install/diffdrive_arduino/share/diffdrive_arduino/package.xml
[0.546s] Invoked command in '/home/limitbreakers/breakers_ws/build/diffdrive_arduino' returned '0': AMENT_PREFIX_PATH=/home/limitbreakers/breakers_ws/install/serial:${AMENT_PREFIX_PATH} CMAKE_PREFIX_PATH=/home/limitbreakers/breakers_ws/install/serial:/home/limitbreakers/breakers_ws/install/sllidar_ros2:/home/limitbreakers/breakers_ws/install/dojo:/home/limitbreakers/breakers_ws/install/diffdrive_arduino:/home/limitbreakers/breakers_ws/install/articubot_one:/home/limitbreakers/ros2_ws/install/serial:/home/limitbreakers/ros2_ws/install/rplidar_ros:/home/limitbreakers/ros2_ws/install/diffdrive_arduino:/home/limitbreakers/ros2_ws/install/articubot_one:/home/limitbreakers/breakers_ws/install/joy_tester:/opt/ros/humble LD_LIBRARY_PATH=/home/limitbreakers/breakers_ws/install/serial/lib:${LD_LIBRARY_PATH} /usr/bin/cmake --install /home/limitbreakers/breakers_ws/build/diffdrive_arduino
