In file included from [01m[K/home/limitbreakers/breakers_ws/src/diffdrive_arduino/include/diffdrive_arduino/diffdrive_arduino.h:13[m[K,
                 from [01m[K/home/limitbreakers/breakers_ws/src/diffdrive_arduino/src/diffdrive_arduino.cpp:1[m[K:
[01m[K/home/limitbreakers/breakers_ws/src/diffdrive_arduino/include/diffdrive_arduino/config.h:1:1:[m[K [01;31m[Kerror: [m[Kexpected unqualified-id before ‘[01m[K<[m[K’ token
    1 | [01;31m[K<[m[K?xml version="1.0"?>
      | [01;31m[K^[m[K
In file included from [01m[K/home/limitbreakers/breakers_ws/src/diffdrive_arduino/src/diffdrive_arduino.cpp:1[m[K:
[01m[K/home/limitbreakers/breakers_ws/src/diffdrive_arduino/include/diffdrive_arduino/diffdrive_arduino.h:48:3:[m[K [01;31m[Kerror: [m[K‘[01m[KConfig[m[K’ does not name a type
   48 |   [01;31m[KConfig[m[K cfg_;
      |   [01;31m[K^~~~~~[m[K
[01m[K/home/limitbreakers/breakers_ws/src/diffdrive_arduino/include/diffdrive_arduino/diffdrive_arduino.h:51:3:[m[K [01;31m[Kerror: [m[K‘[01m[KWheel[m[K’ does not name a type
   51 |   [01;31m[KWheel[m[K l_wheel_;
      |   [01;31m[K^~~~~[m[K
[01m[K/home/limitbreakers/breakers_ws/src/diffdrive_arduino/include/diffdrive_arduino/diffdrive_arduino.h:52:3:[m[K [01;31m[Kerror: [m[K‘[01m[KWheel[m[K’ does not name a type
   52 |   [01;31m[KWheel[m[K r_wheel_;
      |   [01;31m[K^~~~~[m[K
[01m[K/home/limitbreakers/breakers_ws/src/diffdrive_arduino/src/diffdrive_arduino.cpp:[m[K In member function ‘[01m[Kvirtual hardware_interface::CallbackReturn diffdrive_arduino::DiffDriveArduino::on_init(const hardware_interface::HardwareInfo&)[m[K’:
[01m[K/home/limitbreakers/breakers_ws/src/diffdrive_arduino/src/diffdrive_arduino.cpp:28:3:[m[K [01;31m[Kerror: [m[K‘[01m[Kcfg_[m[K’ was not declared in this scope
   28 |   [01;31m[Kcfg_[m[K.left_wheel_name = info_.hardware_parameters["left_wheel_name"];
      |   [01;31m[K^~~~[m[K
[01m[K/home/limitbreakers/breakers_ws/src/diffdrive_arduino/src/diffdrive_arduino.cpp:37:3:[m[K [01;31m[Kerror: [m[K‘[01m[Kl_wheel_[m[K’ was not declared in this scope
   37 |   [01;31m[Kl_wheel_[m[K.setup(cfg_.left_wheel_name, cfg_.enc_counts_per_rev);
      |   [01;31m[K^~~~~~~~[m[K
[01m[K/home/limitbreakers/breakers_ws/src/diffdrive_arduino/src/diffdrive_arduino.cpp:38:3:[m[K [01;31m[Kerror: [m[K‘[01m[Kr_wheel_[m[K’ was not declared in this scope
   38 |   [01;31m[Kr_wheel_[m[K.setup(cfg_.right_wheel_name, cfg_.enc_counts_per_rev);
      |   [01;31m[K^~~~~~~~[m[K
[01m[K/home/limitbreakers/breakers_ws/src/diffdrive_arduino/src/diffdrive_arduino.cpp:[m[K In member function ‘[01m[Kvirtual std::vector<hardware_interface::StateInterface> diffdrive_arduino::DiffDriveArduino::export_state_interfaces()[m[K’:
[01m[K/home/limitbreakers/breakers_ws/src/diffdrive_arduino/src/diffdrive_arduino.cpp:54:68:[m[K [01;31m[Kerror: [m[K‘[01m[Kl_wheel_[m[K’ was not declared in this scope
   54 |   state_interfaces.emplace_back(hardware_interface::StateInterface([01;31m[Kl_wheel_[m[K.name, hardware_interface::HW_IF_VELOCITY, &l_wheel_.vel));
      |                                                                    [01;31m[K^~~~~~~~[m[K
[01m[K/home/limitbreakers/breakers_ws/src/diffdrive_arduino/src/diffdrive_arduino.cpp:56:68:[m[K [01;31m[Kerror: [m[K‘[01m[Kr_wheel_[m[K’ was not declared in this scope
   56 |   state_interfaces.emplace_back(hardware_interface::StateInterface([01;31m[Kr_wheel_[m[K.name, hardware_interface::HW_IF_VELOCITY, &r_wheel_.vel));
      |                                                                    [01;31m[K^~~~~~~~[m[K
[01m[K/home/limitbreakers/breakers_ws/src/diffdrive_arduino/src/diffdrive_arduino.cpp:[m[K In member function ‘[01m[Kvirtual std::vector<hardware_interface::CommandInterface> diffdrive_arduino::DiffDriveArduino::export_command_interfaces()[m[K’:
[01m[K/home/limitbreakers/breakers_ws/src/diffdrive_arduino/src/diffdrive_arduino.cpp:68:72:[m[K [01;31m[Kerror: [m[K‘[01m[Kl_wheel_[m[K’ was not declared in this scope
   68 |   command_interfaces.emplace_back(hardware_interface::CommandInterface([01;31m[Kl_wheel_[m[K.name, hardware_interface::HW_IF_VELOCITY, &l_wheel_.cmd));
      |                                                                        [01;31m[K^~~~~~~~[m[K
[01m[K/home/limitbreakers/breakers_ws/src/diffdrive_arduino/src/diffdrive_arduino.cpp:69:72:[m[K [01;31m[Kerror: [m[K‘[01m[Kr_wheel_[m[K’ was not declared in this scope
   69 |   command_interfaces.emplace_back(hardware_interface::CommandInterface([01;31m[Kr_wheel_[m[K.name, hardware_interface::HW_IF_VELOCITY, &r_wheel_.cmd));
      |                                                                        [01;31m[K^~~~~~~~[m[K
[01m[K/home/limitbreakers/breakers_ws/src/diffdrive_arduino/src/diffdrive_arduino.cpp:[m[K In member function ‘[01m[Kvirtual hardware_interface::return_type diffdrive_arduino::DiffDriveArduino::read(const rclcpp::Time&, const rclcpp::Duration&)[m[K’:
[01m[K/home/limitbreakers/breakers_ws/src/diffdrive_arduino/src/diffdrive_arduino.cpp:110:30:[m[K [01;31m[Kerror: [m[K‘[01m[Kl_wheel_[m[K’ was not declared in this scope
  110 |   arduino_.readEncoderValues([01;31m[Kl_wheel_[m[K.enc, r_wheel_.enc);
      |                              [01;31m[K^~~~~~~~[m[K
[01m[K/home/limitbreakers/breakers_ws/src/diffdrive_arduino/src/diffdrive_arduino.cpp:110:44:[m[K [01;31m[Kerror: [m[K‘[01m[Kr_wheel_[m[K’ was not declared in this scope
  110 |   arduino_.readEncoderValues(l_wheel_.enc, [01;31m[Kr_wheel_[m[K.enc);
      |                                            [01;31m[K^~~~~~~~[m[K
[01m[K/home/limitbreakers/breakers_ws/src/diffdrive_arduino/src/diffdrive_arduino.cpp:[m[K In member function ‘[01m[Kvirtual hardware_interface::return_type diffdrive_arduino::DiffDriveArduino::write(const rclcpp::Time&, const rclcpp::Duration&)[m[K’:
[01m[K/home/limitbreakers/breakers_ws/src/diffdrive_arduino/src/diffdrive_arduino.cpp:135:27:[m[K [01;31m[Kerror: [m[K‘[01m[Kl_wheel_[m[K’ was not declared in this scope
  135 |   arduino_.setMotorValues([01;31m[Kl_wheel_[m[K.cmd / l_wheel_.rads_per_count / cfg_.loop_rate, r_wheel_.cmd / r_wheel_.rads_per_count / cfg_.loop_rate);
      |                           [01;31m[K^~~~~~~~[m[K
[01m[K/home/limitbreakers/breakers_ws/src/diffdrive_arduino/src/diffdrive_arduino.cpp:135:68:[m[K [01;31m[Kerror: [m[K‘[01m[Kcfg_[m[K’ was not declared in this scope
  135 |   arduino_.setMotorValues(l_wheel_.cmd / l_wheel_.rads_per_count / [01;31m[Kcfg_[m[K.loop_rate, r_wheel_.cmd / r_wheel_.rads_per_count / cfg_.loop_rate);
      |                                                                    [01;31m[K^~~~[m[K
[01m[K/home/limitbreakers/breakers_ws/src/diffdrive_arduino/src/diffdrive_arduino.cpp:135:84:[m[K [01;31m[Kerror: [m[K‘[01m[Kr_wheel_[m[K’ was not declared in this scope
  135 |   arduino_.setMotorValues(l_wheel_.cmd / l_wheel_.rads_per_count / cfg_.loop_rate, [01;31m[Kr_wheel_[m[K.cmd / r_wheel_.rads_per_count / cfg_.loop_rate);
      |                                                                                    [01;31m[K^~~~~~~~[m[K
gmake[2]: *** [CMakeFiles/diffdrive_arduino.dir/build.make:76: CMakeFiles/diffdrive_arduino.dir/src/diffdrive_arduino.cpp.o] Error 1
gmake[1]: *** [CMakeFiles/Makefile2:139: CMakeFiles/diffdrive_arduino.dir/all] Error 2
gmake: *** [Makefile:146: all] Error 2
