[0.076s] Invoking command in '/home/limitbreakers/breakers_ws/build/diffdrive_arduino': CMAKE_PREFIX_PATH=/home/limitbreakers/breakers_ws/install/serial:/home/limitbreakers/breakers_ws/install/sllidar_ros2:/home/limitbreakers/breakers_ws/install/diffdrive_arduino:/home/limitbreakers/breakers_ws/install/dojo:/home/limitbreakers/ros2_ws/install/serial:/home/limitbreakers/ros2_ws/install/rplidar_ros:/home/limitbreakers/ros2_ws/install/diffdrive_arduino:/home/limitbreakers/ros2_ws/install/articubot_one:/opt/ros/humble /usr/bin/cmake /home/limitbreakers/breakers_ws/src/diffdrive_arduino -DAMENT_CMAKE_SYMLINK_INSTALL=1 -DCMAKE_INSTALL_PREFIX=/home/limitbreakers/breakers_ws/install/diffdrive_arduino
[0.415s] -- The C compiler identification is GNU 11.4.0
[0.792s] -- The CXX compiler identification is GNU 11.4.0
[0.825s] -- Detecting C compiler ABI info
[1.200s] -- Detecting C compiler ABI info - done
[1.228s] -- Check for working C compiler: /usr/bin/cc - skipped
[1.229s] -- Detecting C compile features
[1.232s] -- Detecting C compile features - done
[1.251s] -- Detecting CXX compiler ABI info
[1.756s] -- Detecting CXX compiler ABI info - done
[1.791s] -- Check for working CXX compiler: /usr/bin/c++ - skipped
[1.792s] -- Detecting CXX compile features
[1.795s] -- Detecting CXX compile features - done
[1.850s] -- Found ament_cmake: 1.3.12 (/opt/ros/humble/share/ament_cmake/cmake)
[2.874s] -- Found Python3: /usr/bin/python3 (found version "3.10.12") found components: Interpreter 
[3.353s] -- Override CMake install command with custom implementation using symlinks instead of copying resources
[3.806s] -- Found serial: 1.2.1 (/home/limitbreakers/breakers_ws/install/serial/share/serial/cmake)
[3.843s] -- Found hardware_interface: 2.51.0 (/opt/ros/humble/share/hardware_interface/cmake)
[4.346s] -- Found rosidl_generator_c: 3.1.7 (/opt/ros/humble/share/rosidl_generator_c/cmake)
[4.417s] -- Found rosidl_adapter: 3.1.7 (/opt/ros/humble/share/rosidl_adapter/cmake)
[4.514s] -- Found rosidl_generator_cpp: 3.1.7 (/opt/ros/humble/share/rosidl_generator_cpp/cmake)
[4.633s] -- Using all available rosidl_typesupport_c: rosidl_typesupport_fastrtps_c;rosidl_typesupport_introspection_c
[4.791s] -- Using all available rosidl_typesupport_cpp: rosidl_typesupport_fastrtps_cpp;rosidl_typesupport_introspection_cpp
[6.714s] -- Found rmw_implementation_cmake: 6.1.2 (/opt/ros/humble/share/rmw_implementation_cmake/cmake)
[6.752s] -- Found rmw_fastrtps_cpp: 6.2.8 (/opt/ros/humble/share/rmw_fastrtps_cpp/cmake)
[7.006s] -- Found TinyXML2 via Config file: TinyXML2_DIR-NOTFOUND
[7.325s] -- Found OpenSSL: /usr/lib/aarch64-linux-gnu/libcrypto.so (found version "3.0.2")  
[7.343s] -- Found TinyXML2 via Config file: TinyXML2_DIR-NOTFOUND
[7.434s] -- Found FastRTPS: /opt/ros/humble/include  
[7.451s] -- Found TinyXML2 via Config file: TinyXML2_DIR-NOTFOUND
[7.491s] -- Found TinyXML2 via Config file: TinyXML2_DIR-NOTFOUND
[7.535s] -- Using RMW implementation 'rmw_fastrtps_cpp' as default
[7.654s] -- Looking for pthread.h
[8.093s] -- Looking for pthread.h - found
[8.095s] -- Performing Test CMAKE_HAVE_LIBC_PTHREAD
[8.569s] -- Performing Test CMAKE_HAVE_LIBC_PTHREAD - Success
[8.575s] -- Found Threads: TRUE  
[8.940s] -- Found controller_manager: 2.51.0 (/opt/ros/humble/share/controller_manager/cmake)
[9.926s] -- Configuring done
[10.337s] -- Generating done
[10.379s] -- Build files have been written to: /home/limitbreakers/breakers_ws/build/diffdrive_arduino
[10.447s] Invoked command in '/home/limitbreakers/breakers_ws/build/diffdrive_arduino' returned '0': CMAKE_PREFIX_PATH=/home/limitbreakers/breakers_ws/install/serial:/home/limitbreakers/breakers_ws/install/sllidar_ros2:/home/limitbreakers/breakers_ws/install/diffdrive_arduino:/home/limitbreakers/breakers_ws/install/dojo:/home/limitbreakers/ros2_ws/install/serial:/home/limitbreakers/ros2_ws/install/rplidar_ros:/home/limitbreakers/ros2_ws/install/diffdrive_arduino:/home/limitbreakers/ros2_ws/install/articubot_one:/opt/ros/humble /usr/bin/cmake /home/limitbreakers/breakers_ws/src/diffdrive_arduino -DAMENT_CMAKE_SYMLINK_INSTALL=1 -DCMAKE_INSTALL_PREFIX=/home/limitbreakers/breakers_ws/install/diffdrive_arduino
[10.451s] Invoking command in '/home/limitbreakers/breakers_ws/build/diffdrive_arduino': CMAKE_PREFIX_PATH=/home/limitbreakers/breakers_ws/install/serial:/home/limitbreakers/breakers_ws/install/sllidar_ros2:/home/limitbreakers/breakers_ws/install/diffdrive_arduino:/home/limitbreakers/breakers_ws/install/dojo:/home/limitbreakers/ros2_ws/install/serial:/home/limitbreakers/ros2_ws/install/rplidar_ros:/home/limitbreakers/ros2_ws/install/diffdrive_arduino:/home/limitbreakers/ros2_ws/install/articubot_one:/opt/ros/humble /usr/bin/cmake --build /home/limitbreakers/breakers_ws/build/diffdrive_arduino -- -j4 -l4
[10.747s] [ 14%] [32mBuilding CXX object CMakeFiles/diffdrive_arduino.dir/src/diffdrive_arduino.cpp.o[0m
[25.255s] In file included from [01m[K/home/limitbreakers/breakers_ws/src/diffdrive_arduino/include/diffdrive_arduino/diffdrive_arduino.h:13[m[K,
[25.255s]                  from [01m[K/home/limitbreakers/breakers_ws/src/diffdrive_arduino/src/diffdrive_arduino.cpp:1[m[K:
[25.255s] [01m[K/home/limitbreakers/breakers_ws/src/diffdrive_arduino/include/diffdrive_arduino/config.h:1:1:[m[K [01;31m[Kerror: [m[Kexpected unqualified-id before ‘[01m[K<[m[K’ token
[25.256s]     1 | [01;31m[K<[m[K?xml version="1.0"?>
[25.256s]       | [01;31m[K^[m[K
[25.279s] In file included from [01m[K/home/limitbreakers/breakers_ws/src/diffdrive_arduino/src/diffdrive_arduino.cpp:1[m[K:
[25.279s] [01m[K/home/limitbreakers/breakers_ws/src/diffdrive_arduino/include/diffdrive_arduino/diffdrive_arduino.h:48:3:[m[K [01;31m[Kerror: [m[K‘[01m[KConfig[m[K’ does not name a type
[25.279s]    48 |   [01;31m[KConfig[m[K cfg_;
[25.280s]       |   [01;31m[K^~~~~~[m[K
[25.284s] [01m[K/home/limitbreakers/breakers_ws/src/diffdrive_arduino/include/diffdrive_arduino/diffdrive_arduino.h:51:3:[m[K [01;31m[Kerror: [m[K‘[01m[KWheel[m[K’ does not name a type
[25.284s]    51 |   [01;31m[KWheel[m[K l_wheel_;
[25.285s]       |   [01;31m[K^~~~~[m[K
[25.289s] [01m[K/home/limitbreakers/breakers_ws/src/diffdrive_arduino/include/diffdrive_arduino/diffdrive_arduino.h:52:3:[m[K [01;31m[Kerror: [m[K‘[01m[KWheel[m[K’ does not name a type
[25.289s]    52 |   [01;31m[KWheel[m[K r_wheel_;
[25.290s]       |   [01;31m[K^~~~~[m[K
[25.313s] [01m[K/home/limitbreakers/breakers_ws/src/diffdrive_arduino/src/diffdrive_arduino.cpp:[m[K In member function ‘[01m[Kvirtual hardware_interface::CallbackReturn diffdrive_arduino::DiffDriveArduino::on_init(const hardware_interface::HardwareInfo&)[m[K’:
[25.314s] [01m[K/home/limitbreakers/breakers_ws/src/diffdrive_arduino/src/diffdrive_arduino.cpp:28:3:[m[K [01;31m[Kerror: [m[K‘[01m[Kcfg_[m[K’ was not declared in this scope
[25.314s]    28 |   [01;31m[Kcfg_[m[K.left_wheel_name = info_.hardware_parameters["left_wheel_name"];
[25.314s]       |   [01;31m[K^~~~[m[K
[25.337s] [01m[K/home/limitbreakers/breakers_ws/src/diffdrive_arduino/src/diffdrive_arduino.cpp:37:3:[m[K [01;31m[Kerror: [m[K‘[01m[Kl_wheel_[m[K’ was not declared in this scope
[25.338s]    37 |   [01;31m[Kl_wheel_[m[K.setup(cfg_.left_wheel_name, cfg_.enc_counts_per_rev);
[25.338s]       |   [01;31m[K^~~~~~~~[m[K
[25.359s] [01m[K/home/limitbreakers/breakers_ws/src/diffdrive_arduino/src/diffdrive_arduino.cpp:38:3:[m[K [01;31m[Kerror: [m[K‘[01m[Kr_wheel_[m[K’ was not declared in this scope
[25.360s]    38 |   [01;31m[Kr_wheel_[m[K.setup(cfg_.right_wheel_name, cfg_.enc_counts_per_rev);
[25.360s]       |   [01;31m[K^~~~~~~~[m[K
[25.392s] [01m[K/home/limitbreakers/breakers_ws/src/diffdrive_arduino/src/diffdrive_arduino.cpp:[m[K In member function ‘[01m[Kvirtual std::vector<hardware_interface::StateInterface> diffdrive_arduino::DiffDriveArduino::export_state_interfaces()[m[K’:
[25.392s] [01m[K/home/limitbreakers/breakers_ws/src/diffdrive_arduino/src/diffdrive_arduino.cpp:54:68:[m[K [01;31m[Kerror: [m[K‘[01m[Kl_wheel_[m[K’ was not declared in this scope
[25.393s]    54 |   state_interfaces.emplace_back(hardware_interface::StateInterface([01;31m[Kl_wheel_[m[K.name, hardware_interface::HW_IF_VELOCITY, &l_wheel_.vel));
[25.393s]       |                                                                    [01;31m[K^~~~~~~~[m[K
[25.414s] [01m[K/home/limitbreakers/breakers_ws/src/diffdrive_arduino/src/diffdrive_arduino.cpp:56:68:[m[K [01;31m[Kerror: [m[K‘[01m[Kr_wheel_[m[K’ was not declared in this scope
[25.414s]    56 |   state_interfaces.emplace_back(hardware_interface::StateInterface([01;31m[Kr_wheel_[m[K.name, hardware_interface::HW_IF_VELOCITY, &r_wheel_.vel));
[25.414s]       |                                                                    [01;31m[K^~~~~~~~[m[K
[25.446s] [01m[K/home/limitbreakers/breakers_ws/src/diffdrive_arduino/src/diffdrive_arduino.cpp:[m[K In member function ‘[01m[Kvirtual std::vector<hardware_interface::CommandInterface> diffdrive_arduino::DiffDriveArduino::export_command_interfaces()[m[K’:
[25.447s] [01m[K/home/limitbreakers/breakers_ws/src/diffdrive_arduino/src/diffdrive_arduino.cpp:68:72:[m[K [01;31m[Kerror: [m[K‘[01m[Kl_wheel_[m[K’ was not declared in this scope
[25.447s]    68 |   command_interfaces.emplace_back(hardware_interface::CommandInterface([01;31m[Kl_wheel_[m[K.name, hardware_interface::HW_IF_VELOCITY, &l_wheel_.cmd));
[25.448s]       |                                                                        [01;31m[K^~~~~~~~[m[K
[25.468s] [01m[K/home/limitbreakers/breakers_ws/src/diffdrive_arduino/src/diffdrive_arduino.cpp:69:72:[m[K [01;31m[Kerror: [m[K‘[01m[Kr_wheel_[m[K’ was not declared in this scope
[25.468s]    69 |   command_interfaces.emplace_back(hardware_interface::CommandInterface([01;31m[Kr_wheel_[m[K.name, hardware_interface::HW_IF_VELOCITY, &r_wheel_.cmd));
[25.469s]       |                                                                        [01;31m[K^~~~~~~~[m[K
[25.496s] [01m[K/home/limitbreakers/breakers_ws/src/diffdrive_arduino/src/diffdrive_arduino.cpp:[m[K In member function ‘[01m[Kvirtual hardware_interface::return_type diffdrive_arduino::DiffDriveArduino::read(const rclcpp::Time&, const rclcpp::Duration&)[m[K’:
[25.497s] [01m[K/home/limitbreakers/breakers_ws/src/diffdrive_arduino/src/diffdrive_arduino.cpp:110:30:[m[K [01;31m[Kerror: [m[K‘[01m[Kl_wheel_[m[K’ was not declared in this scope
[25.497s]   110 |   arduino_.readEncoderValues([01;31m[Kl_wheel_[m[K.enc, r_wheel_.enc);
[25.497s]       |                              [01;31m[K^~~~~~~~[m[K
[25.518s] [01m[K/home/limitbreakers/breakers_ws/src/diffdrive_arduino/src/diffdrive_arduino.cpp:110:44:[m[K [01;31m[Kerror: [m[K‘[01m[Kr_wheel_[m[K’ was not declared in this scope
[25.518s]   110 |   arduino_.readEncoderValues(l_wheel_.enc, [01;31m[Kr_wheel_[m[K.enc);
[25.519s]       |                                            [01;31m[K^~~~~~~~[m[K
[25.541s] [01m[K/home/limitbreakers/breakers_ws/src/diffdrive_arduino/src/diffdrive_arduino.cpp:[m[K In member function ‘[01m[Kvirtual hardware_interface::return_type diffdrive_arduino::DiffDriveArduino::write(const rclcpp::Time&, const rclcpp::Duration&)[m[K’:
[25.541s] [01m[K/home/limitbreakers/breakers_ws/src/diffdrive_arduino/src/diffdrive_arduino.cpp:135:27:[m[K [01;31m[Kerror: [m[K‘[01m[Kl_wheel_[m[K’ was not declared in this scope
[25.542s]   135 |   arduino_.setMotorValues([01;31m[Kl_wheel_[m[K.cmd / l_wheel_.rads_per_count / cfg_.loop_rate, r_wheel_.cmd / r_wheel_.rads_per_count / cfg_.loop_rate);
[25.543s]       |                           [01;31m[K^~~~~~~~[m[K
[25.560s] [01m[K/home/limitbreakers/breakers_ws/src/diffdrive_arduino/src/diffdrive_arduino.cpp:135:68:[m[K [01;31m[Kerror: [m[K‘[01m[Kcfg_[m[K’ was not declared in this scope
[25.560s]   135 |   arduino_.setMotorValues(l_wheel_.cmd / l_wheel_.rads_per_count / [01;31m[Kcfg_[m[K.loop_rate, r_wheel_.cmd / r_wheel_.rads_per_count / cfg_.loop_rate);
[25.561s]       |                                                                    [01;31m[K^~~~[m[K
[25.582s] [01m[K/home/limitbreakers/breakers_ws/src/diffdrive_arduino/src/diffdrive_arduino.cpp:135:84:[m[K [01;31m[Kerror: [m[K‘[01m[Kr_wheel_[m[K’ was not declared in this scope
[25.582s]   135 |   arduino_.setMotorValues(l_wheel_.cmd / l_wheel_.rads_per_count / cfg_.loop_rate, [01;31m[Kr_wheel_[m[K.cmd / r_wheel_.rads_per_count / cfg_.loop_rate);
[25.582s]       |                                                                                    [01;31m[K^~~~~~~~[m[K
[27.536s] gmake[2]: *** [CMakeFiles/diffdrive_arduino.dir/build.make:76: CMakeFiles/diffdrive_arduino.dir/src/diffdrive_arduino.cpp.o] Error 1
[27.537s] gmake[1]: *** [CMakeFiles/Makefile2:139: CMakeFiles/diffdrive_arduino.dir/all] Error 2
[27.537s] gmake: *** [Makefile:146: all] Error 2
[27.544s] Invoked command in '/home/limitbreakers/breakers_ws/build/diffdrive_arduino' returned '2': CMAKE_PREFIX_PATH=/home/limitbreakers/breakers_ws/install/serial:/home/limitbreakers/breakers_ws/install/sllidar_ros2:/home/limitbreakers/breakers_ws/install/diffdrive_arduino:/home/limitbreakers/breakers_ws/install/dojo:/home/limitbreakers/ros2_ws/install/serial:/home/limitbreakers/ros2_ws/install/rplidar_ros:/home/limitbreakers/ros2_ws/install/diffdrive_arduino:/home/limitbreakers/ros2_ws/install/articubot_one:/opt/ros/humble /usr/bin/cmake --build /home/limitbreakers/breakers_ws/build/diffdrive_arduino -- -j4 -l4
