[0.107s] Invoking command in '/home/limitbreakers/breakers_ws/build/serial': CMAKE_PREFIX_PATH=${CMAKE_PREFIX_PATH}:/opt/ros/humble /usr/bin/cmake --build /home/limitbreakers/breakers_ws/build/serial -- -j4 -l4
[0.320s] [35m[1mConsolidate compiler generated dependencies of target serial[0m
[0.347s] [35m[1mConsolidate compiler generated dependencies of target gtest_main[0m
[0.355s] [35m[1mConsolidate compiler generated dependencies of target gtest[0m
[0.437s] [ 14%] Built target gtest_main
[0.480s] [ 42%] Built target serial
[0.629s] [ 57%] Built target gtest
[0.634s] [35m[1mConsolidate compiler generated dependencies of target serial_example[0m
[0.736s] [35m[1mConsolidate compiler generated dependencies of target serial-test[0m
[0.749s] [35m[1mConsolidate compiler generated dependencies of target serial-test-timer[0m
[0.791s] [ 71%] Built target serial_example
[0.856s] [ 85%] Built target serial-test
[0.865s] [100%] Built target serial-test-timer
[0.920s] Invoked command in '/home/limitbreakers/breakers_ws/build/serial' returned '0': CMAKE_PREFIX_PATH=${CMAKE_PREFIX_PATH}:/opt/ros/humble /usr/bin/cmake --build /home/limitbreakers/breakers_ws/build/serial -- -j4 -l4
[0.922s] Invoking command in '/home/limitbreakers/breakers_ws/build/serial': CMAKE_PREFIX_PATH=${CMAKE_PREFIX_PATH}:/opt/ros/humble /usr/bin/cmake --install /home/limitbreakers/breakers_ws/build/serial
[0.951s] -- Install configuration: ""
[0.954s] -- Execute custom install script
[0.955s] -- Up-to-date symlink: /home/limitbreakers/breakers_ws/install/serial/lib/libserial.a
[0.956s] -- Up-to-date symlink: /home/limitbreakers/breakers_ws/install/serial/include/serial/serial.h
[0.957s] -- Up-to-date symlink: /home/limitbreakers/breakers_ws/install/serial/include/serial/v8stdint.h
[0.958s] -- Up-to-date symlink: /home/limitbreakers/breakers_ws/install/serial/share/serial/environment/library_path.sh
[0.959s] -- Up-to-date symlink: /home/limitbreakers/breakers_ws/install/serial/share/serial/environment/library_path.dsv
[0.960s] -- Up-to-date symlink: /home/limitbreakers/breakers_ws/install/serial/share/ament_index/resource_index/package_run_dependencies/serial
[0.961s] -- Up-to-date symlink: /home/limitbreakers/breakers_ws/install/serial/share/ament_index/resource_index/parent_prefix_path/serial
[0.962s] -- Up-to-date symlink: /home/limitbreakers/breakers_ws/install/serial/share/serial/environment/ament_prefix_path.sh
[0.964s] -- Up-to-date symlink: /home/limitbreakers/breakers_ws/install/serial/share/serial/environment/ament_prefix_path.dsv
[0.965s] -- Up-to-date symlink: /home/limitbreakers/breakers_ws/install/serial/share/serial/environment/path.sh
[0.966s] -- Up-to-date symlink: /home/limitbreakers/breakers_ws/install/serial/share/serial/environment/path.dsv
[0.967s] -- Up-to-date symlink: /home/limitbreakers/breakers_ws/install/serial/share/serial/local_setup.bash
[0.970s] -- Up-to-date symlink: /home/limitbreakers/breakers_ws/install/serial/share/serial/local_setup.sh
[0.971s] -- Up-to-date symlink: /home/limitbreakers/breakers_ws/install/serial/share/serial/local_setup.zsh
[0.973s] -- Up-to-date symlink: /home/limitbreakers/breakers_ws/install/serial/share/serial/local_setup.dsv
[0.973s] -- Symlinking: /home/limitbreakers/breakers_ws/install/serial/share/serial/package.dsv
[1.016s] -- Up-to-date symlink: /home/limitbreakers/breakers_ws/install/serial/share/ament_index/resource_index/packages/serial
[1.019s] -- Up-to-date symlink: /home/limitbreakers/breakers_ws/install/serial/share/serial/cmake/ament_cmake_export_include_directories-extras.cmake
[1.020s] -- Up-to-date symlink: /home/limitbreakers/breakers_ws/install/serial/share/serial/cmake/ament_cmake_export_libraries-extras.cmake
[1.020s] -- Up-to-date symlink: /home/limitbreakers/breakers_ws/install/serial/share/serial/cmake/serialConfig.cmake
[1.021s] -- Up-to-date symlink: /home/limitbreakers/breakers_ws/install/serial/share/serial/cmake/serialConfig-version.cmake
[1.022s] -- Up-to-date symlink: /home/limitbreakers/breakers_ws/install/serial/share/serial/package.xml
[1.082s] Invoked command in '/home/limitbreakers/breakers_ws/build/serial' returned '0': CMAKE_PREFIX_PATH=${CMAKE_PREFIX_PATH}:/opt/ros/humble /usr/bin/cmake --install /home/limitbreakers/breakers_ws/build/serial
