[0.440s] DEBUG:colcon:Command line arguments: ['/usr/bin/colcon', 'build', '--symlink-install']
[0.441s] DEBUG:colcon:Parsed command line arguments: Namespace(log_base=None, log_level=None, verb_name='build', build_base='build', install_base='install', merge_install=False, symlink_install=True, test_result_base=None, continue_on_error=False, executor='parallel', parallel_workers=4, event_handlers=None, ignore_user_meta=False, metas=['./colcon.meta'], base_paths=['.'], packages_ignore=None, packages_ignore_regex=None, paths=None, packages_up_to=None, packages_up_to_regex=None, packages_above=None, packages_above_and_dependencies=None, packages_above_depth=None, packages_select_by_dep=None, packages_skip_by_dep=None, packages_skip_up_to=None, packages_select_build_failed=False, packages_skip_build_finished=False, packages_select_test_failures=False, packages_skip_test_passed=False, packages_select=None, packages_skip=None, packages_select_regex=None, packages_skip_regex=None, packages_start=None, packages_end=None, allow_overriding=[], cmake_args=None, cmake_target=None, cmake_target_skip_unavailable=False, cmake_clean_cache=False, cmake_clean_first=False, cmake_force_configure=False, ament_cmake_args=None, catkin_cmake_args=None, catkin_skip_building_tests=False, verb_parser=<colcon_defaults.argument_parser.defaults.DefaultArgumentsDecorator object at 0xffff95ea3c70>, verb_extension=<colcon_core.verb.build.BuildVerb object at 0xffff95fe5090>, main=<bound method BuildVerb.main of <colcon_core.verb.build.BuildVerb object at 0xffff95fe5090>>)
[1.248s] Level 1:colcon.colcon_core.package_discovery:discover_packages(colcon_meta) check parameters
[1.249s] Level 1:colcon.colcon_core.package_discovery:discover_packages(recursive) check parameters
[1.249s] Level 1:colcon.colcon_core.package_discovery:discover_packages(ignore) check parameters
[1.249s] Level 1:colcon.colcon_core.package_discovery:discover_packages(path) check parameters
[1.249s] Level 1:colcon.colcon_core.package_discovery:discover_packages(colcon_meta) discover
[1.249s] Level 1:colcon.colcon_core.package_discovery:discover_packages(recursive) discover
[1.249s] INFO:colcon.colcon_core.package_discovery:Crawling recursively for packages in '/home/limitbreakers/breakers_ws'
[1.250s] Level 1:colcon.colcon_core.package_identification:_identify(.) by extensions ['ignore', 'ignore_ament_install']
[1.250s] Level 1:colcon.colcon_core.package_identification:_identify(.) by extension 'ignore'
[1.250s] Level 1:colcon.colcon_core.package_identification:_identify(.) by extension 'ignore_ament_install'
[1.251s] Level 1:colcon.colcon_core.package_identification:_identify(.) by extensions ['colcon_pkg']
[1.251s] Level 1:colcon.colcon_core.package_identification:_identify(.) by extension 'colcon_pkg'
[1.251s] Level 1:colcon.colcon_core.package_identification:_identify(.) by extensions ['colcon_meta']
[1.251s] Level 1:colcon.colcon_core.package_identification:_identify(.) by extension 'colcon_meta'
[1.251s] Level 1:colcon.colcon_core.package_identification:_identify(.) by extensions ['ros']
[1.251s] Level 1:colcon.colcon_core.package_identification:_identify(.) by extension 'ros'
[1.297s] Level 1:colcon.colcon_core.package_identification:_identify(.) by extensions ['cmake', 'python']
[1.298s] Level 1:colcon.colcon_core.package_identification:_identify(.) by extension 'cmake'
[1.298s] Level 1:colcon.colcon_core.package_identification:_identify(.) by extension 'python'
[1.298s] Level 1:colcon.colcon_core.package_identification:_identify(.) by extensions ['python_setup_py']
[1.298s] Level 1:colcon.colcon_core.package_identification:_identify(.) by extension 'python_setup_py'
[1.299s] Level 1:colcon.colcon_core.package_identification:_identify(build) by extensions ['ignore', 'ignore_ament_install']
[1.299s] Level 1:colcon.colcon_core.package_identification:_identify(build) by extension 'ignore'
[1.299s] Level 1:colcon.colcon_core.package_identification:_identify(build) ignored
[1.300s] Level 1:colcon.colcon_core.package_identification:_identify(install) by extensions ['ignore', 'ignore_ament_install']
[1.300s] Level 1:colcon.colcon_core.package_identification:_identify(install) by extension 'ignore'
[1.300s] Level 1:colcon.colcon_core.package_identification:_identify(install) ignored
[1.301s] Level 1:colcon.colcon_core.package_identification:_identify(log) by extensions ['ignore', 'ignore_ament_install']
[1.301s] Level 1:colcon.colcon_core.package_identification:_identify(log) by extension 'ignore'
[1.301s] Level 1:colcon.colcon_core.package_identification:_identify(log) ignored
[1.301s] Level 1:colcon.colcon_core.package_identification:_identify(src) by extensions ['ignore', 'ignore_ament_install']
[1.302s] Level 1:colcon.colcon_core.package_identification:_identify(src) by extension 'ignore'
[1.302s] Level 1:colcon.colcon_core.package_identification:_identify(src) by extension 'ignore_ament_install'
[1.302s] Level 1:colcon.colcon_core.package_identification:_identify(src) by extensions ['colcon_pkg']
[1.302s] Level 1:colcon.colcon_core.package_identification:_identify(src) by extension 'colcon_pkg'
[1.302s] Level 1:colcon.colcon_core.package_identification:_identify(src) by extensions ['colcon_meta']
[1.302s] Level 1:colcon.colcon_core.package_identification:_identify(src) by extension 'colcon_meta'
[1.303s] Level 1:colcon.colcon_core.package_identification:_identify(src) by extensions ['ros']
[1.303s] Level 1:colcon.colcon_core.package_identification:_identify(src) by extension 'ros'
[1.303s] Level 1:colcon.colcon_core.package_identification:_identify(src) by extensions ['cmake', 'python']
[1.303s] Level 1:colcon.colcon_core.package_identification:_identify(src) by extension 'cmake'
[1.303s] Level 1:colcon.colcon_core.package_identification:_identify(src) by extension 'python'
[1.304s] Level 1:colcon.colcon_core.package_identification:_identify(src) by extensions ['python_setup_py']
[1.304s] Level 1:colcon.colcon_core.package_identification:_identify(src) by extension 'python_setup_py'
[1.304s] Level 1:colcon.colcon_core.package_identification:_identify(src/diffdrive_arduino) by extensions ['ignore', 'ignore_ament_install']
[1.305s] Level 1:colcon.colcon_core.package_identification:_identify(src/diffdrive_arduino) by extension 'ignore'
[1.305s] Level 1:colcon.colcon_core.package_identification:_identify(src/diffdrive_arduino) by extension 'ignore_ament_install'
[1.305s] Level 1:colcon.colcon_core.package_identification:_identify(src/diffdrive_arduino) by extensions ['colcon_pkg']
[1.305s] Level 1:colcon.colcon_core.package_identification:_identify(src/diffdrive_arduino) by extension 'colcon_pkg'
[1.305s] Level 1:colcon.colcon_core.package_identification:_identify(src/diffdrive_arduino) by extensions ['colcon_meta']
[1.305s] Level 1:colcon.colcon_core.package_identification:_identify(src/diffdrive_arduino) by extension 'colcon_meta'
[1.305s] Level 1:colcon.colcon_core.package_identification:_identify(src/diffdrive_arduino) by extensions ['ros']
[1.306s] Level 1:colcon.colcon_core.package_identification:_identify(src/diffdrive_arduino) by extension 'ros'
[1.316s] DEBUG:colcon.colcon_core.package_identification:Package 'src/diffdrive_arduino' with type 'ros.ament_cmake' and name 'diffdrive_arduino'
[1.316s] Level 1:colcon.colcon_core.package_identification:_identify(src/dojo) by extensions ['ignore', 'ignore_ament_install']
[1.317s] Level 1:colcon.colcon_core.package_identification:_identify(src/dojo) by extension 'ignore'
[1.317s] Level 1:colcon.colcon_core.package_identification:_identify(src/dojo) by extension 'ignore_ament_install'
[1.317s] Level 1:colcon.colcon_core.package_identification:_identify(src/dojo) by extensions ['colcon_pkg']
[1.317s] Level 1:colcon.colcon_core.package_identification:_identify(src/dojo) by extension 'colcon_pkg'
[1.317s] Level 1:colcon.colcon_core.package_identification:_identify(src/dojo) by extensions ['colcon_meta']
[1.317s] Level 1:colcon.colcon_core.package_identification:_identify(src/dojo) by extension 'colcon_meta'
[1.318s] Level 1:colcon.colcon_core.package_identification:_identify(src/dojo) by extensions ['ros']
[1.318s] Level 1:colcon.colcon_core.package_identification:_identify(src/dojo) by extension 'ros'
[1.320s] DEBUG:colcon.colcon_core.package_identification:Package 'src/dojo' with type 'ros.ament_cmake' and name 'dojo'
[1.320s] Level 1:colcon.colcon_core.package_identification:_identify(src/serial) by extensions ['ignore', 'ignore_ament_install']
[1.321s] Level 1:colcon.colcon_core.package_identification:_identify(src/serial) by extension 'ignore'
[1.321s] Level 1:colcon.colcon_core.package_identification:_identify(src/serial) by extension 'ignore_ament_install'
[1.321s] Level 1:colcon.colcon_core.package_identification:_identify(src/serial) by extensions ['colcon_pkg']
[1.321s] Level 1:colcon.colcon_core.package_identification:_identify(src/serial) by extension 'colcon_pkg'
[1.321s] Level 1:colcon.colcon_core.package_identification:_identify(src/serial) by extensions ['colcon_meta']
[1.321s] Level 1:colcon.colcon_core.package_identification:_identify(src/serial) by extension 'colcon_meta'
[1.322s] Level 1:colcon.colcon_core.package_identification:_identify(src/serial) by extensions ['ros']
[1.322s] Level 1:colcon.colcon_core.package_identification:_identify(src/serial) by extension 'ros'
[1.324s] DEBUG:colcon.colcon_core.package_identification:Package 'src/serial' with type 'ros.ament_cmake' and name 'serial'
[1.325s] Level 1:colcon.colcon_core.package_identification:_identify(src/sllidar_ros2) by extensions ['ignore', 'ignore_ament_install']
[1.325s] Level 1:colcon.colcon_core.package_identification:_identify(src/sllidar_ros2) by extension 'ignore'
[1.326s] Level 1:colcon.colcon_core.package_identification:_identify(src/sllidar_ros2) by extension 'ignore_ament_install'
[1.326s] Level 1:colcon.colcon_core.package_identification:_identify(src/sllidar_ros2) by extensions ['colcon_pkg']
[1.326s] Level 1:colcon.colcon_core.package_identification:_identify(src/sllidar_ros2) by extension 'colcon_pkg'
[1.326s] Level 1:colcon.colcon_core.package_identification:_identify(src/sllidar_ros2) by extensions ['colcon_meta']
[1.326s] Level 1:colcon.colcon_core.package_identification:_identify(src/sllidar_ros2) by extension 'colcon_meta'
[1.326s] Level 1:colcon.colcon_core.package_identification:_identify(src/sllidar_ros2) by extensions ['ros']
[1.327s] Level 1:colcon.colcon_core.package_identification:_identify(src/sllidar_ros2) by extension 'ros'
[1.329s] DEBUG:colcon.colcon_core.package_identification:Package 'src/sllidar_ros2' with type 'ros.ament_cmake' and name 'sllidar_ros2'
[1.329s] Level 1:colcon.colcon_core.package_discovery:discover_packages(recursive) using defaults
[1.330s] Level 1:colcon.colcon_core.package_discovery:discover_packages(ignore) discover
[1.330s] Level 1:colcon.colcon_core.package_discovery:discover_packages(ignore) using defaults
[1.330s] Level 1:colcon.colcon_core.package_discovery:discover_packages(path) discover
[1.330s] Level 1:colcon.colcon_core.package_discovery:discover_packages(path) using defaults
[1.409s] Level 1:colcon.colcon_core.package_discovery:discover_packages(prefix_path) check parameters
[1.409s] Level 1:colcon.colcon_core.package_discovery:discover_packages(prefix_path) discover
[1.413s] WARNING:colcon.colcon_ros.prefix_path.ament:The path '/home/limitbreakers/breakers_ws/install/sllidar_ros2' in the environment variable AMENT_PREFIX_PATH doesn't exist
[1.413s] WARNING:colcon.colcon_ros.prefix_path.ament:The path '/home/limitbreakers/breakers_ws/install/diffdrive_arduino' in the environment variable AMENT_PREFIX_PATH doesn't exist
[1.413s] WARNING:colcon.colcon_ros.prefix_path.ament:The path '/home/limitbreakers/breakers_ws/install/serial' in the environment variable AMENT_PREFIX_PATH doesn't exist
[1.414s] WARNING:colcon.colcon_ros.prefix_path.ament:The path '/home/limitbreakers/breakers_ws/install/dojo' in the environment variable AMENT_PREFIX_PATH doesn't exist
[1.415s] WARNING:colcon.colcon_ros.prefix_path.catkin:The path '/home/limitbreakers/breakers_ws/install/sllidar_ros2' in the environment variable CMAKE_PREFIX_PATH doesn't exist
[1.416s] WARNING:colcon.colcon_ros.prefix_path.catkin:The path '/home/limitbreakers/breakers_ws/install/diffdrive_arduino' in the environment variable CMAKE_PREFIX_PATH doesn't exist
[1.416s] WARNING:colcon.colcon_ros.prefix_path.catkin:The path '/home/limitbreakers/breakers_ws/install/serial' in the environment variable CMAKE_PREFIX_PATH doesn't exist
[1.416s] WARNING:colcon.colcon_ros.prefix_path.catkin:The path '/home/limitbreakers/breakers_ws/install/dojo' in the environment variable CMAKE_PREFIX_PATH doesn't exist
[1.419s] DEBUG:colcon.colcon_installed_package_information.package_discovery:Found 0 installed packages in /home/limitbreakers/breakers_ws/install
[1.422s] DEBUG:colcon.colcon_installed_package_information.package_discovery:Found 4 installed packages in /home/limitbreakers/ros2_ws/install
[1.433s] DEBUG:colcon.colcon_installed_package_information.package_discovery:Found 344 installed packages in /opt/ros/humble
[1.476s] Level 1:colcon.colcon_core.package_discovery:discover_packages(prefix_path) using defaults
[1.669s] Level 5:colcon.colcon_core.verb:set package 'dojo' build argument 'cmake_args' from command line to 'None'
[1.669s] Level 5:colcon.colcon_core.verb:set package 'dojo' build argument 'cmake_target' from command line to 'None'
[1.670s] Level 5:colcon.colcon_core.verb:set package 'dojo' build argument 'cmake_target_skip_unavailable' from command line to 'False'
[1.670s] Level 5:colcon.colcon_core.verb:set package 'dojo' build argument 'cmake_clean_cache' from command line to 'False'
[1.670s] Level 5:colcon.colcon_core.verb:set package 'dojo' build argument 'cmake_clean_first' from command line to 'False'
[1.670s] Level 5:colcon.colcon_core.verb:set package 'dojo' build argument 'cmake_force_configure' from command line to 'False'
[1.670s] Level 5:colcon.colcon_core.verb:set package 'dojo' build argument 'ament_cmake_args' from command line to 'None'
[1.670s] Level 5:colcon.colcon_core.verb:set package 'dojo' build argument 'catkin_cmake_args' from command line to 'None'
[1.670s] Level 5:colcon.colcon_core.verb:set package 'dojo' build argument 'catkin_skip_building_tests' from command line to 'False'
[1.670s] DEBUG:colcon.colcon_core.verb:Building package 'dojo' with the following arguments: {'ament_cmake_args': None, 'build_base': '/home/limitbreakers/breakers_ws/build/dojo', 'catkin_cmake_args': None, 'catkin_skip_building_tests': False, 'cmake_args': None, 'cmake_clean_cache': False, 'cmake_clean_first': False, 'cmake_force_configure': False, 'cmake_target': None, 'cmake_target_skip_unavailable': False, 'install_base': '/home/limitbreakers/breakers_ws/install/dojo', 'merge_install': False, 'path': '/home/limitbreakers/breakers_ws/src/dojo', 'symlink_install': True, 'test_result_base': None}
[1.672s] Level 5:colcon.colcon_core.verb:set package 'serial' build argument 'cmake_args' from command line to 'None'
[1.672s] Level 5:colcon.colcon_core.verb:set package 'serial' build argument 'cmake_target' from command line to 'None'
[1.672s] Level 5:colcon.colcon_core.verb:set package 'serial' build argument 'cmake_target_skip_unavailable' from command line to 'False'
[1.672s] Level 5:colcon.colcon_core.verb:set package 'serial' build argument 'cmake_clean_cache' from command line to 'False'
[1.672s] Level 5:colcon.colcon_core.verb:set package 'serial' build argument 'cmake_clean_first' from command line to 'False'
[1.672s] Level 5:colcon.colcon_core.verb:set package 'serial' build argument 'cmake_force_configure' from command line to 'False'
[1.672s] Level 5:colcon.colcon_core.verb:set package 'serial' build argument 'ament_cmake_args' from command line to 'None'
[1.672s] Level 5:colcon.colcon_core.verb:set package 'serial' build argument 'catkin_cmake_args' from command line to 'None'
[1.673s] Level 5:colcon.colcon_core.verb:set package 'serial' build argument 'catkin_skip_building_tests' from command line to 'False'
[1.673s] DEBUG:colcon.colcon_core.verb:Building package 'serial' with the following arguments: {'ament_cmake_args': None, 'build_base': '/home/limitbreakers/breakers_ws/build/serial', 'catkin_cmake_args': None, 'catkin_skip_building_tests': False, 'cmake_args': None, 'cmake_clean_cache': False, 'cmake_clean_first': False, 'cmake_force_configure': False, 'cmake_target': None, 'cmake_target_skip_unavailable': False, 'install_base': '/home/limitbreakers/breakers_ws/install/serial', 'merge_install': False, 'path': '/home/limitbreakers/breakers_ws/src/serial', 'symlink_install': True, 'test_result_base': None}
[1.674s] Level 5:colcon.colcon_core.verb:set package 'sllidar_ros2' build argument 'cmake_args' from command line to 'None'
[1.674s] Level 5:colcon.colcon_core.verb:set package 'sllidar_ros2' build argument 'cmake_target' from command line to 'None'
[1.674s] Level 5:colcon.colcon_core.verb:set package 'sllidar_ros2' build argument 'cmake_target_skip_unavailable' from command line to 'False'
[1.674s] Level 5:colcon.colcon_core.verb:set package 'sllidar_ros2' build argument 'cmake_clean_cache' from command line to 'False'
[1.675s] Level 5:colcon.colcon_core.verb:set package 'sllidar_ros2' build argument 'cmake_clean_first' from command line to 'False'
[1.675s] Level 5:colcon.colcon_core.verb:set package 'sllidar_ros2' build argument 'cmake_force_configure' from command line to 'False'
[1.675s] Level 5:colcon.colcon_core.verb:set package 'sllidar_ros2' build argument 'ament_cmake_args' from command line to 'None'
[1.675s] Level 5:colcon.colcon_core.verb:set package 'sllidar_ros2' build argument 'catkin_cmake_args' from command line to 'None'
[1.675s] Level 5:colcon.colcon_core.verb:set package 'sllidar_ros2' build argument 'catkin_skip_building_tests' from command line to 'False'
[1.675s] DEBUG:colcon.colcon_core.verb:Building package 'sllidar_ros2' with the following arguments: {'ament_cmake_args': None, 'build_base': '/home/limitbreakers/breakers_ws/build/sllidar_ros2', 'catkin_cmake_args': None, 'catkin_skip_building_tests': False, 'cmake_args': None, 'cmake_clean_cache': False, 'cmake_clean_first': False, 'cmake_force_configure': False, 'cmake_target': None, 'cmake_target_skip_unavailable': False, 'install_base': '/home/limitbreakers/breakers_ws/install/sllidar_ros2', 'merge_install': False, 'path': '/home/limitbreakers/breakers_ws/src/sllidar_ros2', 'symlink_install': True, 'test_result_base': None}
[1.677s] Level 5:colcon.colcon_core.verb:set package 'diffdrive_arduino' build argument 'cmake_args' from command line to 'None'
[1.677s] Level 5:colcon.colcon_core.verb:set package 'diffdrive_arduino' build argument 'cmake_target' from command line to 'None'
[1.677s] Level 5:colcon.colcon_core.verb:set package 'diffdrive_arduino' build argument 'cmake_target_skip_unavailable' from command line to 'False'
[1.677s] Level 5:colcon.colcon_core.verb:set package 'diffdrive_arduino' build argument 'cmake_clean_cache' from command line to 'False'
[1.677s] Level 5:colcon.colcon_core.verb:set package 'diffdrive_arduino' build argument 'cmake_clean_first' from command line to 'False'
[1.677s] Level 5:colcon.colcon_core.verb:set package 'diffdrive_arduino' build argument 'cmake_force_configure' from command line to 'False'
[1.677s] Level 5:colcon.colcon_core.verb:set package 'diffdrive_arduino' build argument 'ament_cmake_args' from command line to 'None'
[1.677s] Level 5:colcon.colcon_core.verb:set package 'diffdrive_arduino' build argument 'catkin_cmake_args' from command line to 'None'
[1.677s] Level 5:colcon.colcon_core.verb:set package 'diffdrive_arduino' build argument 'catkin_skip_building_tests' from command line to 'False'
[1.678s] DEBUG:colcon.colcon_core.verb:Building package 'diffdrive_arduino' with the following arguments: {'ament_cmake_args': None, 'build_base': '/home/limitbreakers/breakers_ws/build/diffdrive_arduino', 'catkin_cmake_args': None, 'catkin_skip_building_tests': False, 'cmake_args': None, 'cmake_clean_cache': False, 'cmake_clean_first': False, 'cmake_force_configure': False, 'cmake_target': None, 'cmake_target_skip_unavailable': False, 'install_base': '/home/limitbreakers/breakers_ws/install/diffdrive_arduino', 'merge_install': False, 'path': '/home/limitbreakers/breakers_ws/src/diffdrive_arduino', 'symlink_install': True, 'test_result_base': None}
[1.678s] INFO:colcon.colcon_core.executor:Executing jobs using 'parallel' executor
[1.681s] DEBUG:colcon.colcon_parallel_executor.executor.parallel:run_until_complete
[1.682s] INFO:colcon.colcon_ros.task.ament_cmake.build:Building ROS package in '/home/limitbreakers/breakers_ws/src/serial' with build type 'ament_cmake'
[1.683s] INFO:colcon.colcon_cmake.task.cmake.build:Building CMake package in '/home/limitbreakers/breakers_ws/src/serial'
[1.692s] INFO:colcon.colcon_core.plugin_system:Skipping extension 'colcon_core.shell.bat': Not used on non-Windows systems
[1.693s] INFO:colcon.colcon_core.shell:Skip shell extension 'powershell' for command environment: Not usable outside of PowerShell
[1.693s] DEBUG:colcon.colcon_core.shell:Skip shell extension 'dsv' for command environment
[1.716s] INFO:colcon.colcon_ros.task.ament_cmake.build:Building ROS package in '/home/limitbreakers/breakers_ws/src/dojo' with build type 'ament_cmake'
[1.717s] INFO:colcon.colcon_cmake.task.cmake.build:Building CMake package in '/home/limitbreakers/breakers_ws/src/dojo'
[1.718s] INFO:colcon.colcon_core.shell:Skip shell extension 'powershell' for command environment: Not usable outside of PowerShell
[1.718s] DEBUG:colcon.colcon_core.shell:Skip shell extension 'dsv' for command environment
[1.742s] INFO:colcon.colcon_ros.task.ament_cmake.build:Building ROS package in '/home/limitbreakers/breakers_ws/src/sllidar_ros2' with build type 'ament_cmake'
[1.743s] INFO:colcon.colcon_cmake.task.cmake.build:Building CMake package in '/home/limitbreakers/breakers_ws/src/sllidar_ros2'
[1.744s] INFO:colcon.colcon_core.shell:Skip shell extension 'powershell' for command environment: Not usable outside of PowerShell
[1.744s] DEBUG:colcon.colcon_core.shell:Skip shell extension 'dsv' for command environment
[1.783s] DEBUG:colcon.colcon_core.event_handler.log_command:Invoking command in '/home/limitbreakers/breakers_ws/build/serial': CMAKE_PREFIX_PATH=${CMAKE_PREFIX_PATH}:/opt/ros/humble /usr/bin/cmake /home/limitbreakers/breakers_ws/src/serial -DAMENT_CMAKE_SYMLINK_INSTALL=1 -DCMAKE_INSTALL_PREFIX=/home/limitbreakers/breakers_ws/install/serial
[1.807s] DEBUG:colcon.colcon_core.event_handler.log_command:Invoking command in '/home/limitbreakers/breakers_ws/build/dojo': CMAKE_PREFIX_PATH=${CMAKE_PREFIX_PATH}:/opt/ros/humble /usr/bin/cmake /home/limitbreakers/breakers_ws/src/dojo -DAMENT_CMAKE_SYMLINK_INSTALL=1 -DCMAKE_INSTALL_PREFIX=/home/limitbreakers/breakers_ws/install/dojo
[1.829s] DEBUG:colcon.colcon_core.event_handler.log_command:Invoking command in '/home/limitbreakers/breakers_ws/build/sllidar_ros2': CMAKE_PREFIX_PATH=${CMAKE_PREFIX_PATH}:/opt/ros/humble /usr/bin/cmake /home/limitbreakers/breakers_ws/src/sllidar_ros2 -DAMENT_CMAKE_SYMLINK_INSTALL=1 -DCMAKE_INSTALL_PREFIX=/home/limitbreakers/breakers_ws/install/sllidar_ros2
[6.352s] DEBUG:colcon.colcon_core.event_handler.log_command:Invoked command in '/home/limitbreakers/breakers_ws/build/dojo' returned '0': CMAKE_PREFIX_PATH=${CMAKE_PREFIX_PATH}:/opt/ros/humble /usr/bin/cmake /home/limitbreakers/breakers_ws/src/dojo -DAMENT_CMAKE_SYMLINK_INSTALL=1 -DCMAKE_INSTALL_PREFIX=/home/limitbreakers/breakers_ws/install/dojo
[6.356s] DEBUG:colcon.colcon_core.event_handler.log_command:Invoking command in '/home/limitbreakers/breakers_ws/build/dojo': CMAKE_PREFIX_PATH=${CMAKE_PREFIX_PATH}:/opt/ros/humble /usr/bin/cmake --build /home/limitbreakers/breakers_ws/build/dojo -- -j4 -l4
[6.539s] DEBUG:colcon.colcon_core.event_handler.log_command:Invoked command in '/home/limitbreakers/breakers_ws/build/dojo' returned '0': CMAKE_PREFIX_PATH=${CMAKE_PREFIX_PATH}:/opt/ros/humble /usr/bin/cmake --build /home/limitbreakers/breakers_ws/build/dojo -- -j4 -l4
[6.581s] DEBUG:colcon.colcon_core.event_handler.log_command:Invoking command in '/home/limitbreakers/breakers_ws/build/dojo': CMAKE_PREFIX_PATH=${CMAKE_PREFIX_PATH}:/opt/ros/humble /usr/bin/cmake --install /home/limitbreakers/breakers_ws/build/dojo
[7.043s] DEBUG:colcon.colcon_core.event_handler.log_command:Invoked command in '/home/limitbreakers/breakers_ws/build/serial' returned '0': CMAKE_PREFIX_PATH=${CMAKE_PREFIX_PATH}:/opt/ros/humble /usr/bin/cmake /home/limitbreakers/breakers_ws/src/serial -DAMENT_CMAKE_SYMLINK_INSTALL=1 -DCMAKE_INSTALL_PREFIX=/home/limitbreakers/breakers_ws/install/serial
[7.045s] DEBUG:colcon.colcon_core.event_handler.log_command:Invoking command in '/home/limitbreakers/breakers_ws/build/serial': CMAKE_PREFIX_PATH=${CMAKE_PREFIX_PATH}:/opt/ros/humble /usr/bin/cmake --build /home/limitbreakers/breakers_ws/build/serial -- -j4 -l4
[8.520s] Level 1:colcon.colcon_core.environment:create_environment_scripts_only(dojo)
[8.529s] DEBUG:colcon.colcon_core.event_handler.log_command:Invoked command in '/home/limitbreakers/breakers_ws/build/dojo' returned '0': CMAKE_PREFIX_PATH=${CMAKE_PREFIX_PATH}:/opt/ros/humble /usr/bin/cmake --install /home/limitbreakers/breakers_ws/build/dojo
[8.562s] Level 1:colcon.colcon_core.environment:checking '/home/limitbreakers/breakers_ws/install/dojo' for CMake module files
[8.566s] Level 1:colcon.colcon_core.environment:checking '/home/limitbreakers/breakers_ws/install/dojo' for CMake config files
[8.570s] Level 1:colcon.colcon_core.shell:create_environment_hook('dojo', 'cmake_prefix_path')
[8.571s] INFO:colcon.colcon_core.shell:Creating environment hook '/home/limitbreakers/breakers_ws/install/dojo/share/dojo/hook/cmake_prefix_path.ps1'
[8.584s] INFO:colcon.colcon_core.shell:Creating environment descriptor '/home/limitbreakers/breakers_ws/install/dojo/share/dojo/hook/cmake_prefix_path.dsv'
[8.596s] INFO:colcon.colcon_core.shell:Creating environment hook '/home/limitbreakers/breakers_ws/install/dojo/share/dojo/hook/cmake_prefix_path.sh'
[8.601s] Level 1:colcon.colcon_core.environment:checking '/home/limitbreakers/breakers_ws/install/dojo/bin'
[8.602s] Level 1:colcon.colcon_core.environment:checking '/home/limitbreakers/breakers_ws/install/dojo/lib/pkgconfig/dojo.pc'
[8.603s] Level 1:colcon.colcon_core.environment:checking '/home/limitbreakers/breakers_ws/install/dojo/lib/python3.10/site-packages'
[8.605s] Level 1:colcon.colcon_core.environment:checking '/home/limitbreakers/breakers_ws/install/dojo/bin'
[8.607s] INFO:colcon.colcon_core.shell:Creating package script '/home/limitbreakers/breakers_ws/install/dojo/share/dojo/package.ps1'
[8.624s] INFO:colcon.colcon_core.shell:Creating package descriptor '/home/limitbreakers/breakers_ws/install/dojo/share/dojo/package.dsv'
[8.628s] INFO:colcon.colcon_core.shell:Creating package script '/home/limitbreakers/breakers_ws/install/dojo/share/dojo/package.sh'
[8.645s] INFO:colcon.colcon_core.shell:Creating package script '/home/limitbreakers/breakers_ws/install/dojo/share/dojo/package.bash'
[8.650s] INFO:colcon.colcon_core.shell:Creating package script '/home/limitbreakers/breakers_ws/install/dojo/share/dojo/package.zsh'
[8.655s] Level 1:colcon.colcon_core.environment:create_file_with_runtime_dependencies(/home/limitbreakers/breakers_ws/install/dojo/share/colcon-core/packages/dojo)
[8.669s] Level 1:colcon.colcon_core.environment:create_environment_scripts_only(dojo)
[8.670s] Level 1:colcon.colcon_core.environment:checking '/home/limitbreakers/breakers_ws/install/dojo' for CMake module files
[8.674s] Level 1:colcon.colcon_core.environment:checking '/home/limitbreakers/breakers_ws/install/dojo' for CMake config files
[8.697s] Level 1:colcon.colcon_core.shell:create_environment_hook('dojo', 'cmake_prefix_path')
[8.698s] INFO:colcon.colcon_core.shell:Creating environment hook '/home/limitbreakers/breakers_ws/install/dojo/share/dojo/hook/cmake_prefix_path.ps1'
[8.702s] INFO:colcon.colcon_core.shell:Creating environment descriptor '/home/limitbreakers/breakers_ws/install/dojo/share/dojo/hook/cmake_prefix_path.dsv'
[8.705s] INFO:colcon.colcon_core.shell:Creating environment hook '/home/limitbreakers/breakers_ws/install/dojo/share/dojo/hook/cmake_prefix_path.sh'
[8.718s] Level 1:colcon.colcon_core.environment:checking '/home/limitbreakers/breakers_ws/install/dojo/bin'
[8.719s] Level 1:colcon.colcon_core.environment:checking '/home/limitbreakers/breakers_ws/install/dojo/lib/pkgconfig/dojo.pc'
[8.721s] Level 1:colcon.colcon_core.environment:checking '/home/limitbreakers/breakers_ws/install/dojo/lib/python3.10/site-packages'
[8.722s] Level 1:colcon.colcon_core.environment:checking '/home/limitbreakers/breakers_ws/install/dojo/bin'
[8.725s] INFO:colcon.colcon_core.shell:Creating package script '/home/limitbreakers/breakers_ws/install/dojo/share/dojo/package.ps1'
[8.742s] INFO:colcon.colcon_core.shell:Creating package descriptor '/home/limitbreakers/breakers_ws/install/dojo/share/dojo/package.dsv'
[8.759s] INFO:colcon.colcon_core.shell:Creating package script '/home/limitbreakers/breakers_ws/install/dojo/share/dojo/package.sh'
[8.763s] INFO:colcon.colcon_core.shell:Creating package script '/home/limitbreakers/breakers_ws/install/dojo/share/dojo/package.bash'
[8.769s] INFO:colcon.colcon_core.shell:Creating package script '/home/limitbreakers/breakers_ws/install/dojo/share/dojo/package.zsh'
[8.772s] Level 1:colcon.colcon_core.environment:create_file_with_runtime_dependencies(/home/limitbreakers/breakers_ws/install/dojo/share/colcon-core/packages/dojo)
[13.578s] DEBUG:colcon.colcon_core.event_handler.log_command:Invoked command in '/home/limitbreakers/breakers_ws/build/sllidar_ros2' returned '0': CMAKE_PREFIX_PATH=${CMAKE_PREFIX_PATH}:/opt/ros/humble /usr/bin/cmake /home/limitbreakers/breakers_ws/src/sllidar_ros2 -DAMENT_CMAKE_SYMLINK_INSTALL=1 -DCMAKE_INSTALL_PREFIX=/home/limitbreakers/breakers_ws/install/sllidar_ros2
[13.594s] DEBUG:colcon.colcon_core.event_handler.log_command:Invoking command in '/home/limitbreakers/breakers_ws/build/sllidar_ros2': CMAKE_PREFIX_PATH=${CMAKE_PREFIX_PATH}:/opt/ros/humble /usr/bin/cmake --build /home/limitbreakers/breakers_ws/build/sllidar_ros2 -- -j4 -l4
[55.169s] DEBUG:colcon.colcon_core.event_handler.log_command:Invoked command in '/home/limitbreakers/breakers_ws/build/serial' returned '0': CMAKE_PREFIX_PATH=${CMAKE_PREFIX_PATH}:/opt/ros/humble /usr/bin/cmake --build /home/limitbreakers/breakers_ws/build/serial -- -j4 -l4
[55.181s] DEBUG:colcon.colcon_core.event_handler.log_command:Invoking command in '/home/limitbreakers/breakers_ws/build/serial': CMAKE_PREFIX_PATH=${CMAKE_PREFIX_PATH}:/opt/ros/humble /usr/bin/cmake --install /home/limitbreakers/breakers_ws/build/serial
[56.265s] Level 1:colcon.colcon_core.environment:create_environment_scripts_only(serial)
[56.268s] Level 1:colcon.colcon_core.environment:checking '/home/limitbreakers/breakers_ws/install/serial' for CMake module files
[56.274s] Level 1:colcon.colcon_core.environment:checking '/home/limitbreakers/breakers_ws/install/serial' for CMake config files
[56.276s] Level 1:colcon.colcon_core.shell:create_environment_hook('serial', 'cmake_prefix_path')
[56.270s] DEBUG:colcon.colcon_core.event_handler.log_command:Invoked command in '/home/limitbreakers/breakers_ws/build/serial' returned '0': CMAKE_PREFIX_PATH=${CMAKE_PREFIX_PATH}:/opt/ros/humble /usr/bin/cmake --install /home/limitbreakers/breakers_ws/build/serial
[56.278s] INFO:colcon.colcon_core.shell:Creating environment hook '/home/limitbreakers/breakers_ws/install/serial/share/serial/hook/cmake_prefix_path.ps1'
[56.284s] INFO:colcon.colcon_core.shell:Creating environment descriptor '/home/limitbreakers/breakers_ws/install/serial/share/serial/hook/cmake_prefix_path.dsv'
[56.289s] INFO:colcon.colcon_core.shell:Creating environment hook '/home/limitbreakers/breakers_ws/install/serial/share/serial/hook/cmake_prefix_path.sh'
[56.296s] Level 1:colcon.colcon_core.environment:checking '/home/limitbreakers/breakers_ws/install/serial/lib'
[56.298s] Level 1:colcon.colcon_core.environment:checking '/home/limitbreakers/breakers_ws/install/serial/bin'
[56.299s] Level 1:colcon.colcon_core.environment:checking '/home/limitbreakers/breakers_ws/install/serial/lib/pkgconfig/serial.pc'
[56.304s] Level 1:colcon.colcon_core.environment:checking '/home/limitbreakers/breakers_ws/install/serial/lib/python3.10/site-packages'
[56.306s] Level 1:colcon.colcon_core.environment:checking '/home/limitbreakers/breakers_ws/install/serial/bin'
[56.309s] INFO:colcon.colcon_core.shell:Creating package script '/home/limitbreakers/breakers_ws/install/serial/share/serial/package.ps1'
[56.315s] INFO:colcon.colcon_core.shell:Creating package descriptor '/home/limitbreakers/breakers_ws/install/serial/share/serial/package.dsv'
[56.319s] INFO:colcon.colcon_core.shell:Creating package script '/home/limitbreakers/breakers_ws/install/serial/share/serial/package.sh'
[56.324s] INFO:colcon.colcon_core.shell:Creating package script '/home/limitbreakers/breakers_ws/install/serial/share/serial/package.bash'
[56.330s] INFO:colcon.colcon_core.shell:Creating package script '/home/limitbreakers/breakers_ws/install/serial/share/serial/package.zsh'
[56.333s] Level 1:colcon.colcon_core.environment:create_file_with_runtime_dependencies(/home/limitbreakers/breakers_ws/install/serial/share/colcon-core/packages/serial)
[56.338s] Level 1:colcon.colcon_core.environment:create_environment_scripts_only(serial)
[56.339s] Level 1:colcon.colcon_core.environment:checking '/home/limitbreakers/breakers_ws/install/serial' for CMake module files
[56.342s] Level 1:colcon.colcon_core.environment:checking '/home/limitbreakers/breakers_ws/install/serial' for CMake config files
[56.345s] Level 1:colcon.colcon_core.shell:create_environment_hook('serial', 'cmake_prefix_path')
[56.346s] INFO:colcon.colcon_core.shell:Creating environment hook '/home/limitbreakers/breakers_ws/install/serial/share/serial/hook/cmake_prefix_path.ps1'
[56.349s] INFO:colcon.colcon_core.shell:Creating environment descriptor '/home/limitbreakers/breakers_ws/install/serial/share/serial/hook/cmake_prefix_path.dsv'
[56.352s] INFO:colcon.colcon_core.shell:Creating environment hook '/home/limitbreakers/breakers_ws/install/serial/share/serial/hook/cmake_prefix_path.sh'
[56.357s] Level 1:colcon.colcon_core.environment:checking '/home/limitbreakers/breakers_ws/install/serial/lib'
[56.358s] Level 1:colcon.colcon_core.environment:checking '/home/limitbreakers/breakers_ws/install/serial/bin'
[56.358s] Level 1:colcon.colcon_core.environment:checking '/home/limitbreakers/breakers_ws/install/serial/lib/pkgconfig/serial.pc'
[56.360s] Level 1:colcon.colcon_core.environment:checking '/home/limitbreakers/breakers_ws/install/serial/lib/python3.10/site-packages'
[56.361s] Level 1:colcon.colcon_core.environment:checking '/home/limitbreakers/breakers_ws/install/serial/bin'
[56.363s] INFO:colcon.colcon_core.shell:Creating package script '/home/limitbreakers/breakers_ws/install/serial/share/serial/package.ps1'
[56.366s] INFO:colcon.colcon_core.shell:Creating package descriptor '/home/limitbreakers/breakers_ws/install/serial/share/serial/package.dsv'
[56.370s] INFO:colcon.colcon_core.shell:Creating package script '/home/limitbreakers/breakers_ws/install/serial/share/serial/package.sh'
[56.373s] INFO:colcon.colcon_core.shell:Creating package script '/home/limitbreakers/breakers_ws/install/serial/share/serial/package.bash'
[56.379s] INFO:colcon.colcon_core.shell:Creating package script '/home/limitbreakers/breakers_ws/install/serial/share/serial/package.zsh'
[56.384s] Level 1:colcon.colcon_core.environment:create_file_with_runtime_dependencies(/home/limitbreakers/breakers_ws/install/serial/share/colcon-core/packages/serial)
[56.389s] INFO:colcon.colcon_ros.task.ament_cmake.build:Building ROS package in '/home/limitbreakers/breakers_ws/src/diffdrive_arduino' with build type 'ament_cmake'
[56.391s] INFO:colcon.colcon_cmake.task.cmake.build:Building CMake package in '/home/limitbreakers/breakers_ws/src/diffdrive_arduino'
[56.392s] INFO:colcon.colcon_core.shell:Skip shell extension 'powershell' for command environment: Not usable outside of PowerShell
[56.393s] DEBUG:colcon.colcon_core.shell:Skip shell extension 'dsv' for command environment
[56.466s] DEBUG:colcon.colcon_core.event_handler.log_command:Invoking command in '/home/limitbreakers/breakers_ws/build/diffdrive_arduino': CMAKE_PREFIX_PATH=/home/limitbreakers/breakers_ws/install/serial:/home/limitbreakers/breakers_ws/install/sllidar_ros2:/home/limitbreakers/breakers_ws/install/diffdrive_arduino:/home/limitbreakers/breakers_ws/install/dojo:/home/limitbreakers/ros2_ws/install/serial:/home/limitbreakers/ros2_ws/install/rplidar_ros:/home/limitbreakers/ros2_ws/install/diffdrive_arduino:/home/limitbreakers/ros2_ws/install/articubot_one:/opt/ros/humble /usr/bin/cmake /home/limitbreakers/breakers_ws/src/diffdrive_arduino -DAMENT_CMAKE_SYMLINK_INSTALL=1 -DCMAKE_INSTALL_PREFIX=/home/limitbreakers/breakers_ws/install/diffdrive_arduino
[66.837s] DEBUG:colcon.colcon_core.event_handler.log_command:Invoked command in '/home/limitbreakers/breakers_ws/build/diffdrive_arduino' returned '0': CMAKE_PREFIX_PATH=/home/limitbreakers/breakers_ws/install/serial:/home/limitbreakers/breakers_ws/install/sllidar_ros2:/home/limitbreakers/breakers_ws/install/diffdrive_arduino:/home/limitbreakers/breakers_ws/install/dojo:/home/limitbreakers/ros2_ws/install/serial:/home/limitbreakers/ros2_ws/install/rplidar_ros:/home/limitbreakers/ros2_ws/install/diffdrive_arduino:/home/limitbreakers/ros2_ws/install/articubot_one:/opt/ros/humble /usr/bin/cmake /home/limitbreakers/breakers_ws/src/diffdrive_arduino -DAMENT_CMAKE_SYMLINK_INSTALL=1 -DCMAKE_INSTALL_PREFIX=/home/limitbreakers/breakers_ws/install/diffdrive_arduino
[66.842s] DEBUG:colcon.colcon_core.event_handler.log_command:Invoking command in '/home/limitbreakers/breakers_ws/build/diffdrive_arduino': CMAKE_PREFIX_PATH=/home/limitbreakers/breakers_ws/install/serial:/home/limitbreakers/breakers_ws/install/sllidar_ros2:/home/limitbreakers/breakers_ws/install/diffdrive_arduino:/home/limitbreakers/breakers_ws/install/dojo:/home/limitbreakers/ros2_ws/install/serial:/home/limitbreakers/ros2_ws/install/rplidar_ros:/home/limitbreakers/ros2_ws/install/diffdrive_arduino:/home/limitbreakers/ros2_ws/install/articubot_one:/opt/ros/humble /usr/bin/cmake --build /home/limitbreakers/breakers_ws/build/diffdrive_arduino -- -j4 -l4
[79.767s] DEBUG:colcon.colcon_core.event_handler.log_command:Invoked command in '/home/limitbreakers/breakers_ws/build/sllidar_ros2' returned '0': CMAKE_PREFIX_PATH=${CMAKE_PREFIX_PATH}:/opt/ros/humble /usr/bin/cmake --build /home/limitbreakers/breakers_ws/build/sllidar_ros2 -- -j4 -l4
[79.770s] DEBUG:colcon.colcon_core.event_handler.log_command:Invoking command in '/home/limitbreakers/breakers_ws/build/sllidar_ros2': CMAKE_PREFIX_PATH=${CMAKE_PREFIX_PATH}:/opt/ros/humble /usr/bin/cmake --install /home/limitbreakers/breakers_ws/build/sllidar_ros2
[80.825s] Level 1:colcon.colcon_core.environment:create_environment_scripts_only(sllidar_ros2)
[80.829s] Level 1:colcon.colcon_core.environment:checking '/home/limitbreakers/breakers_ws/install/sllidar_ros2' for CMake module files
[80.827s] DEBUG:colcon.colcon_core.event_handler.log_command:Invoked command in '/home/limitbreakers/breakers_ws/build/sllidar_ros2' returned '0': CMAKE_PREFIX_PATH=${CMAKE_PREFIX_PATH}:/opt/ros/humble /usr/bin/cmake --install /home/limitbreakers/breakers_ws/build/sllidar_ros2
[80.833s] Level 1:colcon.colcon_core.environment:checking '/home/limitbreakers/breakers_ws/install/sllidar_ros2' for CMake config files
[80.835s] Level 1:colcon.colcon_core.shell:create_environment_hook('sllidar_ros2', 'cmake_prefix_path')
[80.837s] INFO:colcon.colcon_core.shell:Creating environment hook '/home/limitbreakers/breakers_ws/install/sllidar_ros2/share/sllidar_ros2/hook/cmake_prefix_path.ps1'
[80.840s] INFO:colcon.colcon_core.shell:Creating environment descriptor '/home/limitbreakers/breakers_ws/install/sllidar_ros2/share/sllidar_ros2/hook/cmake_prefix_path.dsv'
[80.842s] INFO:colcon.colcon_core.shell:Creating environment hook '/home/limitbreakers/breakers_ws/install/sllidar_ros2/share/sllidar_ros2/hook/cmake_prefix_path.sh'
[80.846s] Level 1:colcon.colcon_core.environment:checking '/home/limitbreakers/breakers_ws/install/sllidar_ros2/lib'
[80.847s] Level 1:colcon.colcon_core.environment:checking '/home/limitbreakers/breakers_ws/install/sllidar_ros2/bin'
[80.847s] Level 1:colcon.colcon_core.environment:checking '/home/limitbreakers/breakers_ws/install/sllidar_ros2/lib/pkgconfig/sllidar_ros2.pc'
[80.849s] Level 1:colcon.colcon_core.environment:checking '/home/limitbreakers/breakers_ws/install/sllidar_ros2/lib/python3.10/site-packages'
[80.850s] Level 1:colcon.colcon_core.environment:checking '/home/limitbreakers/breakers_ws/install/sllidar_ros2/bin'
[80.852s] INFO:colcon.colcon_core.shell:Creating package script '/home/limitbreakers/breakers_ws/install/sllidar_ros2/share/sllidar_ros2/package.ps1'
[80.855s] INFO:colcon.colcon_core.shell:Creating package descriptor '/home/limitbreakers/breakers_ws/install/sllidar_ros2/share/sllidar_ros2/package.dsv'
[80.858s] INFO:colcon.colcon_core.shell:Creating package script '/home/limitbreakers/breakers_ws/install/sllidar_ros2/share/sllidar_ros2/package.sh'
[80.861s] INFO:colcon.colcon_core.shell:Creating package script '/home/limitbreakers/breakers_ws/install/sllidar_ros2/share/sllidar_ros2/package.bash'
[80.863s] INFO:colcon.colcon_core.shell:Creating package script '/home/limitbreakers/breakers_ws/install/sllidar_ros2/share/sllidar_ros2/package.zsh'
[80.866s] Level 1:colcon.colcon_core.environment:create_file_with_runtime_dependencies(/home/limitbreakers/breakers_ws/install/sllidar_ros2/share/colcon-core/packages/sllidar_ros2)
[80.869s] Level 1:colcon.colcon_core.environment:create_environment_scripts_only(sllidar_ros2)
[80.871s] Level 1:colcon.colcon_core.environment:checking '/home/limitbreakers/breakers_ws/install/sllidar_ros2' for CMake module files
[80.875s] Level 1:colcon.colcon_core.environment:checking '/home/limitbreakers/breakers_ws/install/sllidar_ros2' for CMake config files
[80.878s] Level 1:colcon.colcon_core.shell:create_environment_hook('sllidar_ros2', 'cmake_prefix_path')
[80.879s] INFO:colcon.colcon_core.shell:Creating environment hook '/home/limitbreakers/breakers_ws/install/sllidar_ros2/share/sllidar_ros2/hook/cmake_prefix_path.ps1'
[80.882s] INFO:colcon.colcon_core.shell:Creating environment descriptor '/home/limitbreakers/breakers_ws/install/sllidar_ros2/share/sllidar_ros2/hook/cmake_prefix_path.dsv'
[80.885s] INFO:colcon.colcon_core.shell:Creating environment hook '/home/limitbreakers/breakers_ws/install/sllidar_ros2/share/sllidar_ros2/hook/cmake_prefix_path.sh'
[80.889s] Level 1:colcon.colcon_core.environment:checking '/home/limitbreakers/breakers_ws/install/sllidar_ros2/lib'
[80.890s] Level 1:colcon.colcon_core.environment:checking '/home/limitbreakers/breakers_ws/install/sllidar_ros2/bin'
[80.891s] Level 1:colcon.colcon_core.environment:checking '/home/limitbreakers/breakers_ws/install/sllidar_ros2/lib/pkgconfig/sllidar_ros2.pc'
[80.892s] Level 1:colcon.colcon_core.environment:checking '/home/limitbreakers/breakers_ws/install/sllidar_ros2/lib/python3.10/site-packages'
[80.893s] Level 1:colcon.colcon_core.environment:checking '/home/limitbreakers/breakers_ws/install/sllidar_ros2/bin'
[80.895s] INFO:colcon.colcon_core.shell:Creating package script '/home/limitbreakers/breakers_ws/install/sllidar_ros2/share/sllidar_ros2/package.ps1'
[80.898s] INFO:colcon.colcon_core.shell:Creating package descriptor '/home/limitbreakers/breakers_ws/install/sllidar_ros2/share/sllidar_ros2/package.dsv'
[80.901s] INFO:colcon.colcon_core.shell:Creating package script '/home/limitbreakers/breakers_ws/install/sllidar_ros2/share/sllidar_ros2/package.sh'
[80.904s] INFO:colcon.colcon_core.shell:Creating package script '/home/limitbreakers/breakers_ws/install/sllidar_ros2/share/sllidar_ros2/package.bash'
[80.906s] INFO:colcon.colcon_core.shell:Creating package script '/home/limitbreakers/breakers_ws/install/sllidar_ros2/share/sllidar_ros2/package.zsh'
[80.909s] Level 1:colcon.colcon_core.environment:create_file_with_runtime_dependencies(/home/limitbreakers/breakers_ws/install/sllidar_ros2/share/colcon-core/packages/sllidar_ros2)
[83.934s] DEBUG:colcon.colcon_core.event_handler.log_command:Invoked command in '/home/limitbreakers/breakers_ws/build/diffdrive_arduino' returned '2': CMAKE_PREFIX_PATH=/home/limitbreakers/breakers_ws/install/serial:/home/limitbreakers/breakers_ws/install/sllidar_ros2:/home/limitbreakers/breakers_ws/install/diffdrive_arduino:/home/limitbreakers/breakers_ws/install/dojo:/home/limitbreakers/ros2_ws/install/serial:/home/limitbreakers/ros2_ws/install/rplidar_ros:/home/limitbreakers/ros2_ws/install/diffdrive_arduino:/home/limitbreakers/ros2_ws/install/articubot_one:/opt/ros/humble /usr/bin/cmake --build /home/limitbreakers/breakers_ws/build/diffdrive_arduino -- -j4 -l4
[83.936s] Level 1:colcon.colcon_core.environment:create_environment_scripts_only(diffdrive_arduino)
[83.937s] Level 1:colcon.colcon_core.environment:checking '/home/limitbreakers/breakers_ws/install/diffdrive_arduino' for CMake module files
[83.940s] Level 1:colcon.colcon_core.environment:checking '/home/limitbreakers/breakers_ws/install/diffdrive_arduino' for CMake config files
[83.940s] Level 1:colcon.colcon_core.environment:checking '/home/limitbreakers/breakers_ws/install/diffdrive_arduino/bin'
[83.941s] Level 1:colcon.colcon_core.environment:checking '/home/limitbreakers/breakers_ws/install/diffdrive_arduino/lib/pkgconfig/diffdrive_arduino.pc'
[83.942s] Level 1:colcon.colcon_core.environment:checking '/home/limitbreakers/breakers_ws/install/diffdrive_arduino/lib/python3.10/site-packages'
[83.942s] Level 1:colcon.colcon_core.environment:checking '/home/limitbreakers/breakers_ws/install/diffdrive_arduino/bin'
[83.943s] INFO:colcon.colcon_core.shell:Creating package script '/home/limitbreakers/breakers_ws/install/diffdrive_arduino/share/diffdrive_arduino/package.ps1'
[83.946s] INFO:colcon.colcon_core.shell:Creating package descriptor '/home/limitbreakers/breakers_ws/install/diffdrive_arduino/share/diffdrive_arduino/package.dsv'
[83.948s] INFO:colcon.colcon_core.shell:Creating package script '/home/limitbreakers/breakers_ws/install/diffdrive_arduino/share/diffdrive_arduino/package.sh'
[83.950s] INFO:colcon.colcon_core.shell:Creating package script '/home/limitbreakers/breakers_ws/install/diffdrive_arduino/share/diffdrive_arduino/package.bash'
[83.952s] INFO:colcon.colcon_core.shell:Creating package script '/home/limitbreakers/breakers_ws/install/diffdrive_arduino/share/diffdrive_arduino/package.zsh'
[83.954s] Level 1:colcon.colcon_core.environment:create_file_with_runtime_dependencies(/home/limitbreakers/breakers_ws/install/diffdrive_arduino/share/colcon-core/packages/diffdrive_arduino)
[83.966s] DEBUG:colcon.colcon_parallel_executor.executor.parallel:closing loop
[83.967s] DEBUG:colcon.colcon_parallel_executor.executor.parallel:loop closed
[83.967s] DEBUG:colcon.colcon_parallel_executor.executor.parallel:run_until_complete finished with '2'
[83.967s] DEBUG:colcon.colcon_core.event_reactor:joining thread
[83.994s] INFO:colcon.colcon_core.plugin_system:Skipping extension 'colcon_notification.desktop_notification.notify_send': Could not find 'notify-send'
[83.994s] INFO:colcon.colcon_core.plugin_system:Skipping extension 'colcon_notification.desktop_notification.terminal_notifier': Not used on non-Darwin systems
[83.994s] INFO:colcon.colcon_core.plugin_system:Skipping extension 'colcon_notification.desktop_notification.win32': Not used on non-Windows systems
[83.995s] INFO:colcon.colcon_notification.desktop_notification:Sending desktop notification using 'notify2'
[83.997s] DEBUG:colcon.colcon_notification.desktop_notification.notify2:Failed to initialize notify2: org.freedesktop.DBus.Error.ServiceUnknown: The name org.freedesktop.Notifications was not provided by any .service files
[83.998s] DEBUG:colcon.colcon_core.event_reactor:joined thread
[83.999s] INFO:colcon.colcon_core.shell:Creating prefix script '/home/limitbreakers/breakers_ws/install/local_setup.ps1'
[84.004s] INFO:colcon.colcon_core.shell:Creating prefix util module '/home/limitbreakers/breakers_ws/install/_local_setup_util_ps1.py'
[84.010s] INFO:colcon.colcon_core.shell:Creating prefix chain script '/home/limitbreakers/breakers_ws/install/setup.ps1'
[84.017s] INFO:colcon.colcon_core.shell:Creating prefix script '/home/limitbreakers/breakers_ws/install/local_setup.sh'
[84.019s] INFO:colcon.colcon_core.shell:Creating prefix util module '/home/limitbreakers/breakers_ws/install/_local_setup_util_sh.py'
[84.022s] INFO:colcon.colcon_core.shell:Creating prefix chain script '/home/limitbreakers/breakers_ws/install/setup.sh'
[84.028s] INFO:colcon.colcon_core.shell:Creating prefix script '/home/limitbreakers/breakers_ws/install/local_setup.bash'
[84.030s] INFO:colcon.colcon_core.shell:Creating prefix chain script '/home/limitbreakers/breakers_ws/install/setup.bash'
[84.037s] INFO:colcon.colcon_core.shell:Creating prefix script '/home/limitbreakers/breakers_ws/install/local_setup.zsh'
[84.039s] INFO:colcon.colcon_core.shell:Creating prefix chain script '/home/limitbreakers/breakers_ws/install/setup.zsh'
