[0.277s] Invoking command in '/home/nathan/ros2_ws/build/articubot_one': CMAKE_PREFIX_PATH=${CMAKE_PREFIX_PATH}:/home/nathan/ros2_ws/install/joy_tester:/opt/ros/humble /usr/bin/cmake --build /home/nathan/ros2_ws/build/articubot_one -- -j4 -l4
[1.744s] Invoked command in '/home/nathan/ros2_ws/build/articubot_one' returned '0': CMAKE_PREFIX_PATH=${CMAKE_PREFIX_PATH}:/home/nathan/ros2_ws/install/joy_tester:/opt/ros/humble /usr/bin/cmake --build /home/nathan/ros2_ws/build/articubot_one -- -j4 -l4
[1.971s] Invoking command in '/home/nathan/ros2_ws/build/articubot_one': CMAKE_PREFIX_PATH=${CMAKE_PREFIX_PATH}:/home/nathan/ros2_ws/install/joy_tester:/opt/ros/humble /usr/bin/cmake --install /home/nathan/ros2_ws/build/articubot_one
[2.053s] -- Install configuration: ""
[2.093s] -- Up-to-date: /home/nathan/ros2_ws/install/articubot_one/share/articubot_one/config
[2.178s] -- Up-to-date: /home/nathan/ros2_ws/install/articubot_one/share/articubot_one/config/my_controllers.yaml
[2.178s] -- Up-to-date: /home/nathan/ros2_ws/install/articubot_one/share/articubot_one/config/ball_tracker_params_sim.yaml
[2.179s] -- Up-to-date: /home/nathan/ros2_ws/install/articubot_one/share/articubot_one/config/main.rviz
[2.180s] -- Up-to-date: /home/nathan/ros2_ws/install/articubot_one/share/articubot_one/config/joystick.yaml
[2.180s] -- Up-to-date: /home/nathan/ros2_ws/install/articubot_one/share/articubot_one/config/map.rviz
[2.181s] -- Up-to-date: /home/nathan/ros2_ws/install/articubot_one/share/articubot_one/config/gazebo_params.yaml
[2.181s] -- Up-to-date: /home/nathan/ros2_ws/install/articubot_one/share/articubot_one/config/gaz_ros2_ctl_use_sim.yaml
[2.181s] -- Up-to-date: /home/nathan/ros2_ws/install/articubot_one/share/articubot_one/config/twist_mux.yaml
[2.181s] -- Up-to-date: /home/nathan/ros2_ws/install/articubot_one/share/articubot_one/config/empty.yaml
[2.182s] -- Up-to-date: /home/nathan/ros2_ws/install/articubot_one/share/articubot_one/config/drive_bot.rviz
[2.182s] -- Up-to-date: /home/nathan/ros2_ws/install/articubot_one/share/articubot_one/config/ball_tracker_params_robot.yaml
[2.182s] -- Up-to-date: /home/nathan/ros2_ws/install/articubot_one/share/articubot_one/config/mapper_params_online_async.yaml
[2.182s] -- Up-to-date: /home/nathan/ros2_ws/install/articubot_one/share/articubot_one/config/view_bot.rviz
[2.182s] -- Up-to-date: /home/nathan/ros2_ws/install/articubot_one/share/articubot_one/config/nav2_params.yaml
[2.182s] -- Up-to-date: /home/nathan/ros2_ws/install/articubot_one/share/articubot_one/description
[2.182s] -- Up-to-date: /home/nathan/ros2_ws/install/articubot_one/share/articubot_one/description/ros2_control.xacro
[2.183s] -- Up-to-date: /home/nathan/ros2_ws/install/articubot_one/share/articubot_one/description/camera.xacro
[2.183s] -- Up-to-date: /home/nathan/ros2_ws/install/articubot_one/share/articubot_one/description/lidar.xacro
[2.183s] -- Up-to-date: /home/nathan/ros2_ws/install/articubot_one/share/articubot_one/description/depth_camera.xacro
[2.183s] -- Up-to-date: /home/nathan/ros2_ws/install/articubot_one/share/articubot_one/description/face.xacro
[2.183s] -- Up-to-date: /home/nathan/ros2_ws/install/articubot_one/share/articubot_one/description/robot.urdf.xacro
[2.183s] -- Up-to-date: /home/nathan/ros2_ws/install/articubot_one/share/articubot_one/description/gazebo_control.xacro
[2.183s] -- Up-to-date: /home/nathan/ros2_ws/install/articubot_one/share/articubot_one/description/robot_core.xacro
[2.184s] -- Up-to-date: /home/nathan/ros2_ws/install/articubot_one/share/articubot_one/description/inertial_macros.xacro
[2.184s] -- Up-to-date: /home/nathan/ros2_ws/install/articubot_one/share/articubot_one/launch
[2.184s] -- Up-to-date: /home/nathan/ros2_ws/install/articubot_one/share/articubot_one/launch/joystick.launch.py
[2.184s] -- Up-to-date: /home/nathan/ros2_ws/install/articubot_one/share/articubot_one/launch/rplidar.launch.py
[2.185s] -- Up-to-date: /home/nathan/ros2_ws/install/articubot_one/share/articubot_one/launch/navigation_launch.py
[2.185s] -- Up-to-date: /home/nathan/ros2_ws/install/articubot_one/share/articubot_one/launch/camera.launch.py
[2.185s] -- Up-to-date: /home/nathan/ros2_ws/install/articubot_one/share/articubot_one/launch/rsp.launch.py
[2.185s] -- Up-to-date: /home/nathan/ros2_ws/install/articubot_one/share/articubot_one/launch/launch_robot.launch.py
[2.186s] -- Up-to-date: /home/nathan/ros2_ws/install/articubot_one/share/articubot_one/launch/launch_sim.launch.py
[2.186s] -- Up-to-date: /home/nathan/ros2_ws/install/articubot_one/share/articubot_one/launch/online_async_launch.py
[2.186s] -- Up-to-date: /home/nathan/ros2_ws/install/articubot_one/share/articubot_one/launch/ball_tracker.launch.py
[2.186s] -- Up-to-date: /home/nathan/ros2_ws/install/articubot_one/share/articubot_one/launch/localization_launch.py
[2.186s] -- Up-to-date: /home/nathan/ros2_ws/install/articubot_one/share/articubot_one/worlds
[2.187s] -- Up-to-date: /home/nathan/ros2_ws/install/articubot_one/share/articubot_one/worlds/obstacles.world
[2.187s] -- Up-to-date: /home/nathan/ros2_ws/install/articubot_one/share/articubot_one/worlds/empty.world
[2.187s] -- Up-to-date: /home/nathan/ros2_ws/install/articubot_one/share/ament_index/resource_index/package_run_dependencies/articubot_one
[2.212s] -- Up-to-date: /home/nathan/ros2_ws/install/articubot_one/share/ament_index/resource_index/parent_prefix_path/articubot_one
[2.212s] -- Up-to-date: /home/nathan/ros2_ws/install/articubot_one/share/articubot_one/environment/ament_prefix_path.sh
[2.213s] -- Up-to-date: /home/nathan/ros2_ws/install/articubot_one/share/articubot_one/environment/ament_prefix_path.dsv
[2.213s] -- Up-to-date: /home/nathan/ros2_ws/install/articubot_one/share/articubot_one/environment/path.sh
[2.213s] -- Up-to-date: /home/nathan/ros2_ws/install/articubot_one/share/articubot_one/environment/path.dsv
[2.214s] -- Up-to-date: /home/nathan/ros2_ws/install/articubot_one/share/articubot_one/local_setup.bash
[2.214s] -- Up-to-date: /home/nathan/ros2_ws/install/articubot_one/share/articubot_one/local_setup.sh
[2.214s] -- Up-to-date: /home/nathan/ros2_ws/install/articubot_one/share/articubot_one/local_setup.zsh
[2.214s] -- Up-to-date: /home/nathan/ros2_ws/install/articubot_one/share/articubot_one/local_setup.dsv
[2.214s] -- Installing: /home/nathan/ros2_ws/install/articubot_one/share/articubot_one/package.dsv
[2.280s] -- Up-to-date: /home/nathan/ros2_ws/install/articubot_one/share/ament_index/resource_index/packages/articubot_one
[2.280s] -- Up-to-date: /home/nathan/ros2_ws/install/articubot_one/share/articubot_one/cmake/articubot_oneConfig.cmake
[2.281s] -- Up-to-date: /home/nathan/ros2_ws/install/articubot_one/share/articubot_one/cmake/articubot_oneConfig-version.cmake
[2.281s] -- Up-to-date: /home/nathan/ros2_ws/install/articubot_one/share/articubot_one/package.xml
[2.288s] Invoked command in '/home/nathan/ros2_ws/build/articubot_one' returned '0': CMAKE_PREFIX_PATH=${CMAKE_PREFIX_PATH}:/home/nathan/ros2_ws/install/joy_tester:/opt/ros/humble /usr/bin/cmake --install /home/nathan/ros2_ws/build/articubot_one
