[0.305s] Invoking command in '/home/nathan/ros2_ws/build/opennav_coverage_bt': CMAKE_PREFIX_PATH=${CMAKE_PREFIX_PATH}:/home/nathan/ros2_ws/install/image_processor:/home/nathan/ros2_ws/install/rdj2025_potato_disease_detection:/home/nathan/ros2_ws/install/joy_tester:/opt/ros/humble /usr/bin/cmake /home/nathan/ros2_ws/src/opennav_coverage/opennav_coverage_bt -DAMENT_CMAKE_SYMLINK_INSTALL=1 -DCMAKE_INSTALL_PREFIX=/home/nathan/ros2_ws/install/opennav_coverage_bt
[0.464s] -- Found ament_cmake: 1.3.12 (/opt/ros/humble/share/ament_cmake/cmake)
[1.552s] -- Override CMake install command with custom implementation using symlinks instead of copying resources
[2.645s] -- Found rclcpp: 16.0.14 (/opt/ros/humble/share/rclcpp/cmake)
[3.609s] -- Found rosidl_generator_c: 3.1.7 (/opt/ros/humble/share/rosidl_generator_c/cmake)
[3.705s] -- Found rosidl_adapter: 3.1.7 (/opt/ros/humble/share/rosidl_adapter/cmake)
[3.950s] -- Found rosidl_generator_cpp: 3.1.7 (/opt/ros/humble/share/rosidl_generator_cpp/cmake)
[4.290s] -- Using all available rosidl_typesupport_c: rosidl_typesupport_fastrtps_c;rosidl_typesupport_introspection_c
[4.457s] -- Using all available rosidl_typesupport_cpp: rosidl_typesupport_fastrtps_cpp;rosidl_typesupport_introspection_cpp
[4.643s] -- Found rmw_implementation_cmake: 6.1.2 (/opt/ros/humble/share/rmw_implementation_cmake/cmake)
[4.655s] -- Found rmw_fastrtps_cpp: 6.2.8 (/opt/ros/humble/share/rmw_fastrtps_cpp/cmake)
[5.123s] -- Using RMW implementation 'rmw_fastrtps_cpp' as default
[6.599s] -- Found rclcpp_action: 16.0.14 (/opt/ros/humble/share/rclcpp_action/cmake)
[7.213s] -- Found nav2_util: 1.1.18 (/opt/ros/humble/share/nav2_util/cmake)
[7.988s] -- Found eigen3_cmake_module: 0.1.1 (/opt/ros/humble/share/eigen3_cmake_module/cmake)
[8.012s] -- Ensuring Eigen3 include directory is part of orocos-kdl CMake target
[8.246s] -- Found nav2_bt_navigator: 1.1.18 (/opt/ros/humble/share/nav2_bt_navigator/cmake)
[8.981s] -- Found opennav_coverage_msgs: 0.0.1 (/home/nathan/ros2_ws/install/opennav_coverage_msgs/share/opennav_coverage_msgs/cmake)
[9.060s] [31mCMake Error at CMakeLists.txt:16 (find_package):
[9.060s]   By not providing "Findbehaviortree_cpp.cmake" in CMAKE_MODULE_PATH this
[9.061s]   project has asked CMake to find a package configuration file provided by
[9.061s]   "behaviortree_cpp", but CMake did not find one.
[9.061s] 
[9.061s]   Could not find a package configuration file provided by "behaviortree_cpp"
[9.061s]   with any of the following names:
[9.061s] 
[9.062s]     behaviortree_cppConfig.cmake
[9.062s]     behaviortree_cpp-config.cmake
[9.062s] 
[9.062s]   Add the installation prefix of "behaviortree_cpp" to CMAKE_PREFIX_PATH or
[9.062s]   set "behaviortree_cpp_DIR" to a directory containing one of the above
[9.062s]   files.  If "behaviortree_cpp" provides a separate development package or
[9.062s]   SDK, be sure it has been installed.
[9.062s] 
[9.062s] [0m
[9.063s] -- Configuring incomplete, errors occurred!
[9.063s] See also "/home/nathan/ros2_ws/build/opennav_coverage_bt/CMakeFiles/CMakeOutput.log".
[9.077s] Invoked command in '/home/nathan/ros2_ws/build/opennav_coverage_bt' returned '1': CMAKE_PREFIX_PATH=${CMAKE_PREFIX_PATH}:/home/nathan/ros2_ws/install/image_processor:/home/nathan/ros2_ws/install/rdj2025_potato_disease_detection:/home/nathan/ros2_ws/install/joy_tester:/opt/ros/humble /usr/bin/cmake /home/nathan/ros2_ws/src/opennav_coverage/opennav_coverage_bt -DAMENT_CMAKE_SYMLINK_INSTALL=1 -DCMAKE_INSTALL_PREFIX=/home/nathan/ros2_ws/install/opennav_coverage_bt
