[0.149s] Invoking command in '/home/nathan/ros2_ws/build/ppp_bot': CMAKE_PREFIX_PATH=${CMAKE_PREFIX_PATH}:/home/nathan/ros2_ws/install/rdj2025_potato_disease_detection:/home/nathan/ros2_ws/install/joy_tester:/opt/ros/humble /usr/bin/cmake --build /home/nathan/ros2_ws/build/ppp_bot -- -j4 -l4
[0.680s] Invoked command in '/home/nathan/ros2_ws/build/ppp_bot' returned '0': CMAKE_PREFIX_PATH=${CMAKE_PREFIX_PATH}:/home/nathan/ros2_ws/install/rdj2025_potato_disease_detection:/home/nathan/ros2_ws/install/joy_tester:/opt/ros/humble /usr/bin/cmake --build /home/nathan/ros2_ws/build/ppp_bot -- -j4 -l4
[0.737s] Invoking command in '/home/nathan/ros2_ws/build/ppp_bot': CMAKE_PREFIX_PATH=${CMAKE_PREFIX_PATH}:/home/nathan/ros2_ws/install/rdj2025_potato_disease_detection:/home/nathan/ros2_ws/install/joy_tester:/opt/ros/humble /usr/bin/cmake --install /home/nathan/ros2_ws/build/ppp_bot
[0.792s] -- Install configuration: ""
[0.842s] -- Execute custom install script
[0.884s] -- Up-to-date symlink: /home/nathan/ros2_ws/install/ppp_bot/share/ppp_bot//description/camera.xacro
[0.884s] -- Up-to-date symlink: /home/nathan/ros2_ws/install/ppp_bot/share/ppp_bot//description/depth_camera.xacro
[0.885s] -- Up-to-date symlink: /home/nathan/ros2_ws/install/ppp_bot/share/ppp_bot//description/ignition_control.xacro
[0.885s] -- Up-to-date symlink: /home/nathan/ros2_ws/install/ppp_bot/share/ppp_bot//description/inertial_macros.xacro
[0.928s] -- Up-to-date symlink: /home/nathan/ros2_ws/install/ppp_bot/share/ppp_bot//description/lidar.xacro
[0.930s] -- Up-to-date symlink: /home/nathan/ros2_ws/install/ppp_bot/share/ppp_bot//description/materials.xacro
[0.930s] -- Up-to-date symlink: /home/nathan/ros2_ws/install/ppp_bot/share/ppp_bot//description/robot.urdf.xacro
[0.961s] -- Up-to-date symlink: /home/nathan/ros2_ws/install/ppp_bot/share/ppp_bot//description/robot_core.xacro
[0.962s] -- Up-to-date symlink: /home/nathan/ros2_ws/install/ppp_bot/share/ppp_bot//description/ros2_control.xacro
[0.963s] -- Up-to-date symlink: /home/nathan/ros2_ws/install/ppp_bot/share/ppp_bot//launch/joystick.launch.py
[0.964s] -- Up-to-date symlink: /home/nathan/ros2_ws/install/ppp_bot/share/ppp_bot//launch/keyboard.launch.py
[1.019s] -- Up-to-date symlink: /home/nathan/ros2_ws/install/ppp_bot/share/ppp_bot//launch/launch_ign.launch.py
[1.021s] -- Up-to-date symlink: /home/nathan/ros2_ws/install/ppp_bot/share/ppp_bot//launch/launch_sim.launch.py
[1.021s] -- Up-to-date symlink: /home/nathan/ros2_ws/install/ppp_bot/share/ppp_bot//launch/legacy_launch_sim.launch.py
[1.022s] -- Up-to-date symlink: /home/nathan/ros2_ws/install/ppp_bot/share/ppp_bot//launch/localization.launch.py
[1.023s] -- Up-to-date symlink: /home/nathan/ros2_ws/install/ppp_bot/share/ppp_bot//launch/navigation.launch.py
[1.061s] -- Up-to-date symlink: /home/nathan/ros2_ws/install/ppp_bot/share/ppp_bot//launch/online_async.launch.py
[1.062s] -- Up-to-date symlink: /home/nathan/ros2_ws/install/ppp_bot/share/ppp_bot//launch/rsp.launch.py
[1.062s] -- Up-to-date symlink: /home/nathan/ros2_ws/install/ppp_bot/share/ppp_bot//launch/teleop_sim.launch.py
[1.063s] -- Up-to-date symlink: /home/nathan/ros2_ws/install/ppp_bot/share/ppp_bot//worlds/barrels.sdf
[1.129s] -- Up-to-date symlink: /home/nathan/ros2_ws/install/ppp_bot/share/ppp_bot//worlds/cones.sdf
[1.129s] -- Up-to-date symlink: /home/nathan/ros2_ws/install/ppp_bot/share/ppp_bot//worlds/cones2.sdf
[1.132s] -- Up-to-date symlink: /home/nathan/ros2_ws/install/ppp_bot/share/ppp_bot//worlds/empty.sdf
[1.132s] -- Up-to-date symlink: /home/nathan/ros2_ws/install/ppp_bot/share/ppp_bot//worlds/maze.sdf
[1.132s] -- Up-to-date symlink: /home/nathan/ros2_ws/install/ppp_bot/share/ppp_bot//worlds/moving_robot.sdf
[1.161s] -- Up-to-date symlink: /home/nathan/ros2_ws/install/ppp_bot/share/ppp_bot//worlds/room.sdf
[1.162s] -- Up-to-date symlink: /home/nathan/ros2_ws/install/ppp_bot/share/ppp_bot//worlds/room_with_cones.sdf
[1.163s] -- Up-to-date symlink: /home/nathan/ros2_ws/install/ppp_bot/share/ppp_bot//worlds/simple_room.sdf
[1.163s] -- Up-to-date symlink: /home/nathan/ros2_ws/install/ppp_bot/share/ppp_bot//config/default.rviz
[1.205s] -- Up-to-date symlink: /home/nathan/ros2_ws/install/ppp_bot/share/ppp_bot//config/joystick.yaml
[1.207s] -- Up-to-date symlink: /home/nathan/ros2_ws/install/ppp_bot/share/ppp_bot//config/mapper_params_online_async.yaml
[1.209s] -- Up-to-date symlink: /home/nathan/ros2_ws/install/ppp_bot/share/ppp_bot//config/my_controllers.yaml
[1.209s] -- Up-to-date symlink: /home/nathan/ros2_ws/install/ppp_bot/share/ppp_bot//config/nav2_params.yaml
[1.209s] -- Up-to-date symlink: /home/nathan/ros2_ws/install/ppp_bot/share/ppp_bot//config/twist_mux.yaml
[1.250s] -- Up-to-date symlink: /home/nathan/ros2_ws/install/ppp_bot/share/ppp_bot//models/construction_barrel/materials/textures/Construction_Barrel_Diffuse.png
[1.251s] -- Up-to-date symlink: /home/nathan/ros2_ws/install/ppp_bot/share/ppp_bot//models/construction_barrel/materials/textures/Construction_Barrel_Spec.png
[1.251s] -- Up-to-date symlink: /home/nathan/ros2_ws/install/ppp_bot/share/ppp_bot//models/construction_barrel/meshes/construction_barrel.dae
[1.252s] -- Up-to-date symlink: /home/nathan/ros2_ws/install/ppp_bot/share/ppp_bot//models/construction_barrel/model-1_3.sdf
[1.295s] -- Up-to-date symlink: /home/nathan/ros2_ws/install/ppp_bot/share/ppp_bot//models/construction_barrel/model-1_4.sdf
[1.295s] -- Up-to-date symlink: /home/nathan/ros2_ws/install/ppp_bot/share/ppp_bot//models/construction_barrel/model.config
[1.295s] -- Up-to-date symlink: /home/nathan/ros2_ws/install/ppp_bot/share/ppp_bot//models/construction_barrel/model.sdf
[1.296s] -- Up-to-date symlink: /home/nathan/ros2_ws/install/ppp_bot/share/ppp_bot//models/construction_barrel/thumbnails/1.png
[1.296s] -- Up-to-date symlink: /home/nathan/ros2_ws/install/ppp_bot/share/ppp_bot//models/construction_barrel/thumbnails/2.png
[1.339s] -- Up-to-date symlink: /home/nathan/ros2_ws/install/ppp_bot/share/ppp_bot//models/construction_barrel/thumbnails/3.png
[1.340s] -- Up-to-date symlink: /home/nathan/ros2_ws/install/ppp_bot/share/ppp_bot//models/construction_barrel/thumbnails/4.png
[1.340s] -- Up-to-date symlink: /home/nathan/ros2_ws/install/ppp_bot/share/ppp_bot//models/construction_barrel/thumbnails/5.png
[1.340s] -- Up-to-date symlink: /home/nathan/ros2_ws/install/ppp_bot/share/ppp_bot//models/construction_cone/materials/textures/Construction_Cone_Diffuse.png
[1.372s] -- Up-to-date symlink: /home/nathan/ros2_ws/install/ppp_bot/share/ppp_bot//models/construction_cone/meshes/construction_cone.dae
[1.373s] -- Up-to-date symlink: /home/nathan/ros2_ws/install/ppp_bot/share/ppp_bot//models/construction_cone/model-1_3.sdf
[1.373s] -- Up-to-date symlink: /home/nathan/ros2_ws/install/ppp_bot/share/ppp_bot//models/construction_cone/model-1_4.sdf
[1.405s] -- Up-to-date symlink: /home/nathan/ros2_ws/install/ppp_bot/share/ppp_bot//models/construction_cone/model.config
[1.406s] -- Up-to-date symlink: /home/nathan/ros2_ws/install/ppp_bot/share/ppp_bot//models/construction_cone/model.sdf
[1.407s] -- Up-to-date symlink: /home/nathan/ros2_ws/install/ppp_bot/share/ppp_bot//models/construction_cone/thumbnails/1.png
[1.408s] -- Up-to-date symlink: /home/nathan/ros2_ws/install/ppp_bot/share/ppp_bot//models/construction_cone/thumbnails/2.png
[1.450s] -- Up-to-date symlink: /home/nathan/ros2_ws/install/ppp_bot/share/ppp_bot//models/construction_cone/thumbnails/3.png
[1.450s] -- Up-to-date symlink: /home/nathan/ros2_ws/install/ppp_bot/share/ppp_bot//models/construction_cone/thumbnails/4.png
[1.451s] -- Up-to-date symlink: /home/nathan/ros2_ws/install/ppp_bot/share/ppp_bot//models/construction_cone/thumbnails/5.png
[1.451s] -- Up-to-date symlink: /home/nathan/ros2_ws/install/ppp_bot/share/ppp_bot//models/maze/model.config
[1.451s] -- Up-to-date symlink: /home/nathan/ros2_ws/install/ppp_bot/share/ppp_bot//models/maze/model.sdf
[1.483s] -- Up-to-date symlink: /home/nathan/ros2_ws/install/ppp_bot/share/ppp_bot//models/room/model.config
[1.484s] -- Up-to-date symlink: /home/nathan/ros2_ws/install/ppp_bot/share/ppp_bot//models/room/model.sdf
[1.484s] -- Up-to-date symlink: /home/nathan/ros2_ws/install/ppp_bot/share/ppp_bot//models/simple_room/model.config
[1.485s] -- Up-to-date symlink: /home/nathan/ros2_ws/install/ppp_bot/share/ppp_bot//models/simple_room/model.sdf
[1.528s] -- Up-to-date symlink: /home/nathan/ros2_ws/install/ppp_bot/share/ppp_bot//maps/baseline.pgm
[1.528s] -- Up-to-date symlink: /home/nathan/ros2_ws/install/ppp_bot/share/ppp_bot//maps/baseline.yaml
[1.529s] -- Up-to-date symlink: /home/nathan/ros2_ws/install/ppp_bot/share/ppp_bot//maps/cones.data
[1.529s] -- Up-to-date symlink: /home/nathan/ros2_ws/install/ppp_bot/share/ppp_bot//maps/cones.pgm
[1.530s] -- Up-to-date symlink: /home/nathan/ros2_ws/install/ppp_bot/share/ppp_bot//maps/cones.posegraph
[1.561s] -- Up-to-date symlink: /home/nathan/ros2_ws/install/ppp_bot/share/ppp_bot//maps/cones.yaml
[1.562s] -- Up-to-date symlink: /home/nathan/ros2_ws/install/ppp_bot/share/ppp_bot//maps/cones2.pgm
[1.562s] -- Up-to-date symlink: /home/nathan/ros2_ws/install/ppp_bot/share/ppp_bot//maps/cones2.yaml
[1.563s] -- Up-to-date symlink: /home/nathan/ros2_ws/install/ppp_bot/share/ppp_bot//maps/maze.data
[1.595s] -- Up-to-date symlink: /home/nathan/ros2_ws/install/ppp_bot/share/ppp_bot//maps/maze.pgm
[1.595s] -- Up-to-date symlink: /home/nathan/ros2_ws/install/ppp_bot/share/ppp_bot//maps/maze.posegraph
[1.596s] -- Up-to-date symlink: /home/nathan/ros2_ws/install/ppp_bot/share/ppp_bot//maps/maze.yaml
[1.596s] -- Up-to-date symlink: /home/nathan/ros2_ws/install/ppp_bot/share/ppp_bot//maps/room.data
[1.596s] -- Up-to-date symlink: /home/nathan/ros2_ws/install/ppp_bot/share/ppp_bot//maps/room.pgm
[1.639s] -- Up-to-date symlink: /home/nathan/ros2_ws/install/ppp_bot/share/ppp_bot//maps/room.posegraph
[1.641s] -- Up-to-date symlink: /home/nathan/ros2_ws/install/ppp_bot/share/ppp_bot//maps/room.yaml
[1.641s] -- Up-to-date symlink: /home/nathan/ros2_ws/install/ppp_bot/share/ppp_bot//maps/room_with_cones.data
[1.641s] -- Up-to-date symlink: /home/nathan/ros2_ws/install/ppp_bot/share/ppp_bot//maps/room_with_cones.pgm
[1.695s] -- Up-to-date symlink: /home/nathan/ros2_ws/install/ppp_bot/share/ppp_bot//maps/room_with_cones.posegraph
[1.695s] -- Up-to-date symlink: /home/nathan/ros2_ws/install/ppp_bot/share/ppp_bot//maps/room_with_cones.yaml
[1.695s] -- Up-to-date symlink: /home/nathan/ros2_ws/install/ppp_bot/share/ppp_bot//maps/simple_room.data
[1.696s] -- Up-to-date symlink: /home/nathan/ros2_ws/install/ppp_bot/share/ppp_bot//maps/simple_room.pgm
[1.696s] -- Up-to-date symlink: /home/nathan/ros2_ws/install/ppp_bot/share/ppp_bot//maps/simple_room.posegraph
[1.750s] -- Up-to-date symlink: /home/nathan/ros2_ws/install/ppp_bot/share/ppp_bot//maps/simple_room.yaml
[1.750s] -- Up-to-date symlink: /home/nathan/ros2_ws/install/ppp_bot/share/ament_index/resource_index/package_run_dependencies/ppp_bot
[1.751s] -- Up-to-date symlink: /home/nathan/ros2_ws/install/ppp_bot/share/ament_index/resource_index/parent_prefix_path/ppp_bot
[1.751s] -- Up-to-date symlink: /home/nathan/ros2_ws/install/ppp_bot/share/ppp_bot/environment/ament_prefix_path.sh
[1.751s] -- Up-to-date symlink: /home/nathan/ros2_ws/install/ppp_bot/share/ppp_bot/environment/ament_prefix_path.dsv
[1.795s] -- Up-to-date symlink: /home/nathan/ros2_ws/install/ppp_bot/share/ppp_bot/environment/path.sh
[1.795s] -- Up-to-date symlink: /home/nathan/ros2_ws/install/ppp_bot/share/ppp_bot/environment/path.dsv
[1.796s] -- Up-to-date symlink: /home/nathan/ros2_ws/install/ppp_bot/share/ppp_bot/local_setup.bash
[1.797s] -- Up-to-date symlink: /home/nathan/ros2_ws/install/ppp_bot/share/ppp_bot/local_setup.sh
[1.829s] -- Up-to-date symlink: /home/nathan/ros2_ws/install/ppp_bot/share/ppp_bot/local_setup.zsh
[1.829s] -- Up-to-date symlink: /home/nathan/ros2_ws/install/ppp_bot/share/ppp_bot/local_setup.dsv
[1.829s] -- Symlinking: /home/nathan/ros2_ws/install/ppp_bot/share/ppp_bot/package.dsv
[1.844s] -- Up-to-date symlink: /home/nathan/ros2_ws/install/ppp_bot/share/ament_index/resource_index/packages/ppp_bot
[1.895s] -- Up-to-date symlink: /home/nathan/ros2_ws/install/ppp_bot/share/ppp_bot/cmake/ppp_botConfig.cmake
[1.895s] -- Up-to-date symlink: /home/nathan/ros2_ws/install/ppp_bot/share/ppp_bot/cmake/ppp_botConfig-version.cmake
[1.896s] -- Up-to-date symlink: /home/nathan/ros2_ws/install/ppp_bot/share/ppp_bot/package.xml
[1.899s] Invoked command in '/home/nathan/ros2_ws/build/ppp_bot' returned '0': CMAKE_PREFIX_PATH=${CMAKE_PREFIX_PATH}:/home/nathan/ros2_ws/install/rdj2025_potato_disease_detection:/home/nathan/ros2_ws/install/joy_tester:/opt/ros/humble /usr/bin/cmake --install /home/nathan/ros2_ws/build/ppp_bot
