-- Install configuration: ""
-- Up-to-date: /home/nathan/ros2_ws/install/dojo/share/dojo/config
-- Up-to-date: /home/nathan/ros2_ws/install/dojo/share/dojo/config/my_controllers.yaml
-- Up-to-date: /home/nathan/ros2_ws/install/dojo/share/dojo/config/joystick.yaml
-- Up-to-date: /home/nathan/ros2_ws/install/dojo/share/dojo/config/default_view.rviz
-- Up-to-date: /home/nathan/ros2_ws/install/dojo/share/dojo/config/gazebo_params.yaml
-- Up-to-date: /home/nathan/ros2_ws/install/dojo/share/dojo/config/gaz_ros2_ctl_use_sim.yaml
-- Up-to-date: /home/nathan/ros2_ws/install/dojo/share/dojo/config/twist_mux.yaml
-- Up-to-date: /home/nathan/ros2_ws/install/dojo/share/dojo/config/empty.yaml
-- Up-to-date: /home/nathan/ros2_ws/install/dojo/share/dojo/config/mapper_params_online_async.yaml
-- Up-to-date: /home/nathan/ros2_ws/install/dojo/share/dojo/config/nav2_params.yaml
-- Up-to-date: /home/nathan/ros2_ws/install/dojo/share/dojo/description
-- Up-to-date: /home/nathan/ros2_ws/install/dojo/share/dojo/description/ros2_control.xacro
-- Up-to-date: /home/nathan/ros2_ws/install/dojo/share/dojo/description/lidar.xacro
-- Up-to-date: /home/nathan/ros2_ws/install/dojo/share/dojo/description/robot.urdf.xacro
-- Up-to-date: /home/nathan/ros2_ws/install/dojo/share/dojo/description/gazebo_control.xacro
-- Installing: /home/nathan/ros2_ws/install/dojo/share/dojo/description/robot_core.xacro
-- Up-to-date: /home/nathan/ros2_ws/install/dojo/share/dojo/description/inertial_macros.xacro
-- Up-to-date: /home/nathan/ros2_ws/install/dojo/share/dojo/launch
-- Up-to-date: /home/nathan/ros2_ws/install/dojo/share/dojo/launch/joystick.launch.py
-- Up-to-date: /home/nathan/ros2_ws/install/dojo/share/dojo/launch/raspi_bot.launch.py
-- Up-to-date: /home/nathan/ros2_ws/install/dojo/share/dojo/launch/navigation_launch.py
-- Up-to-date: /home/nathan/ros2_ws/install/dojo/share/dojo/launch/rsp.launch.py
-- Up-to-date: /home/nathan/ros2_ws/install/dojo/share/dojo/launch/consolidated.launch.py
-- Up-to-date: /home/nathan/ros2_ws/install/dojo/share/dojo/launch/launch_robot.launch.py
-- Up-to-date: /home/nathan/ros2_ws/install/dojo/share/dojo/launch/launch_sim.launch.py
-- Up-to-date: /home/nathan/ros2_ws/install/dojo/share/dojo/launch/localization_launch.py
-- Up-to-date: /home/nathan/ros2_ws/install/dojo/share/dojo/worlds
-- Up-to-date: /home/nathan/ros2_ws/install/dojo/share/dojo/worlds/dojo2024
-- Up-to-date: /home/nathan/ros2_ws/install/dojo/share/dojo/worlds/world_model
-- Up-to-date: /home/nathan/ros2_ws/install/dojo/share/dojo/worlds/world_model/model.config
-- Up-to-date: /home/nathan/ros2_ws/install/dojo/share/dojo/worlds/world_model/model.sdf
-- Up-to-date: /home/nathan/ros2_ws/install/dojo/share/dojo/worlds/empty.world
-- Up-to-date: /home/nathan/ros2_ws/install/dojo/share/ament_index/resource_index/package_run_dependencies/dojo
-- Up-to-date: /home/nathan/ros2_ws/install/dojo/share/ament_index/resource_index/parent_prefix_path/dojo
-- Up-to-date: /home/nathan/ros2_ws/install/dojo/share/dojo/environment/ament_prefix_path.sh
-- Up-to-date: /home/nathan/ros2_ws/install/dojo/share/dojo/environment/ament_prefix_path.dsv
-- Up-to-date: /home/nathan/ros2_ws/install/dojo/share/dojo/environment/path.sh
-- Up-to-date: /home/nathan/ros2_ws/install/dojo/share/dojo/environment/path.dsv
-- Up-to-date: /home/nathan/ros2_ws/install/dojo/share/dojo/local_setup.bash
-- Up-to-date: /home/nathan/ros2_ws/install/dojo/share/dojo/local_setup.sh
-- Up-to-date: /home/nathan/ros2_ws/install/dojo/share/dojo/local_setup.zsh
-- Up-to-date: /home/nathan/ros2_ws/install/dojo/share/dojo/local_setup.dsv
-- Installing: /home/nathan/ros2_ws/install/dojo/share/dojo/package.dsv
-- Up-to-date: /home/nathan/ros2_ws/install/dojo/share/ament_index/resource_index/packages/dojo
-- Up-to-date: /home/nathan/ros2_ws/install/dojo/share/dojo/cmake/dojoConfig.cmake
-- Up-to-date: /home/nathan/ros2_ws/install/dojo/share/dojo/cmake/dojoConfig-version.cmake
-- Up-to-date: /home/nathan/ros2_ws/install/dojo/share/dojo/package.xml
