[0.047s] Invoking command in '/home/nathan/ros2_ws/build/sllidar_ros2': CMAKE_PREFIX_PATH=${CMAKE_PREFIX_PATH}:/home/nathan/ros2_ws/install/rdj2025_potato_disease_detection:/home/nathan/ros2_ws/install/joy_tester:/opt/ros/humble /usr/bin/cmake /home/nathan/ros2_ws/src/sllidar_ros2 -DAMENT_CMAKE_SYMLINK_INSTALL=1 -DCMAKE_INSTALL_PREFIX=/home/nathan/ros2_ws/install/sllidar_ros2
[0.208s] -- Found ament_cmake: 1.3.12 (/opt/ros/humble/share/ament_cmake/cmake)
[0.816s] -- Override CMake install command with custom implementation using symlinks instead of copying resources
[0.898s] -- Found rclcpp: 16.0.14 (/opt/ros/humble/share/rclcpp/cmake)
[1.062s] -- Found rosidl_generator_c: 3.1.7 (/opt/ros/humble/share/rosidl_generator_c/cmake)
[1.063s] -- Found rosidl_adapter: 3.1.7 (/opt/ros/humble/share/rosidl_adapter/cmake)
[1.076s] -- Found rosidl_generator_cpp: 3.1.7 (/opt/ros/humble/share/rosidl_generator_cpp/cmake)
[1.091s] -- Using all available rosidl_typesupport_c: rosidl_typesupport_fastrtps_c;rosidl_typesupport_introspection_c
[1.107s] -- Using all available rosidl_typesupport_cpp: rosidl_typesupport_fastrtps_cpp;rosidl_typesupport_introspection_cpp
[1.954s] -- Found rmw_implementation_cmake: 6.1.2 (/opt/ros/humble/share/rmw_implementation_cmake/cmake)
[2.383s] -- Found rmw_fastrtps_cpp: 6.2.8 (/opt/ros/humble/share/rmw_fastrtps_cpp/cmake)
[3.936s] -- Using RMW implementation 'rmw_fastrtps_cpp' as default
[4.295s] -- Found sensor_msgs: 4.9.0 (/opt/ros/humble/share/sensor_msgs/cmake)
[4.430s] -- Found std_srvs: 4.9.0 (/opt/ros/humble/share/std_srvs/cmake)
[4.826s] -- Configuring done
[5.014s] -- Generating done
[5.027s] -- Build files have been written to: /home/nathan/ros2_ws/build/sllidar_ros2
[5.048s] Invoked command in '/home/nathan/ros2_ws/build/sllidar_ros2' returned '0': CMAKE_PREFIX_PATH=${CMAKE_PREFIX_PATH}:/home/nathan/ros2_ws/install/rdj2025_potato_disease_detection:/home/nathan/ros2_ws/install/joy_tester:/opt/ros/humble /usr/bin/cmake /home/nathan/ros2_ws/src/sllidar_ros2 -DAMENT_CMAKE_SYMLINK_INSTALL=1 -DCMAKE_INSTALL_PREFIX=/home/nathan/ros2_ws/install/sllidar_ros2
[5.050s] Invoking command in '/home/nathan/ros2_ws/build/sllidar_ros2': CMAKE_PREFIX_PATH=${CMAKE_PREFIX_PATH}:/home/nathan/ros2_ws/install/rdj2025_potato_disease_detection:/home/nathan/ros2_ws/install/joy_tester:/opt/ros/humble /usr/bin/cmake --build /home/nathan/ros2_ws/build/sllidar_ros2 -- -j4 -l4
[5.222s] [35m[1mConsolidate compiler generated dependencies of target sllidar_client[0m
[5.625s] [35m[1mConsolidate compiler generated dependencies of target sllidar_node[0m
[6.384s] [  5%] [32m[1mLinking CXX executable sllidar_client[0m
[6.425s] [ 10%] [32m[1mLinking CXX executable sllidar_node[0m
[9.186s] [ 95%] Built target sllidar_node
[9.264s] [100%] Built target sllidar_client
[9.278s] Invoked command in '/home/nathan/ros2_ws/build/sllidar_ros2' returned '0': CMAKE_PREFIX_PATH=${CMAKE_PREFIX_PATH}:/home/nathan/ros2_ws/install/rdj2025_potato_disease_detection:/home/nathan/ros2_ws/install/joy_tester:/opt/ros/humble /usr/bin/cmake --build /home/nathan/ros2_ws/build/sllidar_ros2 -- -j4 -l4
[9.284s] Invoking command in '/home/nathan/ros2_ws/build/sllidar_ros2': CMAKE_PREFIX_PATH=${CMAKE_PREFIX_PATH}:/home/nathan/ros2_ws/install/rdj2025_potato_disease_detection:/home/nathan/ros2_ws/install/joy_tester:/opt/ros/humble /usr/bin/cmake --install /home/nathan/ros2_ws/build/sllidar_ros2
[9.296s] -- Install configuration: ""
[9.297s] -- Execute custom install script
[9.297s] -- Symlinking: /home/nathan/ros2_ws/install/sllidar_ros2/share/sllidar_ros2/launch/sllidar_a1_launch.py
[9.315s] -- Symlinking: /home/nathan/ros2_ws/install/sllidar_ros2/share/sllidar_ros2/rviz/sllidar_ros2.rviz
[9.328s] -- Symlinking: /home/nathan/ros2_ws/install/sllidar_ros2/lib/sllidar_ros2/sllidar_node
[9.341s] -- Symlinking: /home/nathan/ros2_ws/install/sllidar_ros2/lib/sllidar_ros2/sllidar_client
[9.352s] -- Symlinking: /home/nathan/ros2_ws/install/sllidar_ros2/share/ament_index/resource_index/package_run_dependencies/sllidar_ros2
[9.364s] -- Symlinking: /home/nathan/ros2_ws/install/sllidar_ros2/share/ament_index/resource_index/parent_prefix_path/sllidar_ros2
[9.377s] -- Symlinking: /home/nathan/ros2_ws/install/sllidar_ros2/share/sllidar_ros2/environment/ament_prefix_path.sh
[9.391s] -- Symlinking: /home/nathan/ros2_ws/install/sllidar_ros2/share/sllidar_ros2/environment/ament_prefix_path.dsv
[9.406s] -- Symlinking: /home/nathan/ros2_ws/install/sllidar_ros2/share/sllidar_ros2/environment/path.sh
[9.422s] -- Symlinking: /home/nathan/ros2_ws/install/sllidar_ros2/share/sllidar_ros2/environment/path.dsv
[9.435s] -- Symlinking: /home/nathan/ros2_ws/install/sllidar_ros2/share/sllidar_ros2/local_setup.bash
[9.447s] -- Symlinking: /home/nathan/ros2_ws/install/sllidar_ros2/share/sllidar_ros2/local_setup.sh
[9.458s] -- Symlinking: /home/nathan/ros2_ws/install/sllidar_ros2/share/sllidar_ros2/local_setup.zsh
[9.470s] -- Symlinking: /home/nathan/ros2_ws/install/sllidar_ros2/share/sllidar_ros2/local_setup.dsv
[9.482s] -- Symlinking: /home/nathan/ros2_ws/install/sllidar_ros2/share/sllidar_ros2/package.dsv
[9.497s] -- Symlinking: /home/nathan/ros2_ws/install/sllidar_ros2/share/ament_index/resource_index/packages/sllidar_ros2
[9.512s] -- Symlinking: /home/nathan/ros2_ws/install/sllidar_ros2/share/sllidar_ros2/cmake/ament_cmake_export_dependencies-extras.cmake
[9.524s] -- Symlinking: /home/nathan/ros2_ws/install/sllidar_ros2/share/sllidar_ros2/cmake/ament_cmake_export_include_directories-extras.cmake
[9.537s] -- Symlinking: /home/nathan/ros2_ws/install/sllidar_ros2/share/sllidar_ros2/cmake/sllidar_ros2Config.cmake
[9.547s] -- Symlinking: /home/nathan/ros2_ws/install/sllidar_ros2/share/sllidar_ros2/cmake/sllidar_ros2Config-version.cmake
[9.557s] -- Symlinking: /home/nathan/ros2_ws/install/sllidar_ros2/share/sllidar_ros2/package.xml
[9.572s] Invoked command in '/home/nathan/ros2_ws/build/sllidar_ros2' returned '0': CMAKE_PREFIX_PATH=${CMAKE_PREFIX_PATH}:/home/nathan/ros2_ws/install/rdj2025_potato_disease_detection:/home/nathan/ros2_ws/install/joy_tester:/opt/ros/humble /usr/bin/cmake --install /home/nathan/ros2_ws/build/sllidar_ros2
