[0.424s] DEBUG:colcon:Command line arguments: ['/usr/bin/colcon', 'build', '--symlink-install']
[0.425s] DEBUG:colcon:Parsed command line arguments: Namespace(log_base=None, log_level=None, verb_name='build', build_base='build', install_base='install', merge_install=False, symlink_install=True, test_result_base=None, continue_on_error=False, executor='parallel', parallel_workers=4, event_handlers=None, ignore_user_meta=False, metas=['./colcon.meta'], base_paths=['.'], packages_ignore=None, packages_ignore_regex=None, paths=None, packages_up_to=None, packages_up_to_regex=None, packages_above=None, packages_above_and_dependencies=None, packages_above_depth=None, packages_select_by_dep=None, packages_skip_by_dep=None, packages_skip_up_to=None, packages_select_build_failed=False, packages_skip_build_finished=False, packages_select_test_failures=False, packages_skip_test_passed=False, packages_select=None, packages_skip=None, packages_select_regex=None, packages_skip_regex=None, packages_start=None, packages_end=None, allow_overriding=[], cmake_args=None, cmake_target=None, cmake_target_skip_unavailable=False, cmake_clean_cache=False, cmake_clean_first=False, cmake_force_configure=False, ament_cmake_args=None, catkin_cmake_args=None, catkin_skip_building_tests=False, verb_parser=<colcon_defaults.argument_parser.defaults.DefaultArgumentsDecorator object at 0xffffa8fe0310>, verb_extension=<colcon_core.verb.build.BuildVerb object at 0xffffa91856f0>, main=<bound method BuildVerb.main of <colcon_core.verb.build.BuildVerb object at 0xffffa91856f0>>)
[1.241s] Level 1:colcon.colcon_core.package_discovery:discover_packages(colcon_meta) check parameters
[1.242s] Level 1:colcon.colcon_core.package_discovery:discover_packages(recursive) check parameters
[1.242s] Level 1:colcon.colcon_core.package_discovery:discover_packages(ignore) check parameters
[1.242s] Level 1:colcon.colcon_core.package_discovery:discover_packages(path) check parameters
[1.242s] Level 1:colcon.colcon_core.package_discovery:discover_packages(colcon_meta) discover
[1.242s] Level 1:colcon.colcon_core.package_discovery:discover_packages(recursive) discover
[1.243s] INFO:colcon.colcon_core.package_discovery:Crawling recursively for packages in '/home/limitbreakers/breakers_ws'
[1.243s] Level 1:colcon.colcon_core.package_identification:_identify(.) by extensions ['ignore', 'ignore_ament_install']
[1.243s] Level 1:colcon.colcon_core.package_identification:_identify(.) by extension 'ignore'
[1.244s] Level 1:colcon.colcon_core.package_identification:_identify(.) by extension 'ignore_ament_install'
[1.244s] Level 1:colcon.colcon_core.package_identification:_identify(.) by extensions ['colcon_pkg']
[1.244s] Level 1:colcon.colcon_core.package_identification:_identify(.) by extension 'colcon_pkg'
[1.244s] Level 1:colcon.colcon_core.package_identification:_identify(.) by extensions ['colcon_meta']
[1.244s] Level 1:colcon.colcon_core.package_identification:_identify(.) by extension 'colcon_meta'
[1.244s] Level 1:colcon.colcon_core.package_identification:_identify(.) by extensions ['ros']
[1.245s] Level 1:colcon.colcon_core.package_identification:_identify(.) by extension 'ros'
[1.290s] Level 1:colcon.colcon_core.package_identification:_identify(.) by extensions ['cmake', 'python']
[1.291s] Level 1:colcon.colcon_core.package_identification:_identify(.) by extension 'cmake'
[1.291s] Level 1:colcon.colcon_core.package_identification:_identify(.) by extension 'python'
[1.291s] Level 1:colcon.colcon_core.package_identification:_identify(.) by extensions ['python_setup_py']
[1.291s] Level 1:colcon.colcon_core.package_identification:_identify(.) by extension 'python_setup_py'
[1.292s] Level 1:colcon.colcon_core.package_identification:_identify(build) by extensions ['ignore', 'ignore_ament_install']
[1.292s] Level 1:colcon.colcon_core.package_identification:_identify(build) by extension 'ignore'
[1.293s] Level 1:colcon.colcon_core.package_identification:_identify(build) ignored
[1.293s] Level 1:colcon.colcon_core.package_identification:_identify(install) by extensions ['ignore', 'ignore_ament_install']
[1.294s] Level 1:colcon.colcon_core.package_identification:_identify(install) by extension 'ignore'
[1.294s] Level 1:colcon.colcon_core.package_identification:_identify(install) ignored
[1.294s] Level 1:colcon.colcon_core.package_identification:_identify(log) by extensions ['ignore', 'ignore_ament_install']
[1.295s] Level 1:colcon.colcon_core.package_identification:_identify(log) by extension 'ignore'
[1.295s] Level 1:colcon.colcon_core.package_identification:_identify(log) ignored
[1.295s] Level 1:colcon.colcon_core.package_identification:_identify(src) by extensions ['ignore', 'ignore_ament_install']
[1.296s] Level 1:colcon.colcon_core.package_identification:_identify(src) by extension 'ignore'
[1.296s] Level 1:colcon.colcon_core.package_identification:_identify(src) by extension 'ignore_ament_install'
[1.296s] Level 1:colcon.colcon_core.package_identification:_identify(src) by extensions ['colcon_pkg']
[1.296s] Level 1:colcon.colcon_core.package_identification:_identify(src) by extension 'colcon_pkg'
[1.296s] Level 1:colcon.colcon_core.package_identification:_identify(src) by extensions ['colcon_meta']
[1.297s] Level 1:colcon.colcon_core.package_identification:_identify(src) by extension 'colcon_meta'
[1.297s] Level 1:colcon.colcon_core.package_identification:_identify(src) by extensions ['ros']
[1.297s] Level 1:colcon.colcon_core.package_identification:_identify(src) by extension 'ros'
[1.297s] Level 1:colcon.colcon_core.package_identification:_identify(src) by extensions ['cmake', 'python']
[1.297s] Level 1:colcon.colcon_core.package_identification:_identify(src) by extension 'cmake'
[1.297s] Level 1:colcon.colcon_core.package_identification:_identify(src) by extension 'python'
[1.298s] Level 1:colcon.colcon_core.package_identification:_identify(src) by extensions ['python_setup_py']
[1.298s] Level 1:colcon.colcon_core.package_identification:_identify(src) by extension 'python_setup_py'
[1.298s] Level 1:colcon.colcon_core.package_identification:_identify(src/diffdrive_arduino) by extensions ['ignore', 'ignore_ament_install']
[1.299s] Level 1:colcon.colcon_core.package_identification:_identify(src/diffdrive_arduino) by extension 'ignore'
[1.299s] Level 1:colcon.colcon_core.package_identification:_identify(src/diffdrive_arduino) by extension 'ignore_ament_install'
[1.299s] Level 1:colcon.colcon_core.package_identification:_identify(src/diffdrive_arduino) by extensions ['colcon_pkg']
[1.299s] Level 1:colcon.colcon_core.package_identification:_identify(src/diffdrive_arduino) by extension 'colcon_pkg'
[1.300s] Level 1:colcon.colcon_core.package_identification:_identify(src/diffdrive_arduino) by extensions ['colcon_meta']
[1.300s] Level 1:colcon.colcon_core.package_identification:_identify(src/diffdrive_arduino) by extension 'colcon_meta'
[1.300s] Level 1:colcon.colcon_core.package_identification:_identify(src/diffdrive_arduino) by extensions ['ros']
[1.300s] Level 1:colcon.colcon_core.package_identification:_identify(src/diffdrive_arduino) by extension 'ros'
[1.310s] DEBUG:colcon.colcon_core.package_identification:Package 'src/diffdrive_arduino' with type 'ros.ament_cmake' and name 'diffdrive_arduino'
[1.311s] Level 1:colcon.colcon_core.package_identification:_identify(src/dojo) by extensions ['ignore', 'ignore_ament_install']
[1.311s] Level 1:colcon.colcon_core.package_identification:_identify(src/dojo) by extension 'ignore'
[1.311s] Level 1:colcon.colcon_core.package_identification:_identify(src/dojo) by extension 'ignore_ament_install'
[1.312s] Level 1:colcon.colcon_core.package_identification:_identify(src/dojo) by extensions ['colcon_pkg']
[1.312s] Level 1:colcon.colcon_core.package_identification:_identify(src/dojo) by extension 'colcon_pkg'
[1.312s] Level 1:colcon.colcon_core.package_identification:_identify(src/dojo) by extensions ['colcon_meta']
[1.312s] Level 1:colcon.colcon_core.package_identification:_identify(src/dojo) by extension 'colcon_meta'
[1.312s] Level 1:colcon.colcon_core.package_identification:_identify(src/dojo) by extensions ['ros']
[1.312s] Level 1:colcon.colcon_core.package_identification:_identify(src/dojo) by extension 'ros'
[1.314s] DEBUG:colcon.colcon_core.package_identification:Package 'src/dojo' with type 'ros.ament_cmake' and name 'dojo'
[1.315s] Level 1:colcon.colcon_core.package_identification:_identify(src/serial) by extensions ['ignore', 'ignore_ament_install']
[1.315s] Level 1:colcon.colcon_core.package_identification:_identify(src/serial) by extension 'ignore'
[1.316s] Level 1:colcon.colcon_core.package_identification:_identify(src/serial) by extension 'ignore_ament_install'
[1.316s] Level 1:colcon.colcon_core.package_identification:_identify(src/serial) by extensions ['colcon_pkg']
[1.316s] Level 1:colcon.colcon_core.package_identification:_identify(src/serial) by extension 'colcon_pkg'
[1.316s] Level 1:colcon.colcon_core.package_identification:_identify(src/serial) by extensions ['colcon_meta']
[1.316s] Level 1:colcon.colcon_core.package_identification:_identify(src/serial) by extension 'colcon_meta'
[1.317s] Level 1:colcon.colcon_core.package_identification:_identify(src/serial) by extensions ['ros']
[1.317s] Level 1:colcon.colcon_core.package_identification:_identify(src/serial) by extension 'ros'
[1.320s] DEBUG:colcon.colcon_core.package_identification:Package 'src/serial' with type 'ros.ament_cmake' and name 'serial'
[1.320s] Level 1:colcon.colcon_core.package_identification:_identify(src/sllidar_ros2) by extensions ['ignore', 'ignore_ament_install']
[1.321s] Level 1:colcon.colcon_core.package_identification:_identify(src/sllidar_ros2) by extension 'ignore'
[1.321s] Level 1:colcon.colcon_core.package_identification:_identify(src/sllidar_ros2) by extension 'ignore_ament_install'
[1.321s] Level 1:colcon.colcon_core.package_identification:_identify(src/sllidar_ros2) by extensions ['colcon_pkg']
[1.321s] Level 1:colcon.colcon_core.package_identification:_identify(src/sllidar_ros2) by extension 'colcon_pkg'
[1.322s] Level 1:colcon.colcon_core.package_identification:_identify(src/sllidar_ros2) by extensions ['colcon_meta']
[1.322s] Level 1:colcon.colcon_core.package_identification:_identify(src/sllidar_ros2) by extension 'colcon_meta'
[1.322s] Level 1:colcon.colcon_core.package_identification:_identify(src/sllidar_ros2) by extensions ['ros']
[1.322s] Level 1:colcon.colcon_core.package_identification:_identify(src/sllidar_ros2) by extension 'ros'
[1.325s] DEBUG:colcon.colcon_core.package_identification:Package 'src/sllidar_ros2' with type 'ros.ament_cmake' and name 'sllidar_ros2'
[1.325s] Level 1:colcon.colcon_core.package_discovery:discover_packages(recursive) using defaults
[1.325s] Level 1:colcon.colcon_core.package_discovery:discover_packages(ignore) discover
[1.325s] Level 1:colcon.colcon_core.package_discovery:discover_packages(ignore) using defaults
[1.326s] Level 1:colcon.colcon_core.package_discovery:discover_packages(path) discover
[1.326s] Level 1:colcon.colcon_core.package_discovery:discover_packages(path) using defaults
[1.404s] Level 1:colcon.colcon_core.package_discovery:discover_packages(prefix_path) check parameters
[1.405s] Level 1:colcon.colcon_core.package_discovery:discover_packages(prefix_path) discover
[1.409s] WARNING:colcon.colcon_ros.prefix_path.ament:The path '/home/limitbreakers/breakers_ws/install/joy_tester' in the environment variable AMENT_PREFIX_PATH doesn't exist
[1.410s] WARNING:colcon.colcon_ros.prefix_path.ament:The path '/home/limitbreakers/breakers_ws/install/articubot_one' in the environment variable AMENT_PREFIX_PATH doesn't exist
[1.412s] WARNING:colcon.colcon_ros.prefix_path.catkin:The path '/home/limitbreakers/breakers_ws/install/articubot_one' in the environment variable CMAKE_PREFIX_PATH doesn't exist
[1.416s] DEBUG:colcon.colcon_installed_package_information.package_discovery:Found 4 installed packages in /home/limitbreakers/breakers_ws/install
[1.419s] DEBUG:colcon.colcon_installed_package_information.package_discovery:Found 4 installed packages in /home/limitbreakers/ros2_ws/install
[1.431s] DEBUG:colcon.colcon_installed_package_information.package_discovery:Found 344 installed packages in /opt/ros/humble
[1.475s] Level 1:colcon.colcon_core.package_discovery:discover_packages(prefix_path) using defaults
[1.667s] Level 5:colcon.colcon_core.verb:set package 'dojo' build argument 'cmake_args' from command line to 'None'
[1.667s] Level 5:colcon.colcon_core.verb:set package 'dojo' build argument 'cmake_target' from command line to 'None'
[1.668s] Level 5:colcon.colcon_core.verb:set package 'dojo' build argument 'cmake_target_skip_unavailable' from command line to 'False'
[1.668s] Level 5:colcon.colcon_core.verb:set package 'dojo' build argument 'cmake_clean_cache' from command line to 'False'
[1.668s] Level 5:colcon.colcon_core.verb:set package 'dojo' build argument 'cmake_clean_first' from command line to 'False'
[1.668s] Level 5:colcon.colcon_core.verb:set package 'dojo' build argument 'cmake_force_configure' from command line to 'False'
[1.668s] Level 5:colcon.colcon_core.verb:set package 'dojo' build argument 'ament_cmake_args' from command line to 'None'
[1.668s] Level 5:colcon.colcon_core.verb:set package 'dojo' build argument 'catkin_cmake_args' from command line to 'None'
[1.668s] Level 5:colcon.colcon_core.verb:set package 'dojo' build argument 'catkin_skip_building_tests' from command line to 'False'
[1.668s] DEBUG:colcon.colcon_core.verb:Building package 'dojo' with the following arguments: {'ament_cmake_args': None, 'build_base': '/home/limitbreakers/breakers_ws/build/dojo', 'catkin_cmake_args': None, 'catkin_skip_building_tests': False, 'cmake_args': None, 'cmake_clean_cache': False, 'cmake_clean_first': False, 'cmake_force_configure': False, 'cmake_target': None, 'cmake_target_skip_unavailable': False, 'install_base': '/home/limitbreakers/breakers_ws/install/dojo', 'merge_install': False, 'path': '/home/limitbreakers/breakers_ws/src/dojo', 'symlink_install': True, 'test_result_base': None}
[1.670s] Level 5:colcon.colcon_core.verb:set package 'serial' build argument 'cmake_args' from command line to 'None'
[1.670s] Level 5:colcon.colcon_core.verb:set package 'serial' build argument 'cmake_target' from command line to 'None'
[1.670s] Level 5:colcon.colcon_core.verb:set package 'serial' build argument 'cmake_target_skip_unavailable' from command line to 'False'
[1.670s] Level 5:colcon.colcon_core.verb:set package 'serial' build argument 'cmake_clean_cache' from command line to 'False'
[1.670s] Level 5:colcon.colcon_core.verb:set package 'serial' build argument 'cmake_clean_first' from command line to 'False'
[1.671s] Level 5:colcon.colcon_core.verb:set package 'serial' build argument 'cmake_force_configure' from command line to 'False'
[1.671s] Level 5:colcon.colcon_core.verb:set package 'serial' build argument 'ament_cmake_args' from command line to 'None'
[1.671s] Level 5:colcon.colcon_core.verb:set package 'serial' build argument 'catkin_cmake_args' from command line to 'None'
[1.671s] Level 5:colcon.colcon_core.verb:set package 'serial' build argument 'catkin_skip_building_tests' from command line to 'False'
[1.671s] DEBUG:colcon.colcon_core.verb:Building package 'serial' with the following arguments: {'ament_cmake_args': None, 'build_base': '/home/limitbreakers/breakers_ws/build/serial', 'catkin_cmake_args': None, 'catkin_skip_building_tests': False, 'cmake_args': None, 'cmake_clean_cache': False, 'cmake_clean_first': False, 'cmake_force_configure': False, 'cmake_target': None, 'cmake_target_skip_unavailable': False, 'install_base': '/home/limitbreakers/breakers_ws/install/serial', 'merge_install': False, 'path': '/home/limitbreakers/breakers_ws/src/serial', 'symlink_install': True, 'test_result_base': None}
[1.672s] Level 5:colcon.colcon_core.verb:set package 'sllidar_ros2' build argument 'cmake_args' from command line to 'None'
[1.673s] Level 5:colcon.colcon_core.verb:set package 'sllidar_ros2' build argument 'cmake_target' from command line to 'None'
[1.673s] Level 5:colcon.colcon_core.verb:set package 'sllidar_ros2' build argument 'cmake_target_skip_unavailable' from command line to 'False'
[1.673s] Level 5:colcon.colcon_core.verb:set package 'sllidar_ros2' build argument 'cmake_clean_cache' from command line to 'False'
[1.673s] Level 5:colcon.colcon_core.verb:set package 'sllidar_ros2' build argument 'cmake_clean_first' from command line to 'False'
[1.673s] Level 5:colcon.colcon_core.verb:set package 'sllidar_ros2' build argument 'cmake_force_configure' from command line to 'False'
[1.673s] Level 5:colcon.colcon_core.verb:set package 'sllidar_ros2' build argument 'ament_cmake_args' from command line to 'None'
[1.673s] Level 5:colcon.colcon_core.verb:set package 'sllidar_ros2' build argument 'catkin_cmake_args' from command line to 'None'
[1.673s] Level 5:colcon.colcon_core.verb:set package 'sllidar_ros2' build argument 'catkin_skip_building_tests' from command line to 'False'
[1.673s] DEBUG:colcon.colcon_core.verb:Building package 'sllidar_ros2' with the following arguments: {'ament_cmake_args': None, 'build_base': '/home/limitbreakers/breakers_ws/build/sllidar_ros2', 'catkin_cmake_args': None, 'catkin_skip_building_tests': False, 'cmake_args': None, 'cmake_clean_cache': False, 'cmake_clean_first': False, 'cmake_force_configure': False, 'cmake_target': None, 'cmake_target_skip_unavailable': False, 'install_base': '/home/limitbreakers/breakers_ws/install/sllidar_ros2', 'merge_install': False, 'path': '/home/limitbreakers/breakers_ws/src/sllidar_ros2', 'symlink_install': True, 'test_result_base': None}
[1.675s] Level 5:colcon.colcon_core.verb:set package 'diffdrive_arduino' build argument 'cmake_args' from command line to 'None'
[1.675s] Level 5:colcon.colcon_core.verb:set package 'diffdrive_arduino' build argument 'cmake_target' from command line to 'None'
[1.675s] Level 5:colcon.colcon_core.verb:set package 'diffdrive_arduino' build argument 'cmake_target_skip_unavailable' from command line to 'False'
[1.675s] Level 5:colcon.colcon_core.verb:set package 'diffdrive_arduino' build argument 'cmake_clean_cache' from command line to 'False'
[1.675s] Level 5:colcon.colcon_core.verb:set package 'diffdrive_arduino' build argument 'cmake_clean_first' from command line to 'False'
[1.675s] Level 5:colcon.colcon_core.verb:set package 'diffdrive_arduino' build argument 'cmake_force_configure' from command line to 'False'
[1.676s] Level 5:colcon.colcon_core.verb:set package 'diffdrive_arduino' build argument 'ament_cmake_args' from command line to 'None'
[1.676s] Level 5:colcon.colcon_core.verb:set package 'diffdrive_arduino' build argument 'catkin_cmake_args' from command line to 'None'
[1.676s] Level 5:colcon.colcon_core.verb:set package 'diffdrive_arduino' build argument 'catkin_skip_building_tests' from command line to 'False'
[1.676s] DEBUG:colcon.colcon_core.verb:Building package 'diffdrive_arduino' with the following arguments: {'ament_cmake_args': None, 'build_base': '/home/limitbreakers/breakers_ws/build/diffdrive_arduino', 'catkin_cmake_args': None, 'catkin_skip_building_tests': False, 'cmake_args': None, 'cmake_clean_cache': False, 'cmake_clean_first': False, 'cmake_force_configure': False, 'cmake_target': None, 'cmake_target_skip_unavailable': False, 'install_base': '/home/limitbreakers/breakers_ws/install/diffdrive_arduino', 'merge_install': False, 'path': '/home/limitbreakers/breakers_ws/src/diffdrive_arduino', 'symlink_install': True, 'test_result_base': None}
[1.676s] INFO:colcon.colcon_core.executor:Executing jobs using 'parallel' executor
[1.680s] DEBUG:colcon.colcon_parallel_executor.executor.parallel:run_until_complete
[1.681s] INFO:colcon.colcon_ros.task.ament_cmake.build:Building ROS package in '/home/limitbreakers/breakers_ws/src/serial' with build type 'ament_cmake'
[1.681s] INFO:colcon.colcon_cmake.task.cmake.build:Building CMake package in '/home/limitbreakers/breakers_ws/src/serial'
[1.691s] INFO:colcon.colcon_core.plugin_system:Skipping extension 'colcon_core.shell.bat': Not used on non-Windows systems
[1.692s] INFO:colcon.colcon_core.shell:Skip shell extension 'powershell' for command environment: Not usable outside of PowerShell
[1.692s] DEBUG:colcon.colcon_core.shell:Skip shell extension 'dsv' for command environment
[1.716s] INFO:colcon.colcon_ros.task.ament_cmake.build:Building ROS package in '/home/limitbreakers/breakers_ws/src/dojo' with build type 'ament_cmake'
[1.717s] INFO:colcon.colcon_cmake.task.cmake.build:Building CMake package in '/home/limitbreakers/breakers_ws/src/dojo'
[1.718s] INFO:colcon.colcon_core.shell:Skip shell extension 'powershell' for command environment: Not usable outside of PowerShell
[1.719s] DEBUG:colcon.colcon_core.shell:Skip shell extension 'dsv' for command environment
[1.745s] INFO:colcon.colcon_ros.task.ament_cmake.build:Building ROS package in '/home/limitbreakers/breakers_ws/src/sllidar_ros2' with build type 'ament_cmake'
[1.746s] INFO:colcon.colcon_cmake.task.cmake.build:Building CMake package in '/home/limitbreakers/breakers_ws/src/sllidar_ros2'
[1.747s] INFO:colcon.colcon_core.shell:Skip shell extension 'powershell' for command environment: Not usable outside of PowerShell
[1.748s] DEBUG:colcon.colcon_core.shell:Skip shell extension 'dsv' for command environment
[1.792s] DEBUG:colcon.colcon_core.event_handler.log_command:Invoking command in '/home/limitbreakers/breakers_ws/build/serial': CMAKE_PREFIX_PATH=${CMAKE_PREFIX_PATH}:/home/limitbreakers/breakers_ws/install/joy_tester:/opt/ros/humble /usr/bin/cmake --build /home/limitbreakers/breakers_ws/build/serial -- -j4 -l4
[1.825s] DEBUG:colcon.colcon_core.event_handler.log_command:Invoking command in '/home/limitbreakers/breakers_ws/build/dojo': CMAKE_PREFIX_PATH=${CMAKE_PREFIX_PATH}:/home/limitbreakers/breakers_ws/install/joy_tester:/opt/ros/humble /usr/bin/cmake --build /home/limitbreakers/breakers_ws/build/dojo -- -j4 -l4
[1.845s] DEBUG:colcon.colcon_core.event_handler.log_command:Invoking command in '/home/limitbreakers/breakers_ws/build/sllidar_ros2': CMAKE_PREFIX_PATH=${CMAKE_PREFIX_PATH}:/home/limitbreakers/breakers_ws/install/joy_tester:/opt/ros/humble /usr/bin/cmake --build /home/limitbreakers/breakers_ws/build/sllidar_ros2 -- -j4 -l4
[2.050s] DEBUG:colcon.colcon_core.event_handler.log_command:Invoked command in '/home/limitbreakers/breakers_ws/build/dojo' returned '0': CMAKE_PREFIX_PATH=${CMAKE_PREFIX_PATH}:/home/limitbreakers/breakers_ws/install/joy_tester:/opt/ros/humble /usr/bin/cmake --build /home/limitbreakers/breakers_ws/build/dojo -- -j4 -l4
[2.111s] DEBUG:colcon.colcon_core.event_handler.log_command:Invoking command in '/home/limitbreakers/breakers_ws/build/dojo': CMAKE_PREFIX_PATH=${CMAKE_PREFIX_PATH}:/home/limitbreakers/breakers_ws/install/joy_tester:/opt/ros/humble /usr/bin/cmake --install /home/limitbreakers/breakers_ws/build/dojo
[2.284s] Level 1:colcon.colcon_core.environment:create_environment_scripts_only(dojo)
[2.293s] DEBUG:colcon.colcon_core.event_handler.log_command:Invoked command in '/home/limitbreakers/breakers_ws/build/dojo' returned '0': CMAKE_PREFIX_PATH=${CMAKE_PREFIX_PATH}:/home/limitbreakers/breakers_ws/install/joy_tester:/opt/ros/humble /usr/bin/cmake --install /home/limitbreakers/breakers_ws/build/dojo
[2.313s] Level 1:colcon.colcon_core.environment:checking '/home/limitbreakers/breakers_ws/install/dojo' for CMake module files
[2.317s] Level 1:colcon.colcon_core.environment:checking '/home/limitbreakers/breakers_ws/install/dojo' for CMake config files
[2.320s] Level 1:colcon.colcon_core.shell:create_environment_hook('dojo', 'cmake_prefix_path')
[2.321s] INFO:colcon.colcon_core.shell:Creating environment hook '/home/limitbreakers/breakers_ws/install/dojo/share/dojo/hook/cmake_prefix_path.ps1'
[2.326s] INFO:colcon.colcon_core.shell:Creating environment descriptor '/home/limitbreakers/breakers_ws/install/dojo/share/dojo/hook/cmake_prefix_path.dsv'
[2.329s] INFO:colcon.colcon_core.shell:Creating environment hook '/home/limitbreakers/breakers_ws/install/dojo/share/dojo/hook/cmake_prefix_path.sh'
[2.336s] Level 1:colcon.colcon_core.environment:checking '/home/limitbreakers/breakers_ws/install/dojo/bin'
[2.337s] Level 1:colcon.colcon_core.environment:checking '/home/limitbreakers/breakers_ws/install/dojo/lib/pkgconfig/dojo.pc'
[2.338s] Level 1:colcon.colcon_core.environment:checking '/home/limitbreakers/breakers_ws/install/dojo/lib/python3.10/site-packages'
[2.340s] Level 1:colcon.colcon_core.environment:checking '/home/limitbreakers/breakers_ws/install/dojo/bin'
[2.342s] INFO:colcon.colcon_core.shell:Creating package script '/home/limitbreakers/breakers_ws/install/dojo/share/dojo/package.ps1'
[2.349s] INFO:colcon.colcon_core.shell:Creating package descriptor '/home/limitbreakers/breakers_ws/install/dojo/share/dojo/package.dsv'
[2.354s] INFO:colcon.colcon_core.shell:Creating package script '/home/limitbreakers/breakers_ws/install/dojo/share/dojo/package.sh'
[2.359s] INFO:colcon.colcon_core.shell:Creating package script '/home/limitbreakers/breakers_ws/install/dojo/share/dojo/package.bash'
[2.364s] INFO:colcon.colcon_core.shell:Creating package script '/home/limitbreakers/breakers_ws/install/dojo/share/dojo/package.zsh'
[2.368s] Level 1:colcon.colcon_core.environment:create_file_with_runtime_dependencies(/home/limitbreakers/breakers_ws/install/dojo/share/colcon-core/packages/dojo)
[2.371s] Level 1:colcon.colcon_core.environment:create_environment_scripts_only(dojo)
[2.372s] Level 1:colcon.colcon_core.environment:checking '/home/limitbreakers/breakers_ws/install/dojo' for CMake module files
[2.376s] Level 1:colcon.colcon_core.environment:checking '/home/limitbreakers/breakers_ws/install/dojo' for CMake config files
[2.379s] Level 1:colcon.colcon_core.shell:create_environment_hook('dojo', 'cmake_prefix_path')
[2.381s] INFO:colcon.colcon_core.shell:Creating environment hook '/home/limitbreakers/breakers_ws/install/dojo/share/dojo/hook/cmake_prefix_path.ps1'
[2.384s] INFO:colcon.colcon_core.shell:Creating environment descriptor '/home/limitbreakers/breakers_ws/install/dojo/share/dojo/hook/cmake_prefix_path.dsv'
[2.387s] INFO:colcon.colcon_core.shell:Creating environment hook '/home/limitbreakers/breakers_ws/install/dojo/share/dojo/hook/cmake_prefix_path.sh'
[2.391s] Level 1:colcon.colcon_core.environment:checking '/home/limitbreakers/breakers_ws/install/dojo/bin'
[2.392s] Level 1:colcon.colcon_core.environment:checking '/home/limitbreakers/breakers_ws/install/dojo/lib/pkgconfig/dojo.pc'
[2.393s] Level 1:colcon.colcon_core.environment:checking '/home/limitbreakers/breakers_ws/install/dojo/lib/python3.10/site-packages'
[2.394s] Level 1:colcon.colcon_core.environment:checking '/home/limitbreakers/breakers_ws/install/dojo/bin'
[2.395s] INFO:colcon.colcon_core.shell:Creating package script '/home/limitbreakers/breakers_ws/install/dojo/share/dojo/package.ps1'
[2.398s] INFO:colcon.colcon_core.shell:Creating package descriptor '/home/limitbreakers/breakers_ws/install/dojo/share/dojo/package.dsv'
[2.401s] INFO:colcon.colcon_core.shell:Creating package script '/home/limitbreakers/breakers_ws/install/dojo/share/dojo/package.sh'
[2.404s] INFO:colcon.colcon_core.shell:Creating package script '/home/limitbreakers/breakers_ws/install/dojo/share/dojo/package.bash'
[2.406s] INFO:colcon.colcon_core.shell:Creating package script '/home/limitbreakers/breakers_ws/install/dojo/share/dojo/package.zsh'
[2.408s] Level 1:colcon.colcon_core.environment:create_file_with_runtime_dependencies(/home/limitbreakers/breakers_ws/install/dojo/share/colcon-core/packages/dojo)
[2.414s] DEBUG:colcon.colcon_core.event_handler.log_command:Invoked command in '/home/limitbreakers/breakers_ws/build/sllidar_ros2' returned '0': CMAKE_PREFIX_PATH=${CMAKE_PREFIX_PATH}:/home/limitbreakers/breakers_ws/install/joy_tester:/opt/ros/humble /usr/bin/cmake --build /home/limitbreakers/breakers_ws/build/sllidar_ros2 -- -j4 -l4
[2.424s] DEBUG:colcon.colcon_core.event_handler.log_command:Invoking command in '/home/limitbreakers/breakers_ws/build/sllidar_ros2': CMAKE_PREFIX_PATH=${CMAKE_PREFIX_PATH}:/home/limitbreakers/breakers_ws/install/joy_tester:/opt/ros/humble /usr/bin/cmake --install /home/limitbreakers/breakers_ws/build/sllidar_ros2
[2.426s] DEBUG:colcon.colcon_core.event_handler.log_command:Invoked command in '/home/limitbreakers/breakers_ws/build/serial' returned '0': CMAKE_PREFIX_PATH=${CMAKE_PREFIX_PATH}:/home/limitbreakers/breakers_ws/install/joy_tester:/opt/ros/humble /usr/bin/cmake --build /home/limitbreakers/breakers_ws/build/serial -- -j4 -l4
[2.436s] DEBUG:colcon.colcon_core.event_handler.log_command:Invoking command in '/home/limitbreakers/breakers_ws/build/serial': CMAKE_PREFIX_PATH=${CMAKE_PREFIX_PATH}:/home/limitbreakers/breakers_ws/install/joy_tester:/opt/ros/humble /usr/bin/cmake --install /home/limitbreakers/breakers_ws/build/serial
[2.528s] Level 1:colcon.colcon_core.environment:create_environment_scripts_only(sllidar_ros2)
[2.529s] Level 1:colcon.colcon_core.environment:checking '/home/limitbreakers/breakers_ws/install/sllidar_ros2' for CMake module files
[2.531s] DEBUG:colcon.colcon_core.event_handler.log_command:Invoked command in '/home/limitbreakers/breakers_ws/build/sllidar_ros2' returned '0': CMAKE_PREFIX_PATH=${CMAKE_PREFIX_PATH}:/home/limitbreakers/breakers_ws/install/joy_tester:/opt/ros/humble /usr/bin/cmake --install /home/limitbreakers/breakers_ws/build/sllidar_ros2
[2.534s] Level 1:colcon.colcon_core.environment:checking '/home/limitbreakers/breakers_ws/install/sllidar_ros2' for CMake config files
[2.537s] Level 1:colcon.colcon_core.shell:create_environment_hook('sllidar_ros2', 'cmake_prefix_path')
[2.538s] INFO:colcon.colcon_core.shell:Creating environment hook '/home/limitbreakers/breakers_ws/install/sllidar_ros2/share/sllidar_ros2/hook/cmake_prefix_path.ps1'
[2.543s] INFO:colcon.colcon_core.shell:Creating environment descriptor '/home/limitbreakers/breakers_ws/install/sllidar_ros2/share/sllidar_ros2/hook/cmake_prefix_path.dsv'
[2.547s] INFO:colcon.colcon_core.shell:Creating environment hook '/home/limitbreakers/breakers_ws/install/sllidar_ros2/share/sllidar_ros2/hook/cmake_prefix_path.sh'
[2.551s] Level 1:colcon.colcon_core.environment:checking '/home/limitbreakers/breakers_ws/install/sllidar_ros2/lib'
[2.552s] Level 1:colcon.colcon_core.environment:checking '/home/limitbreakers/breakers_ws/install/sllidar_ros2/bin'
[2.552s] Level 1:colcon.colcon_core.environment:checking '/home/limitbreakers/breakers_ws/install/sllidar_ros2/lib/pkgconfig/sllidar_ros2.pc'
[2.553s] Level 1:colcon.colcon_core.environment:checking '/home/limitbreakers/breakers_ws/install/sllidar_ros2/lib/python3.10/site-packages'
[2.554s] Level 1:colcon.colcon_core.environment:checking '/home/limitbreakers/breakers_ws/install/sllidar_ros2/bin'
[2.556s] INFO:colcon.colcon_core.shell:Creating package script '/home/limitbreakers/breakers_ws/install/sllidar_ros2/share/sllidar_ros2/package.ps1'
[2.558s] INFO:colcon.colcon_core.shell:Creating package descriptor '/home/limitbreakers/breakers_ws/install/sllidar_ros2/share/sllidar_ros2/package.dsv'
[2.560s] INFO:colcon.colcon_core.shell:Creating package script '/home/limitbreakers/breakers_ws/install/sllidar_ros2/share/sllidar_ros2/package.sh'
[2.562s] INFO:colcon.colcon_core.shell:Creating package script '/home/limitbreakers/breakers_ws/install/sllidar_ros2/share/sllidar_ros2/package.bash'
[2.564s] INFO:colcon.colcon_core.shell:Creating package script '/home/limitbreakers/breakers_ws/install/sllidar_ros2/share/sllidar_ros2/package.zsh'
[2.566s] Level 1:colcon.colcon_core.environment:create_file_with_runtime_dependencies(/home/limitbreakers/breakers_ws/install/sllidar_ros2/share/colcon-core/packages/sllidar_ros2)
[2.568s] Level 1:colcon.colcon_core.environment:create_environment_scripts_only(sllidar_ros2)
[2.569s] Level 1:colcon.colcon_core.environment:checking '/home/limitbreakers/breakers_ws/install/sllidar_ros2' for CMake module files
[2.572s] Level 1:colcon.colcon_core.environment:checking '/home/limitbreakers/breakers_ws/install/sllidar_ros2' for CMake config files
[2.574s] Level 1:colcon.colcon_core.shell:create_environment_hook('sllidar_ros2', 'cmake_prefix_path')
[2.575s] INFO:colcon.colcon_core.shell:Creating environment hook '/home/limitbreakers/breakers_ws/install/sllidar_ros2/share/sllidar_ros2/hook/cmake_prefix_path.ps1'
[2.577s] INFO:colcon.colcon_core.shell:Creating environment descriptor '/home/limitbreakers/breakers_ws/install/sllidar_ros2/share/sllidar_ros2/hook/cmake_prefix_path.dsv'
[2.579s] INFO:colcon.colcon_core.shell:Creating environment hook '/home/limitbreakers/breakers_ws/install/sllidar_ros2/share/sllidar_ros2/hook/cmake_prefix_path.sh'
[2.581s] Level 1:colcon.colcon_core.environment:checking '/home/limitbreakers/breakers_ws/install/sllidar_ros2/lib'
[2.582s] Level 1:colcon.colcon_core.environment:checking '/home/limitbreakers/breakers_ws/install/sllidar_ros2/bin'
[2.582s] Level 1:colcon.colcon_core.environment:checking '/home/limitbreakers/breakers_ws/install/sllidar_ros2/lib/pkgconfig/sllidar_ros2.pc'
[2.583s] Level 1:colcon.colcon_core.environment:checking '/home/limitbreakers/breakers_ws/install/sllidar_ros2/lib/python3.10/site-packages'
[2.584s] Level 1:colcon.colcon_core.environment:checking '/home/limitbreakers/breakers_ws/install/sllidar_ros2/bin'
[2.585s] INFO:colcon.colcon_core.shell:Creating package script '/home/limitbreakers/breakers_ws/install/sllidar_ros2/share/sllidar_ros2/package.ps1'
[2.588s] INFO:colcon.colcon_core.shell:Creating package descriptor '/home/limitbreakers/breakers_ws/install/sllidar_ros2/share/sllidar_ros2/package.dsv'
[2.590s] INFO:colcon.colcon_core.shell:Creating package script '/home/limitbreakers/breakers_ws/install/sllidar_ros2/share/sllidar_ros2/package.sh'
[2.593s] INFO:colcon.colcon_core.shell:Creating package script '/home/limitbreakers/breakers_ws/install/sllidar_ros2/share/sllidar_ros2/package.bash'
[2.595s] INFO:colcon.colcon_core.shell:Creating package script '/home/limitbreakers/breakers_ws/install/sllidar_ros2/share/sllidar_ros2/package.zsh'
[2.597s] Level 1:colcon.colcon_core.environment:create_file_with_runtime_dependencies(/home/limitbreakers/breakers_ws/install/sllidar_ros2/share/colcon-core/packages/sllidar_ros2)
[2.601s] Level 1:colcon.colcon_core.environment:create_environment_scripts_only(serial)
[2.602s] Level 1:colcon.colcon_core.environment:checking '/home/limitbreakers/breakers_ws/install/serial' for CMake module files
[2.605s] DEBUG:colcon.colcon_core.event_handler.log_command:Invoked command in '/home/limitbreakers/breakers_ws/build/serial' returned '0': CMAKE_PREFIX_PATH=${CMAKE_PREFIX_PATH}:/home/limitbreakers/breakers_ws/install/joy_tester:/opt/ros/humble /usr/bin/cmake --install /home/limitbreakers/breakers_ws/build/serial
[2.606s] Level 1:colcon.colcon_core.environment:checking '/home/limitbreakers/breakers_ws/install/serial' for CMake config files
[2.608s] Level 1:colcon.colcon_core.shell:create_environment_hook('serial', 'cmake_prefix_path')
[2.609s] INFO:colcon.colcon_core.shell:Creating environment hook '/home/limitbreakers/breakers_ws/install/serial/share/serial/hook/cmake_prefix_path.ps1'
[2.611s] INFO:colcon.colcon_core.shell:Creating environment descriptor '/home/limitbreakers/breakers_ws/install/serial/share/serial/hook/cmake_prefix_path.dsv'
[2.613s] INFO:colcon.colcon_core.shell:Creating environment hook '/home/limitbreakers/breakers_ws/install/serial/share/serial/hook/cmake_prefix_path.sh'
[2.616s] Level 1:colcon.colcon_core.environment:checking '/home/limitbreakers/breakers_ws/install/serial/lib'
[2.617s] Level 1:colcon.colcon_core.environment:checking '/home/limitbreakers/breakers_ws/install/serial/bin'
[2.617s] Level 1:colcon.colcon_core.environment:checking '/home/limitbreakers/breakers_ws/install/serial/lib/pkgconfig/serial.pc'
[2.618s] Level 1:colcon.colcon_core.environment:checking '/home/limitbreakers/breakers_ws/install/serial/lib/python3.10/site-packages'
[2.619s] Level 1:colcon.colcon_core.environment:checking '/home/limitbreakers/breakers_ws/install/serial/bin'
[2.620s] INFO:colcon.colcon_core.shell:Creating package script '/home/limitbreakers/breakers_ws/install/serial/share/serial/package.ps1'
[2.623s] INFO:colcon.colcon_core.shell:Creating package descriptor '/home/limitbreakers/breakers_ws/install/serial/share/serial/package.dsv'
[2.625s] INFO:colcon.colcon_core.shell:Creating package script '/home/limitbreakers/breakers_ws/install/serial/share/serial/package.sh'
[2.627s] INFO:colcon.colcon_core.shell:Creating package script '/home/limitbreakers/breakers_ws/install/serial/share/serial/package.bash'
[2.629s] INFO:colcon.colcon_core.shell:Creating package script '/home/limitbreakers/breakers_ws/install/serial/share/serial/package.zsh'
[2.631s] Level 1:colcon.colcon_core.environment:create_file_with_runtime_dependencies(/home/limitbreakers/breakers_ws/install/serial/share/colcon-core/packages/serial)
[2.634s] Level 1:colcon.colcon_core.environment:create_environment_scripts_only(serial)
[2.635s] Level 1:colcon.colcon_core.environment:checking '/home/limitbreakers/breakers_ws/install/serial' for CMake module files
[2.637s] Level 1:colcon.colcon_core.environment:checking '/home/limitbreakers/breakers_ws/install/serial' for CMake config files
[2.639s] Level 1:colcon.colcon_core.shell:create_environment_hook('serial', 'cmake_prefix_path')
[2.640s] INFO:colcon.colcon_core.shell:Creating environment hook '/home/limitbreakers/breakers_ws/install/serial/share/serial/hook/cmake_prefix_path.ps1'
[2.643s] INFO:colcon.colcon_core.shell:Creating environment descriptor '/home/limitbreakers/breakers_ws/install/serial/share/serial/hook/cmake_prefix_path.dsv'
[2.645s] INFO:colcon.colcon_core.shell:Creating environment hook '/home/limitbreakers/breakers_ws/install/serial/share/serial/hook/cmake_prefix_path.sh'
[2.648s] Level 1:colcon.colcon_core.environment:checking '/home/limitbreakers/breakers_ws/install/serial/lib'
[2.648s] Level 1:colcon.colcon_core.environment:checking '/home/limitbreakers/breakers_ws/install/serial/bin'
[2.648s] Level 1:colcon.colcon_core.environment:checking '/home/limitbreakers/breakers_ws/install/serial/lib/pkgconfig/serial.pc'
[2.649s] Level 1:colcon.colcon_core.environment:checking '/home/limitbreakers/breakers_ws/install/serial/lib/python3.10/site-packages'
[2.650s] Level 1:colcon.colcon_core.environment:checking '/home/limitbreakers/breakers_ws/install/serial/bin'
[2.651s] INFO:colcon.colcon_core.shell:Creating package script '/home/limitbreakers/breakers_ws/install/serial/share/serial/package.ps1'
[2.654s] INFO:colcon.colcon_core.shell:Creating package descriptor '/home/limitbreakers/breakers_ws/install/serial/share/serial/package.dsv'
[2.656s] INFO:colcon.colcon_core.shell:Creating package script '/home/limitbreakers/breakers_ws/install/serial/share/serial/package.sh'
[2.658s] INFO:colcon.colcon_core.shell:Creating package script '/home/limitbreakers/breakers_ws/install/serial/share/serial/package.bash'
[2.660s] INFO:colcon.colcon_core.shell:Creating package script '/home/limitbreakers/breakers_ws/install/serial/share/serial/package.zsh'
[2.662s] Level 1:colcon.colcon_core.environment:create_file_with_runtime_dependencies(/home/limitbreakers/breakers_ws/install/serial/share/colcon-core/packages/serial)
[2.664s] INFO:colcon.colcon_ros.task.ament_cmake.build:Building ROS package in '/home/limitbreakers/breakers_ws/src/diffdrive_arduino' with build type 'ament_cmake'
[2.664s] INFO:colcon.colcon_cmake.task.cmake.build:Building CMake package in '/home/limitbreakers/breakers_ws/src/diffdrive_arduino'
[2.665s] INFO:colcon.colcon_core.shell:Skip shell extension 'powershell' for command environment: Not usable outside of PowerShell
[2.665s] DEBUG:colcon.colcon_core.shell:Skip shell extension 'dsv' for command environment
[2.734s] DEBUG:colcon.colcon_core.event_handler.log_command:Invoking command in '/home/limitbreakers/breakers_ws/build/diffdrive_arduino': AMENT_PREFIX_PATH=/home/limitbreakers/breakers_ws/install/serial:${AMENT_PREFIX_PATH} CMAKE_PREFIX_PATH=/home/limitbreakers/breakers_ws/install/serial:/home/limitbreakers/breakers_ws/install/sllidar_ros2:/home/limitbreakers/breakers_ws/install/dojo:/home/limitbreakers/breakers_ws/install/diffdrive_arduino:/home/limitbreakers/breakers_ws/install/articubot_one:/home/limitbreakers/ros2_ws/install/serial:/home/limitbreakers/ros2_ws/install/rplidar_ros:/home/limitbreakers/ros2_ws/install/diffdrive_arduino:/home/limitbreakers/ros2_ws/install/articubot_one:/home/limitbreakers/breakers_ws/install/joy_tester:/opt/ros/humble LD_LIBRARY_PATH=/home/limitbreakers/breakers_ws/install/serial/lib:${LD_LIBRARY_PATH} /usr/bin/cmake --build /home/limitbreakers/breakers_ws/build/diffdrive_arduino -- -j4 -l4
[3.116s] DEBUG:colcon.colcon_core.event_handler.log_command:Invoked command in '/home/limitbreakers/breakers_ws/build/diffdrive_arduino' returned '0': AMENT_PREFIX_PATH=/home/limitbreakers/breakers_ws/install/serial:${AMENT_PREFIX_PATH} CMAKE_PREFIX_PATH=/home/limitbreakers/breakers_ws/install/serial:/home/limitbreakers/breakers_ws/install/sllidar_ros2:/home/limitbreakers/breakers_ws/install/dojo:/home/limitbreakers/breakers_ws/install/diffdrive_arduino:/home/limitbreakers/breakers_ws/install/articubot_one:/home/limitbreakers/ros2_ws/install/serial:/home/limitbreakers/ros2_ws/install/rplidar_ros:/home/limitbreakers/ros2_ws/install/diffdrive_arduino:/home/limitbreakers/ros2_ws/install/articubot_one:/home/limitbreakers/breakers_ws/install/joy_tester:/opt/ros/humble LD_LIBRARY_PATH=/home/limitbreakers/breakers_ws/install/serial/lib:${LD_LIBRARY_PATH} /usr/bin/cmake --build /home/limitbreakers/breakers_ws/build/diffdrive_arduino -- -j4 -l4
[3.117s] DEBUG:colcon.colcon_core.event_handler.log_command:Invoking command in '/home/limitbreakers/breakers_ws/build/diffdrive_arduino': AMENT_PREFIX_PATH=/home/limitbreakers/breakers_ws/install/serial:${AMENT_PREFIX_PATH} CMAKE_PREFIX_PATH=/home/limitbreakers/breakers_ws/install/serial:/home/limitbreakers/breakers_ws/install/sllidar_ros2:/home/limitbreakers/breakers_ws/install/dojo:/home/limitbreakers/breakers_ws/install/diffdrive_arduino:/home/limitbreakers/breakers_ws/install/articubot_one:/home/limitbreakers/ros2_ws/install/serial:/home/limitbreakers/ros2_ws/install/rplidar_ros:/home/limitbreakers/ros2_ws/install/diffdrive_arduino:/home/limitbreakers/ros2_ws/install/articubot_one:/home/limitbreakers/breakers_ws/install/joy_tester:/opt/ros/humble LD_LIBRARY_PATH=/home/limitbreakers/breakers_ws/install/serial/lib:${LD_LIBRARY_PATH} /usr/bin/cmake --install /home/limitbreakers/breakers_ws/build/diffdrive_arduino
[3.212s] Level 1:colcon.colcon_core.environment:create_environment_scripts_only(diffdrive_arduino)
[3.213s] Level 1:colcon.colcon_core.environment:checking '/home/limitbreakers/breakers_ws/install/diffdrive_arduino' for CMake module files
[3.215s] DEBUG:colcon.colcon_core.event_handler.log_command:Invoked command in '/home/limitbreakers/breakers_ws/build/diffdrive_arduino' returned '0': AMENT_PREFIX_PATH=/home/limitbreakers/breakers_ws/install/serial:${AMENT_PREFIX_PATH} CMAKE_PREFIX_PATH=/home/limitbreakers/breakers_ws/install/serial:/home/limitbreakers/breakers_ws/install/sllidar_ros2:/home/limitbreakers/breakers_ws/install/dojo:/home/limitbreakers/breakers_ws/install/diffdrive_arduino:/home/limitbreakers/breakers_ws/install/articubot_one:/home/limitbreakers/ros2_ws/install/serial:/home/limitbreakers/ros2_ws/install/rplidar_ros:/home/limitbreakers/ros2_ws/install/diffdrive_arduino:/home/limitbreakers/ros2_ws/install/articubot_one:/home/limitbreakers/breakers_ws/install/joy_tester:/opt/ros/humble LD_LIBRARY_PATH=/home/limitbreakers/breakers_ws/install/serial/lib:${LD_LIBRARY_PATH} /usr/bin/cmake --install /home/limitbreakers/breakers_ws/build/diffdrive_arduino
[3.217s] Level 1:colcon.colcon_core.environment:checking '/home/limitbreakers/breakers_ws/install/diffdrive_arduino' for CMake config files
[3.219s] Level 1:colcon.colcon_core.shell:create_environment_hook('diffdrive_arduino', 'cmake_prefix_path')
[3.220s] INFO:colcon.colcon_core.shell:Creating environment hook '/home/limitbreakers/breakers_ws/install/diffdrive_arduino/share/diffdrive_arduino/hook/cmake_prefix_path.ps1'
[3.222s] INFO:colcon.colcon_core.shell:Creating environment descriptor '/home/limitbreakers/breakers_ws/install/diffdrive_arduino/share/diffdrive_arduino/hook/cmake_prefix_path.dsv'
[3.224s] INFO:colcon.colcon_core.shell:Creating environment hook '/home/limitbreakers/breakers_ws/install/diffdrive_arduino/share/diffdrive_arduino/hook/cmake_prefix_path.sh'
[3.227s] Level 1:colcon.colcon_core.environment:checking '/home/limitbreakers/breakers_ws/install/diffdrive_arduino/lib'
[3.227s] Level 1:colcon.colcon_core.shell:create_environment_hook('diffdrive_arduino', 'ld_library_path_lib')
[3.228s] INFO:colcon.colcon_core.shell:Creating environment hook '/home/limitbreakers/breakers_ws/install/diffdrive_arduino/share/diffdrive_arduino/hook/ld_library_path_lib.ps1'
[3.230s] INFO:colcon.colcon_core.shell:Creating environment descriptor '/home/limitbreakers/breakers_ws/install/diffdrive_arduino/share/diffdrive_arduino/hook/ld_library_path_lib.dsv'
[3.232s] INFO:colcon.colcon_core.shell:Creating environment hook '/home/limitbreakers/breakers_ws/install/diffdrive_arduino/share/diffdrive_arduino/hook/ld_library_path_lib.sh'
[3.234s] Level 1:colcon.colcon_core.environment:checking '/home/limitbreakers/breakers_ws/install/diffdrive_arduino/bin'
[3.235s] Level 1:colcon.colcon_core.environment:checking '/home/limitbreakers/breakers_ws/install/diffdrive_arduino/lib/pkgconfig/diffdrive_arduino.pc'
[3.235s] Level 1:colcon.colcon_core.environment:checking '/home/limitbreakers/breakers_ws/install/diffdrive_arduino/lib/python3.10/site-packages'
[3.236s] Level 1:colcon.colcon_core.environment:checking '/home/limitbreakers/breakers_ws/install/diffdrive_arduino/bin'
[3.238s] INFO:colcon.colcon_core.shell:Creating package script '/home/limitbreakers/breakers_ws/install/diffdrive_arduino/share/diffdrive_arduino/package.ps1'
[3.240s] INFO:colcon.colcon_core.shell:Creating package descriptor '/home/limitbreakers/breakers_ws/install/diffdrive_arduino/share/diffdrive_arduino/package.dsv'
[3.243s] INFO:colcon.colcon_core.shell:Creating package script '/home/limitbreakers/breakers_ws/install/diffdrive_arduino/share/diffdrive_arduino/package.sh'
[3.246s] INFO:colcon.colcon_core.shell:Creating package script '/home/limitbreakers/breakers_ws/install/diffdrive_arduino/share/diffdrive_arduino/package.bash'
[3.248s] INFO:colcon.colcon_core.shell:Creating package script '/home/limitbreakers/breakers_ws/install/diffdrive_arduino/share/diffdrive_arduino/package.zsh'
[3.250s] Level 1:colcon.colcon_core.environment:create_file_with_runtime_dependencies(/home/limitbreakers/breakers_ws/install/diffdrive_arduino/share/colcon-core/packages/diffdrive_arduino)
[3.252s] Level 1:colcon.colcon_core.environment:create_environment_scripts_only(diffdrive_arduino)
[3.254s] Level 1:colcon.colcon_core.environment:checking '/home/limitbreakers/breakers_ws/install/diffdrive_arduino' for CMake module files
[3.257s] Level 1:colcon.colcon_core.environment:checking '/home/limitbreakers/breakers_ws/install/diffdrive_arduino' for CMake config files
[3.259s] Level 1:colcon.colcon_core.shell:create_environment_hook('diffdrive_arduino', 'cmake_prefix_path')
[3.260s] INFO:colcon.colcon_core.shell:Creating environment hook '/home/limitbreakers/breakers_ws/install/diffdrive_arduino/share/diffdrive_arduino/hook/cmake_prefix_path.ps1'
[3.262s] INFO:colcon.colcon_core.shell:Creating environment descriptor '/home/limitbreakers/breakers_ws/install/diffdrive_arduino/share/diffdrive_arduino/hook/cmake_prefix_path.dsv'
[3.263s] INFO:colcon.colcon_core.shell:Creating environment hook '/home/limitbreakers/breakers_ws/install/diffdrive_arduino/share/diffdrive_arduino/hook/cmake_prefix_path.sh'
[3.266s] Level 1:colcon.colcon_core.environment:checking '/home/limitbreakers/breakers_ws/install/diffdrive_arduino/lib'
[3.267s] Level 1:colcon.colcon_core.shell:create_environment_hook('diffdrive_arduino', 'ld_library_path_lib')
[3.268s] INFO:colcon.colcon_core.shell:Creating environment hook '/home/limitbreakers/breakers_ws/install/diffdrive_arduino/share/diffdrive_arduino/hook/ld_library_path_lib.ps1'
[3.269s] INFO:colcon.colcon_core.shell:Creating environment descriptor '/home/limitbreakers/breakers_ws/install/diffdrive_arduino/share/diffdrive_arduino/hook/ld_library_path_lib.dsv'
[3.271s] INFO:colcon.colcon_core.shell:Creating environment hook '/home/limitbreakers/breakers_ws/install/diffdrive_arduino/share/diffdrive_arduino/hook/ld_library_path_lib.sh'
[3.273s] Level 1:colcon.colcon_core.environment:checking '/home/limitbreakers/breakers_ws/install/diffdrive_arduino/bin'
[3.274s] Level 1:colcon.colcon_core.environment:checking '/home/limitbreakers/breakers_ws/install/diffdrive_arduino/lib/pkgconfig/diffdrive_arduino.pc'
[3.275s] Level 1:colcon.colcon_core.environment:checking '/home/limitbreakers/breakers_ws/install/diffdrive_arduino/lib/python3.10/site-packages'
[3.275s] Level 1:colcon.colcon_core.environment:checking '/home/limitbreakers/breakers_ws/install/diffdrive_arduino/bin'
[3.277s] INFO:colcon.colcon_core.shell:Creating package script '/home/limitbreakers/breakers_ws/install/diffdrive_arduino/share/diffdrive_arduino/package.ps1'
[3.279s] INFO:colcon.colcon_core.shell:Creating package descriptor '/home/limitbreakers/breakers_ws/install/diffdrive_arduino/share/diffdrive_arduino/package.dsv'
[3.282s] INFO:colcon.colcon_core.shell:Creating package script '/home/limitbreakers/breakers_ws/install/diffdrive_arduino/share/diffdrive_arduino/package.sh'
[3.284s] INFO:colcon.colcon_core.shell:Creating package script '/home/limitbreakers/breakers_ws/install/diffdrive_arduino/share/diffdrive_arduino/package.bash'
[3.286s] INFO:colcon.colcon_core.shell:Creating package script '/home/limitbreakers/breakers_ws/install/diffdrive_arduino/share/diffdrive_arduino/package.zsh'
[3.288s] Level 1:colcon.colcon_core.environment:create_file_with_runtime_dependencies(/home/limitbreakers/breakers_ws/install/diffdrive_arduino/share/colcon-core/packages/diffdrive_arduino)
[3.290s] DEBUG:colcon.colcon_parallel_executor.executor.parallel:closing loop
[3.291s] DEBUG:colcon.colcon_parallel_executor.executor.parallel:loop closed
[3.292s] DEBUG:colcon.colcon_parallel_executor.executor.parallel:run_until_complete finished with '0'
[3.293s] DEBUG:colcon.colcon_core.event_reactor:joining thread
[3.314s] INFO:colcon.colcon_core.plugin_system:Skipping extension 'colcon_notification.desktop_notification.notify_send': Could not find 'notify-send'
[3.315s] INFO:colcon.colcon_core.plugin_system:Skipping extension 'colcon_notification.desktop_notification.terminal_notifier': Not used on non-Darwin systems
[3.315s] INFO:colcon.colcon_core.plugin_system:Skipping extension 'colcon_notification.desktop_notification.win32': Not used on non-Windows systems
[3.315s] INFO:colcon.colcon_notification.desktop_notification:Sending desktop notification using 'notify2'
[3.318s] DEBUG:colcon.colcon_notification.desktop_notification.notify2:Failed to initialize notify2: org.freedesktop.DBus.Error.ServiceUnknown: The name org.freedesktop.Notifications was not provided by any .service files
[3.319s] DEBUG:colcon.colcon_core.event_reactor:joined thread
[3.320s] INFO:colcon.colcon_core.shell:Creating prefix script '/home/limitbreakers/breakers_ws/install/local_setup.ps1'
[3.323s] INFO:colcon.colcon_core.shell:Creating prefix util module '/home/limitbreakers/breakers_ws/install/_local_setup_util_ps1.py'
[3.329s] INFO:colcon.colcon_core.shell:Creating prefix chain script '/home/limitbreakers/breakers_ws/install/setup.ps1'
[3.335s] INFO:colcon.colcon_core.shell:Creating prefix script '/home/limitbreakers/breakers_ws/install/local_setup.sh'
[3.338s] INFO:colcon.colcon_core.shell:Creating prefix util module '/home/limitbreakers/breakers_ws/install/_local_setup_util_sh.py'
[3.340s] INFO:colcon.colcon_core.shell:Creating prefix chain script '/home/limitbreakers/breakers_ws/install/setup.sh'
[3.347s] INFO:colcon.colcon_core.shell:Creating prefix script '/home/limitbreakers/breakers_ws/install/local_setup.bash'
[3.349s] INFO:colcon.colcon_core.shell:Creating prefix chain script '/home/limitbreakers/breakers_ws/install/setup.bash'
[3.356s] INFO:colcon.colcon_core.shell:Creating prefix script '/home/limitbreakers/breakers_ws/install/local_setup.zsh'
[3.359s] INFO:colcon.colcon_core.shell:Creating prefix chain script '/home/limitbreakers/breakers_ws/install/setup.zsh'
