[0.441s] DEBUG:colcon:Command line arguments: ['/usr/bin/colcon', 'build']
[0.441s] DEBUG:colcon:Parsed command line arguments: Namespace(log_base=None, log_level=None, verb_name='build', build_base='build', install_base='install', merge_install=False, symlink_install=False, test_result_base=None, continue_on_error=False, executor='parallel', parallel_workers=4, event_handlers=None, ignore_user_meta=False, metas=['./colcon.meta'], base_paths=['.'], packages_ignore=None, packages_ignore_regex=None, paths=None, packages_up_to=None, packages_up_to_regex=None, packages_above=None, packages_above_and_dependencies=None, packages_above_depth=None, packages_select_by_dep=None, packages_skip_by_dep=None, packages_skip_up_to=None, packages_select_build_failed=False, packages_skip_build_finished=False, packages_select_test_failures=False, packages_skip_test_passed=False, packages_select=None, packages_skip=None, packages_select_regex=None, packages_skip_regex=None, packages_start=None, packages_end=None, allow_overriding=[], cmake_args=None, cmake_target=None, cmake_target_skip_unavailable=False, cmake_clean_cache=False, cmake_clean_first=False, cmake_force_configure=False, ament_cmake_args=None, catkin_cmake_args=None, catkin_skip_building_tests=False, verb_parser=<colcon_defaults.argument_parser.defaults.DefaultArgumentsDecorator object at 0x71999c654a00>, verb_extension=<colcon_core.verb.build.BuildVerb object at 0x71999c654520>, main=<bound method BuildVerb.main of <colcon_core.verb.build.BuildVerb object at 0x71999c654520>>)
[5.530s] Level 1:colcon.colcon_core.package_discovery:discover_packages(colcon_meta) check parameters
[5.531s] Level 1:colcon.colcon_core.package_discovery:discover_packages(recursive) check parameters
[5.531s] Level 1:colcon.colcon_core.package_discovery:discover_packages(ignore) check parameters
[5.531s] Level 1:colcon.colcon_core.package_discovery:discover_packages(path) check parameters
[5.531s] Level 1:colcon.colcon_core.package_discovery:discover_packages(colcon_meta) discover
[5.532s] Level 1:colcon.colcon_core.package_discovery:discover_packages(recursive) discover
[5.532s] INFO:colcon.colcon_core.package_discovery:Crawling recursively for packages in '/home/nathan/ros2_ws'
[5.532s] Level 1:colcon.colcon_core.package_identification:_identify(.) by extensions ['ignore', 'ignore_ament_install']
[5.532s] Level 1:colcon.colcon_core.package_identification:_identify(.) by extension 'ignore'
[5.533s] Level 1:colcon.colcon_core.package_identification:_identify(.) by extension 'ignore_ament_install'
[5.533s] Level 1:colcon.colcon_core.package_identification:_identify(.) by extensions ['colcon_pkg']
[5.533s] Level 1:colcon.colcon_core.package_identification:_identify(.) by extension 'colcon_pkg'
[5.533s] Level 1:colcon.colcon_core.package_identification:_identify(.) by extensions ['colcon_meta']
[5.533s] Level 1:colcon.colcon_core.package_identification:_identify(.) by extension 'colcon_meta'
[5.534s] Level 1:colcon.colcon_core.package_identification:_identify(.) by extensions ['ros']
[5.534s] Level 1:colcon.colcon_core.package_identification:_identify(.) by extension 'ros'
[5.576s] Level 1:colcon.colcon_core.package_identification:_identify(.) by extensions ['cmake', 'python']
[5.576s] Level 1:colcon.colcon_core.package_identification:_identify(.) by extension 'cmake'
[5.576s] Level 1:colcon.colcon_core.package_identification:_identify(.) by extension 'python'
[5.576s] Level 1:colcon.colcon_core.package_identification:_identify(.) by extensions ['python_setup_py']
[5.576s] Level 1:colcon.colcon_core.package_identification:_identify(.) by extension 'python_setup_py'
[5.577s] Level 1:colcon.colcon_core.package_identification:_identify(build) by extensions ['ignore', 'ignore_ament_install']
[5.577s] Level 1:colcon.colcon_core.package_identification:_identify(build) by extension 'ignore'
[5.577s] Level 1:colcon.colcon_core.package_identification:_identify(build) ignored
[5.577s] Level 1:colcon.colcon_core.package_identification:_identify(install) by extensions ['ignore', 'ignore_ament_install']
[5.577s] Level 1:colcon.colcon_core.package_identification:_identify(install) by extension 'ignore'
[5.578s] Level 1:colcon.colcon_core.package_identification:_identify(install) ignored
[5.578s] Level 1:colcon.colcon_core.package_identification:_identify(log) by extensions ['ignore', 'ignore_ament_install']
[5.578s] Level 1:colcon.colcon_core.package_identification:_identify(log) by extension 'ignore'
[5.578s] Level 1:colcon.colcon_core.package_identification:_identify(log) ignored
[5.579s] Level 1:colcon.colcon_core.package_identification:_identify(src) by extensions ['ignore', 'ignore_ament_install']
[5.579s] Level 1:colcon.colcon_core.package_identification:_identify(src) by extension 'ignore'
[5.579s] Level 1:colcon.colcon_core.package_identification:_identify(src) by extension 'ignore_ament_install'
[5.579s] Level 1:colcon.colcon_core.package_identification:_identify(src) by extensions ['colcon_pkg']
[5.579s] Level 1:colcon.colcon_core.package_identification:_identify(src) by extension 'colcon_pkg'
[5.579s] Level 1:colcon.colcon_core.package_identification:_identify(src) by extensions ['colcon_meta']
[5.579s] Level 1:colcon.colcon_core.package_identification:_identify(src) by extension 'colcon_meta'
[5.579s] Level 1:colcon.colcon_core.package_identification:_identify(src) by extensions ['ros']
[5.580s] Level 1:colcon.colcon_core.package_identification:_identify(src) by extension 'ros'
[5.580s] Level 1:colcon.colcon_core.package_identification:_identify(src) by extensions ['cmake', 'python']
[5.580s] Level 1:colcon.colcon_core.package_identification:_identify(src) by extension 'cmake'
[5.580s] Level 1:colcon.colcon_core.package_identification:_identify(src) by extension 'python'
[5.580s] Level 1:colcon.colcon_core.package_identification:_identify(src) by extensions ['python_setup_py']
[5.580s] Level 1:colcon.colcon_core.package_identification:_identify(src) by extension 'python_setup_py'
[5.580s] Level 1:colcon.colcon_core.package_identification:_identify(src/articubot_one) by extensions ['ignore', 'ignore_ament_install']
[5.581s] Level 1:colcon.colcon_core.package_identification:_identify(src/articubot_one) by extension 'ignore'
[5.581s] Level 1:colcon.colcon_core.package_identification:_identify(src/articubot_one) by extension 'ignore_ament_install'
[5.581s] Level 1:colcon.colcon_core.package_identification:_identify(src/articubot_one) by extensions ['colcon_pkg']
[5.581s] Level 1:colcon.colcon_core.package_identification:_identify(src/articubot_one) by extension 'colcon_pkg'
[5.581s] Level 1:colcon.colcon_core.package_identification:_identify(src/articubot_one) by extensions ['colcon_meta']
[5.581s] Level 1:colcon.colcon_core.package_identification:_identify(src/articubot_one) by extension 'colcon_meta'
[5.581s] Level 1:colcon.colcon_core.package_identification:_identify(src/articubot_one) by extensions ['ros']
[5.581s] Level 1:colcon.colcon_core.package_identification:_identify(src/articubot_one) by extension 'ros'
[5.611s] DEBUG:colcon.colcon_core.package_identification:Package 'src/articubot_one' with type 'ros.ament_cmake' and name 'articubot_one'
[5.611s] Level 1:colcon.colcon_core.package_identification:_identify(src/diffdrive_arduino) by extensions ['ignore', 'ignore_ament_install']
[5.611s] Level 1:colcon.colcon_core.package_identification:_identify(src/diffdrive_arduino) by extension 'ignore'
[5.612s] Level 1:colcon.colcon_core.package_identification:_identify(src/diffdrive_arduino) by extension 'ignore_ament_install'
[5.612s] Level 1:colcon.colcon_core.package_identification:_identify(src/diffdrive_arduino) by extensions ['colcon_pkg']
[5.612s] Level 1:colcon.colcon_core.package_identification:_identify(src/diffdrive_arduino) by extension 'colcon_pkg'
[5.612s] Level 1:colcon.colcon_core.package_identification:_identify(src/diffdrive_arduino) by extensions ['colcon_meta']
[5.612s] Level 1:colcon.colcon_core.package_identification:_identify(src/diffdrive_arduino) by extension 'colcon_meta'
[5.612s] Level 1:colcon.colcon_core.package_identification:_identify(src/diffdrive_arduino) by extensions ['ros']
[5.612s] Level 1:colcon.colcon_core.package_identification:_identify(src/diffdrive_arduino) by extension 'ros'
[5.615s] DEBUG:colcon.colcon_core.package_identification:Package 'src/diffdrive_arduino' with type 'ros.ament_cmake' and name 'diffdrive_arduino'
[5.616s] Level 1:colcon.colcon_core.package_identification:_identify(src/dojo) by extensions ['ignore', 'ignore_ament_install']
[5.616s] Level 1:colcon.colcon_core.package_identification:_identify(src/dojo) by extension 'ignore'
[5.616s] Level 1:colcon.colcon_core.package_identification:_identify(src/dojo) by extension 'ignore_ament_install'
[5.616s] Level 1:colcon.colcon_core.package_identification:_identify(src/dojo) by extensions ['colcon_pkg']
[5.616s] Level 1:colcon.colcon_core.package_identification:_identify(src/dojo) by extension 'colcon_pkg'
[5.616s] Level 1:colcon.colcon_core.package_identification:_identify(src/dojo) by extensions ['colcon_meta']
[5.617s] Level 1:colcon.colcon_core.package_identification:_identify(src/dojo) by extension 'colcon_meta'
[5.617s] Level 1:colcon.colcon_core.package_identification:_identify(src/dojo) by extensions ['ros']
[5.617s] Level 1:colcon.colcon_core.package_identification:_identify(src/dojo) by extension 'ros'
[5.619s] DEBUG:colcon.colcon_core.package_identification:Package 'src/dojo' with type 'ros.ament_cmake' and name 'dojo'
[5.619s] Level 1:colcon.colcon_core.package_identification:_identify(src/joy_tester) by extensions ['ignore', 'ignore_ament_install']
[5.619s] Level 1:colcon.colcon_core.package_identification:_identify(src/joy_tester) by extension 'ignore'
[5.619s] Level 1:colcon.colcon_core.package_identification:_identify(src/joy_tester) by extension 'ignore_ament_install'
[5.620s] Level 1:colcon.colcon_core.package_identification:_identify(src/joy_tester) by extensions ['colcon_pkg']
[5.620s] Level 1:colcon.colcon_core.package_identification:_identify(src/joy_tester) by extension 'colcon_pkg'
[5.620s] Level 1:colcon.colcon_core.package_identification:_identify(src/joy_tester) by extensions ['colcon_meta']
[5.620s] Level 1:colcon.colcon_core.package_identification:_identify(src/joy_tester) by extension 'colcon_meta'
[5.620s] Level 1:colcon.colcon_core.package_identification:_identify(src/joy_tester) by extensions ['ros']
[5.620s] Level 1:colcon.colcon_core.package_identification:_identify(src/joy_tester) by extension 'ros'
[5.623s] DEBUG:colcon.colcon_core.package_identification:Package 'src/joy_tester' with type 'ros.ament_python' and name 'joy_tester'
[5.623s] Level 1:colcon.colcon_core.package_identification:_identify(src/rdj2025_potato_disease_detection) by extensions ['ignore', 'ignore_ament_install']
[5.624s] Level 1:colcon.colcon_core.package_identification:_identify(src/rdj2025_potato_disease_detection) by extension 'ignore'
[5.624s] Level 1:colcon.colcon_core.package_identification:_identify(src/rdj2025_potato_disease_detection) by extension 'ignore_ament_install'
[5.624s] Level 1:colcon.colcon_core.package_identification:_identify(src/rdj2025_potato_disease_detection) by extensions ['colcon_pkg']
[5.624s] Level 1:colcon.colcon_core.package_identification:_identify(src/rdj2025_potato_disease_detection) by extension 'colcon_pkg'
[5.624s] Level 1:colcon.colcon_core.package_identification:_identify(src/rdj2025_potato_disease_detection) by extensions ['colcon_meta']
[5.624s] Level 1:colcon.colcon_core.package_identification:_identify(src/rdj2025_potato_disease_detection) by extension 'colcon_meta'
[5.625s] Level 1:colcon.colcon_core.package_identification:_identify(src/rdj2025_potato_disease_detection) by extensions ['ros']
[5.625s] Level 1:colcon.colcon_core.package_identification:_identify(src/rdj2025_potato_disease_detection) by extension 'ros'
[5.655s] DEBUG:colcon.colcon_core.package_identification:Package 'src/rdj2025_potato_disease_detection' with type 'ros.ament_python' and name 'rdj2025_potato_disease_detection'
[5.656s] Level 1:colcon.colcon_core.package_identification:_identify(src/sllidar_ros2) by extensions ['ignore', 'ignore_ament_install']
[5.656s] Level 1:colcon.colcon_core.package_identification:_identify(src/sllidar_ros2) by extension 'ignore'
[5.656s] Level 1:colcon.colcon_core.package_identification:_identify(src/sllidar_ros2) by extension 'ignore_ament_install'
[5.656s] Level 1:colcon.colcon_core.package_identification:_identify(src/sllidar_ros2) by extensions ['colcon_pkg']
[5.656s] Level 1:colcon.colcon_core.package_identification:_identify(src/sllidar_ros2) by extension 'colcon_pkg'
[5.657s] Level 1:colcon.colcon_core.package_identification:_identify(src/sllidar_ros2) by extensions ['colcon_meta']
[5.657s] Level 1:colcon.colcon_core.package_identification:_identify(src/sllidar_ros2) by extension 'colcon_meta'
[5.657s] Level 1:colcon.colcon_core.package_identification:_identify(src/sllidar_ros2) by extensions ['ros']
[5.657s] Level 1:colcon.colcon_core.package_identification:_identify(src/sllidar_ros2) by extension 'ros'
[5.660s] DEBUG:colcon.colcon_core.package_identification:Package 'src/sllidar_ros2' with type 'ros.ament_cmake' and name 'sllidar_ros2'
[5.660s] Level 1:colcon.colcon_core.package_discovery:discover_packages(recursive) using defaults
[5.660s] Level 1:colcon.colcon_core.package_discovery:discover_packages(ignore) discover
[5.660s] Level 1:colcon.colcon_core.package_discovery:discover_packages(ignore) using defaults
[5.660s] Level 1:colcon.colcon_core.package_discovery:discover_packages(path) discover
[5.660s] Level 1:colcon.colcon_core.package_discovery:discover_packages(path) using defaults
[6.165s] Level 1:colcon.colcon_core.package_discovery:discover_packages(prefix_path) check parameters
[6.165s] Level 1:colcon.colcon_core.package_discovery:discover_packages(prefix_path) discover
[6.177s] DEBUG:colcon.colcon_installed_package_information.package_discovery:Found 6 installed packages in /home/nathan/ros2_ws/install
[6.184s] DEBUG:colcon.colcon_installed_package_information.package_discovery:Found 369 installed packages in /opt/ros/humble
[6.191s] Level 1:colcon.colcon_core.package_discovery:discover_packages(prefix_path) using defaults
[6.541s] Level 5:colcon.colcon_core.verb:set package 'articubot_one' build argument 'cmake_args' from command line to 'None'
[6.541s] Level 5:colcon.colcon_core.verb:set package 'articubot_one' build argument 'cmake_target' from command line to 'None'
[6.541s] Level 5:colcon.colcon_core.verb:set package 'articubot_one' build argument 'cmake_target_skip_unavailable' from command line to 'False'
[6.541s] Level 5:colcon.colcon_core.verb:set package 'articubot_one' build argument 'cmake_clean_cache' from command line to 'False'
[6.542s] Level 5:colcon.colcon_core.verb:set package 'articubot_one' build argument 'cmake_clean_first' from command line to 'False'
[6.542s] Level 5:colcon.colcon_core.verb:set package 'articubot_one' build argument 'cmake_force_configure' from command line to 'False'
[6.542s] Level 5:colcon.colcon_core.verb:set package 'articubot_one' build argument 'ament_cmake_args' from command line to 'None'
[6.542s] Level 5:colcon.colcon_core.verb:set package 'articubot_one' build argument 'catkin_cmake_args' from command line to 'None'
[6.542s] Level 5:colcon.colcon_core.verb:set package 'articubot_one' build argument 'catkin_skip_building_tests' from command line to 'False'
[6.542s] DEBUG:colcon.colcon_core.verb:Building package 'articubot_one' with the following arguments: {'ament_cmake_args': None, 'build_base': '/home/nathan/ros2_ws/build/articubot_one', 'catkin_cmake_args': None, 'catkin_skip_building_tests': False, 'cmake_args': None, 'cmake_clean_cache': False, 'cmake_clean_first': False, 'cmake_force_configure': False, 'cmake_target': None, 'cmake_target_skip_unavailable': False, 'install_base': '/home/nathan/ros2_ws/install/articubot_one', 'merge_install': False, 'path': '/home/nathan/ros2_ws/src/articubot_one', 'symlink_install': False, 'test_result_base': None}
[6.542s] Level 5:colcon.colcon_core.verb:set package 'diffdrive_arduino' build argument 'cmake_args' from command line to 'None'
[6.542s] Level 5:colcon.colcon_core.verb:set package 'diffdrive_arduino' build argument 'cmake_target' from command line to 'None'
[6.542s] Level 5:colcon.colcon_core.verb:set package 'diffdrive_arduino' build argument 'cmake_target_skip_unavailable' from command line to 'False'
[6.542s] Level 5:colcon.colcon_core.verb:set package 'diffdrive_arduino' build argument 'cmake_clean_cache' from command line to 'False'
[6.542s] Level 5:colcon.colcon_core.verb:set package 'diffdrive_arduino' build argument 'cmake_clean_first' from command line to 'False'
[6.542s] Level 5:colcon.colcon_core.verb:set package 'diffdrive_arduino' build argument 'cmake_force_configure' from command line to 'False'
[6.542s] Level 5:colcon.colcon_core.verb:set package 'diffdrive_arduino' build argument 'ament_cmake_args' from command line to 'None'
[6.542s] Level 5:colcon.colcon_core.verb:set package 'diffdrive_arduino' build argument 'catkin_cmake_args' from command line to 'None'
[6.543s] Level 5:colcon.colcon_core.verb:set package 'diffdrive_arduino' build argument 'catkin_skip_building_tests' from command line to 'False'
[6.543s] DEBUG:colcon.colcon_core.verb:Building package 'diffdrive_arduino' with the following arguments: {'ament_cmake_args': None, 'build_base': '/home/nathan/ros2_ws/build/diffdrive_arduino', 'catkin_cmake_args': None, 'catkin_skip_building_tests': False, 'cmake_args': None, 'cmake_clean_cache': False, 'cmake_clean_first': False, 'cmake_force_configure': False, 'cmake_target': None, 'cmake_target_skip_unavailable': False, 'install_base': '/home/nathan/ros2_ws/install/diffdrive_arduino', 'merge_install': False, 'path': '/home/nathan/ros2_ws/src/diffdrive_arduino', 'symlink_install': False, 'test_result_base': None}
[6.543s] Level 5:colcon.colcon_core.verb:set package 'dojo' build argument 'cmake_args' from command line to 'None'
[6.543s] Level 5:colcon.colcon_core.verb:set package 'dojo' build argument 'cmake_target' from command line to 'None'
[6.543s] Level 5:colcon.colcon_core.verb:set package 'dojo' build argument 'cmake_target_skip_unavailable' from command line to 'False'
[6.543s] Level 5:colcon.colcon_core.verb:set package 'dojo' build argument 'cmake_clean_cache' from command line to 'False'
[6.543s] Level 5:colcon.colcon_core.verb:set package 'dojo' build argument 'cmake_clean_first' from command line to 'False'
[6.543s] Level 5:colcon.colcon_core.verb:set package 'dojo' build argument 'cmake_force_configure' from command line to 'False'
[6.543s] Level 5:colcon.colcon_core.verb:set package 'dojo' build argument 'ament_cmake_args' from command line to 'None'
[6.543s] Level 5:colcon.colcon_core.verb:set package 'dojo' build argument 'catkin_cmake_args' from command line to 'None'
[6.543s] Level 5:colcon.colcon_core.verb:set package 'dojo' build argument 'catkin_skip_building_tests' from command line to 'False'
[6.543s] DEBUG:colcon.colcon_core.verb:Building package 'dojo' with the following arguments: {'ament_cmake_args': None, 'build_base': '/home/nathan/ros2_ws/build/dojo', 'catkin_cmake_args': None, 'catkin_skip_building_tests': False, 'cmake_args': None, 'cmake_clean_cache': False, 'cmake_clean_first': False, 'cmake_force_configure': False, 'cmake_target': None, 'cmake_target_skip_unavailable': False, 'install_base': '/home/nathan/ros2_ws/install/dojo', 'merge_install': False, 'path': '/home/nathan/ros2_ws/src/dojo', 'symlink_install': False, 'test_result_base': None}
[6.544s] Level 5:colcon.colcon_core.verb:set package 'joy_tester' build argument 'cmake_args' from command line to 'None'
[6.544s] Level 5:colcon.colcon_core.verb:set package 'joy_tester' build argument 'cmake_target' from command line to 'None'
[6.544s] Level 5:colcon.colcon_core.verb:set package 'joy_tester' build argument 'cmake_target_skip_unavailable' from command line to 'False'
[6.544s] Level 5:colcon.colcon_core.verb:set package 'joy_tester' build argument 'cmake_clean_cache' from command line to 'False'
[6.544s] Level 5:colcon.colcon_core.verb:set package 'joy_tester' build argument 'cmake_clean_first' from command line to 'False'
[6.544s] Level 5:colcon.colcon_core.verb:set package 'joy_tester' build argument 'cmake_force_configure' from command line to 'False'
[6.544s] Level 5:colcon.colcon_core.verb:set package 'joy_tester' build argument 'ament_cmake_args' from command line to 'None'
[6.544s] Level 5:colcon.colcon_core.verb:set package 'joy_tester' build argument 'catkin_cmake_args' from command line to 'None'
[6.544s] Level 5:colcon.colcon_core.verb:set package 'joy_tester' build argument 'catkin_skip_building_tests' from command line to 'False'
[6.544s] DEBUG:colcon.colcon_core.verb:Building package 'joy_tester' with the following arguments: {'ament_cmake_args': None, 'build_base': '/home/nathan/ros2_ws/build/joy_tester', 'catkin_cmake_args': None, 'catkin_skip_building_tests': False, 'cmake_args': None, 'cmake_clean_cache': False, 'cmake_clean_first': False, 'cmake_force_configure': False, 'cmake_target': None, 'cmake_target_skip_unavailable': False, 'install_base': '/home/nathan/ros2_ws/install/joy_tester', 'merge_install': False, 'path': '/home/nathan/ros2_ws/src/joy_tester', 'symlink_install': False, 'test_result_base': None}
[6.545s] Level 5:colcon.colcon_core.verb:set package 'rdj2025_potato_disease_detection' build argument 'cmake_args' from command line to 'None'
[6.545s] Level 5:colcon.colcon_core.verb:set package 'rdj2025_potato_disease_detection' build argument 'cmake_target' from command line to 'None'
[6.545s] Level 5:colcon.colcon_core.verb:set package 'rdj2025_potato_disease_detection' build argument 'cmake_target_skip_unavailable' from command line to 'False'
[6.545s] Level 5:colcon.colcon_core.verb:set package 'rdj2025_potato_disease_detection' build argument 'cmake_clean_cache' from command line to 'False'
[6.545s] Level 5:colcon.colcon_core.verb:set package 'rdj2025_potato_disease_detection' build argument 'cmake_clean_first' from command line to 'False'
[6.545s] Level 5:colcon.colcon_core.verb:set package 'rdj2025_potato_disease_detection' build argument 'cmake_force_configure' from command line to 'False'
[6.545s] Level 5:colcon.colcon_core.verb:set package 'rdj2025_potato_disease_detection' build argument 'ament_cmake_args' from command line to 'None'
[6.545s] Level 5:colcon.colcon_core.verb:set package 'rdj2025_potato_disease_detection' build argument 'catkin_cmake_args' from command line to 'None'
[6.545s] Level 5:colcon.colcon_core.verb:set package 'rdj2025_potato_disease_detection' build argument 'catkin_skip_building_tests' from command line to 'False'
[6.545s] DEBUG:colcon.colcon_core.verb:Building package 'rdj2025_potato_disease_detection' with the following arguments: {'ament_cmake_args': None, 'build_base': '/home/nathan/ros2_ws/build/rdj2025_potato_disease_detection', 'catkin_cmake_args': None, 'catkin_skip_building_tests': False, 'cmake_args': None, 'cmake_clean_cache': False, 'cmake_clean_first': False, 'cmake_force_configure': False, 'cmake_target': None, 'cmake_target_skip_unavailable': False, 'install_base': '/home/nathan/ros2_ws/install/rdj2025_potato_disease_detection', 'merge_install': False, 'path': '/home/nathan/ros2_ws/src/rdj2025_potato_disease_detection', 'symlink_install': False, 'test_result_base': None}
[6.545s] Level 5:colcon.colcon_core.verb:set package 'sllidar_ros2' build argument 'cmake_args' from command line to 'None'
[6.545s] Level 5:colcon.colcon_core.verb:set package 'sllidar_ros2' build argument 'cmake_target' from command line to 'None'
[6.545s] Level 5:colcon.colcon_core.verb:set package 'sllidar_ros2' build argument 'cmake_target_skip_unavailable' from command line to 'False'
[6.545s] Level 5:colcon.colcon_core.verb:set package 'sllidar_ros2' build argument 'cmake_clean_cache' from command line to 'False'
[6.546s] Level 5:colcon.colcon_core.verb:set package 'sllidar_ros2' build argument 'cmake_clean_first' from command line to 'False'
[6.546s] Level 5:colcon.colcon_core.verb:set package 'sllidar_ros2' build argument 'cmake_force_configure' from command line to 'False'
[6.546s] Level 5:colcon.colcon_core.verb:set package 'sllidar_ros2' build argument 'ament_cmake_args' from command line to 'None'
[6.546s] Level 5:colcon.colcon_core.verb:set package 'sllidar_ros2' build argument 'catkin_cmake_args' from command line to 'None'
[6.546s] Level 5:colcon.colcon_core.verb:set package 'sllidar_ros2' build argument 'catkin_skip_building_tests' from command line to 'False'
[6.546s] DEBUG:colcon.colcon_core.verb:Building package 'sllidar_ros2' with the following arguments: {'ament_cmake_args': None, 'build_base': '/home/nathan/ros2_ws/build/sllidar_ros2', 'catkin_cmake_args': None, 'catkin_skip_building_tests': False, 'cmake_args': None, 'cmake_clean_cache': False, 'cmake_clean_first': False, 'cmake_force_configure': False, 'cmake_target': None, 'cmake_target_skip_unavailable': False, 'install_base': '/home/nathan/ros2_ws/install/sllidar_ros2', 'merge_install': False, 'path': '/home/nathan/ros2_ws/src/sllidar_ros2', 'symlink_install': False, 'test_result_base': None}
[6.546s] INFO:colcon.colcon_core.executor:Executing jobs using 'parallel' executor
[6.547s] DEBUG:colcon.colcon_parallel_executor.executor.parallel:run_until_complete
[6.548s] INFO:colcon.colcon_ros.task.ament_cmake.build:Building ROS package in '/home/nathan/ros2_ws/src/articubot_one' with build type 'ament_cmake'
[6.548s] INFO:colcon.colcon_cmake.task.cmake.build:Building CMake package in '/home/nathan/ros2_ws/src/articubot_one'
[6.608s] INFO:colcon.colcon_core.plugin_system:Skipping extension 'colcon_core.shell.bat': Not used on non-Windows systems
[6.608s] INFO:colcon.colcon_core.shell:Skip shell extension 'powershell' for command environment: Not usable outside of PowerShell
[6.608s] DEBUG:colcon.colcon_core.shell:Skip shell extension 'dsv' for command environment
[6.648s] INFO:colcon.colcon_ros.task.ament_cmake.build:Building ROS package in '/home/nathan/ros2_ws/src/diffdrive_arduino' with build type 'ament_cmake'
[6.648s] INFO:colcon.colcon_cmake.task.cmake.build:Building CMake package in '/home/nathan/ros2_ws/src/diffdrive_arduino'
[6.648s] INFO:colcon.colcon_core.shell:Skip shell extension 'powershell' for command environment: Not usable outside of PowerShell
[6.648s] DEBUG:colcon.colcon_core.shell:Skip shell extension 'dsv' for command environment
[6.653s] INFO:colcon.colcon_ros.task.ament_cmake.build:Building ROS package in '/home/nathan/ros2_ws/src/dojo' with build type 'ament_cmake'
[6.653s] INFO:colcon.colcon_cmake.task.cmake.build:Building CMake package in '/home/nathan/ros2_ws/src/dojo'
[6.653s] INFO:colcon.colcon_core.shell:Skip shell extension 'powershell' for command environment: Not usable outside of PowerShell
[6.653s] DEBUG:colcon.colcon_core.shell:Skip shell extension 'dsv' for command environment
[6.657s] INFO:colcon.colcon_ros.task.ament_python.build:Building ROS package in '/home/nathan/ros2_ws/src/joy_tester' with build type 'ament_python'
[6.658s] Level 1:colcon.colcon_core.shell:create_environment_hook('joy_tester', 'ament_prefix_path')
[6.658s] INFO:colcon.colcon_core.shell:Creating environment hook '/home/nathan/ros2_ws/install/joy_tester/share/joy_tester/hook/ament_prefix_path.ps1'
[6.680s] INFO:colcon.colcon_core.shell:Creating environment descriptor '/home/nathan/ros2_ws/install/joy_tester/share/joy_tester/hook/ament_prefix_path.dsv'
[6.681s] INFO:colcon.colcon_core.shell:Creating environment hook '/home/nathan/ros2_ws/install/joy_tester/share/joy_tester/hook/ament_prefix_path.sh'
[6.682s] INFO:colcon.colcon_core.shell:Skip shell extension 'powershell' for command environment: Not usable outside of PowerShell
[6.682s] DEBUG:colcon.colcon_core.shell:Skip shell extension 'dsv' for command environment
[6.748s] DEBUG:colcon.colcon_core.event_handler.log_command:Invoking command in '/home/nathan/ros2_ws/build/articubot_one': CMAKE_PREFIX_PATH=${CMAKE_PREFIX_PATH}:/home/nathan/ros2_ws/install/rdj2025_potato_disease_detection:/home/nathan/ros2_ws/install/joy_tester:/opt/ros/humble /usr/bin/cmake --build /home/nathan/ros2_ws/build/articubot_one -- -j4 -l4
[6.799s] DEBUG:colcon.colcon_core.event_handler.log_command:Invoking command in '/home/nathan/ros2_ws/build/diffdrive_arduino': CMAKE_PREFIX_PATH=${CMAKE_PREFIX_PATH}:/home/nathan/ros2_ws/install/rdj2025_potato_disease_detection:/home/nathan/ros2_ws/install/joy_tester:/opt/ros/humble /usr/bin/cmake --build /home/nathan/ros2_ws/build/diffdrive_arduino -- -j4 -l4
[6.835s] DEBUG:colcon.colcon_core.event_handler.log_command:Invoking command in '/home/nathan/ros2_ws/build/dojo': CMAKE_PREFIX_PATH=${CMAKE_PREFIX_PATH}:/home/nathan/ros2_ws/install/rdj2025_potato_disease_detection:/home/nathan/ros2_ws/install/joy_tester:/opt/ros/humble /usr/bin/cmake --build /home/nathan/ros2_ws/build/dojo -- -j4 -l4
[7.247s] INFO:colcon.colcon_core.task.python.build:Building Python package in '/home/nathan/ros2_ws/src/joy_tester'
[7.248s] INFO:colcon.colcon_core.shell:Skip shell extension 'powershell' for command environment: Not usable outside of PowerShell
[7.248s] DEBUG:colcon.colcon_core.shell:Skip shell extension 'dsv' for command environment
[8.269s] DEBUG:colcon.colcon_core.event_handler.log_command:Invoked command in '/home/nathan/ros2_ws/build/articubot_one' returned '0': CMAKE_PREFIX_PATH=${CMAKE_PREFIX_PATH}:/home/nathan/ros2_ws/install/rdj2025_potato_disease_detection:/home/nathan/ros2_ws/install/joy_tester:/opt/ros/humble /usr/bin/cmake --build /home/nathan/ros2_ws/build/articubot_one -- -j4 -l4
[8.493s] DEBUG:colcon.colcon_core.event_handler.log_command:Invoking command in '/home/nathan/ros2_ws/build/articubot_one': CMAKE_PREFIX_PATH=${CMAKE_PREFIX_PATH}:/home/nathan/ros2_ws/install/rdj2025_potato_disease_detection:/home/nathan/ros2_ws/install/joy_tester:/opt/ros/humble /usr/bin/cmake --install /home/nathan/ros2_ws/build/articubot_one
[8.494s] DEBUG:colcon.colcon_core.event_handler.log_command:Invoked command in '/home/nathan/ros2_ws/build/dojo' returned '0': CMAKE_PREFIX_PATH=${CMAKE_PREFIX_PATH}:/home/nathan/ros2_ws/install/rdj2025_potato_disease_detection:/home/nathan/ros2_ws/install/joy_tester:/opt/ros/humble /usr/bin/cmake --build /home/nathan/ros2_ws/build/dojo -- -j4 -l4
[8.636s] DEBUG:colcon.colcon_core.event_handler.log_command:Invoking command in '/home/nathan/ros2_ws/build/dojo': CMAKE_PREFIX_PATH=${CMAKE_PREFIX_PATH}:/home/nathan/ros2_ws/install/rdj2025_potato_disease_detection:/home/nathan/ros2_ws/install/joy_tester:/opt/ros/humble /usr/bin/cmake --install /home/nathan/ros2_ws/build/dojo
[8.858s] Level 1:colcon.colcon_core.environment:create_environment_scripts_only(dojo)
[8.859s] DEBUG:colcon.colcon_core.event_handler.log_command:Invoked command in '/home/nathan/ros2_ws/build/dojo' returned '0': CMAKE_PREFIX_PATH=${CMAKE_PREFIX_PATH}:/home/nathan/ros2_ws/install/rdj2025_potato_disease_detection:/home/nathan/ros2_ws/install/joy_tester:/opt/ros/humble /usr/bin/cmake --install /home/nathan/ros2_ws/build/dojo
[9.457s] Level 1:colcon.colcon_core.environment:checking '/home/nathan/ros2_ws/install/dojo' for CMake module files
[9.458s] Level 1:colcon.colcon_core.environment:checking '/home/nathan/ros2_ws/install/dojo' for CMake config files
[9.458s] Level 1:colcon.colcon_core.shell:create_environment_hook('dojo', 'cmake_prefix_path')
[9.458s] INFO:colcon.colcon_core.shell:Creating environment hook '/home/nathan/ros2_ws/install/dojo/share/dojo/hook/cmake_prefix_path.ps1'
[9.459s] INFO:colcon.colcon_core.shell:Creating environment descriptor '/home/nathan/ros2_ws/install/dojo/share/dojo/hook/cmake_prefix_path.dsv'
[9.459s] INFO:colcon.colcon_core.shell:Creating environment hook '/home/nathan/ros2_ws/install/dojo/share/dojo/hook/cmake_prefix_path.sh'
[9.460s] Level 1:colcon.colcon_core.environment:checking '/home/nathan/ros2_ws/install/dojo/bin'
[9.460s] Level 1:colcon.colcon_core.environment:checking '/home/nathan/ros2_ws/install/dojo/lib/pkgconfig/dojo.pc'
[9.461s] Level 1:colcon.colcon_core.environment:checking '/home/nathan/ros2_ws/install/dojo/lib/python3.10/site-packages'
[9.461s] Level 1:colcon.colcon_core.environment:checking '/home/nathan/ros2_ws/install/dojo/bin'
[9.463s] INFO:colcon.colcon_core.shell:Creating package script '/home/nathan/ros2_ws/install/dojo/share/dojo/package.ps1'
[9.515s] INFO:colcon.colcon_core.shell:Creating package descriptor '/home/nathan/ros2_ws/install/dojo/share/dojo/package.dsv'
[9.558s] INFO:colcon.colcon_core.shell:Creating package script '/home/nathan/ros2_ws/install/dojo/share/dojo/package.sh'
[9.566s] INFO:colcon.colcon_core.shell:Creating package script '/home/nathan/ros2_ws/install/dojo/share/dojo/package.bash'
[9.640s] INFO:colcon.colcon_core.shell:Creating package script '/home/nathan/ros2_ws/install/dojo/share/dojo/package.zsh'
[9.714s] Level 1:colcon.colcon_core.environment:create_file_with_runtime_dependencies(/home/nathan/ros2_ws/install/dojo/share/colcon-core/packages/dojo)
[9.715s] Level 1:colcon.colcon_core.environment:create_environment_scripts_only(dojo)
[9.715s] Level 1:colcon.colcon_core.environment:checking '/home/nathan/ros2_ws/install/dojo' for CMake module files
[9.715s] Level 1:colcon.colcon_core.environment:checking '/home/nathan/ros2_ws/install/dojo' for CMake config files
[9.716s] Level 1:colcon.colcon_core.shell:create_environment_hook('dojo', 'cmake_prefix_path')
[9.716s] INFO:colcon.colcon_core.shell:Creating environment hook '/home/nathan/ros2_ws/install/dojo/share/dojo/hook/cmake_prefix_path.ps1'
[9.716s] INFO:colcon.colcon_core.shell:Creating environment descriptor '/home/nathan/ros2_ws/install/dojo/share/dojo/hook/cmake_prefix_path.dsv'
[9.717s] INFO:colcon.colcon_core.shell:Creating environment hook '/home/nathan/ros2_ws/install/dojo/share/dojo/hook/cmake_prefix_path.sh'
[9.717s] Level 1:colcon.colcon_core.environment:checking '/home/nathan/ros2_ws/install/dojo/bin'
[9.718s] Level 1:colcon.colcon_core.environment:checking '/home/nathan/ros2_ws/install/dojo/lib/pkgconfig/dojo.pc'
[9.718s] Level 1:colcon.colcon_core.environment:checking '/home/nathan/ros2_ws/install/dojo/lib/python3.10/site-packages'
[9.718s] Level 1:colcon.colcon_core.environment:checking '/home/nathan/ros2_ws/install/dojo/bin'
[9.719s] INFO:colcon.colcon_core.shell:Creating package script '/home/nathan/ros2_ws/install/dojo/share/dojo/package.ps1'
[9.719s] INFO:colcon.colcon_core.shell:Creating package descriptor '/home/nathan/ros2_ws/install/dojo/share/dojo/package.dsv'
[9.720s] INFO:colcon.colcon_core.shell:Creating package script '/home/nathan/ros2_ws/install/dojo/share/dojo/package.sh'
[9.720s] INFO:colcon.colcon_core.shell:Creating package script '/home/nathan/ros2_ws/install/dojo/share/dojo/package.bash'
[9.721s] INFO:colcon.colcon_core.shell:Creating package script '/home/nathan/ros2_ws/install/dojo/share/dojo/package.zsh'
[9.721s] Level 1:colcon.colcon_core.environment:create_file_with_runtime_dependencies(/home/nathan/ros2_ws/install/dojo/share/colcon-core/packages/dojo)
[9.722s] INFO:colcon.colcon_ros.task.ament_python.build:Building ROS package in '/home/nathan/ros2_ws/src/rdj2025_potato_disease_detection' with build type 'ament_python'
[9.722s] Level 1:colcon.colcon_core.shell:create_environment_hook('rdj2025_potato_disease_detection', 'ament_prefix_path')
[9.722s] INFO:colcon.colcon_core.shell:Creating environment hook '/home/nathan/ros2_ws/install/rdj2025_potato_disease_detection/share/rdj2025_potato_disease_detection/hook/ament_prefix_path.ps1'
[9.723s] INFO:colcon.colcon_core.shell:Creating environment descriptor '/home/nathan/ros2_ws/install/rdj2025_potato_disease_detection/share/rdj2025_potato_disease_detection/hook/ament_prefix_path.dsv'
[9.724s] INFO:colcon.colcon_core.shell:Creating environment hook '/home/nathan/ros2_ws/install/rdj2025_potato_disease_detection/share/rdj2025_potato_disease_detection/hook/ament_prefix_path.sh'
[9.725s] INFO:colcon.colcon_core.shell:Skip shell extension 'powershell' for command environment: Not usable outside of PowerShell
[9.725s] DEBUG:colcon.colcon_core.shell:Skip shell extension 'dsv' for command environment
[9.781s] Level 1:colcon.colcon_core.environment:create_environment_scripts_only(articubot_one)
[9.781s] Level 1:colcon.colcon_core.environment:checking '/home/nathan/ros2_ws/install/articubot_one' for CMake module files
[9.782s] DEBUG:colcon.colcon_core.event_handler.log_command:Invoked command in '/home/nathan/ros2_ws/build/articubot_one' returned '0': CMAKE_PREFIX_PATH=${CMAKE_PREFIX_PATH}:/home/nathan/ros2_ws/install/rdj2025_potato_disease_detection:/home/nathan/ros2_ws/install/joy_tester:/opt/ros/humble /usr/bin/cmake --install /home/nathan/ros2_ws/build/articubot_one
[9.782s] Level 1:colcon.colcon_core.environment:checking '/home/nathan/ros2_ws/install/articubot_one' for CMake config files
[9.783s] Level 1:colcon.colcon_core.shell:create_environment_hook('articubot_one', 'cmake_prefix_path')
[9.783s] INFO:colcon.colcon_core.shell:Creating environment hook '/home/nathan/ros2_ws/install/articubot_one/share/articubot_one/hook/cmake_prefix_path.ps1'
[9.783s] INFO:colcon.colcon_core.shell:Creating environment descriptor '/home/nathan/ros2_ws/install/articubot_one/share/articubot_one/hook/cmake_prefix_path.dsv'
[9.784s] INFO:colcon.colcon_core.shell:Creating environment hook '/home/nathan/ros2_ws/install/articubot_one/share/articubot_one/hook/cmake_prefix_path.sh'
[9.785s] Level 1:colcon.colcon_core.environment:checking '/home/nathan/ros2_ws/install/articubot_one/bin'
[9.785s] Level 1:colcon.colcon_core.environment:checking '/home/nathan/ros2_ws/install/articubot_one/lib/pkgconfig/articubot_one.pc'
[9.785s] Level 1:colcon.colcon_core.environment:checking '/home/nathan/ros2_ws/install/articubot_one/lib/python3.10/site-packages'
[9.785s] Level 1:colcon.colcon_core.environment:checking '/home/nathan/ros2_ws/install/articubot_one/bin'
[9.786s] INFO:colcon.colcon_core.shell:Creating package script '/home/nathan/ros2_ws/install/articubot_one/share/articubot_one/package.ps1'
[9.786s] INFO:colcon.colcon_core.shell:Creating package descriptor '/home/nathan/ros2_ws/install/articubot_one/share/articubot_one/package.dsv'
[9.787s] INFO:colcon.colcon_core.shell:Creating package script '/home/nathan/ros2_ws/install/articubot_one/share/articubot_one/package.sh'
[9.788s] INFO:colcon.colcon_core.shell:Creating package script '/home/nathan/ros2_ws/install/articubot_one/share/articubot_one/package.bash'
[9.788s] INFO:colcon.colcon_core.shell:Creating package script '/home/nathan/ros2_ws/install/articubot_one/share/articubot_one/package.zsh'
[9.788s] Level 1:colcon.colcon_core.environment:create_file_with_runtime_dependencies(/home/nathan/ros2_ws/install/articubot_one/share/colcon-core/packages/articubot_one)
[9.789s] Level 1:colcon.colcon_core.environment:create_environment_scripts_only(articubot_one)
[9.789s] Level 1:colcon.colcon_core.environment:checking '/home/nathan/ros2_ws/install/articubot_one' for CMake module files
[9.790s] Level 1:colcon.colcon_core.environment:checking '/home/nathan/ros2_ws/install/articubot_one' for CMake config files
[9.790s] Level 1:colcon.colcon_core.shell:create_environment_hook('articubot_one', 'cmake_prefix_path')
[9.790s] INFO:colcon.colcon_core.shell:Creating environment hook '/home/nathan/ros2_ws/install/articubot_one/share/articubot_one/hook/cmake_prefix_path.ps1'
[9.791s] INFO:colcon.colcon_core.shell:Creating environment descriptor '/home/nathan/ros2_ws/install/articubot_one/share/articubot_one/hook/cmake_prefix_path.dsv'
[9.792s] INFO:colcon.colcon_core.shell:Creating environment hook '/home/nathan/ros2_ws/install/articubot_one/share/articubot_one/hook/cmake_prefix_path.sh'
[9.792s] Level 1:colcon.colcon_core.environment:checking '/home/nathan/ros2_ws/install/articubot_one/bin'
[9.792s] Level 1:colcon.colcon_core.environment:checking '/home/nathan/ros2_ws/install/articubot_one/lib/pkgconfig/articubot_one.pc'
[9.793s] Level 1:colcon.colcon_core.environment:checking '/home/nathan/ros2_ws/install/articubot_one/lib/python3.10/site-packages'
[9.793s] Level 1:colcon.colcon_core.environment:checking '/home/nathan/ros2_ws/install/articubot_one/bin'
[9.794s] INFO:colcon.colcon_core.shell:Creating package script '/home/nathan/ros2_ws/install/articubot_one/share/articubot_one/package.ps1'
[9.794s] INFO:colcon.colcon_core.shell:Creating package descriptor '/home/nathan/ros2_ws/install/articubot_one/share/articubot_one/package.dsv'
[9.795s] INFO:colcon.colcon_core.shell:Creating package script '/home/nathan/ros2_ws/install/articubot_one/share/articubot_one/package.sh'
[9.795s] INFO:colcon.colcon_core.shell:Creating package script '/home/nathan/ros2_ws/install/articubot_one/share/articubot_one/package.bash'
[9.796s] INFO:colcon.colcon_core.shell:Creating package script '/home/nathan/ros2_ws/install/articubot_one/share/articubot_one/package.zsh'
[9.797s] Level 1:colcon.colcon_core.environment:create_file_with_runtime_dependencies(/home/nathan/ros2_ws/install/articubot_one/share/colcon-core/packages/articubot_one)
[9.798s] INFO:colcon.colcon_ros.task.ament_cmake.build:Building ROS package in '/home/nathan/ros2_ws/src/sllidar_ros2' with build type 'ament_cmake'
[9.798s] INFO:colcon.colcon_cmake.task.cmake.build:Building CMake package in '/home/nathan/ros2_ws/src/sllidar_ros2'
[9.798s] INFO:colcon.colcon_core.shell:Skip shell extension 'powershell' for command environment: Not usable outside of PowerShell
[9.798s] DEBUG:colcon.colcon_core.shell:Skip shell extension 'dsv' for command environment
[10.289s] INFO:colcon.colcon_core.task.python.build:Building Python package in '/home/nathan/ros2_ws/src/rdj2025_potato_disease_detection'
[10.289s] INFO:colcon.colcon_core.shell:Skip shell extension 'powershell' for command environment: Not usable outside of PowerShell
[10.289s] DEBUG:colcon.colcon_core.shell:Skip shell extension 'dsv' for command environment
[10.395s] DEBUG:colcon.colcon_core.event_handler.log_command:Invoking command in '/home/nathan/ros2_ws/build/sllidar_ros2': CMAKE_PREFIX_PATH=${CMAKE_PREFIX_PATH}:/home/nathan/ros2_ws/install/rdj2025_potato_disease_detection:/home/nathan/ros2_ws/install/joy_tester:/opt/ros/humble /usr/bin/cmake --build /home/nathan/ros2_ws/build/sllidar_ros2 -- -j4 -l4
[22.621s] DEBUG:colcon.colcon_core.event_handler.log_command:Invoking command in '/home/nathan/ros2_ws/src/joy_tester': PYTHONPATH=/home/nathan/ros2_ws/build/joy_tester/prefix_override:/usr/lib/python3/dist-packages/colcon_core/task/python/colcon_distutils_commands:/home/nathan/ros2_ws/install/joy_tester/lib/python3.10/site-packages:${PYTHONPATH} /usr/bin/python3 -W ignore:setup.py install is deprecated -W ignore:easy_install command is deprecated setup.py egg_info --egg-base ../../build/joy_tester build --build-base /home/nathan/ros2_ws/build/joy_tester/build install --record /home/nathan/ros2_ws/build/joy_tester/install.log --single-version-externally-managed install_data
[22.683s] DEBUG:colcon.colcon_core.event_handler.log_command:Invoking command in '/home/nathan/ros2_ws/src/rdj2025_potato_disease_detection': PYTHONPATH=/home/nathan/ros2_ws/build/rdj2025_potato_disease_detection/prefix_override:/usr/lib/python3/dist-packages/colcon_core/task/python/colcon_distutils_commands:/home/nathan/ros2_ws/install/rdj2025_potato_disease_detection/lib/python3.10/site-packages:${PYTHONPATH} /usr/bin/python3 -W ignore:setup.py install is deprecated -W ignore:easy_install command is deprecated setup.py egg_info --egg-base ../../build/rdj2025_potato_disease_detection build --build-base /home/nathan/ros2_ws/build/rdj2025_potato_disease_detection/build install --record /home/nathan/ros2_ws/build/rdj2025_potato_disease_detection/install.log --single-version-externally-managed install_data
[23.320s] Level 1:colcon.colcon_core.environment:checking '/home/nathan/ros2_ws/install/joy_tester' for CMake module files
[23.321s] DEBUG:colcon.colcon_core.event_handler.log_command:Invoked command in '/home/nathan/ros2_ws/src/joy_tester' returned '0': PYTHONPATH=/home/nathan/ros2_ws/build/joy_tester/prefix_override:/usr/lib/python3/dist-packages/colcon_core/task/python/colcon_distutils_commands:/home/nathan/ros2_ws/install/joy_tester/lib/python3.10/site-packages:${PYTHONPATH} /usr/bin/python3 -W ignore:setup.py install is deprecated -W ignore:easy_install command is deprecated setup.py egg_info --egg-base ../../build/joy_tester build --build-base /home/nathan/ros2_ws/build/joy_tester/build install --record /home/nathan/ros2_ws/build/joy_tester/install.log --single-version-externally-managed install_data
[23.324s] Level 1:colcon.colcon_core.environment:checking '/home/nathan/ros2_ws/install/joy_tester' for CMake config files
[23.325s] Level 1:colcon.colcon_core.environment:checking '/home/nathan/ros2_ws/install/joy_tester/lib'
[23.326s] Level 1:colcon.colcon_core.environment:checking '/home/nathan/ros2_ws/install/joy_tester/bin'
[23.326s] Level 1:colcon.colcon_core.environment:checking '/home/nathan/ros2_ws/install/joy_tester/lib/pkgconfig/joy_tester.pc'
[23.327s] Level 1:colcon.colcon_core.environment:checking '/home/nathan/ros2_ws/install/joy_tester/lib/python3.10/site-packages'
[23.327s] Level 1:colcon.colcon_core.shell:create_environment_hook('joy_tester', 'pythonpath')
[23.327s] INFO:colcon.colcon_core.shell:Creating environment hook '/home/nathan/ros2_ws/install/joy_tester/share/joy_tester/hook/pythonpath.ps1'
[23.328s] INFO:colcon.colcon_core.shell:Creating environment descriptor '/home/nathan/ros2_ws/install/joy_tester/share/joy_tester/hook/pythonpath.dsv'
[23.329s] INFO:colcon.colcon_core.shell:Creating environment hook '/home/nathan/ros2_ws/install/joy_tester/share/joy_tester/hook/pythonpath.sh'
[23.330s] Level 1:colcon.colcon_core.environment:checking '/home/nathan/ros2_ws/install/joy_tester/bin'
[23.330s] Level 1:colcon.colcon_core.environment:create_environment_scripts_only(joy_tester)
[23.331s] INFO:colcon.colcon_core.shell:Creating package script '/home/nathan/ros2_ws/install/joy_tester/share/joy_tester/package.ps1'
[23.333s] INFO:colcon.colcon_core.shell:Creating package descriptor '/home/nathan/ros2_ws/install/joy_tester/share/joy_tester/package.dsv'
[23.333s] INFO:colcon.colcon_core.shell:Creating package script '/home/nathan/ros2_ws/install/joy_tester/share/joy_tester/package.sh'
[23.334s] INFO:colcon.colcon_core.shell:Creating package script '/home/nathan/ros2_ws/install/joy_tester/share/joy_tester/package.bash'
[23.335s] INFO:colcon.colcon_core.shell:Creating package script '/home/nathan/ros2_ws/install/joy_tester/share/joy_tester/package.zsh'
[23.335s] Level 1:colcon.colcon_core.environment:create_file_with_runtime_dependencies(/home/nathan/ros2_ws/install/joy_tester/share/colcon-core/packages/joy_tester)
[23.420s] Level 1:colcon.colcon_core.environment:checking '/home/nathan/ros2_ws/install/rdj2025_potato_disease_detection' for CMake module files
[23.421s] Level 1:colcon.colcon_core.environment:checking '/home/nathan/ros2_ws/install/rdj2025_potato_disease_detection' for CMake config files
[23.426s] Level 1:colcon.colcon_core.environment:checking '/home/nathan/ros2_ws/install/rdj2025_potato_disease_detection/lib'
[23.426s] Level 1:colcon.colcon_core.environment:checking '/home/nathan/ros2_ws/install/rdj2025_potato_disease_detection/bin'
[23.427s] Level 1:colcon.colcon_core.environment:checking '/home/nathan/ros2_ws/install/rdj2025_potato_disease_detection/lib/pkgconfig/rdj2025_potato_disease_detection.pc'
[23.427s] Level 1:colcon.colcon_core.environment:checking '/home/nathan/ros2_ws/install/rdj2025_potato_disease_detection/lib/python3.10/site-packages'
[23.427s] Level 1:colcon.colcon_core.shell:create_environment_hook('rdj2025_potato_disease_detection', 'pythonpath')
[23.428s] INFO:colcon.colcon_core.shell:Creating environment hook '/home/nathan/ros2_ws/install/rdj2025_potato_disease_detection/share/rdj2025_potato_disease_detection/hook/pythonpath.ps1'
[23.429s] INFO:colcon.colcon_core.shell:Creating environment descriptor '/home/nathan/ros2_ws/install/rdj2025_potato_disease_detection/share/rdj2025_potato_disease_detection/hook/pythonpath.dsv'
[23.433s] INFO:colcon.colcon_core.shell:Creating environment hook '/home/nathan/ros2_ws/install/rdj2025_potato_disease_detection/share/rdj2025_potato_disease_detection/hook/pythonpath.sh'
[23.434s] Level 1:colcon.colcon_core.environment:checking '/home/nathan/ros2_ws/install/rdj2025_potato_disease_detection/bin'
[23.434s] Level 1:colcon.colcon_core.environment:create_environment_scripts_only(rdj2025_potato_disease_detection)
[23.435s] INFO:colcon.colcon_core.shell:Creating package script '/home/nathan/ros2_ws/install/rdj2025_potato_disease_detection/share/rdj2025_potato_disease_detection/package.ps1'
[23.438s] DEBUG:colcon.colcon_core.event_handler.log_command:Invoked command in '/home/nathan/ros2_ws/src/rdj2025_potato_disease_detection' returned '0': PYTHONPATH=/home/nathan/ros2_ws/build/rdj2025_potato_disease_detection/prefix_override:/usr/lib/python3/dist-packages/colcon_core/task/python/colcon_distutils_commands:/home/nathan/ros2_ws/install/rdj2025_potato_disease_detection/lib/python3.10/site-packages:${PYTHONPATH} /usr/bin/python3 -W ignore:setup.py install is deprecated -W ignore:easy_install command is deprecated setup.py egg_info --egg-base ../../build/rdj2025_potato_disease_detection build --build-base /home/nathan/ros2_ws/build/rdj2025_potato_disease_detection/build install --record /home/nathan/ros2_ws/build/rdj2025_potato_disease_detection/install.log --single-version-externally-managed install_data
[23.438s] INFO:colcon.colcon_core.shell:Creating package descriptor '/home/nathan/ros2_ws/install/rdj2025_potato_disease_detection/share/rdj2025_potato_disease_detection/package.dsv'
[23.439s] INFO:colcon.colcon_core.shell:Creating package script '/home/nathan/ros2_ws/install/rdj2025_potato_disease_detection/share/rdj2025_potato_disease_detection/package.sh'
[23.440s] INFO:colcon.colcon_core.shell:Creating package script '/home/nathan/ros2_ws/install/rdj2025_potato_disease_detection/share/rdj2025_potato_disease_detection/package.bash'
[23.446s] INFO:colcon.colcon_core.shell:Creating package script '/home/nathan/ros2_ws/install/rdj2025_potato_disease_detection/share/rdj2025_potato_disease_detection/package.zsh'
[23.447s] Level 1:colcon.colcon_core.environment:create_file_with_runtime_dependencies(/home/nathan/ros2_ws/install/rdj2025_potato_disease_detection/share/colcon-core/packages/rdj2025_potato_disease_detection)
[33.258s] DEBUG:colcon.colcon_core.event_handler.log_command:Invoked command in '/home/nathan/ros2_ws/build/diffdrive_arduino' returned '0': CMAKE_PREFIX_PATH=${CMAKE_PREFIX_PATH}:/home/nathan/ros2_ws/install/rdj2025_potato_disease_detection:/home/nathan/ros2_ws/install/joy_tester:/opt/ros/humble /usr/bin/cmake --build /home/nathan/ros2_ws/build/diffdrive_arduino -- -j4 -l4
[33.281s] DEBUG:colcon.colcon_core.event_handler.log_command:Invoking command in '/home/nathan/ros2_ws/build/diffdrive_arduino': CMAKE_PREFIX_PATH=${CMAKE_PREFIX_PATH}:/home/nathan/ros2_ws/install/rdj2025_potato_disease_detection:/home/nathan/ros2_ws/install/joy_tester:/opt/ros/humble /usr/bin/cmake --install /home/nathan/ros2_ws/build/diffdrive_arduino
[33.394s] Level 1:colcon.colcon_core.environment:create_environment_scripts_only(diffdrive_arduino)
[33.394s] Level 1:colcon.colcon_core.environment:checking '/home/nathan/ros2_ws/install/diffdrive_arduino' for CMake module files
[33.395s] DEBUG:colcon.colcon_core.event_handler.log_command:Invoked command in '/home/nathan/ros2_ws/build/diffdrive_arduino' returned '0': CMAKE_PREFIX_PATH=${CMAKE_PREFIX_PATH}:/home/nathan/ros2_ws/install/rdj2025_potato_disease_detection:/home/nathan/ros2_ws/install/joy_tester:/opt/ros/humble /usr/bin/cmake --install /home/nathan/ros2_ws/build/diffdrive_arduino
[33.396s] Level 1:colcon.colcon_core.environment:checking '/home/nathan/ros2_ws/install/diffdrive_arduino' for CMake config files
[33.397s] Level 1:colcon.colcon_core.shell:create_environment_hook('diffdrive_arduino', 'cmake_prefix_path')
[33.397s] INFO:colcon.colcon_core.shell:Creating environment hook '/home/nathan/ros2_ws/install/diffdrive_arduino/share/diffdrive_arduino/hook/cmake_prefix_path.ps1'
[33.398s] INFO:colcon.colcon_core.shell:Creating environment descriptor '/home/nathan/ros2_ws/install/diffdrive_arduino/share/diffdrive_arduino/hook/cmake_prefix_path.dsv'
[33.398s] INFO:colcon.colcon_core.shell:Creating environment hook '/home/nathan/ros2_ws/install/diffdrive_arduino/share/diffdrive_arduino/hook/cmake_prefix_path.sh'
[33.399s] Level 1:colcon.colcon_core.environment:checking '/home/nathan/ros2_ws/install/diffdrive_arduino/lib'
[33.400s] Level 1:colcon.colcon_core.shell:create_environment_hook('diffdrive_arduino', 'ld_library_path_lib')
[33.400s] INFO:colcon.colcon_core.shell:Creating environment hook '/home/nathan/ros2_ws/install/diffdrive_arduino/share/diffdrive_arduino/hook/ld_library_path_lib.ps1'
[33.401s] INFO:colcon.colcon_core.shell:Creating environment descriptor '/home/nathan/ros2_ws/install/diffdrive_arduino/share/diffdrive_arduino/hook/ld_library_path_lib.dsv'
[33.401s] INFO:colcon.colcon_core.shell:Creating environment hook '/home/nathan/ros2_ws/install/diffdrive_arduino/share/diffdrive_arduino/hook/ld_library_path_lib.sh'
[33.402s] Level 1:colcon.colcon_core.environment:checking '/home/nathan/ros2_ws/install/diffdrive_arduino/bin'
[33.402s] Level 1:colcon.colcon_core.environment:checking '/home/nathan/ros2_ws/install/diffdrive_arduino/lib/pkgconfig/diffdrive_arduino.pc'
[33.403s] Level 1:colcon.colcon_core.environment:checking '/home/nathan/ros2_ws/install/diffdrive_arduino/lib/python3.10/site-packages'
[33.403s] Level 1:colcon.colcon_core.environment:checking '/home/nathan/ros2_ws/install/diffdrive_arduino/bin'
[33.404s] INFO:colcon.colcon_core.shell:Creating package script '/home/nathan/ros2_ws/install/diffdrive_arduino/share/diffdrive_arduino/package.ps1'
[33.405s] INFO:colcon.colcon_core.shell:Creating package descriptor '/home/nathan/ros2_ws/install/diffdrive_arduino/share/diffdrive_arduino/package.dsv'
[33.406s] INFO:colcon.colcon_core.shell:Creating package script '/home/nathan/ros2_ws/install/diffdrive_arduino/share/diffdrive_arduino/package.sh'
[33.407s] INFO:colcon.colcon_core.shell:Creating package script '/home/nathan/ros2_ws/install/diffdrive_arduino/share/diffdrive_arduino/package.bash'
[33.407s] INFO:colcon.colcon_core.shell:Creating package script '/home/nathan/ros2_ws/install/diffdrive_arduino/share/diffdrive_arduino/package.zsh'
[33.408s] Level 1:colcon.colcon_core.environment:create_file_with_runtime_dependencies(/home/nathan/ros2_ws/install/diffdrive_arduino/share/colcon-core/packages/diffdrive_arduino)
[33.409s] Level 1:colcon.colcon_core.environment:create_environment_scripts_only(diffdrive_arduino)
[33.410s] Level 1:colcon.colcon_core.environment:checking '/home/nathan/ros2_ws/install/diffdrive_arduino' for CMake module files
[33.411s] Level 1:colcon.colcon_core.environment:checking '/home/nathan/ros2_ws/install/diffdrive_arduino' for CMake config files
[33.411s] Level 1:colcon.colcon_core.shell:create_environment_hook('diffdrive_arduino', 'cmake_prefix_path')
[33.412s] INFO:colcon.colcon_core.shell:Creating environment hook '/home/nathan/ros2_ws/install/diffdrive_arduino/share/diffdrive_arduino/hook/cmake_prefix_path.ps1'
[33.413s] INFO:colcon.colcon_core.shell:Creating environment descriptor '/home/nathan/ros2_ws/install/diffdrive_arduino/share/diffdrive_arduino/hook/cmake_prefix_path.dsv'
[33.413s] INFO:colcon.colcon_core.shell:Creating environment hook '/home/nathan/ros2_ws/install/diffdrive_arduino/share/diffdrive_arduino/hook/cmake_prefix_path.sh'
[33.414s] Level 1:colcon.colcon_core.environment:checking '/home/nathan/ros2_ws/install/diffdrive_arduino/lib'
[33.415s] Level 1:colcon.colcon_core.shell:create_environment_hook('diffdrive_arduino', 'ld_library_path_lib')
[33.415s] INFO:colcon.colcon_core.shell:Creating environment hook '/home/nathan/ros2_ws/install/diffdrive_arduino/share/diffdrive_arduino/hook/ld_library_path_lib.ps1'
[33.416s] INFO:colcon.colcon_core.shell:Creating environment descriptor '/home/nathan/ros2_ws/install/diffdrive_arduino/share/diffdrive_arduino/hook/ld_library_path_lib.dsv'
[33.417s] INFO:colcon.colcon_core.shell:Creating environment hook '/home/nathan/ros2_ws/install/diffdrive_arduino/share/diffdrive_arduino/hook/ld_library_path_lib.sh'
[33.418s] Level 1:colcon.colcon_core.environment:checking '/home/nathan/ros2_ws/install/diffdrive_arduino/bin'
[33.419s] Level 1:colcon.colcon_core.environment:checking '/home/nathan/ros2_ws/install/diffdrive_arduino/lib/pkgconfig/diffdrive_arduino.pc'
[33.419s] Level 1:colcon.colcon_core.environment:checking '/home/nathan/ros2_ws/install/diffdrive_arduino/lib/python3.10/site-packages'
[33.419s] Level 1:colcon.colcon_core.environment:checking '/home/nathan/ros2_ws/install/diffdrive_arduino/bin'
[33.420s] INFO:colcon.colcon_core.shell:Creating package script '/home/nathan/ros2_ws/install/diffdrive_arduino/share/diffdrive_arduino/package.ps1'
[33.421s] INFO:colcon.colcon_core.shell:Creating package descriptor '/home/nathan/ros2_ws/install/diffdrive_arduino/share/diffdrive_arduino/package.dsv'
[33.423s] INFO:colcon.colcon_core.shell:Creating package script '/home/nathan/ros2_ws/install/diffdrive_arduino/share/diffdrive_arduino/package.sh'
[33.424s] INFO:colcon.colcon_core.shell:Creating package script '/home/nathan/ros2_ws/install/diffdrive_arduino/share/diffdrive_arduino/package.bash'
[33.425s] INFO:colcon.colcon_core.shell:Creating package script '/home/nathan/ros2_ws/install/diffdrive_arduino/share/diffdrive_arduino/package.zsh'
[33.425s] Level 1:colcon.colcon_core.environment:create_file_with_runtime_dependencies(/home/nathan/ros2_ws/install/diffdrive_arduino/share/colcon-core/packages/diffdrive_arduino)
[38.805s] DEBUG:colcon.colcon_core.event_handler.log_command:Invoked command in '/home/nathan/ros2_ws/build/sllidar_ros2' returned '0': CMAKE_PREFIX_PATH=${CMAKE_PREFIX_PATH}:/home/nathan/ros2_ws/install/rdj2025_potato_disease_detection:/home/nathan/ros2_ws/install/joy_tester:/opt/ros/humble /usr/bin/cmake --build /home/nathan/ros2_ws/build/sllidar_ros2 -- -j4 -l4
[38.846s] DEBUG:colcon.colcon_core.event_handler.log_command:Invoking command in '/home/nathan/ros2_ws/build/sllidar_ros2': CMAKE_PREFIX_PATH=${CMAKE_PREFIX_PATH}:/home/nathan/ros2_ws/install/rdj2025_potato_disease_detection:/home/nathan/ros2_ws/install/joy_tester:/opt/ros/humble /usr/bin/cmake --install /home/nathan/ros2_ws/build/sllidar_ros2
[38.906s] Level 1:colcon.colcon_core.environment:create_environment_scripts_only(sllidar_ros2)
[38.906s] Level 1:colcon.colcon_core.environment:checking '/home/nathan/ros2_ws/install/sllidar_ros2' for CMake module files
[38.907s] DEBUG:colcon.colcon_core.event_handler.log_command:Invoked command in '/home/nathan/ros2_ws/build/sllidar_ros2' returned '0': CMAKE_PREFIX_PATH=${CMAKE_PREFIX_PATH}:/home/nathan/ros2_ws/install/rdj2025_potato_disease_detection:/home/nathan/ros2_ws/install/joy_tester:/opt/ros/humble /usr/bin/cmake --install /home/nathan/ros2_ws/build/sllidar_ros2
[38.908s] Level 1:colcon.colcon_core.environment:checking '/home/nathan/ros2_ws/install/sllidar_ros2' for CMake config files
[38.908s] Level 1:colcon.colcon_core.shell:create_environment_hook('sllidar_ros2', 'cmake_prefix_path')
[38.909s] INFO:colcon.colcon_core.shell:Creating environment hook '/home/nathan/ros2_ws/install/sllidar_ros2/share/sllidar_ros2/hook/cmake_prefix_path.ps1'
[38.909s] INFO:colcon.colcon_core.shell:Creating environment descriptor '/home/nathan/ros2_ws/install/sllidar_ros2/share/sllidar_ros2/hook/cmake_prefix_path.dsv'
[38.910s] INFO:colcon.colcon_core.shell:Creating environment hook '/home/nathan/ros2_ws/install/sllidar_ros2/share/sllidar_ros2/hook/cmake_prefix_path.sh'
[38.911s] Level 1:colcon.colcon_core.environment:checking '/home/nathan/ros2_ws/install/sllidar_ros2/lib'
[38.911s] Level 1:colcon.colcon_core.environment:checking '/home/nathan/ros2_ws/install/sllidar_ros2/bin'
[38.911s] Level 1:colcon.colcon_core.environment:checking '/home/nathan/ros2_ws/install/sllidar_ros2/lib/pkgconfig/sllidar_ros2.pc'
[38.911s] Level 1:colcon.colcon_core.environment:checking '/home/nathan/ros2_ws/install/sllidar_ros2/lib/python3.10/site-packages'
[38.912s] Level 1:colcon.colcon_core.environment:checking '/home/nathan/ros2_ws/install/sllidar_ros2/bin'
[38.912s] INFO:colcon.colcon_core.shell:Creating package script '/home/nathan/ros2_ws/install/sllidar_ros2/share/sllidar_ros2/package.ps1'
[38.913s] INFO:colcon.colcon_core.shell:Creating package descriptor '/home/nathan/ros2_ws/install/sllidar_ros2/share/sllidar_ros2/package.dsv'
[38.914s] INFO:colcon.colcon_core.shell:Creating package script '/home/nathan/ros2_ws/install/sllidar_ros2/share/sllidar_ros2/package.sh'
[38.914s] INFO:colcon.colcon_core.shell:Creating package script '/home/nathan/ros2_ws/install/sllidar_ros2/share/sllidar_ros2/package.bash'
[38.915s] INFO:colcon.colcon_core.shell:Creating package script '/home/nathan/ros2_ws/install/sllidar_ros2/share/sllidar_ros2/package.zsh'
[38.915s] Level 1:colcon.colcon_core.environment:create_file_with_runtime_dependencies(/home/nathan/ros2_ws/install/sllidar_ros2/share/colcon-core/packages/sllidar_ros2)
[38.916s] Level 1:colcon.colcon_core.environment:create_environment_scripts_only(sllidar_ros2)
[38.917s] Level 1:colcon.colcon_core.environment:checking '/home/nathan/ros2_ws/install/sllidar_ros2' for CMake module files
[38.917s] Level 1:colcon.colcon_core.environment:checking '/home/nathan/ros2_ws/install/sllidar_ros2' for CMake config files
[38.917s] Level 1:colcon.colcon_core.shell:create_environment_hook('sllidar_ros2', 'cmake_prefix_path')
[38.918s] INFO:colcon.colcon_core.shell:Creating environment hook '/home/nathan/ros2_ws/install/sllidar_ros2/share/sllidar_ros2/hook/cmake_prefix_path.ps1'
[38.918s] INFO:colcon.colcon_core.shell:Creating environment descriptor '/home/nathan/ros2_ws/install/sllidar_ros2/share/sllidar_ros2/hook/cmake_prefix_path.dsv'
[38.919s] INFO:colcon.colcon_core.shell:Creating environment hook '/home/nathan/ros2_ws/install/sllidar_ros2/share/sllidar_ros2/hook/cmake_prefix_path.sh'
[38.920s] Level 1:colcon.colcon_core.environment:checking '/home/nathan/ros2_ws/install/sllidar_ros2/lib'
[38.920s] Level 1:colcon.colcon_core.environment:checking '/home/nathan/ros2_ws/install/sllidar_ros2/bin'
[38.920s] Level 1:colcon.colcon_core.environment:checking '/home/nathan/ros2_ws/install/sllidar_ros2/lib/pkgconfig/sllidar_ros2.pc'
[38.920s] Level 1:colcon.colcon_core.environment:checking '/home/nathan/ros2_ws/install/sllidar_ros2/lib/python3.10/site-packages'
[38.921s] Level 1:colcon.colcon_core.environment:checking '/home/nathan/ros2_ws/install/sllidar_ros2/bin'
[38.921s] INFO:colcon.colcon_core.shell:Creating package script '/home/nathan/ros2_ws/install/sllidar_ros2/share/sllidar_ros2/package.ps1'
[38.922s] INFO:colcon.colcon_core.shell:Creating package descriptor '/home/nathan/ros2_ws/install/sllidar_ros2/share/sllidar_ros2/package.dsv'
[38.923s] INFO:colcon.colcon_core.shell:Creating package script '/home/nathan/ros2_ws/install/sllidar_ros2/share/sllidar_ros2/package.sh'
[38.923s] INFO:colcon.colcon_core.shell:Creating package script '/home/nathan/ros2_ws/install/sllidar_ros2/share/sllidar_ros2/package.bash'
[38.924s] INFO:colcon.colcon_core.shell:Creating package script '/home/nathan/ros2_ws/install/sllidar_ros2/share/sllidar_ros2/package.zsh'
[38.924s] Level 1:colcon.colcon_core.environment:create_file_with_runtime_dependencies(/home/nathan/ros2_ws/install/sllidar_ros2/share/colcon-core/packages/sllidar_ros2)
[38.925s] DEBUG:colcon.colcon_parallel_executor.executor.parallel:closing loop
[38.925s] DEBUG:colcon.colcon_parallel_executor.executor.parallel:loop closed
[38.925s] DEBUG:colcon.colcon_parallel_executor.executor.parallel:run_until_complete finished with '0'
[38.925s] DEBUG:colcon.colcon_core.event_reactor:joining thread
[39.024s] INFO:colcon.colcon_core.plugin_system:Skipping extension 'colcon_notification.desktop_notification.terminal_notifier': Not used on non-Darwin systems
[39.024s] INFO:colcon.colcon_core.plugin_system:Skipping extension 'colcon_notification.desktop_notification.win32': Not used on non-Windows systems
[39.025s] INFO:colcon.colcon_notification.desktop_notification:Sending desktop notification using 'notify2'
[39.083s] DEBUG:colcon.colcon_core.event_reactor:joined thread
[39.084s] INFO:colcon.colcon_core.shell:Creating prefix script '/home/nathan/ros2_ws/install/local_setup.ps1'
[39.106s] INFO:colcon.colcon_core.shell:Creating prefix util module '/home/nathan/ros2_ws/install/_local_setup_util_ps1.py'
[39.142s] INFO:colcon.colcon_core.shell:Creating prefix chain script '/home/nathan/ros2_ws/install/setup.ps1'
[39.146s] INFO:colcon.colcon_core.shell:Creating prefix script '/home/nathan/ros2_ws/install/local_setup.sh'
[39.160s] INFO:colcon.colcon_core.shell:Creating prefix util module '/home/nathan/ros2_ws/install/_local_setup_util_sh.py'
[39.162s] INFO:colcon.colcon_core.shell:Creating prefix chain script '/home/nathan/ros2_ws/install/setup.sh'
[39.167s] INFO:colcon.colcon_core.shell:Creating prefix script '/home/nathan/ros2_ws/install/local_setup.bash'
[39.198s] INFO:colcon.colcon_core.shell:Creating prefix chain script '/home/nathan/ros2_ws/install/setup.bash'
[39.203s] INFO:colcon.colcon_core.shell:Creating prefix script '/home/nathan/ros2_ws/install/local_setup.zsh'
[39.219s] INFO:colcon.colcon_core.shell:Creating prefix chain script '/home/nathan/ros2_ws/install/setup.zsh'
