[0.107s] Invoking command in '/home/nathan/ros2_ws/build/sllidar_ros2': CMAKE_PREFIX_PATH=${CMAKE_PREFIX_PATH}:/home/nathan/ros2_ws/install/joy_tester:/opt/ros/humble /usr/bin/cmake --build /home/nathan/ros2_ws/build/sllidar_ros2 -- -j4 -l4
[1.733s] [ 10%] Built target sllidar_client
[2.074s] [100%] Built target sllidar_node
[2.088s] Invoked command in '/home/nathan/ros2_ws/build/sllidar_ros2' returned '0': CMAKE_PREFIX_PATH=${CMAKE_PREFIX_PATH}:/home/nathan/ros2_ws/install/joy_tester:/opt/ros/humble /usr/bin/cmake --build /home/nathan/ros2_ws/build/sllidar_ros2 -- -j4 -l4
[2.102s] Invoking command in '/home/nathan/ros2_ws/build/sllidar_ros2': CMAKE_PREFIX_PATH=${CMAKE_PREFIX_PATH}:/home/nathan/ros2_ws/install/joy_tester:/opt/ros/humble /usr/bin/cmake --install /home/nathan/ros2_ws/build/sllidar_ros2
[2.122s] -- Install configuration: ""
[2.122s] -- Up-to-date: /home/nathan/ros2_ws/install/sllidar_ros2/share/sllidar_ros2/launch
[2.122s] -- Up-to-date: /home/nathan/ros2_ws/install/sllidar_ros2/share/sllidar_ros2/launch/sllidar_a1_launch.py
[2.122s] -- Up-to-date: /home/nathan/ros2_ws/install/sllidar_ros2/share/sllidar_ros2/rviz
[2.122s] -- Up-to-date: /home/nathan/ros2_ws/install/sllidar_ros2/share/sllidar_ros2/rviz/sllidar_ros2.rviz
[2.221s] -- Up-to-date: /home/nathan/ros2_ws/install/sllidar_ros2/lib/sllidar_ros2/sllidar_node
[2.302s] -- Up-to-date: /home/nathan/ros2_ws/install/sllidar_ros2/lib/sllidar_ros2/sllidar_client
[2.303s] -- Up-to-date: /home/nathan/ros2_ws/install/sllidar_ros2/share/ament_index/resource_index/package_run_dependencies/sllidar_ros2
[2.304s] -- Up-to-date: /home/nathan/ros2_ws/install/sllidar_ros2/share/ament_index/resource_index/parent_prefix_path/sllidar_ros2
[2.304s] -- Up-to-date: /home/nathan/ros2_ws/install/sllidar_ros2/share/sllidar_ros2/environment/ament_prefix_path.sh
[2.305s] -- Up-to-date: /home/nathan/ros2_ws/install/sllidar_ros2/share/sllidar_ros2/environment/ament_prefix_path.dsv
[2.305s] -- Up-to-date: /home/nathan/ros2_ws/install/sllidar_ros2/share/sllidar_ros2/environment/path.sh
[2.305s] -- Up-to-date: /home/nathan/ros2_ws/install/sllidar_ros2/share/sllidar_ros2/environment/path.dsv
[2.306s] -- Up-to-date: /home/nathan/ros2_ws/install/sllidar_ros2/share/sllidar_ros2/local_setup.bash
[2.306s] -- Up-to-date: /home/nathan/ros2_ws/install/sllidar_ros2/share/sllidar_ros2/local_setup.sh
[2.306s] -- Up-to-date: /home/nathan/ros2_ws/install/sllidar_ros2/share/sllidar_ros2/local_setup.zsh
[2.306s] -- Up-to-date: /home/nathan/ros2_ws/install/sllidar_ros2/share/sllidar_ros2/local_setup.dsv
[2.307s] -- Installing: /home/nathan/ros2_ws/install/sllidar_ros2/share/sllidar_ros2/package.dsv
[2.341s] -- Up-to-date: /home/nathan/ros2_ws/install/sllidar_ros2/share/ament_index/resource_index/packages/sllidar_ros2
[2.341s] -- Up-to-date: /home/nathan/ros2_ws/install/sllidar_ros2/share/sllidar_ros2/cmake/ament_cmake_export_dependencies-extras.cmake
[2.341s] -- Up-to-date: /home/nathan/ros2_ws/install/sllidar_ros2/share/sllidar_ros2/cmake/ament_cmake_export_include_directories-extras.cmake
[2.341s] -- Up-to-date: /home/nathan/ros2_ws/install/sllidar_ros2/share/sllidar_ros2/cmake/sllidar_ros2Config.cmake
[2.341s] -- Up-to-date: /home/nathan/ros2_ws/install/sllidar_ros2/share/sllidar_ros2/cmake/sllidar_ros2Config-version.cmake
[2.341s] -- Up-to-date: /home/nathan/ros2_ws/install/sllidar_ros2/share/sllidar_ros2/package.xml
[2.344s] Invoked command in '/home/nathan/ros2_ws/build/sllidar_ros2' returned '0': CMAKE_PREFIX_PATH=${CMAKE_PREFIX_PATH}:/home/nathan/ros2_ws/install/joy_tester:/opt/ros/humble /usr/bin/cmake --install /home/nathan/ros2_ws/build/sllidar_ros2
