[0.143s] Invoking command in '/home/nathan/ros2_ws/build/articubot_one': CMAKE_PREFIX_PATH=${CMAKE_PREFIX_PATH}:/home/nathan/ros2_ws/install/rdj2025_potato_disease_detection:/home/nathan/ros2_ws/install/joy_tester:/opt/ros/humble /usr/bin/cmake /home/nathan/ros2_ws/src/articubot_one -DAMENT_CMAKE_SYMLINK_INSTALL=1 -DCMAKE_INSTALL_PREFIX=/home/nathan/ros2_ws/install/articubot_one
[1.156s] -- Found ament_cmake: 1.3.12 (/opt/ros/humble/share/ament_cmake/cmake)
[2.607s] -- Override CMake install command with custom implementation using symlinks instead of copying resources
[3.919s] -- Found ament_lint_auto: 0.12.14 (/opt/ros/humble/share/ament_lint_auto/cmake)
[5.486s] -- Added test 'copyright' to check source files copyright and LICENSE
[5.612s] -- Added test 'flake8' to check Python code syntax and style conventions
[5.661s] -- Added test 'lint_cmake' to check CMake code style
[5.706s] -- Added test 'pep257' to check Python code against some of the docstring style conventions in PEP 257
[5.756s] -- Added test 'xmllint' to check XML markup files
[5.907s] -- Configuring done
[6.484s] -- Generating done
[6.487s] -- Build files have been written to: /home/nathan/ros2_ws/build/articubot_one
[6.493s] Invoked command in '/home/nathan/ros2_ws/build/articubot_one' returned '0': CMAKE_PREFIX_PATH=${CMAKE_PREFIX_PATH}:/home/nathan/ros2_ws/install/rdj2025_potato_disease_detection:/home/nathan/ros2_ws/install/joy_tester:/opt/ros/humble /usr/bin/cmake /home/nathan/ros2_ws/src/articubot_one -DAMENT_CMAKE_SYMLINK_INSTALL=1 -DCMAKE_INSTALL_PREFIX=/home/nathan/ros2_ws/install/articubot_one
[6.495s] Invoking command in '/home/nathan/ros2_ws/build/articubot_one': CMAKE_PREFIX_PATH=${CMAKE_PREFIX_PATH}:/home/nathan/ros2_ws/install/rdj2025_potato_disease_detection:/home/nathan/ros2_ws/install/joy_tester:/opt/ros/humble /usr/bin/cmake --build /home/nathan/ros2_ws/build/articubot_one -- -j4 -l4
[6.563s] Invoked command in '/home/nathan/ros2_ws/build/articubot_one' returned '0': CMAKE_PREFIX_PATH=${CMAKE_PREFIX_PATH}:/home/nathan/ros2_ws/install/rdj2025_potato_disease_detection:/home/nathan/ros2_ws/install/joy_tester:/opt/ros/humble /usr/bin/cmake --build /home/nathan/ros2_ws/build/articubot_one -- -j4 -l4
[6.564s] Invoking command in '/home/nathan/ros2_ws/build/articubot_one': CMAKE_PREFIX_PATH=${CMAKE_PREFIX_PATH}:/home/nathan/ros2_ws/install/rdj2025_potato_disease_detection:/home/nathan/ros2_ws/install/joy_tester:/opt/ros/humble /usr/bin/cmake --install /home/nathan/ros2_ws/build/articubot_one
[6.580s] -- Install configuration: ""
[6.580s] -- Execute custom install script
[6.580s] -- Symlinking: /home/nathan/ros2_ws/install/articubot_one/share/articubot_one/config/ball_tracker_params_robot.yaml
[6.597s] -- Symlinking: /home/nathan/ros2_ws/install/articubot_one/share/articubot_one/config/ball_tracker_params_sim.yaml
[6.608s] -- Symlinking: /home/nathan/ros2_ws/install/articubot_one/share/articubot_one/config/drive_bot.rviz
[6.619s] -- Symlinking: /home/nathan/ros2_ws/install/articubot_one/share/articubot_one/config/empty.yaml
[6.635s] -- Symlinking: /home/nathan/ros2_ws/install/articubot_one/share/articubot_one/config/gaz_ros2_ctl_use_sim.yaml
[6.653s] -- Symlinking: /home/nathan/ros2_ws/install/articubot_one/share/articubot_one/config/gazebo_params.yaml
[6.673s] -- Symlinking: /home/nathan/ros2_ws/install/articubot_one/share/articubot_one/config/joystick.yaml
[6.692s] -- Symlinking: /home/nathan/ros2_ws/install/articubot_one/share/articubot_one/config/main.rviz
[6.706s] -- Symlinking: /home/nathan/ros2_ws/install/articubot_one/share/articubot_one/config/map.rviz
[6.718s] -- Symlinking: /home/nathan/ros2_ws/install/articubot_one/share/articubot_one/config/mapper_params_online_async.yaml
[6.731s] -- Symlinking: /home/nathan/ros2_ws/install/articubot_one/share/articubot_one/config/my_controllers.yaml
[6.746s] -- Symlinking: /home/nathan/ros2_ws/install/articubot_one/share/articubot_one/config/nav2_params.yaml
[6.787s] -- Symlinking: /home/nathan/ros2_ws/install/articubot_one/share/articubot_one/config/twist_mux.yaml
[6.798s] -- Symlinking: /home/nathan/ros2_ws/install/articubot_one/share/articubot_one/config/view_bot.rviz
[6.812s] -- Symlinking: /home/nathan/ros2_ws/install/articubot_one/share/articubot_one/description/camera.xacro
[6.826s] -- Symlinking: /home/nathan/ros2_ws/install/articubot_one/share/articubot_one/description/depth_camera.xacro
[6.849s] -- Symlinking: /home/nathan/ros2_ws/install/articubot_one/share/articubot_one/description/face.xacro
[6.872s] -- Symlinking: /home/nathan/ros2_ws/install/articubot_one/share/articubot_one/description/gazebo_control.xacro
[6.893s] -- Symlinking: /home/nathan/ros2_ws/install/articubot_one/share/articubot_one/description/inertial_macros.xacro
[6.911s] -- Symlinking: /home/nathan/ros2_ws/install/articubot_one/share/articubot_one/description/lidar.xacro
[6.927s] -- Symlinking: /home/nathan/ros2_ws/install/articubot_one/share/articubot_one/description/robot.urdf.xacro
[6.943s] -- Symlinking: /home/nathan/ros2_ws/install/articubot_one/share/articubot_one/description/robot_core.xacro
[6.964s] -- Symlinking: /home/nathan/ros2_ws/install/articubot_one/share/articubot_one/description/ros2_control.xacro
[6.989s] -- Symlinking: /home/nathan/ros2_ws/install/articubot_one/share/articubot_one/launch/ball_tracker.launch.py
[7.002s] -- Symlinking: /home/nathan/ros2_ws/install/articubot_one/share/articubot_one/launch/camera.launch.py
[7.015s] -- Symlinking: /home/nathan/ros2_ws/install/articubot_one/share/articubot_one/launch/joystick.launch.py
[7.027s] -- Symlinking: /home/nathan/ros2_ws/install/articubot_one/share/articubot_one/launch/launch_robot.launch.py
[7.052s] -- Symlinking: /home/nathan/ros2_ws/install/articubot_one/share/articubot_one/launch/launch_sim.launch.py
[7.070s] -- Symlinking: /home/nathan/ros2_ws/install/articubot_one/share/articubot_one/launch/localization_launch.py
[7.090s] -- Symlinking: /home/nathan/ros2_ws/install/articubot_one/share/articubot_one/launch/navigation_launch.py
[7.101s] -- Symlinking: /home/nathan/ros2_ws/install/articubot_one/share/articubot_one/launch/online_async_launch.py
[7.113s] -- Symlinking: /home/nathan/ros2_ws/install/articubot_one/share/articubot_one/launch/rplidar.launch.py
[7.123s] -- Symlinking: /home/nathan/ros2_ws/install/articubot_one/share/articubot_one/launch/rsp.launch.py
[7.138s] -- Symlinking: /home/nathan/ros2_ws/install/articubot_one/share/articubot_one/worlds/empty.world
[7.154s] -- Symlinking: /home/nathan/ros2_ws/install/articubot_one/share/articubot_one/worlds/obstacles.world
[7.169s] -- Symlinking: /home/nathan/ros2_ws/install/articubot_one/share/ament_index/resource_index/package_run_dependencies/articubot_one
[7.182s] -- Symlinking: /home/nathan/ros2_ws/install/articubot_one/share/ament_index/resource_index/parent_prefix_path/articubot_one
[7.193s] -- Symlinking: /home/nathan/ros2_ws/install/articubot_one/share/articubot_one/environment/ament_prefix_path.sh
[7.204s] -- Symlinking: /home/nathan/ros2_ws/install/articubot_one/share/articubot_one/environment/ament_prefix_path.dsv
[7.216s] -- Symlinking: /home/nathan/ros2_ws/install/articubot_one/share/articubot_one/environment/path.sh
[7.226s] -- Symlinking: /home/nathan/ros2_ws/install/articubot_one/share/articubot_one/environment/path.dsv
[7.242s] -- Symlinking: /home/nathan/ros2_ws/install/articubot_one/share/articubot_one/local_setup.bash
[7.258s] -- Symlinking: /home/nathan/ros2_ws/install/articubot_one/share/articubot_one/local_setup.sh
[7.275s] -- Symlinking: /home/nathan/ros2_ws/install/articubot_one/share/articubot_one/local_setup.zsh
[7.286s] -- Symlinking: /home/nathan/ros2_ws/install/articubot_one/share/articubot_one/local_setup.dsv
[7.297s] -- Symlinking: /home/nathan/ros2_ws/install/articubot_one/share/articubot_one/package.dsv
[7.308s] -- Symlinking: /home/nathan/ros2_ws/install/articubot_one/share/ament_index/resource_index/packages/articubot_one
[7.318s] -- Symlinking: /home/nathan/ros2_ws/install/articubot_one/share/articubot_one/cmake/articubot_oneConfig.cmake
[7.329s] -- Symlinking: /home/nathan/ros2_ws/install/articubot_one/share/articubot_one/cmake/articubot_oneConfig-version.cmake
[7.344s] -- Symlinking: /home/nathan/ros2_ws/install/articubot_one/share/articubot_one/package.xml
[7.919s] Invoked command in '/home/nathan/ros2_ws/build/articubot_one' returned '0': CMAKE_PREFIX_PATH=${CMAKE_PREFIX_PATH}:/home/nathan/ros2_ws/install/rdj2025_potato_disease_detection:/home/nathan/ros2_ws/install/joy_tester:/opt/ros/humble /usr/bin/cmake --install /home/nathan/ros2_ws/build/articubot_one
