[0.015s] Invoking command in '/home/nathan/ros2_ws/build/opennav_coverage_bt': AMENT_PREFIX_PATH=/home/nathan/ros2_ws/install/opennav_coverage_msgs:${AMENT_PREFIX_PATH} CMAKE_PREFIX_PATH=/home/nathan/ros2_ws/install/opennav_coverage_msgs:/home/nathan/ros2_ws/install/sllidar_ros2:/home/nathan/ros2_ws/install/ppp_bot:/home/nathan/ros2_ws/install/dojo:/home/nathan/ros2_ws/install/diffdrive_arduino:/home/nathan/ros2_ws/install/articubot_one:/home/nathan/ros2_ws/install/rdj2025_potato_disease_detection:/home/nathan/ros2_ws/install/joy_tester:/opt/ros/humble LD_LIBRARY_PATH=/home/nathan/ros2_ws/install/opennav_coverage_msgs/lib:${LD_LIBRARY_PATH} PYTHONPATH=/home/nathan/ros2_ws/install/opennav_coverage_msgs/local/lib/python3.10/dist-packages:${PYTHONPATH} /usr/bin/cmake /home/nathan/ros2_ws/src/opennav_coverage/opennav_coverage_bt -DAMENT_CMAKE_SYMLINK_INSTALL=1 -DCMAKE_INSTALL_PREFIX=/home/nathan/ros2_ws/install/opennav_coverage_bt
[0.082s] -- The C compiler identification is GNU 11.4.0
[0.237s] -- The CXX compiler identification is GNU 11.4.0
[0.247s] -- Detecting C compiler ABI info
[0.338s] -- Detecting C compiler ABI info - done
[0.354s] -- Check for working C compiler: /usr/bin/cc - skipped
[0.354s] -- Detecting C compile features
[0.355s] -- Detecting C compile features - done
[0.361s] -- Detecting CXX compiler ABI info
[0.463s] -- Detecting CXX compiler ABI info - done
[0.480s] -- Check for working CXX compiler: /usr/bin/c++ - skipped
[0.481s] -- Detecting CXX compile features
[0.481s] -- Detecting CXX compile features - done
[0.487s] -- Found ament_cmake: 1.3.12 (/opt/ros/humble/share/ament_cmake/cmake)
[0.752s] -- Found Python3: /usr/bin/python3 (found version "3.10.12") found components: Interpreter 
[0.839s] -- Override CMake install command with custom implementation using symlinks instead of copying resources
[0.930s] -- Found rclcpp: 16.0.14 (/opt/ros/humble/share/rclcpp/cmake)
[1.008s] -- Found rosidl_generator_c: 3.1.7 (/opt/ros/humble/share/rosidl_generator_c/cmake)
[1.021s] -- Found rosidl_adapter: 3.1.7 (/opt/ros/humble/share/rosidl_adapter/cmake)
[1.037s] -- Found rosidl_generator_cpp: 3.1.7 (/opt/ros/humble/share/rosidl_generator_cpp/cmake)
[1.054s] -- Using all available rosidl_typesupport_c: rosidl_typesupport_fastrtps_c;rosidl_typesupport_introspection_c
[1.079s] -- Using all available rosidl_typesupport_cpp: rosidl_typesupport_fastrtps_cpp;rosidl_typesupport_introspection_cpp
[1.226s] -- Found rmw_implementation_cmake: 6.1.2 (/opt/ros/humble/share/rmw_implementation_cmake/cmake)
[1.239s] -- Found rmw_fastrtps_cpp: 6.2.8 (/opt/ros/humble/share/rmw_fastrtps_cpp/cmake)
[1.647s] -- Found OpenSSL: /usr/lib/x86_64-linux-gnu/libcrypto.so (found version "3.0.2")  
[1.791s] -- Found FastRTPS: /opt/ros/humble/include  
[1.886s] -- Using RMW implementation 'rmw_fastrtps_cpp' as default
[1.990s] -- Looking for pthread.h
[2.121s] -- Looking for pthread.h - found
[2.122s] -- Performing Test CMAKE_HAVE_LIBC_PTHREAD
[2.217s] -- Performing Test CMAKE_HAVE_LIBC_PTHREAD - Success
[2.218s] -- Found Threads: TRUE  
[2.413s] -- Found rclcpp_action: 16.0.14 (/opt/ros/humble/share/rclcpp_action/cmake)
[2.487s] -- Found nav2_util: 1.1.18 (/opt/ros/humble/share/nav2_util/cmake)
[3.907s] -- Found eigen3_cmake_module: 0.1.1 (/opt/ros/humble/share/eigen3_cmake_module/cmake)
[3.929s] -- Found Eigen3: TRUE (found version "3.4.0") 
[3.929s] -- Ensuring Eigen3 include directory is part of orocos-kdl CMake target
[4.096s] -- Found nav2_bt_navigator: 1.1.18 (/opt/ros/humble/share/nav2_bt_navigator/cmake)
[5.164s] -- Found opennav_coverage_msgs: 0.0.1 (/home/nathan/ros2_ws/install/opennav_coverage_msgs/share/opennav_coverage_msgs/cmake)
[5.258s] [31mCMake Error at CMakeLists.txt:16 (find_package):
[5.259s]   By not providing "Findbehaviortree_cpp.cmake" in CMAKE_MODULE_PATH this
[5.259s]   project has asked CMake to find a package configuration file provided by
[5.259s]   "behaviortree_cpp", but CMake did not find one.
[5.259s] 
[5.259s]   Could not find a package configuration file provided by "behaviortree_cpp"
[5.259s]   with any of the following names:
[5.259s] 
[5.259s]     behaviortree_cppConfig.cmake
[5.260s]     behaviortree_cpp-config.cmake
[5.260s] 
[5.260s]   Add the installation prefix of "behaviortree_cpp" to CMAKE_PREFIX_PATH or
[5.260s]   set "behaviortree_cpp_DIR" to a directory containing one of the above
[5.260s]   files.  If "behaviortree_cpp" provides a separate development package or
[5.260s]   SDK, be sure it has been installed.
[5.260s] 
[5.260s] [0m
[5.260s] -- Configuring incomplete, errors occurred!
[5.261s] See also "/home/nathan/ros2_ws/build/opennav_coverage_bt/CMakeFiles/CMakeOutput.log".
