[0.124s] Invoking command in '/home/nathan/ros2_ws/build/ppp_bot': CMAKE_PREFIX_PATH=${CMAKE_PREFIX_PATH}:/home/nathan/ros2_ws/install/image_processor:/home/nathan/ros2_ws/install/rdj2025_potato_disease_detection:/home/nathan/ros2_ws/install/joy_tester:/opt/ros/humble /usr/bin/cmake --build /home/nathan/ros2_ws/build/ppp_bot -- -j4 -l4
[0.269s] Invoked command in '/home/nathan/ros2_ws/build/ppp_bot' returned '0': CMAKE_PREFIX_PATH=${CMAKE_PREFIX_PATH}:/home/nathan/ros2_ws/install/image_processor:/home/nathan/ros2_ws/install/rdj2025_potato_disease_detection:/home/nathan/ros2_ws/install/joy_tester:/opt/ros/humble /usr/bin/cmake --build /home/nathan/ros2_ws/build/ppp_bot -- -j4 -l4
[0.373s] Invoking command in '/home/nathan/ros2_ws/build/ppp_bot': CMAKE_PREFIX_PATH=${CMAKE_PREFIX_PATH}:/home/nathan/ros2_ws/install/image_processor:/home/nathan/ros2_ws/install/rdj2025_potato_disease_detection:/home/nathan/ros2_ws/install/joy_tester:/opt/ros/humble /usr/bin/cmake --install /home/nathan/ros2_ws/build/ppp_bot
[0.382s] -- Install configuration: ""
[0.415s] -- Execute custom install script
[0.491s] -- Up-to-date symlink: /home/nathan/ros2_ws/install/ppp_bot/share/ppp_bot//description/camera.xacro
[0.492s] -- Up-to-date symlink: /home/nathan/ros2_ws/install/ppp_bot/share/ppp_bot//description/depth_camera.xacro
[0.492s] -- Up-to-date symlink: /home/nathan/ros2_ws/install/ppp_bot/share/ppp_bot//description/ignition_control.xacro
[0.493s] -- Up-to-date symlink: /home/nathan/ros2_ws/install/ppp_bot/share/ppp_bot//description/inertial_macros.xacro
[0.525s] -- Up-to-date symlink: /home/nathan/ros2_ws/install/ppp_bot/share/ppp_bot//description/lidar.xacro
[0.526s] -- Up-to-date symlink: /home/nathan/ros2_ws/install/ppp_bot/share/ppp_bot//description/materials.xacro
[0.527s] -- Up-to-date symlink: /home/nathan/ros2_ws/install/ppp_bot/share/ppp_bot//description/robot.urdf.xacro
[0.558s] -- Up-to-date symlink: /home/nathan/ros2_ws/install/ppp_bot/share/ppp_bot//description/robot_core.xacro
[0.558s] -- Up-to-date symlink: /home/nathan/ros2_ws/install/ppp_bot/share/ppp_bot//description/ros2_control.xacro
[0.559s] -- Up-to-date symlink: /home/nathan/ros2_ws/install/ppp_bot/share/ppp_bot//launch/joystick.launch.py
[0.559s] -- Up-to-date symlink: /home/nathan/ros2_ws/install/ppp_bot/share/ppp_bot//launch/keyboard.launch.py
[0.560s] -- Up-to-date symlink: /home/nathan/ros2_ws/install/ppp_bot/share/ppp_bot//launch/launch_ign.launch.py
[0.560s] -- Up-to-date symlink: /home/nathan/ros2_ws/install/ppp_bot/share/ppp_bot//launch/launch_sim.launch.py
[0.560s] -- Up-to-date symlink: /home/nathan/ros2_ws/install/ppp_bot/share/ppp_bot//launch/legacy_launch_sim.launch.py
[0.561s] -- Up-to-date symlink: /home/nathan/ros2_ws/install/ppp_bot/share/ppp_bot//launch/localization.launch.py
[0.561s] -- Up-to-date symlink: /home/nathan/ros2_ws/install/ppp_bot/share/ppp_bot//launch/navigation.launch.py
[0.561s] -- Up-to-date symlink: /home/nathan/ros2_ws/install/ppp_bot/share/ppp_bot//launch/online_async.launch.py
[0.562s] -- Up-to-date symlink: /home/nathan/ros2_ws/install/ppp_bot/share/ppp_bot//launch/rsp.launch.py
[0.563s] -- Up-to-date symlink: /home/nathan/ros2_ws/install/ppp_bot/share/ppp_bot//launch/teleop_sim.launch.py
[0.621s] -- Up-to-date symlink: /home/nathan/ros2_ws/install/ppp_bot/share/ppp_bot//worlds/barrels.sdf
[0.621s] -- Up-to-date symlink: /home/nathan/ros2_ws/install/ppp_bot/share/ppp_bot//worlds/cones.sdf
[0.622s] -- Up-to-date symlink: /home/nathan/ros2_ws/install/ppp_bot/share/ppp_bot//worlds/cones2.sdf
[0.622s] -- Up-to-date symlink: /home/nathan/ros2_ws/install/ppp_bot/share/ppp_bot//worlds/empty.sdf
[0.622s] -- Up-to-date symlink: /home/nathan/ros2_ws/install/ppp_bot/share/ppp_bot//worlds/maze.sdf
[0.623s] -- Up-to-date symlink: /home/nathan/ros2_ws/install/ppp_bot/share/ppp_bot//worlds/moving_robot.sdf
[0.623s] -- Up-to-date symlink: /home/nathan/ros2_ws/install/ppp_bot/share/ppp_bot//worlds/room.sdf
[0.623s] -- Up-to-date symlink: /home/nathan/ros2_ws/install/ppp_bot/share/ppp_bot//worlds/room_with_cones.sdf
[0.624s] -- Up-to-date symlink: /home/nathan/ros2_ws/install/ppp_bot/share/ppp_bot//worlds/simple_room.sdf
[0.643s] -- Up-to-date symlink: /home/nathan/ros2_ws/install/ppp_bot/share/ppp_bot//config/default.rviz
[0.644s] -- Up-to-date symlink: /home/nathan/ros2_ws/install/ppp_bot/share/ppp_bot//config/joystick.yaml
[0.644s] -- Up-to-date symlink: /home/nathan/ros2_ws/install/ppp_bot/share/ppp_bot//config/mapper_params_online_async.yaml
[0.644s] -- Up-to-date symlink: /home/nathan/ros2_ws/install/ppp_bot/share/ppp_bot//config/my_controllers.yaml
[0.645s] -- Up-to-date symlink: /home/nathan/ros2_ws/install/ppp_bot/share/ppp_bot//config/nav2_params.yaml
[0.645s] -- Up-to-date symlink: /home/nathan/ros2_ws/install/ppp_bot/share/ppp_bot//config/twist_mux.yaml
[0.891s] -- Up-to-date symlink: /home/nathan/ros2_ws/install/ppp_bot/share/ppp_bot//models/construction_barrel/materials/textures/Construction_Barrel_Diffuse.png
[0.892s] -- Up-to-date symlink: /home/nathan/ros2_ws/install/ppp_bot/share/ppp_bot//models/construction_barrel/materials/textures/Construction_Barrel_Spec.png
[0.893s] -- Up-to-date symlink: /home/nathan/ros2_ws/install/ppp_bot/share/ppp_bot//models/construction_barrel/meshes/construction_barrel.dae
[0.894s] -- Up-to-date symlink: /home/nathan/ros2_ws/install/ppp_bot/share/ppp_bot//models/construction_barrel/model-1_3.sdf
[0.924s] -- Up-to-date symlink: /home/nathan/ros2_ws/install/ppp_bot/share/ppp_bot//models/construction_barrel/model-1_4.sdf
[0.925s] -- Up-to-date symlink: /home/nathan/ros2_ws/install/ppp_bot/share/ppp_bot//models/construction_barrel/model.config
[0.926s] -- Up-to-date symlink: /home/nathan/ros2_ws/install/ppp_bot/share/ppp_bot//models/construction_barrel/model.sdf
[0.927s] -- Up-to-date symlink: /home/nathan/ros2_ws/install/ppp_bot/share/ppp_bot//models/construction_barrel/thumbnails/1.png
[0.929s] -- Up-to-date symlink: /home/nathan/ros2_ws/install/ppp_bot/share/ppp_bot//models/construction_barrel/thumbnails/2.png
[0.957s] -- Up-to-date symlink: /home/nathan/ros2_ws/install/ppp_bot/share/ppp_bot//models/construction_barrel/thumbnails/3.png
[0.958s] -- Up-to-date symlink: /home/nathan/ros2_ws/install/ppp_bot/share/ppp_bot//models/construction_barrel/thumbnails/4.png
[0.958s] -- Up-to-date symlink: /home/nathan/ros2_ws/install/ppp_bot/share/ppp_bot//models/construction_barrel/thumbnails/5.png
[0.959s] -- Up-to-date symlink: /home/nathan/ros2_ws/install/ppp_bot/share/ppp_bot//models/construction_cone/materials/textures/Construction_Cone_Diffuse.png
[1.002s] -- Up-to-date symlink: /home/nathan/ros2_ws/install/ppp_bot/share/ppp_bot//models/construction_cone/meshes/construction_cone.dae
[1.003s] -- Up-to-date symlink: /home/nathan/ros2_ws/install/ppp_bot/share/ppp_bot//models/construction_cone/model-1_3.sdf
[1.004s] -- Up-to-date symlink: /home/nathan/ros2_ws/install/ppp_bot/share/ppp_bot//models/construction_cone/model-1_4.sdf
[1.058s] -- Up-to-date symlink: /home/nathan/ros2_ws/install/ppp_bot/share/ppp_bot//models/construction_cone/model.config
[1.059s] -- Up-to-date symlink: /home/nathan/ros2_ws/install/ppp_bot/share/ppp_bot//models/construction_cone/model.sdf
[1.059s] -- Up-to-date symlink: /home/nathan/ros2_ws/install/ppp_bot/share/ppp_bot//models/construction_cone/thumbnails/1.png
[1.060s] -- Up-to-date symlink: /home/nathan/ros2_ws/install/ppp_bot/share/ppp_bot//models/construction_cone/thumbnails/2.png
[1.091s] -- Up-to-date symlink: /home/nathan/ros2_ws/install/ppp_bot/share/ppp_bot//models/construction_cone/thumbnails/3.png
[1.092s] -- Up-to-date symlink: /home/nathan/ros2_ws/install/ppp_bot/share/ppp_bot//models/construction_cone/thumbnails/4.png
[1.093s] -- Up-to-date symlink: /home/nathan/ros2_ws/install/ppp_bot/share/ppp_bot//models/construction_cone/thumbnails/5.png
[1.094s] -- Up-to-date symlink: /home/nathan/ros2_ws/install/ppp_bot/share/ppp_bot//models/maze/model.config
[1.095s] -- Up-to-date symlink: /home/nathan/ros2_ws/install/ppp_bot/share/ppp_bot//models/maze/model.sdf
[1.135s] -- Up-to-date symlink: /home/nathan/ros2_ws/install/ppp_bot/share/ppp_bot//models/room/model.config
[1.137s] -- Up-to-date symlink: /home/nathan/ros2_ws/install/ppp_bot/share/ppp_bot//models/room/model.sdf
[1.137s] -- Up-to-date symlink: /home/nathan/ros2_ws/install/ppp_bot/share/ppp_bot//models/simple_room/model.config
[1.138s] -- Up-to-date symlink: /home/nathan/ros2_ws/install/ppp_bot/share/ppp_bot//models/simple_room/model.sdf
[1.213s] -- Up-to-date symlink: /home/nathan/ros2_ws/install/ppp_bot/share/ppp_bot//maps/baseline.pgm
[1.213s] -- Up-to-date symlink: /home/nathan/ros2_ws/install/ppp_bot/share/ppp_bot//maps/baseline.yaml
[1.213s] -- Up-to-date symlink: /home/nathan/ros2_ws/install/ppp_bot/share/ppp_bot//maps/cones.data
[1.214s] -- Up-to-date symlink: /home/nathan/ros2_ws/install/ppp_bot/share/ppp_bot//maps/cones.pgm
[1.215s] -- Up-to-date symlink: /home/nathan/ros2_ws/install/ppp_bot/share/ppp_bot//maps/cones.posegraph
[1.258s] -- Up-to-date symlink: /home/nathan/ros2_ws/install/ppp_bot/share/ppp_bot//maps/cones.yaml
[1.259s] -- Up-to-date symlink: /home/nathan/ros2_ws/install/ppp_bot/share/ppp_bot//maps/cones2.pgm
[1.260s] -- Up-to-date symlink: /home/nathan/ros2_ws/install/ppp_bot/share/ppp_bot//maps/cones2.yaml
[1.261s] -- Up-to-date symlink: /home/nathan/ros2_ws/install/ppp_bot/share/ppp_bot//maps/maze.data
[1.290s] -- Up-to-date symlink: /home/nathan/ros2_ws/install/ppp_bot/share/ppp_bot//maps/maze.pgm
[1.291s] -- Up-to-date symlink: /home/nathan/ros2_ws/install/ppp_bot/share/ppp_bot//maps/maze.posegraph
[1.291s] -- Up-to-date symlink: /home/nathan/ros2_ws/install/ppp_bot/share/ppp_bot//maps/maze.yaml
[1.292s] -- Up-to-date symlink: /home/nathan/ros2_ws/install/ppp_bot/share/ppp_bot//maps/room.data
[1.292s] -- Up-to-date symlink: /home/nathan/ros2_ws/install/ppp_bot/share/ppp_bot//maps/room.pgm
[1.325s] -- Up-to-date symlink: /home/nathan/ros2_ws/install/ppp_bot/share/ppp_bot//maps/room.posegraph
[1.325s] -- Up-to-date symlink: /home/nathan/ros2_ws/install/ppp_bot/share/ppp_bot//maps/room.yaml
[1.325s] -- Up-to-date symlink: /home/nathan/ros2_ws/install/ppp_bot/share/ppp_bot//maps/room_with_cones.data
[1.325s] -- Up-to-date symlink: /home/nathan/ros2_ws/install/ppp_bot/share/ppp_bot//maps/room_with_cones.pgm
[1.368s] -- Up-to-date symlink: /home/nathan/ros2_ws/install/ppp_bot/share/ppp_bot//maps/room_with_cones.posegraph
[1.369s] -- Up-to-date symlink: /home/nathan/ros2_ws/install/ppp_bot/share/ppp_bot//maps/room_with_cones.yaml
[1.371s] -- Up-to-date symlink: /home/nathan/ros2_ws/install/ppp_bot/share/ppp_bot//maps/simple_room.data
[1.373s] -- Up-to-date symlink: /home/nathan/ros2_ws/install/ppp_bot/share/ppp_bot//maps/simple_room.pgm
[1.373s] -- Up-to-date symlink: /home/nathan/ros2_ws/install/ppp_bot/share/ppp_bot//maps/simple_room.posegraph
[1.402s] -- Up-to-date symlink: /home/nathan/ros2_ws/install/ppp_bot/share/ppp_bot//maps/simple_room.yaml
[1.403s] -- Up-to-date symlink: /home/nathan/ros2_ws/install/ppp_bot/share/ament_index/resource_index/package_run_dependencies/ppp_bot
[1.405s] -- Up-to-date symlink: /home/nathan/ros2_ws/install/ppp_bot/share/ament_index/resource_index/parent_prefix_path/ppp_bot
[1.405s] -- Up-to-date symlink: /home/nathan/ros2_ws/install/ppp_bot/share/ppp_bot/environment/ament_prefix_path.sh
[1.424s] -- Up-to-date symlink: /home/nathan/ros2_ws/install/ppp_bot/share/ppp_bot/environment/ament_prefix_path.dsv
[1.425s] -- Up-to-date symlink: /home/nathan/ros2_ws/install/ppp_bot/share/ppp_bot/environment/path.sh
[1.427s] -- Up-to-date symlink: /home/nathan/ros2_ws/install/ppp_bot/share/ppp_bot/environment/path.dsv
[1.428s] -- Up-to-date symlink: /home/nathan/ros2_ws/install/ppp_bot/share/ppp_bot/local_setup.bash
[1.429s] -- Up-to-date symlink: /home/nathan/ros2_ws/install/ppp_bot/share/ppp_bot/local_setup.sh
[1.447s] -- Up-to-date symlink: /home/nathan/ros2_ws/install/ppp_bot/share/ppp_bot/local_setup.zsh
[1.448s] -- Up-to-date symlink: /home/nathan/ros2_ws/install/ppp_bot/share/ppp_bot/local_setup.dsv
[1.449s] -- Symlinking: /home/nathan/ros2_ws/install/ppp_bot/share/ppp_bot/package.dsv
[1.512s] -- Up-to-date symlink: /home/nathan/ros2_ws/install/ppp_bot/share/ament_index/resource_index/packages/ppp_bot
[1.524s] -- Up-to-date symlink: /home/nathan/ros2_ws/install/ppp_bot/share/ppp_bot/cmake/ppp_botConfig.cmake
[1.525s] -- Up-to-date symlink: /home/nathan/ros2_ws/install/ppp_bot/share/ppp_bot/cmake/ppp_botConfig-version.cmake
[1.527s] -- Up-to-date symlink: /home/nathan/ros2_ws/install/ppp_bot/share/ppp_bot/package.xml
[1.556s] Invoked command in '/home/nathan/ros2_ws/build/ppp_bot' returned '0': CMAKE_PREFIX_PATH=${CMAKE_PREFIX_PATH}:/home/nathan/ros2_ws/install/image_processor:/home/nathan/ros2_ws/install/rdj2025_potato_disease_detection:/home/nathan/ros2_ws/install/joy_tester:/opt/ros/humble /usr/bin/cmake --install /home/nathan/ros2_ws/build/ppp_bot
