[0.050s] Invoking command in '/home/nathan/ros2_ws/build/dojo': CMAKE_PREFIX_PATH=${CMAKE_PREFIX_PATH}:/home/nathan/ros2_ws/install/joy_tester:/opt/ros/humble /usr/bin/cmake --build /home/nathan/ros2_ws/build/dojo -- -j4 -l4
[0.631s] Invoked command in '/home/nathan/ros2_ws/build/dojo' returned '0': CMAKE_PREFIX_PATH=${CMAKE_PREFIX_PATH}:/home/nathan/ros2_ws/install/joy_tester:/opt/ros/humble /usr/bin/cmake --build /home/nathan/ros2_ws/build/dojo -- -j4 -l4
[0.633s] Invoking command in '/home/nathan/ros2_ws/build/dojo': CMAKE_PREFIX_PATH=${CMAKE_PREFIX_PATH}:/home/nathan/ros2_ws/install/joy_tester:/opt/ros/humble /usr/bin/cmake --install /home/nathan/ros2_ws/build/dojo
[0.678s] -- Install configuration: ""
[0.679s] -- Up-to-date: /home/nathan/ros2_ws/install/dojo/share/dojo/config
[0.679s] -- Up-to-date: /home/nathan/ros2_ws/install/dojo/share/dojo/config/my_controllers.yaml
[0.679s] -- Up-to-date: /home/nathan/ros2_ws/install/dojo/share/dojo/config/joystick.yaml
[0.679s] -- Up-to-date: /home/nathan/ros2_ws/install/dojo/share/dojo/config/default_view.rviz
[0.679s] -- Up-to-date: /home/nathan/ros2_ws/install/dojo/share/dojo/config/gazebo_params.yaml
[0.679s] -- Up-to-date: /home/nathan/ros2_ws/install/dojo/share/dojo/config/gaz_ros2_ctl_use_sim.yaml
[0.680s] -- Up-to-date: /home/nathan/ros2_ws/install/dojo/share/dojo/config/twist_mux.yaml
[0.680s] -- Up-to-date: /home/nathan/ros2_ws/install/dojo/share/dojo/config/empty.yaml
[0.680s] -- Up-to-date: /home/nathan/ros2_ws/install/dojo/share/dojo/config/mapper_params_online_async.yaml
[0.680s] -- Up-to-date: /home/nathan/ros2_ws/install/dojo/share/dojo/config/nav2_params.yaml
[0.680s] -- Up-to-date: /home/nathan/ros2_ws/install/dojo/share/dojo/description
[0.680s] -- Up-to-date: /home/nathan/ros2_ws/install/dojo/share/dojo/description/ros2_control.xacro
[0.680s] -- Up-to-date: /home/nathan/ros2_ws/install/dojo/share/dojo/description/lidar.xacro
[0.681s] -- Up-to-date: /home/nathan/ros2_ws/install/dojo/share/dojo/description/robot.urdf.xacro
[0.681s] -- Up-to-date: /home/nathan/ros2_ws/install/dojo/share/dojo/description/gazebo_control.xacro
[0.681s] -- Installing: /home/nathan/ros2_ws/install/dojo/share/dojo/description/robot_core.xacro
[0.681s] -- Up-to-date: /home/nathan/ros2_ws/install/dojo/share/dojo/description/inertial_macros.xacro
[0.681s] -- Up-to-date: /home/nathan/ros2_ws/install/dojo/share/dojo/launch
[0.682s] -- Up-to-date: /home/nathan/ros2_ws/install/dojo/share/dojo/launch/joystick.launch.py
[0.682s] -- Up-to-date: /home/nathan/ros2_ws/install/dojo/share/dojo/launch/raspi_bot.launch.py
[0.682s] -- Up-to-date: /home/nathan/ros2_ws/install/dojo/share/dojo/launch/navigation_launch.py
[0.682s] -- Up-to-date: /home/nathan/ros2_ws/install/dojo/share/dojo/launch/rsp.launch.py
[0.683s] -- Up-to-date: /home/nathan/ros2_ws/install/dojo/share/dojo/launch/consolidated.launch.py
[0.683s] -- Up-to-date: /home/nathan/ros2_ws/install/dojo/share/dojo/launch/launch_robot.launch.py
[0.683s] -- Up-to-date: /home/nathan/ros2_ws/install/dojo/share/dojo/launch/launch_sim.launch.py
[0.683s] -- Up-to-date: /home/nathan/ros2_ws/install/dojo/share/dojo/launch/localization_launch.py
[0.683s] -- Up-to-date: /home/nathan/ros2_ws/install/dojo/share/dojo/worlds
[0.683s] -- Up-to-date: /home/nathan/ros2_ws/install/dojo/share/dojo/worlds/dojo2024
[0.683s] -- Up-to-date: /home/nathan/ros2_ws/install/dojo/share/dojo/worlds/world_model
[0.684s] -- Up-to-date: /home/nathan/ros2_ws/install/dojo/share/dojo/worlds/world_model/model.config
[0.684s] -- Up-to-date: /home/nathan/ros2_ws/install/dojo/share/dojo/worlds/world_model/model.sdf
[0.684s] -- Up-to-date: /home/nathan/ros2_ws/install/dojo/share/dojo/worlds/empty.world
[0.684s] -- Up-to-date: /home/nathan/ros2_ws/install/dojo/share/ament_index/resource_index/package_run_dependencies/dojo
[0.684s] -- Up-to-date: /home/nathan/ros2_ws/install/dojo/share/ament_index/resource_index/parent_prefix_path/dojo
[0.684s] -- Up-to-date: /home/nathan/ros2_ws/install/dojo/share/dojo/environment/ament_prefix_path.sh
[0.684s] -- Up-to-date: /home/nathan/ros2_ws/install/dojo/share/dojo/environment/ament_prefix_path.dsv
[0.685s] -- Up-to-date: /home/nathan/ros2_ws/install/dojo/share/dojo/environment/path.sh
[0.685s] -- Up-to-date: /home/nathan/ros2_ws/install/dojo/share/dojo/environment/path.dsv
[0.685s] -- Up-to-date: /home/nathan/ros2_ws/install/dojo/share/dojo/local_setup.bash
[0.685s] -- Up-to-date: /home/nathan/ros2_ws/install/dojo/share/dojo/local_setup.sh
[0.685s] -- Up-to-date: /home/nathan/ros2_ws/install/dojo/share/dojo/local_setup.zsh
[0.686s] -- Up-to-date: /home/nathan/ros2_ws/install/dojo/share/dojo/local_setup.dsv
[0.686s] -- Installing: /home/nathan/ros2_ws/install/dojo/share/dojo/package.dsv
[0.686s] -- Up-to-date: /home/nathan/ros2_ws/install/dojo/share/ament_index/resource_index/packages/dojo
[0.686s] -- Up-to-date: /home/nathan/ros2_ws/install/dojo/share/dojo/cmake/dojoConfig.cmake
[0.686s] -- Up-to-date: /home/nathan/ros2_ws/install/dojo/share/dojo/cmake/dojoConfig-version.cmake
[0.686s] -- Up-to-date: /home/nathan/ros2_ws/install/dojo/share/dojo/package.xml
[0.756s] Invoked command in '/home/nathan/ros2_ws/build/dojo' returned '0': CMAKE_PREFIX_PATH=${CMAKE_PREFIX_PATH}:/home/nathan/ros2_ws/install/joy_tester:/opt/ros/humble /usr/bin/cmake --install /home/nathan/ros2_ws/build/dojo
