[0.219s] Invoking command in '/home/nathan/ros2_ws/build/ppp_bot': CMAKE_PREFIX_PATH=${CMAKE_PREFIX_PATH}:/home/nathan/ros2_ws/install/rdj2025_potato_disease_detection:/home/nathan/ros2_ws/install/joy_tester:/opt/ros/humble /usr/bin/cmake --build /home/nathan/ros2_ws/build/ppp_bot -- -j4 -l4
[0.598s] Invoked command in '/home/nathan/ros2_ws/build/ppp_bot' returned '0': CMAKE_PREFIX_PATH=${CMAKE_PREFIX_PATH}:/home/nathan/ros2_ws/install/rdj2025_potato_disease_detection:/home/nathan/ros2_ws/install/joy_tester:/opt/ros/humble /usr/bin/cmake --build /home/nathan/ros2_ws/build/ppp_bot -- -j4 -l4
[0.663s] Invoking command in '/home/nathan/ros2_ws/build/ppp_bot': CMAKE_PREFIX_PATH=${CMAKE_PREFIX_PATH}:/home/nathan/ros2_ws/install/rdj2025_potato_disease_detection:/home/nathan/ros2_ws/install/joy_tester:/opt/ros/humble /usr/bin/cmake --install /home/nathan/ros2_ws/build/ppp_bot
[0.706s] -- Install configuration: ""
[0.706s] -- Up-to-date: /home/nathan/ros2_ws/install/ppp_bot/share/ppp_bot//description
[0.762s] -- Up-to-date: /home/nathan/ros2_ws/install/ppp_bot/share/ppp_bot//description/ros2_control.xacro
[0.762s] -- Up-to-date: /home/nathan/ros2_ws/install/ppp_bot/share/ppp_bot//description/camera.xacro
[0.762s] -- Up-to-date: /home/nathan/ros2_ws/install/ppp_bot/share/ppp_bot//description/ignition_control.xacro
[0.762s] -- Up-to-date: /home/nathan/ros2_ws/install/ppp_bot/share/ppp_bot//description/lidar.xacro
[0.762s] -- Up-to-date: /home/nathan/ros2_ws/install/ppp_bot/share/ppp_bot//description/depth_camera.xacro
[0.763s] -- Up-to-date: /home/nathan/ros2_ws/install/ppp_bot/share/ppp_bot//description/robot.urdf.xacro
[0.763s] -- Up-to-date: /home/nathan/ros2_ws/install/ppp_bot/share/ppp_bot//description/materials.xacro
[0.763s] -- Up-to-date: /home/nathan/ros2_ws/install/ppp_bot/share/ppp_bot//description/robot_core.xacro
[0.763s] -- Up-to-date: /home/nathan/ros2_ws/install/ppp_bot/share/ppp_bot//description/inertial_macros.xacro
[0.763s] -- Up-to-date: /home/nathan/ros2_ws/install/ppp_bot/share/ppp_bot//launch
[0.763s] -- Up-to-date: /home/nathan/ros2_ws/install/ppp_bot/share/ppp_bot//launch/joystick.launch.py
[0.763s] -- Up-to-date: /home/nathan/ros2_ws/install/ppp_bot/share/ppp_bot//launch/teleop_sim.launch.py
[0.763s] -- Up-to-date: /home/nathan/ros2_ws/install/ppp_bot/share/ppp_bot//launch/navigation.launch.py
[0.764s] -- Up-to-date: /home/nathan/ros2_ws/install/ppp_bot/share/ppp_bot//launch/rsp.launch.py
[0.764s] -- Up-to-date: /home/nathan/ros2_ws/install/ppp_bot/share/ppp_bot//launch/online_async.launch.py
[0.764s] -- Up-to-date: /home/nathan/ros2_ws/install/ppp_bot/share/ppp_bot//launch/launch_ign.launch.py
[0.764s] -- Up-to-date: /home/nathan/ros2_ws/install/ppp_bot/share/ppp_bot//launch/localization.launch.py
[0.764s] -- Up-to-date: /home/nathan/ros2_ws/install/ppp_bot/share/ppp_bot//launch/keyboard.launch.py
[0.764s] -- Up-to-date: /home/nathan/ros2_ws/install/ppp_bot/share/ppp_bot//launch/launch_sim.launch.py
[0.764s] -- Up-to-date: /home/nathan/ros2_ws/install/ppp_bot/share/ppp_bot//launch/legacy_launch_sim.launch.py
[0.764s] -- Up-to-date: /home/nathan/ros2_ws/install/ppp_bot/share/ppp_bot//worlds
[0.805s] -- Up-to-date: /home/nathan/ros2_ws/install/ppp_bot/share/ppp_bot//worlds/room_with_cones.sdf
[0.805s] -- Up-to-date: /home/nathan/ros2_ws/install/ppp_bot/share/ppp_bot//worlds/simple_room.sdf
[0.805s] -- Up-to-date: /home/nathan/ros2_ws/install/ppp_bot/share/ppp_bot//worlds/barrels.sdf
[0.806s] -- Up-to-date: /home/nathan/ros2_ws/install/ppp_bot/share/ppp_bot//worlds/cones.sdf
[0.806s] -- Up-to-date: /home/nathan/ros2_ws/install/ppp_bot/share/ppp_bot//worlds/empty.sdf
[0.806s] -- Up-to-date: /home/nathan/ros2_ws/install/ppp_bot/share/ppp_bot//worlds/moving_robot.sdf
[0.806s] -- Up-to-date: /home/nathan/ros2_ws/install/ppp_bot/share/ppp_bot//worlds/cones2.sdf
[0.806s] -- Up-to-date: /home/nathan/ros2_ws/install/ppp_bot/share/ppp_bot//worlds/maze.sdf
[0.806s] -- Up-to-date: /home/nathan/ros2_ws/install/ppp_bot/share/ppp_bot//worlds/room.sdf
[0.806s] -- Up-to-date: /home/nathan/ros2_ws/install/ppp_bot/share/ppp_bot//config
[0.849s] -- Up-to-date: /home/nathan/ros2_ws/install/ppp_bot/share/ppp_bot//config/my_controllers.yaml
[0.849s] -- Up-to-date: /home/nathan/ros2_ws/install/ppp_bot/share/ppp_bot//config/default.rviz
[0.849s] -- Up-to-date: /home/nathan/ros2_ws/install/ppp_bot/share/ppp_bot//config/joystick.yaml
[0.849s] -- Up-to-date: /home/nathan/ros2_ws/install/ppp_bot/share/ppp_bot//config/twist_mux.yaml
[0.849s] -- Up-to-date: /home/nathan/ros2_ws/install/ppp_bot/share/ppp_bot//config/mapper_params_online_async.yaml
[0.849s] -- Up-to-date: /home/nathan/ros2_ws/install/ppp_bot/share/ppp_bot//config/nav2_params.yaml
[0.849s] -- Up-to-date: /home/nathan/ros2_ws/install/ppp_bot/share/ppp_bot//models
[0.917s] -- Up-to-date: /home/nathan/ros2_ws/install/ppp_bot/share/ppp_bot//models/construction_barrel
[0.917s] -- Up-to-date: /home/nathan/ros2_ws/install/ppp_bot/share/ppp_bot//models/construction_barrel/meshes
[0.960s] -- Up-to-date: /home/nathan/ros2_ws/install/ppp_bot/share/ppp_bot//models/construction_barrel/meshes/construction_barrel.dae
[0.960s] -- Up-to-date: /home/nathan/ros2_ws/install/ppp_bot/share/ppp_bot//models/construction_barrel/thumbnails
[0.960s] -- Up-to-date: /home/nathan/ros2_ws/install/ppp_bot/share/ppp_bot//models/construction_barrel/thumbnails/3.png
[0.961s] -- Up-to-date: /home/nathan/ros2_ws/install/ppp_bot/share/ppp_bot//models/construction_barrel/thumbnails/1.png
[0.961s] -- Up-to-date: /home/nathan/ros2_ws/install/ppp_bot/share/ppp_bot//models/construction_barrel/thumbnails/5.png
[0.961s] -- Up-to-date: /home/nathan/ros2_ws/install/ppp_bot/share/ppp_bot//models/construction_barrel/thumbnails/4.png
[0.961s] -- Up-to-date: /home/nathan/ros2_ws/install/ppp_bot/share/ppp_bot//models/construction_barrel/thumbnails/2.png
[0.961s] -- Up-to-date: /home/nathan/ros2_ws/install/ppp_bot/share/ppp_bot//models/construction_barrel/model.config
[0.961s] -- Up-to-date: /home/nathan/ros2_ws/install/ppp_bot/share/ppp_bot//models/construction_barrel/model.sdf
[0.961s] -- Up-to-date: /home/nathan/ros2_ws/install/ppp_bot/share/ppp_bot//models/construction_barrel/materials
[0.961s] -- Up-to-date: /home/nathan/ros2_ws/install/ppp_bot/share/ppp_bot//models/construction_barrel/materials/textures
[1.017s] -- Up-to-date: /home/nathan/ros2_ws/install/ppp_bot/share/ppp_bot//models/construction_barrel/materials/textures/Construction_Barrel_Diffuse.png
[1.017s] -- Up-to-date: /home/nathan/ros2_ws/install/ppp_bot/share/ppp_bot//models/construction_barrel/materials/textures/Construction_Barrel_Spec.png
[1.017s] -- Up-to-date: /home/nathan/ros2_ws/install/ppp_bot/share/ppp_bot//models/construction_barrel/model-1_3.sdf
[1.017s] -- Up-to-date: /home/nathan/ros2_ws/install/ppp_bot/share/ppp_bot//models/construction_barrel/model-1_4.sdf
[1.017s] -- Up-to-date: /home/nathan/ros2_ws/install/ppp_bot/share/ppp_bot//models/construction_cone
[1.017s] -- Up-to-date: /home/nathan/ros2_ws/install/ppp_bot/share/ppp_bot//models/construction_cone/meshes
[1.049s] -- Up-to-date: /home/nathan/ros2_ws/install/ppp_bot/share/ppp_bot//models/construction_cone/meshes/construction_cone.dae
[1.049s] -- Up-to-date: /home/nathan/ros2_ws/install/ppp_bot/share/ppp_bot//models/construction_cone/thumbnails
[1.049s] -- Up-to-date: /home/nathan/ros2_ws/install/ppp_bot/share/ppp_bot//models/construction_cone/thumbnails/3.png
[1.050s] -- Up-to-date: /home/nathan/ros2_ws/install/ppp_bot/share/ppp_bot//models/construction_cone/thumbnails/1.png
[1.050s] -- Up-to-date: /home/nathan/ros2_ws/install/ppp_bot/share/ppp_bot//models/construction_cone/thumbnails/5.png
[1.050s] -- Up-to-date: /home/nathan/ros2_ws/install/ppp_bot/share/ppp_bot//models/construction_cone/thumbnails/4.png
[1.050s] -- Up-to-date: /home/nathan/ros2_ws/install/ppp_bot/share/ppp_bot//models/construction_cone/thumbnails/2.png
[1.051s] -- Up-to-date: /home/nathan/ros2_ws/install/ppp_bot/share/ppp_bot//models/construction_cone/model.config
[1.051s] -- Up-to-date: /home/nathan/ros2_ws/install/ppp_bot/share/ppp_bot//models/construction_cone/model.sdf
[1.051s] -- Up-to-date: /home/nathan/ros2_ws/install/ppp_bot/share/ppp_bot//models/construction_cone/materials
[1.150s] -- Up-to-date: /home/nathan/ros2_ws/install/ppp_bot/share/ppp_bot//models/construction_cone/materials/textures
[1.151s] -- Up-to-date: /home/nathan/ros2_ws/install/ppp_bot/share/ppp_bot//models/construction_cone/materials/textures/Construction_Cone_Diffuse.png
[1.151s] -- Up-to-date: /home/nathan/ros2_ws/install/ppp_bot/share/ppp_bot//models/construction_cone/model-1_3.sdf
[1.151s] -- Up-to-date: /home/nathan/ros2_ws/install/ppp_bot/share/ppp_bot//models/construction_cone/model-1_4.sdf
[1.152s] -- Up-to-date: /home/nathan/ros2_ws/install/ppp_bot/share/ppp_bot//models/maze
[1.152s] -- Up-to-date: /home/nathan/ros2_ws/install/ppp_bot/share/ppp_bot//models/maze/model.config
[1.152s] -- Up-to-date: /home/nathan/ros2_ws/install/ppp_bot/share/ppp_bot//models/maze/model.sdf
[1.152s] -- Up-to-date: /home/nathan/ros2_ws/install/ppp_bot/share/ppp_bot//models/room
[1.152s] -- Up-to-date: /home/nathan/ros2_ws/install/ppp_bot/share/ppp_bot//models/room/model.config
[1.152s] -- Up-to-date: /home/nathan/ros2_ws/install/ppp_bot/share/ppp_bot//models/room/model.sdf
[1.152s] -- Up-to-date: /home/nathan/ros2_ws/install/ppp_bot/share/ppp_bot//models/simple_room
[1.226s] -- Up-to-date: /home/nathan/ros2_ws/install/ppp_bot/share/ppp_bot//models/simple_room/model.config
[1.227s] -- Up-to-date: /home/nathan/ros2_ws/install/ppp_bot/share/ppp_bot//models/simple_room/model.sdf
[1.227s] -- Up-to-date: /home/nathan/ros2_ws/install/ppp_bot/share/ppp_bot//maps
[1.312s] -- Up-to-date: /home/nathan/ros2_ws/install/ppp_bot/share/ppp_bot//maps/room_with_cones.pgm
[1.313s] -- Up-to-date: /home/nathan/ros2_ws/install/ppp_bot/share/ppp_bot//maps/room.posegraph
[1.314s] -- Up-to-date: /home/nathan/ros2_ws/install/ppp_bot/share/ppp_bot//maps/simple_room.data
[1.315s] -- Up-to-date: /home/nathan/ros2_ws/install/ppp_bot/share/ppp_bot//maps/room.data
[1.316s] -- Up-to-date: /home/nathan/ros2_ws/install/ppp_bot/share/ppp_bot//maps/cones.pgm
[1.316s] -- Up-to-date: /home/nathan/ros2_ws/install/ppp_bot/share/ppp_bot//maps/baseline.yaml
[1.316s] -- Up-to-date: /home/nathan/ros2_ws/install/ppp_bot/share/ppp_bot//maps/room_with_cones.yaml
[1.317s] -- Up-to-date: /home/nathan/ros2_ws/install/ppp_bot/share/ppp_bot//maps/cones2.pgm
[1.317s] -- Up-to-date: /home/nathan/ros2_ws/install/ppp_bot/share/ppp_bot//maps/simple_room.pgm
[1.317s] -- Up-to-date: /home/nathan/ros2_ws/install/ppp_bot/share/ppp_bot//maps/maze.pgm
[1.317s] -- Up-to-date: /home/nathan/ros2_ws/install/ppp_bot/share/ppp_bot//maps/simple_room.posegraph
[1.318s] -- Up-to-date: /home/nathan/ros2_ws/install/ppp_bot/share/ppp_bot//maps/maze.yaml
[1.318s] -- Up-to-date: /home/nathan/ros2_ws/install/ppp_bot/share/ppp_bot//maps/cones.yaml
[1.318s] -- Up-to-date: /home/nathan/ros2_ws/install/ppp_bot/share/ppp_bot//maps/room.yaml
[1.318s] -- Up-to-date: /home/nathan/ros2_ws/install/ppp_bot/share/ppp_bot//maps/cones2.yaml
[1.319s] -- Up-to-date: /home/nathan/ros2_ws/install/ppp_bot/share/ppp_bot//maps/maze.data
[1.319s] -- Up-to-date: /home/nathan/ros2_ws/install/ppp_bot/share/ppp_bot//maps/room_with_cones.posegraph
[1.319s] -- Up-to-date: /home/nathan/ros2_ws/install/ppp_bot/share/ppp_bot//maps/cones.data
[1.319s] -- Up-to-date: /home/nathan/ros2_ws/install/ppp_bot/share/ppp_bot//maps/room_with_cones.data
[1.319s] -- Up-to-date: /home/nathan/ros2_ws/install/ppp_bot/share/ppp_bot//maps/simple_room.yaml
[1.320s] -- Up-to-date: /home/nathan/ros2_ws/install/ppp_bot/share/ppp_bot//maps/baseline.pgm
[1.320s] -- Up-to-date: /home/nathan/ros2_ws/install/ppp_bot/share/ppp_bot//maps/room.pgm
[1.320s] -- Up-to-date: /home/nathan/ros2_ws/install/ppp_bot/share/ppp_bot//maps/cones.posegraph
[1.320s] -- Up-to-date: /home/nathan/ros2_ws/install/ppp_bot/share/ppp_bot//maps/maze.posegraph
[1.321s] -- Up-to-date: /home/nathan/ros2_ws/install/ppp_bot/share/ament_index/resource_index/package_run_dependencies/ppp_bot
[1.483s] -- Up-to-date: /home/nathan/ros2_ws/install/ppp_bot/share/ament_index/resource_index/parent_prefix_path/ppp_bot
[1.483s] -- Up-to-date: /home/nathan/ros2_ws/install/ppp_bot/share/ppp_bot/environment/ament_prefix_path.sh
[1.484s] -- Up-to-date: /home/nathan/ros2_ws/install/ppp_bot/share/ppp_bot/environment/ament_prefix_path.dsv
[1.485s] -- Up-to-date: /home/nathan/ros2_ws/install/ppp_bot/share/ppp_bot/environment/path.sh
[1.485s] -- Up-to-date: /home/nathan/ros2_ws/install/ppp_bot/share/ppp_bot/environment/path.dsv
[1.485s] -- Up-to-date: /home/nathan/ros2_ws/install/ppp_bot/share/ppp_bot/local_setup.bash
[1.485s] -- Up-to-date: /home/nathan/ros2_ws/install/ppp_bot/share/ppp_bot/local_setup.sh
[1.486s] -- Up-to-date: /home/nathan/ros2_ws/install/ppp_bot/share/ppp_bot/local_setup.zsh
[1.486s] -- Up-to-date: /home/nathan/ros2_ws/install/ppp_bot/share/ppp_bot/local_setup.dsv
[1.486s] -- Installing: /home/nathan/ros2_ws/install/ppp_bot/share/ppp_bot/package.dsv
[1.513s] -- Up-to-date: /home/nathan/ros2_ws/install/ppp_bot/share/ament_index/resource_index/packages/ppp_bot
[1.513s] -- Up-to-date: /home/nathan/ros2_ws/install/ppp_bot/share/ppp_bot/cmake/ppp_botConfig.cmake
[1.514s] -- Up-to-date: /home/nathan/ros2_ws/install/ppp_bot/share/ppp_bot/cmake/ppp_botConfig-version.cmake
[1.514s] -- Up-to-date: /home/nathan/ros2_ws/install/ppp_bot/share/ppp_bot/package.xml
[1.518s] Invoked command in '/home/nathan/ros2_ws/build/ppp_bot' returned '0': CMAKE_PREFIX_PATH=${CMAKE_PREFIX_PATH}:/home/nathan/ros2_ws/install/rdj2025_potato_disease_detection:/home/nathan/ros2_ws/install/joy_tester:/opt/ros/humble /usr/bin/cmake --install /home/nathan/ros2_ws/build/ppp_bot
