[0.430s] DEBUG:colcon:Command line arguments: ['/usr/bin/colcon', 'build', '--symlink-install']
[0.431s] DEBUG:colcon:Parsed command line arguments: Namespace(log_base=None, log_level=None, verb_name='build', build_base='build', install_base='install', merge_install=False, symlink_install=True, test_result_base=None, continue_on_error=False, executor='parallel', parallel_workers=4, event_handlers=None, ignore_user_meta=False, metas=['./colcon.meta'], base_paths=['.'], packages_ignore=None, packages_ignore_regex=None, paths=None, packages_up_to=None, packages_up_to_regex=None, packages_above=None, packages_above_and_dependencies=None, packages_above_depth=None, packages_select_by_dep=None, packages_skip_by_dep=None, packages_skip_up_to=None, packages_select_build_failed=False, packages_skip_build_finished=False, packages_select_test_failures=False, packages_skip_test_passed=False, packages_select=None, packages_skip=None, packages_select_regex=None, packages_skip_regex=None, packages_start=None, packages_end=None, allow_overriding=[], cmake_args=None, cmake_target=None, cmake_target_skip_unavailable=False, cmake_clean_cache=False, cmake_clean_first=False, cmake_force_configure=False, ament_cmake_args=None, catkin_cmake_args=None, catkin_skip_building_tests=False, verb_parser=<colcon_defaults.argument_parser.defaults.DefaultArgumentsDecorator object at 0xffffa4293c70>, verb_extension=<colcon_core.verb.build.BuildVerb object at 0xffffa43d5090>, main=<bound method BuildVerb.main of <colcon_core.verb.build.BuildVerb object at 0xffffa43d5090>>)
[1.241s] Level 1:colcon.colcon_core.package_discovery:discover_packages(colcon_meta) check parameters
[1.242s] Level 1:colcon.colcon_core.package_discovery:discover_packages(recursive) check parameters
[1.242s] Level 1:colcon.colcon_core.package_discovery:discover_packages(ignore) check parameters
[1.242s] Level 1:colcon.colcon_core.package_discovery:discover_packages(path) check parameters
[1.242s] Level 1:colcon.colcon_core.package_discovery:discover_packages(colcon_meta) discover
[1.243s] Level 1:colcon.colcon_core.package_discovery:discover_packages(recursive) discover
[1.243s] INFO:colcon.colcon_core.package_discovery:Crawling recursively for packages in '/home/limitbreakers/breakers_ws'
[1.243s] Level 1:colcon.colcon_core.package_identification:_identify(.) by extensions ['ignore', 'ignore_ament_install']
[1.244s] Level 1:colcon.colcon_core.package_identification:_identify(.) by extension 'ignore'
[1.244s] Level 1:colcon.colcon_core.package_identification:_identify(.) by extension 'ignore_ament_install'
[1.244s] Level 1:colcon.colcon_core.package_identification:_identify(.) by extensions ['colcon_pkg']
[1.244s] Level 1:colcon.colcon_core.package_identification:_identify(.) by extension 'colcon_pkg'
[1.244s] Level 1:colcon.colcon_core.package_identification:_identify(.) by extensions ['colcon_meta']
[1.245s] Level 1:colcon.colcon_core.package_identification:_identify(.) by extension 'colcon_meta'
[1.245s] Level 1:colcon.colcon_core.package_identification:_identify(.) by extensions ['ros']
[1.245s] Level 1:colcon.colcon_core.package_identification:_identify(.) by extension 'ros'
[1.291s] Level 1:colcon.colcon_core.package_identification:_identify(.) by extensions ['cmake', 'python']
[1.291s] Level 1:colcon.colcon_core.package_identification:_identify(.) by extension 'cmake'
[1.291s] Level 1:colcon.colcon_core.package_identification:_identify(.) by extension 'python'
[1.292s] Level 1:colcon.colcon_core.package_identification:_identify(.) by extensions ['python_setup_py']
[1.292s] Level 1:colcon.colcon_core.package_identification:_identify(.) by extension 'python_setup_py'
[1.292s] Level 1:colcon.colcon_core.package_identification:_identify(build) by extensions ['ignore', 'ignore_ament_install']
[1.293s] Level 1:colcon.colcon_core.package_identification:_identify(build) by extension 'ignore'
[1.293s] Level 1:colcon.colcon_core.package_identification:_identify(build) ignored
[1.294s] Level 1:colcon.colcon_core.package_identification:_identify(install) by extensions ['ignore', 'ignore_ament_install']
[1.294s] Level 1:colcon.colcon_core.package_identification:_identify(install) by extension 'ignore'
[1.294s] Level 1:colcon.colcon_core.package_identification:_identify(install) ignored
[1.295s] Level 1:colcon.colcon_core.package_identification:_identify(log) by extensions ['ignore', 'ignore_ament_install']
[1.295s] Level 1:colcon.colcon_core.package_identification:_identify(log) by extension 'ignore'
[1.295s] Level 1:colcon.colcon_core.package_identification:_identify(log) ignored
[1.296s] Level 1:colcon.colcon_core.package_identification:_identify(src) by extensions ['ignore', 'ignore_ament_install']
[1.296s] Level 1:colcon.colcon_core.package_identification:_identify(src) by extension 'ignore'
[1.296s] Level 1:colcon.colcon_core.package_identification:_identify(src) by extension 'ignore_ament_install'
[1.296s] Level 1:colcon.colcon_core.package_identification:_identify(src) by extensions ['colcon_pkg']
[1.297s] Level 1:colcon.colcon_core.package_identification:_identify(src) by extension 'colcon_pkg'
[1.297s] Level 1:colcon.colcon_core.package_identification:_identify(src) by extensions ['colcon_meta']
[1.297s] Level 1:colcon.colcon_core.package_identification:_identify(src) by extension 'colcon_meta'
[1.297s] Level 1:colcon.colcon_core.package_identification:_identify(src) by extensions ['ros']
[1.297s] Level 1:colcon.colcon_core.package_identification:_identify(src) by extension 'ros'
[1.298s] Level 1:colcon.colcon_core.package_identification:_identify(src) by extensions ['cmake', 'python']
[1.298s] Level 1:colcon.colcon_core.package_identification:_identify(src) by extension 'cmake'
[1.298s] Level 1:colcon.colcon_core.package_identification:_identify(src) by extension 'python'
[1.298s] Level 1:colcon.colcon_core.package_identification:_identify(src) by extensions ['python_setup_py']
[1.298s] Level 1:colcon.colcon_core.package_identification:_identify(src) by extension 'python_setup_py'
[1.299s] Level 1:colcon.colcon_core.package_identification:_identify(src/diffdrive_arduino) by extensions ['ignore', 'ignore_ament_install']
[1.299s] Level 1:colcon.colcon_core.package_identification:_identify(src/diffdrive_arduino) by extension 'ignore'
[1.299s] Level 1:colcon.colcon_core.package_identification:_identify(src/diffdrive_arduino) by extension 'ignore_ament_install'
[1.300s] Level 1:colcon.colcon_core.package_identification:_identify(src/diffdrive_arduino) by extensions ['colcon_pkg']
[1.300s] Level 1:colcon.colcon_core.package_identification:_identify(src/diffdrive_arduino) by extension 'colcon_pkg'
[1.300s] Level 1:colcon.colcon_core.package_identification:_identify(src/diffdrive_arduino) by extensions ['colcon_meta']
[1.300s] Level 1:colcon.colcon_core.package_identification:_identify(src/diffdrive_arduino) by extension 'colcon_meta'
[1.300s] Level 1:colcon.colcon_core.package_identification:_identify(src/diffdrive_arduino) by extensions ['ros']
[1.300s] Level 1:colcon.colcon_core.package_identification:_identify(src/diffdrive_arduino) by extension 'ros'
[1.310s] DEBUG:colcon.colcon_core.package_identification:Package 'src/diffdrive_arduino' with type 'ros.ament_cmake' and name 'diffdrive_arduino'
[1.311s] Level 1:colcon.colcon_core.package_identification:_identify(src/dojo) by extensions ['ignore', 'ignore_ament_install']
[1.311s] Level 1:colcon.colcon_core.package_identification:_identify(src/dojo) by extension 'ignore'
[1.312s] Level 1:colcon.colcon_core.package_identification:_identify(src/dojo) by extension 'ignore_ament_install'
[1.312s] Level 1:colcon.colcon_core.package_identification:_identify(src/dojo) by extensions ['colcon_pkg']
[1.312s] Level 1:colcon.colcon_core.package_identification:_identify(src/dojo) by extension 'colcon_pkg'
[1.312s] Level 1:colcon.colcon_core.package_identification:_identify(src/dojo) by extensions ['colcon_meta']
[1.312s] Level 1:colcon.colcon_core.package_identification:_identify(src/dojo) by extension 'colcon_meta'
[1.313s] Level 1:colcon.colcon_core.package_identification:_identify(src/dojo) by extensions ['ros']
[1.313s] Level 1:colcon.colcon_core.package_identification:_identify(src/dojo) by extension 'ros'
[1.315s] DEBUG:colcon.colcon_core.package_identification:Package 'src/dojo' with type 'ros.ament_cmake' and name 'dojo'
[1.316s] Level 1:colcon.colcon_core.package_identification:_identify(src/serial) by extensions ['ignore', 'ignore_ament_install']
[1.316s] Level 1:colcon.colcon_core.package_identification:_identify(src/serial) by extension 'ignore'
[1.316s] Level 1:colcon.colcon_core.package_identification:_identify(src/serial) by extension 'ignore_ament_install'
[1.316s] Level 1:colcon.colcon_core.package_identification:_identify(src/serial) by extensions ['colcon_pkg']
[1.317s] Level 1:colcon.colcon_core.package_identification:_identify(src/serial) by extension 'colcon_pkg'
[1.317s] Level 1:colcon.colcon_core.package_identification:_identify(src/serial) by extensions ['colcon_meta']
[1.317s] Level 1:colcon.colcon_core.package_identification:_identify(src/serial) by extension 'colcon_meta'
[1.317s] Level 1:colcon.colcon_core.package_identification:_identify(src/serial) by extensions ['ros']
[1.317s] Level 1:colcon.colcon_core.package_identification:_identify(src/serial) by extension 'ros'
[1.320s] DEBUG:colcon.colcon_core.package_identification:Package 'src/serial' with type 'ros.ament_cmake' and name 'serial'
[1.321s] Level 1:colcon.colcon_core.package_identification:_identify(src/sllidar_ros2) by extensions ['ignore', 'ignore_ament_install']
[1.321s] Level 1:colcon.colcon_core.package_identification:_identify(src/sllidar_ros2) by extension 'ignore'
[1.322s] Level 1:colcon.colcon_core.package_identification:_identify(src/sllidar_ros2) by extension 'ignore_ament_install'
[1.322s] Level 1:colcon.colcon_core.package_identification:_identify(src/sllidar_ros2) by extensions ['colcon_pkg']
[1.322s] Level 1:colcon.colcon_core.package_identification:_identify(src/sllidar_ros2) by extension 'colcon_pkg'
[1.322s] Level 1:colcon.colcon_core.package_identification:_identify(src/sllidar_ros2) by extensions ['colcon_meta']
[1.322s] Level 1:colcon.colcon_core.package_identification:_identify(src/sllidar_ros2) by extension 'colcon_meta'
[1.323s] Level 1:colcon.colcon_core.package_identification:_identify(src/sllidar_ros2) by extensions ['ros']
[1.323s] Level 1:colcon.colcon_core.package_identification:_identify(src/sllidar_ros2) by extension 'ros'
[1.326s] DEBUG:colcon.colcon_core.package_identification:Package 'src/sllidar_ros2' with type 'ros.ament_cmake' and name 'sllidar_ros2'
[1.326s] Level 1:colcon.colcon_core.package_discovery:discover_packages(recursive) using defaults
[1.326s] Level 1:colcon.colcon_core.package_discovery:discover_packages(ignore) discover
[1.326s] Level 1:colcon.colcon_core.package_discovery:discover_packages(ignore) using defaults
[1.326s] Level 1:colcon.colcon_core.package_discovery:discover_packages(path) discover
[1.326s] Level 1:colcon.colcon_core.package_discovery:discover_packages(path) using defaults
[1.406s] Level 1:colcon.colcon_core.package_discovery:discover_packages(prefix_path) check parameters
[1.406s] Level 1:colcon.colcon_core.package_discovery:discover_packages(prefix_path) discover
[1.416s] DEBUG:colcon.colcon_installed_package_information.package_discovery:Found 4 installed packages in /home/limitbreakers/breakers_ws/install
[1.419s] DEBUG:colcon.colcon_installed_package_information.package_discovery:Found 4 installed packages in /home/limitbreakers/ros2_ws/install
[1.430s] DEBUG:colcon.colcon_installed_package_information.package_discovery:Found 344 installed packages in /opt/ros/humble
[1.475s] Level 1:colcon.colcon_core.package_discovery:discover_packages(prefix_path) using defaults
[1.671s] Level 5:colcon.colcon_core.verb:set package 'dojo' build argument 'cmake_args' from command line to 'None'
[1.671s] Level 5:colcon.colcon_core.verb:set package 'dojo' build argument 'cmake_target' from command line to 'None'
[1.671s] Level 5:colcon.colcon_core.verb:set package 'dojo' build argument 'cmake_target_skip_unavailable' from command line to 'False'
[1.671s] Level 5:colcon.colcon_core.verb:set package 'dojo' build argument 'cmake_clean_cache' from command line to 'False'
[1.671s] Level 5:colcon.colcon_core.verb:set package 'dojo' build argument 'cmake_clean_first' from command line to 'False'
[1.671s] Level 5:colcon.colcon_core.verb:set package 'dojo' build argument 'cmake_force_configure' from command line to 'False'
[1.671s] Level 5:colcon.colcon_core.verb:set package 'dojo' build argument 'ament_cmake_args' from command line to 'None'
[1.672s] Level 5:colcon.colcon_core.verb:set package 'dojo' build argument 'catkin_cmake_args' from command line to 'None'
[1.672s] Level 5:colcon.colcon_core.verb:set package 'dojo' build argument 'catkin_skip_building_tests' from command line to 'False'
[1.672s] DEBUG:colcon.colcon_core.verb:Building package 'dojo' with the following arguments: {'ament_cmake_args': None, 'build_base': '/home/limitbreakers/breakers_ws/build/dojo', 'catkin_cmake_args': None, 'catkin_skip_building_tests': False, 'cmake_args': None, 'cmake_clean_cache': False, 'cmake_clean_first': False, 'cmake_force_configure': False, 'cmake_target': None, 'cmake_target_skip_unavailable': False, 'install_base': '/home/limitbreakers/breakers_ws/install/dojo', 'merge_install': False, 'path': '/home/limitbreakers/breakers_ws/src/dojo', 'symlink_install': True, 'test_result_base': None}
[1.673s] Level 5:colcon.colcon_core.verb:set package 'serial' build argument 'cmake_args' from command line to 'None'
[1.674s] Level 5:colcon.colcon_core.verb:set package 'serial' build argument 'cmake_target' from command line to 'None'
[1.674s] Level 5:colcon.colcon_core.verb:set package 'serial' build argument 'cmake_target_skip_unavailable' from command line to 'False'
[1.674s] Level 5:colcon.colcon_core.verb:set package 'serial' build argument 'cmake_clean_cache' from command line to 'False'
[1.674s] Level 5:colcon.colcon_core.verb:set package 'serial' build argument 'cmake_clean_first' from command line to 'False'
[1.674s] Level 5:colcon.colcon_core.verb:set package 'serial' build argument 'cmake_force_configure' from command line to 'False'
[1.674s] Level 5:colcon.colcon_core.verb:set package 'serial' build argument 'ament_cmake_args' from command line to 'None'
[1.674s] Level 5:colcon.colcon_core.verb:set package 'serial' build argument 'catkin_cmake_args' from command line to 'None'
[1.674s] Level 5:colcon.colcon_core.verb:set package 'serial' build argument 'catkin_skip_building_tests' from command line to 'False'
[1.674s] DEBUG:colcon.colcon_core.verb:Building package 'serial' with the following arguments: {'ament_cmake_args': None, 'build_base': '/home/limitbreakers/breakers_ws/build/serial', 'catkin_cmake_args': None, 'catkin_skip_building_tests': False, 'cmake_args': None, 'cmake_clean_cache': False, 'cmake_clean_first': False, 'cmake_force_configure': False, 'cmake_target': None, 'cmake_target_skip_unavailable': False, 'install_base': '/home/limitbreakers/breakers_ws/install/serial', 'merge_install': False, 'path': '/home/limitbreakers/breakers_ws/src/serial', 'symlink_install': True, 'test_result_base': None}
[1.676s] Level 5:colcon.colcon_core.verb:set package 'sllidar_ros2' build argument 'cmake_args' from command line to 'None'
[1.676s] Level 5:colcon.colcon_core.verb:set package 'sllidar_ros2' build argument 'cmake_target' from command line to 'None'
[1.676s] Level 5:colcon.colcon_core.verb:set package 'sllidar_ros2' build argument 'cmake_target_skip_unavailable' from command line to 'False'
[1.676s] Level 5:colcon.colcon_core.verb:set package 'sllidar_ros2' build argument 'cmake_clean_cache' from command line to 'False'
[1.676s] Level 5:colcon.colcon_core.verb:set package 'sllidar_ros2' build argument 'cmake_clean_first' from command line to 'False'
[1.676s] Level 5:colcon.colcon_core.verb:set package 'sllidar_ros2' build argument 'cmake_force_configure' from command line to 'False'
[1.677s] Level 5:colcon.colcon_core.verb:set package 'sllidar_ros2' build argument 'ament_cmake_args' from command line to 'None'
[1.677s] Level 5:colcon.colcon_core.verb:set package 'sllidar_ros2' build argument 'catkin_cmake_args' from command line to 'None'
[1.677s] Level 5:colcon.colcon_core.verb:set package 'sllidar_ros2' build argument 'catkin_skip_building_tests' from command line to 'False'
[1.677s] DEBUG:colcon.colcon_core.verb:Building package 'sllidar_ros2' with the following arguments: {'ament_cmake_args': None, 'build_base': '/home/limitbreakers/breakers_ws/build/sllidar_ros2', 'catkin_cmake_args': None, 'catkin_skip_building_tests': False, 'cmake_args': None, 'cmake_clean_cache': False, 'cmake_clean_first': False, 'cmake_force_configure': False, 'cmake_target': None, 'cmake_target_skip_unavailable': False, 'install_base': '/home/limitbreakers/breakers_ws/install/sllidar_ros2', 'merge_install': False, 'path': '/home/limitbreakers/breakers_ws/src/sllidar_ros2', 'symlink_install': True, 'test_result_base': None}
[1.678s] Level 5:colcon.colcon_core.verb:set package 'diffdrive_arduino' build argument 'cmake_args' from command line to 'None'
[1.679s] Level 5:colcon.colcon_core.verb:set package 'diffdrive_arduino' build argument 'cmake_target' from command line to 'None'
[1.679s] Level 5:colcon.colcon_core.verb:set package 'diffdrive_arduino' build argument 'cmake_target_skip_unavailable' from command line to 'False'
[1.679s] Level 5:colcon.colcon_core.verb:set package 'diffdrive_arduino' build argument 'cmake_clean_cache' from command line to 'False'
[1.679s] Level 5:colcon.colcon_core.verb:set package 'diffdrive_arduino' build argument 'cmake_clean_first' from command line to 'False'
[1.679s] Level 5:colcon.colcon_core.verb:set package 'diffdrive_arduino' build argument 'cmake_force_configure' from command line to 'False'
[1.679s] Level 5:colcon.colcon_core.verb:set package 'diffdrive_arduino' build argument 'ament_cmake_args' from command line to 'None'
[1.679s] Level 5:colcon.colcon_core.verb:set package 'diffdrive_arduino' build argument 'catkin_cmake_args' from command line to 'None'
[1.679s] Level 5:colcon.colcon_core.verb:set package 'diffdrive_arduino' build argument 'catkin_skip_building_tests' from command line to 'False'
[1.680s] DEBUG:colcon.colcon_core.verb:Building package 'diffdrive_arduino' with the following arguments: {'ament_cmake_args': None, 'build_base': '/home/limitbreakers/breakers_ws/build/diffdrive_arduino', 'catkin_cmake_args': None, 'catkin_skip_building_tests': False, 'cmake_args': None, 'cmake_clean_cache': False, 'cmake_clean_first': False, 'cmake_force_configure': False, 'cmake_target': None, 'cmake_target_skip_unavailable': False, 'install_base': '/home/limitbreakers/breakers_ws/install/diffdrive_arduino', 'merge_install': False, 'path': '/home/limitbreakers/breakers_ws/src/diffdrive_arduino', 'symlink_install': True, 'test_result_base': None}
[1.680s] INFO:colcon.colcon_core.executor:Executing jobs using 'parallel' executor
[1.683s] DEBUG:colcon.colcon_parallel_executor.executor.parallel:run_until_complete
[1.685s] INFO:colcon.colcon_ros.task.ament_cmake.build:Building ROS package in '/home/limitbreakers/breakers_ws/src/serial' with build type 'ament_cmake'
[1.685s] INFO:colcon.colcon_cmake.task.cmake.build:Building CMake package in '/home/limitbreakers/breakers_ws/src/serial'
[1.695s] INFO:colcon.colcon_core.plugin_system:Skipping extension 'colcon_core.shell.bat': Not used on non-Windows systems
[1.696s] INFO:colcon.colcon_core.shell:Skip shell extension 'powershell' for command environment: Not usable outside of PowerShell
[1.696s] DEBUG:colcon.colcon_core.shell:Skip shell extension 'dsv' for command environment
[1.721s] INFO:colcon.colcon_ros.task.ament_cmake.build:Building ROS package in '/home/limitbreakers/breakers_ws/src/dojo' with build type 'ament_cmake'
[1.722s] INFO:colcon.colcon_cmake.task.cmake.build:Building CMake package in '/home/limitbreakers/breakers_ws/src/dojo'
[1.723s] INFO:colcon.colcon_core.shell:Skip shell extension 'powershell' for command environment: Not usable outside of PowerShell
[1.724s] DEBUG:colcon.colcon_core.shell:Skip shell extension 'dsv' for command environment
[1.751s] INFO:colcon.colcon_ros.task.ament_cmake.build:Building ROS package in '/home/limitbreakers/breakers_ws/src/sllidar_ros2' with build type 'ament_cmake'
[1.751s] INFO:colcon.colcon_cmake.task.cmake.build:Building CMake package in '/home/limitbreakers/breakers_ws/src/sllidar_ros2'
[1.753s] INFO:colcon.colcon_core.shell:Skip shell extension 'powershell' for command environment: Not usable outside of PowerShell
[1.753s] DEBUG:colcon.colcon_core.shell:Skip shell extension 'dsv' for command environment
[1.794s] DEBUG:colcon.colcon_core.event_handler.log_command:Invoking command in '/home/limitbreakers/breakers_ws/build/serial': CMAKE_PREFIX_PATH=${CMAKE_PREFIX_PATH}:/opt/ros/humble /usr/bin/cmake --build /home/limitbreakers/breakers_ws/build/serial -- -j4 -l4
[1.819s] DEBUG:colcon.colcon_core.event_handler.log_command:Invoking command in '/home/limitbreakers/breakers_ws/build/dojo': CMAKE_PREFIX_PATH=${CMAKE_PREFIX_PATH}:/opt/ros/humble /usr/bin/cmake --build /home/limitbreakers/breakers_ws/build/dojo -- -j4 -l4
[1.851s] DEBUG:colcon.colcon_core.event_handler.log_command:Invoking command in '/home/limitbreakers/breakers_ws/build/sllidar_ros2': CMAKE_PREFIX_PATH=${CMAKE_PREFIX_PATH}:/opt/ros/humble /usr/bin/cmake --build /home/limitbreakers/breakers_ws/build/sllidar_ros2 -- -j4 -l4
[2.033s] DEBUG:colcon.colcon_core.event_handler.log_command:Invoked command in '/home/limitbreakers/breakers_ws/build/dojo' returned '0': CMAKE_PREFIX_PATH=${CMAKE_PREFIX_PATH}:/opt/ros/humble /usr/bin/cmake --build /home/limitbreakers/breakers_ws/build/dojo -- -j4 -l4
[2.121s] DEBUG:colcon.colcon_core.event_handler.log_command:Invoking command in '/home/limitbreakers/breakers_ws/build/dojo': CMAKE_PREFIX_PATH=${CMAKE_PREFIX_PATH}:/opt/ros/humble /usr/bin/cmake --install /home/limitbreakers/breakers_ws/build/dojo
[2.381s] Level 1:colcon.colcon_core.environment:create_environment_scripts_only(dojo)
[2.387s] DEBUG:colcon.colcon_core.event_handler.log_command:Invoked command in '/home/limitbreakers/breakers_ws/build/dojo' returned '0': CMAKE_PREFIX_PATH=${CMAKE_PREFIX_PATH}:/opt/ros/humble /usr/bin/cmake --install /home/limitbreakers/breakers_ws/build/dojo
[2.410s] Level 1:colcon.colcon_core.environment:checking '/home/limitbreakers/breakers_ws/install/dojo' for CMake module files
[2.413s] Level 1:colcon.colcon_core.environment:checking '/home/limitbreakers/breakers_ws/install/dojo' for CMake config files
[2.416s] Level 1:colcon.colcon_core.shell:create_environment_hook('dojo', 'cmake_prefix_path')
[2.423s] INFO:colcon.colcon_core.shell:Creating environment hook '/home/limitbreakers/breakers_ws/install/dojo/share/dojo/hook/cmake_prefix_path.ps1'
[2.430s] INFO:colcon.colcon_core.shell:Creating environment descriptor '/home/limitbreakers/breakers_ws/install/dojo/share/dojo/hook/cmake_prefix_path.dsv'
[2.433s] INFO:colcon.colcon_core.shell:Creating environment hook '/home/limitbreakers/breakers_ws/install/dojo/share/dojo/hook/cmake_prefix_path.sh'
[2.443s] Level 1:colcon.colcon_core.environment:checking '/home/limitbreakers/breakers_ws/install/dojo/bin'
[2.443s] Level 1:colcon.colcon_core.environment:checking '/home/limitbreakers/breakers_ws/install/dojo/lib/pkgconfig/dojo.pc'
[2.444s] Level 1:colcon.colcon_core.environment:checking '/home/limitbreakers/breakers_ws/install/dojo/lib/python3.10/site-packages'
[2.445s] Level 1:colcon.colcon_core.environment:checking '/home/limitbreakers/breakers_ws/install/dojo/bin'
[2.446s] INFO:colcon.colcon_core.shell:Creating package script '/home/limitbreakers/breakers_ws/install/dojo/share/dojo/package.ps1'
[2.459s] INFO:colcon.colcon_core.shell:Creating package descriptor '/home/limitbreakers/breakers_ws/install/dojo/share/dojo/package.dsv'
[2.464s] INFO:colcon.colcon_core.shell:Creating package script '/home/limitbreakers/breakers_ws/install/dojo/share/dojo/package.sh'
[2.468s] INFO:colcon.colcon_core.shell:Creating package script '/home/limitbreakers/breakers_ws/install/dojo/share/dojo/package.bash'
[2.473s] INFO:colcon.colcon_core.shell:Creating package script '/home/limitbreakers/breakers_ws/install/dojo/share/dojo/package.zsh'
[2.476s] Level 1:colcon.colcon_core.environment:create_file_with_runtime_dependencies(/home/limitbreakers/breakers_ws/install/dojo/share/colcon-core/packages/dojo)
[2.481s] Level 1:colcon.colcon_core.environment:create_environment_scripts_only(dojo)
[2.482s] Level 1:colcon.colcon_core.environment:checking '/home/limitbreakers/breakers_ws/install/dojo' for CMake module files
[2.485s] Level 1:colcon.colcon_core.environment:checking '/home/limitbreakers/breakers_ws/install/dojo' for CMake config files
[2.488s] Level 1:colcon.colcon_core.shell:create_environment_hook('dojo', 'cmake_prefix_path')
[2.489s] INFO:colcon.colcon_core.shell:Creating environment hook '/home/limitbreakers/breakers_ws/install/dojo/share/dojo/hook/cmake_prefix_path.ps1'
[2.492s] INFO:colcon.colcon_core.shell:Creating environment descriptor '/home/limitbreakers/breakers_ws/install/dojo/share/dojo/hook/cmake_prefix_path.dsv'
[2.501s] INFO:colcon.colcon_core.shell:Creating environment hook '/home/limitbreakers/breakers_ws/install/dojo/share/dojo/hook/cmake_prefix_path.sh'
[2.505s] Level 1:colcon.colcon_core.environment:checking '/home/limitbreakers/breakers_ws/install/dojo/bin'
[2.505s] Level 1:colcon.colcon_core.environment:checking '/home/limitbreakers/breakers_ws/install/dojo/lib/pkgconfig/dojo.pc'
[2.507s] Level 1:colcon.colcon_core.environment:checking '/home/limitbreakers/breakers_ws/install/dojo/lib/python3.10/site-packages'
[2.508s] Level 1:colcon.colcon_core.environment:checking '/home/limitbreakers/breakers_ws/install/dojo/bin'
[2.509s] INFO:colcon.colcon_core.shell:Creating package script '/home/limitbreakers/breakers_ws/install/dojo/share/dojo/package.ps1'
[2.512s] INFO:colcon.colcon_core.shell:Creating package descriptor '/home/limitbreakers/breakers_ws/install/dojo/share/dojo/package.dsv'
[2.516s] INFO:colcon.colcon_core.shell:Creating package script '/home/limitbreakers/breakers_ws/install/dojo/share/dojo/package.sh'
[2.519s] INFO:colcon.colcon_core.shell:Creating package script '/home/limitbreakers/breakers_ws/install/dojo/share/dojo/package.bash'
[2.522s] INFO:colcon.colcon_core.shell:Creating package script '/home/limitbreakers/breakers_ws/install/dojo/share/dojo/package.zsh'
[2.525s] Level 1:colcon.colcon_core.environment:create_file_with_runtime_dependencies(/home/limitbreakers/breakers_ws/install/dojo/share/colcon-core/packages/dojo)
[2.576s] DEBUG:colcon.colcon_core.event_handler.log_command:Invoked command in '/home/limitbreakers/breakers_ws/build/sllidar_ros2' returned '0': CMAKE_PREFIX_PATH=${CMAKE_PREFIX_PATH}:/opt/ros/humble /usr/bin/cmake --build /home/limitbreakers/breakers_ws/build/sllidar_ros2 -- -j4 -l4
[2.585s] DEBUG:colcon.colcon_core.event_handler.log_command:Invoking command in '/home/limitbreakers/breakers_ws/build/sllidar_ros2': CMAKE_PREFIX_PATH=${CMAKE_PREFIX_PATH}:/opt/ros/humble /usr/bin/cmake --install /home/limitbreakers/breakers_ws/build/sllidar_ros2
[2.607s] DEBUG:colcon.colcon_core.event_handler.log_command:Invoked command in '/home/limitbreakers/breakers_ws/build/serial' returned '0': CMAKE_PREFIX_PATH=${CMAKE_PREFIX_PATH}:/opt/ros/humble /usr/bin/cmake --build /home/limitbreakers/breakers_ws/build/serial -- -j4 -l4
[2.609s] DEBUG:colcon.colcon_core.event_handler.log_command:Invoking command in '/home/limitbreakers/breakers_ws/build/serial': CMAKE_PREFIX_PATH=${CMAKE_PREFIX_PATH}:/opt/ros/humble /usr/bin/cmake --install /home/limitbreakers/breakers_ws/build/serial
[2.691s] Level 1:colcon.colcon_core.environment:create_environment_scripts_only(sllidar_ros2)
[2.692s] Level 1:colcon.colcon_core.environment:checking '/home/limitbreakers/breakers_ws/install/sllidar_ros2' for CMake module files
[2.697s] DEBUG:colcon.colcon_core.event_handler.log_command:Invoked command in '/home/limitbreakers/breakers_ws/build/sllidar_ros2' returned '0': CMAKE_PREFIX_PATH=${CMAKE_PREFIX_PATH}:/opt/ros/humble /usr/bin/cmake --install /home/limitbreakers/breakers_ws/build/sllidar_ros2
[2.699s] Level 1:colcon.colcon_core.environment:checking '/home/limitbreakers/breakers_ws/install/sllidar_ros2' for CMake config files
[2.704s] Level 1:colcon.colcon_core.shell:create_environment_hook('sllidar_ros2', 'cmake_prefix_path')
[2.705s] INFO:colcon.colcon_core.shell:Creating environment hook '/home/limitbreakers/breakers_ws/install/sllidar_ros2/share/sllidar_ros2/hook/cmake_prefix_path.ps1'
[2.711s] INFO:colcon.colcon_core.shell:Creating environment descriptor '/home/limitbreakers/breakers_ws/install/sllidar_ros2/share/sllidar_ros2/hook/cmake_prefix_path.dsv'
[2.714s] INFO:colcon.colcon_core.shell:Creating environment hook '/home/limitbreakers/breakers_ws/install/sllidar_ros2/share/sllidar_ros2/hook/cmake_prefix_path.sh'
[2.717s] Level 1:colcon.colcon_core.environment:checking '/home/limitbreakers/breakers_ws/install/sllidar_ros2/lib'
[2.718s] Level 1:colcon.colcon_core.environment:checking '/home/limitbreakers/breakers_ws/install/sllidar_ros2/bin'
[2.718s] Level 1:colcon.colcon_core.environment:checking '/home/limitbreakers/breakers_ws/install/sllidar_ros2/lib/pkgconfig/sllidar_ros2.pc'
[2.719s] Level 1:colcon.colcon_core.environment:checking '/home/limitbreakers/breakers_ws/install/sllidar_ros2/lib/python3.10/site-packages'
[2.720s] Level 1:colcon.colcon_core.environment:checking '/home/limitbreakers/breakers_ws/install/sllidar_ros2/bin'
[2.721s] INFO:colcon.colcon_core.shell:Creating package script '/home/limitbreakers/breakers_ws/install/sllidar_ros2/share/sllidar_ros2/package.ps1'
[2.723s] INFO:colcon.colcon_core.shell:Creating package descriptor '/home/limitbreakers/breakers_ws/install/sllidar_ros2/share/sllidar_ros2/package.dsv'
[2.725s] INFO:colcon.colcon_core.shell:Creating package script '/home/limitbreakers/breakers_ws/install/sllidar_ros2/share/sllidar_ros2/package.sh'
[2.727s] INFO:colcon.colcon_core.shell:Creating package script '/home/limitbreakers/breakers_ws/install/sllidar_ros2/share/sllidar_ros2/package.bash'
[2.729s] INFO:colcon.colcon_core.shell:Creating package script '/home/limitbreakers/breakers_ws/install/sllidar_ros2/share/sllidar_ros2/package.zsh'
[2.731s] Level 1:colcon.colcon_core.environment:create_file_with_runtime_dependencies(/home/limitbreakers/breakers_ws/install/sllidar_ros2/share/colcon-core/packages/sllidar_ros2)
[2.734s] Level 1:colcon.colcon_core.environment:create_environment_scripts_only(sllidar_ros2)
[2.734s] Level 1:colcon.colcon_core.environment:checking '/home/limitbreakers/breakers_ws/install/sllidar_ros2' for CMake module files
[2.737s] Level 1:colcon.colcon_core.environment:checking '/home/limitbreakers/breakers_ws/install/sllidar_ros2' for CMake config files
[2.739s] Level 1:colcon.colcon_core.shell:create_environment_hook('sllidar_ros2', 'cmake_prefix_path')
[2.740s] INFO:colcon.colcon_core.shell:Creating environment hook '/home/limitbreakers/breakers_ws/install/sllidar_ros2/share/sllidar_ros2/hook/cmake_prefix_path.ps1'
[2.742s] INFO:colcon.colcon_core.shell:Creating environment descriptor '/home/limitbreakers/breakers_ws/install/sllidar_ros2/share/sllidar_ros2/hook/cmake_prefix_path.dsv'
[2.744s] INFO:colcon.colcon_core.shell:Creating environment hook '/home/limitbreakers/breakers_ws/install/sllidar_ros2/share/sllidar_ros2/hook/cmake_prefix_path.sh'
[2.747s] Level 1:colcon.colcon_core.environment:checking '/home/limitbreakers/breakers_ws/install/sllidar_ros2/lib'
[2.747s] Level 1:colcon.colcon_core.environment:checking '/home/limitbreakers/breakers_ws/install/sllidar_ros2/bin'
[2.747s] Level 1:colcon.colcon_core.environment:checking '/home/limitbreakers/breakers_ws/install/sllidar_ros2/lib/pkgconfig/sllidar_ros2.pc'
[2.748s] Level 1:colcon.colcon_core.environment:checking '/home/limitbreakers/breakers_ws/install/sllidar_ros2/lib/python3.10/site-packages'
[2.749s] Level 1:colcon.colcon_core.environment:checking '/home/limitbreakers/breakers_ws/install/sllidar_ros2/bin'
[2.750s] INFO:colcon.colcon_core.shell:Creating package script '/home/limitbreakers/breakers_ws/install/sllidar_ros2/share/sllidar_ros2/package.ps1'
[2.753s] INFO:colcon.colcon_core.shell:Creating package descriptor '/home/limitbreakers/breakers_ws/install/sllidar_ros2/share/sllidar_ros2/package.dsv'
[2.755s] INFO:colcon.colcon_core.shell:Creating package script '/home/limitbreakers/breakers_ws/install/sllidar_ros2/share/sllidar_ros2/package.sh'
[2.757s] INFO:colcon.colcon_core.shell:Creating package script '/home/limitbreakers/breakers_ws/install/sllidar_ros2/share/sllidar_ros2/package.bash'
[2.760s] INFO:colcon.colcon_core.shell:Creating package script '/home/limitbreakers/breakers_ws/install/sllidar_ros2/share/sllidar_ros2/package.zsh'
[2.762s] Level 1:colcon.colcon_core.environment:create_file_with_runtime_dependencies(/home/limitbreakers/breakers_ws/install/sllidar_ros2/share/colcon-core/packages/sllidar_ros2)
[2.766s] Level 1:colcon.colcon_core.environment:create_environment_scripts_only(serial)
[2.767s] Level 1:colcon.colcon_core.environment:checking '/home/limitbreakers/breakers_ws/install/serial' for CMake module files
[2.769s] DEBUG:colcon.colcon_core.event_handler.log_command:Invoked command in '/home/limitbreakers/breakers_ws/build/serial' returned '0': CMAKE_PREFIX_PATH=${CMAKE_PREFIX_PATH}:/opt/ros/humble /usr/bin/cmake --install /home/limitbreakers/breakers_ws/build/serial
[2.771s] Level 1:colcon.colcon_core.environment:checking '/home/limitbreakers/breakers_ws/install/serial' for CMake config files
[2.773s] Level 1:colcon.colcon_core.shell:create_environment_hook('serial', 'cmake_prefix_path')
[2.774s] INFO:colcon.colcon_core.shell:Creating environment hook '/home/limitbreakers/breakers_ws/install/serial/share/serial/hook/cmake_prefix_path.ps1'
[2.776s] INFO:colcon.colcon_core.shell:Creating environment descriptor '/home/limitbreakers/breakers_ws/install/serial/share/serial/hook/cmake_prefix_path.dsv'
[2.778s] INFO:colcon.colcon_core.shell:Creating environment hook '/home/limitbreakers/breakers_ws/install/serial/share/serial/hook/cmake_prefix_path.sh'
[2.781s] Level 1:colcon.colcon_core.environment:checking '/home/limitbreakers/breakers_ws/install/serial/lib'
[2.781s] Level 1:colcon.colcon_core.environment:checking '/home/limitbreakers/breakers_ws/install/serial/bin'
[2.782s] Level 1:colcon.colcon_core.environment:checking '/home/limitbreakers/breakers_ws/install/serial/lib/pkgconfig/serial.pc'
[2.782s] Level 1:colcon.colcon_core.environment:checking '/home/limitbreakers/breakers_ws/install/serial/lib/python3.10/site-packages'
[2.783s] Level 1:colcon.colcon_core.environment:checking '/home/limitbreakers/breakers_ws/install/serial/bin'
[2.784s] INFO:colcon.colcon_core.shell:Creating package script '/home/limitbreakers/breakers_ws/install/serial/share/serial/package.ps1'
[2.787s] INFO:colcon.colcon_core.shell:Creating package descriptor '/home/limitbreakers/breakers_ws/install/serial/share/serial/package.dsv'
[2.789s] INFO:colcon.colcon_core.shell:Creating package script '/home/limitbreakers/breakers_ws/install/serial/share/serial/package.sh'
[2.791s] INFO:colcon.colcon_core.shell:Creating package script '/home/limitbreakers/breakers_ws/install/serial/share/serial/package.bash'
[2.793s] INFO:colcon.colcon_core.shell:Creating package script '/home/limitbreakers/breakers_ws/install/serial/share/serial/package.zsh'
[2.796s] Level 1:colcon.colcon_core.environment:create_file_with_runtime_dependencies(/home/limitbreakers/breakers_ws/install/serial/share/colcon-core/packages/serial)
[2.798s] Level 1:colcon.colcon_core.environment:create_environment_scripts_only(serial)
[2.799s] Level 1:colcon.colcon_core.environment:checking '/home/limitbreakers/breakers_ws/install/serial' for CMake module files
[2.802s] Level 1:colcon.colcon_core.environment:checking '/home/limitbreakers/breakers_ws/install/serial' for CMake config files
[2.803s] Level 1:colcon.colcon_core.shell:create_environment_hook('serial', 'cmake_prefix_path')
[2.804s] INFO:colcon.colcon_core.shell:Creating environment hook '/home/limitbreakers/breakers_ws/install/serial/share/serial/hook/cmake_prefix_path.ps1'
[2.806s] INFO:colcon.colcon_core.shell:Creating environment descriptor '/home/limitbreakers/breakers_ws/install/serial/share/serial/hook/cmake_prefix_path.dsv'
[2.808s] INFO:colcon.colcon_core.shell:Creating environment hook '/home/limitbreakers/breakers_ws/install/serial/share/serial/hook/cmake_prefix_path.sh'
[2.811s] Level 1:colcon.colcon_core.environment:checking '/home/limitbreakers/breakers_ws/install/serial/lib'
[2.817s] Level 1:colcon.colcon_core.environment:checking '/home/limitbreakers/breakers_ws/install/serial/bin'
[2.817s] Level 1:colcon.colcon_core.environment:checking '/home/limitbreakers/breakers_ws/install/serial/lib/pkgconfig/serial.pc'
[2.818s] Level 1:colcon.colcon_core.environment:checking '/home/limitbreakers/breakers_ws/install/serial/lib/python3.10/site-packages'
[2.819s] Level 1:colcon.colcon_core.environment:checking '/home/limitbreakers/breakers_ws/install/serial/bin'
[2.820s] INFO:colcon.colcon_core.shell:Creating package script '/home/limitbreakers/breakers_ws/install/serial/share/serial/package.ps1'
[2.822s] INFO:colcon.colcon_core.shell:Creating package descriptor '/home/limitbreakers/breakers_ws/install/serial/share/serial/package.dsv'
[2.825s] INFO:colcon.colcon_core.shell:Creating package script '/home/limitbreakers/breakers_ws/install/serial/share/serial/package.sh'
[2.827s] INFO:colcon.colcon_core.shell:Creating package script '/home/limitbreakers/breakers_ws/install/serial/share/serial/package.bash'
[2.829s] INFO:colcon.colcon_core.shell:Creating package script '/home/limitbreakers/breakers_ws/install/serial/share/serial/package.zsh'
[2.831s] Level 1:colcon.colcon_core.environment:create_file_with_runtime_dependencies(/home/limitbreakers/breakers_ws/install/serial/share/colcon-core/packages/serial)
[2.833s] INFO:colcon.colcon_ros.task.ament_cmake.build:Building ROS package in '/home/limitbreakers/breakers_ws/src/diffdrive_arduino' with build type 'ament_cmake'
[2.834s] INFO:colcon.colcon_cmake.task.cmake.build:Building CMake package in '/home/limitbreakers/breakers_ws/src/diffdrive_arduino'
[2.835s] INFO:colcon.colcon_core.shell:Skip shell extension 'powershell' for command environment: Not usable outside of PowerShell
[2.835s] DEBUG:colcon.colcon_core.shell:Skip shell extension 'dsv' for command environment
[2.895s] DEBUG:colcon.colcon_core.event_handler.log_command:Invoking command in '/home/limitbreakers/breakers_ws/build/diffdrive_arduino': CMAKE_PREFIX_PATH=/home/limitbreakers/breakers_ws/install/serial:/home/limitbreakers/breakers_ws/install/sllidar_ros2:/home/limitbreakers/breakers_ws/install/diffdrive_arduino:/home/limitbreakers/breakers_ws/install/dojo:/home/limitbreakers/ros2_ws/install/serial:/home/limitbreakers/ros2_ws/install/rplidar_ros:/home/limitbreakers/ros2_ws/install/diffdrive_arduino:/home/limitbreakers/ros2_ws/install/articubot_one:/opt/ros/humble /usr/bin/cmake --build /home/limitbreakers/breakers_ws/build/diffdrive_arduino -- -j4 -l4
[24.053s] DEBUG:colcon.colcon_core.event_handler.log_command:Invoked command in '/home/limitbreakers/breakers_ws/build/diffdrive_arduino' returned '0': CMAKE_PREFIX_PATH=/home/limitbreakers/breakers_ws/install/serial:/home/limitbreakers/breakers_ws/install/sllidar_ros2:/home/limitbreakers/breakers_ws/install/diffdrive_arduino:/home/limitbreakers/breakers_ws/install/dojo:/home/limitbreakers/ros2_ws/install/serial:/home/limitbreakers/ros2_ws/install/rplidar_ros:/home/limitbreakers/ros2_ws/install/diffdrive_arduino:/home/limitbreakers/ros2_ws/install/articubot_one:/opt/ros/humble /usr/bin/cmake --build /home/limitbreakers/breakers_ws/build/diffdrive_arduino -- -j4 -l4
[24.064s] DEBUG:colcon.colcon_core.event_handler.log_command:Invoking command in '/home/limitbreakers/breakers_ws/build/diffdrive_arduino': CMAKE_PREFIX_PATH=/home/limitbreakers/breakers_ws/install/serial:/home/limitbreakers/breakers_ws/install/sllidar_ros2:/home/limitbreakers/breakers_ws/install/diffdrive_arduino:/home/limitbreakers/breakers_ws/install/dojo:/home/limitbreakers/ros2_ws/install/serial:/home/limitbreakers/ros2_ws/install/rplidar_ros:/home/limitbreakers/ros2_ws/install/diffdrive_arduino:/home/limitbreakers/ros2_ws/install/articubot_one:/opt/ros/humble /usr/bin/cmake --install /home/limitbreakers/breakers_ws/build/diffdrive_arduino
[25.125s] Level 1:colcon.colcon_core.environment:create_environment_scripts_only(diffdrive_arduino)
[25.126s] Level 1:colcon.colcon_core.environment:checking '/home/limitbreakers/breakers_ws/install/diffdrive_arduino' for CMake module files
[25.128s] DEBUG:colcon.colcon_core.event_handler.log_command:Invoked command in '/home/limitbreakers/breakers_ws/build/diffdrive_arduino' returned '0': CMAKE_PREFIX_PATH=/home/limitbreakers/breakers_ws/install/serial:/home/limitbreakers/breakers_ws/install/sllidar_ros2:/home/limitbreakers/breakers_ws/install/diffdrive_arduino:/home/limitbreakers/breakers_ws/install/dojo:/home/limitbreakers/ros2_ws/install/serial:/home/limitbreakers/ros2_ws/install/rplidar_ros:/home/limitbreakers/ros2_ws/install/diffdrive_arduino:/home/limitbreakers/ros2_ws/install/articubot_one:/opt/ros/humble /usr/bin/cmake --install /home/limitbreakers/breakers_ws/build/diffdrive_arduino
[25.132s] Level 1:colcon.colcon_core.environment:checking '/home/limitbreakers/breakers_ws/install/diffdrive_arduino' for CMake config files
[25.135s] Level 1:colcon.colcon_core.shell:create_environment_hook('diffdrive_arduino', 'cmake_prefix_path')
[25.136s] INFO:colcon.colcon_core.shell:Creating environment hook '/home/limitbreakers/breakers_ws/install/diffdrive_arduino/share/diffdrive_arduino/hook/cmake_prefix_path.ps1'
[25.138s] INFO:colcon.colcon_core.shell:Creating environment descriptor '/home/limitbreakers/breakers_ws/install/diffdrive_arduino/share/diffdrive_arduino/hook/cmake_prefix_path.dsv'
[25.140s] INFO:colcon.colcon_core.shell:Creating environment hook '/home/limitbreakers/breakers_ws/install/diffdrive_arduino/share/diffdrive_arduino/hook/cmake_prefix_path.sh'
[25.142s] Level 1:colcon.colcon_core.environment:checking '/home/limitbreakers/breakers_ws/install/diffdrive_arduino/lib'
[25.143s] Level 1:colcon.colcon_core.shell:create_environment_hook('diffdrive_arduino', 'ld_library_path_lib')
[25.144s] INFO:colcon.colcon_core.shell:Creating environment hook '/home/limitbreakers/breakers_ws/install/diffdrive_arduino/share/diffdrive_arduino/hook/ld_library_path_lib.ps1'
[25.146s] INFO:colcon.colcon_core.shell:Creating environment descriptor '/home/limitbreakers/breakers_ws/install/diffdrive_arduino/share/diffdrive_arduino/hook/ld_library_path_lib.dsv'
[25.148s] INFO:colcon.colcon_core.shell:Creating environment hook '/home/limitbreakers/breakers_ws/install/diffdrive_arduino/share/diffdrive_arduino/hook/ld_library_path_lib.sh'
[25.149s] Level 1:colcon.colcon_core.environment:checking '/home/limitbreakers/breakers_ws/install/diffdrive_arduino/bin'
[25.150s] Level 1:colcon.colcon_core.environment:checking '/home/limitbreakers/breakers_ws/install/diffdrive_arduino/lib/pkgconfig/diffdrive_arduino.pc'
[25.151s] Level 1:colcon.colcon_core.environment:checking '/home/limitbreakers/breakers_ws/install/diffdrive_arduino/lib/python3.10/site-packages'
[25.151s] Level 1:colcon.colcon_core.environment:checking '/home/limitbreakers/breakers_ws/install/diffdrive_arduino/bin'
[25.153s] INFO:colcon.colcon_core.shell:Creating package script '/home/limitbreakers/breakers_ws/install/diffdrive_arduino/share/diffdrive_arduino/package.ps1'
[25.155s] INFO:colcon.colcon_core.shell:Creating package descriptor '/home/limitbreakers/breakers_ws/install/diffdrive_arduino/share/diffdrive_arduino/package.dsv'
[25.157s] INFO:colcon.colcon_core.shell:Creating package script '/home/limitbreakers/breakers_ws/install/diffdrive_arduino/share/diffdrive_arduino/package.sh'
[25.160s] INFO:colcon.colcon_core.shell:Creating package script '/home/limitbreakers/breakers_ws/install/diffdrive_arduino/share/diffdrive_arduino/package.bash'
[25.162s] INFO:colcon.colcon_core.shell:Creating package script '/home/limitbreakers/breakers_ws/install/diffdrive_arduino/share/diffdrive_arduino/package.zsh'
[25.163s] Level 1:colcon.colcon_core.environment:create_file_with_runtime_dependencies(/home/limitbreakers/breakers_ws/install/diffdrive_arduino/share/colcon-core/packages/diffdrive_arduino)
[25.166s] Level 1:colcon.colcon_core.environment:create_environment_scripts_only(diffdrive_arduino)
[25.167s] Level 1:colcon.colcon_core.environment:checking '/home/limitbreakers/breakers_ws/install/diffdrive_arduino' for CMake module files
[25.171s] Level 1:colcon.colcon_core.environment:checking '/home/limitbreakers/breakers_ws/install/diffdrive_arduino' for CMake config files
[25.172s] Level 1:colcon.colcon_core.shell:create_environment_hook('diffdrive_arduino', 'cmake_prefix_path')
[25.173s] INFO:colcon.colcon_core.shell:Creating environment hook '/home/limitbreakers/breakers_ws/install/diffdrive_arduino/share/diffdrive_arduino/hook/cmake_prefix_path.ps1'
[25.175s] INFO:colcon.colcon_core.shell:Creating environment descriptor '/home/limitbreakers/breakers_ws/install/diffdrive_arduino/share/diffdrive_arduino/hook/cmake_prefix_path.dsv'
[25.177s] INFO:colcon.colcon_core.shell:Creating environment hook '/home/limitbreakers/breakers_ws/install/diffdrive_arduino/share/diffdrive_arduino/hook/cmake_prefix_path.sh'
[25.180s] Level 1:colcon.colcon_core.environment:checking '/home/limitbreakers/breakers_ws/install/diffdrive_arduino/lib'
[25.181s] Level 1:colcon.colcon_core.shell:create_environment_hook('diffdrive_arduino', 'ld_library_path_lib')
[25.182s] INFO:colcon.colcon_core.shell:Creating environment hook '/home/limitbreakers/breakers_ws/install/diffdrive_arduino/share/diffdrive_arduino/hook/ld_library_path_lib.ps1'
[25.184s] INFO:colcon.colcon_core.shell:Creating environment descriptor '/home/limitbreakers/breakers_ws/install/diffdrive_arduino/share/diffdrive_arduino/hook/ld_library_path_lib.dsv'
[25.187s] INFO:colcon.colcon_core.shell:Creating environment hook '/home/limitbreakers/breakers_ws/install/diffdrive_arduino/share/diffdrive_arduino/hook/ld_library_path_lib.sh'
[25.189s] Level 1:colcon.colcon_core.environment:checking '/home/limitbreakers/breakers_ws/install/diffdrive_arduino/bin'
[25.189s] Level 1:colcon.colcon_core.environment:checking '/home/limitbreakers/breakers_ws/install/diffdrive_arduino/lib/pkgconfig/diffdrive_arduino.pc'
[25.190s] Level 1:colcon.colcon_core.environment:checking '/home/limitbreakers/breakers_ws/install/diffdrive_arduino/lib/python3.10/site-packages'
[25.191s] Level 1:colcon.colcon_core.environment:checking '/home/limitbreakers/breakers_ws/install/diffdrive_arduino/bin'
[25.192s] INFO:colcon.colcon_core.shell:Creating package script '/home/limitbreakers/breakers_ws/install/diffdrive_arduino/share/diffdrive_arduino/package.ps1'
[25.195s] INFO:colcon.colcon_core.shell:Creating package descriptor '/home/limitbreakers/breakers_ws/install/diffdrive_arduino/share/diffdrive_arduino/package.dsv'
[25.197s] INFO:colcon.colcon_core.shell:Creating package script '/home/limitbreakers/breakers_ws/install/diffdrive_arduino/share/diffdrive_arduino/package.sh'
[25.200s] INFO:colcon.colcon_core.shell:Creating package script '/home/limitbreakers/breakers_ws/install/diffdrive_arduino/share/diffdrive_arduino/package.bash'
[25.202s] INFO:colcon.colcon_core.shell:Creating package script '/home/limitbreakers/breakers_ws/install/diffdrive_arduino/share/diffdrive_arduino/package.zsh'
[25.204s] Level 1:colcon.colcon_core.environment:create_file_with_runtime_dependencies(/home/limitbreakers/breakers_ws/install/diffdrive_arduino/share/colcon-core/packages/diffdrive_arduino)
[25.205s] DEBUG:colcon.colcon_parallel_executor.executor.parallel:closing loop
[25.206s] DEBUG:colcon.colcon_parallel_executor.executor.parallel:loop closed
[25.207s] DEBUG:colcon.colcon_parallel_executor.executor.parallel:run_until_complete finished with '0'
[25.207s] DEBUG:colcon.colcon_core.event_reactor:joining thread
[25.229s] INFO:colcon.colcon_core.plugin_system:Skipping extension 'colcon_notification.desktop_notification.notify_send': Could not find 'notify-send'
[25.229s] INFO:colcon.colcon_core.plugin_system:Skipping extension 'colcon_notification.desktop_notification.terminal_notifier': Not used on non-Darwin systems
[25.229s] INFO:colcon.colcon_core.plugin_system:Skipping extension 'colcon_notification.desktop_notification.win32': Not used on non-Windows systems
[25.230s] INFO:colcon.colcon_notification.desktop_notification:Sending desktop notification using 'notify2'
[25.232s] DEBUG:colcon.colcon_notification.desktop_notification.notify2:Failed to initialize notify2: org.freedesktop.DBus.Error.ServiceUnknown: The name org.freedesktop.Notifications was not provided by any .service files
[25.233s] DEBUG:colcon.colcon_core.event_reactor:joined thread
[25.234s] INFO:colcon.colcon_core.shell:Creating prefix script '/home/limitbreakers/breakers_ws/install/local_setup.ps1'
[25.238s] INFO:colcon.colcon_core.shell:Creating prefix util module '/home/limitbreakers/breakers_ws/install/_local_setup_util_ps1.py'
[25.245s] INFO:colcon.colcon_core.shell:Creating prefix chain script '/home/limitbreakers/breakers_ws/install/setup.ps1'
[25.253s] INFO:colcon.colcon_core.shell:Creating prefix script '/home/limitbreakers/breakers_ws/install/local_setup.sh'
[25.256s] INFO:colcon.colcon_core.shell:Creating prefix util module '/home/limitbreakers/breakers_ws/install/_local_setup_util_sh.py'
[25.258s] INFO:colcon.colcon_core.shell:Creating prefix chain script '/home/limitbreakers/breakers_ws/install/setup.sh'
[25.265s] INFO:colcon.colcon_core.shell:Creating prefix script '/home/limitbreakers/breakers_ws/install/local_setup.bash'
[25.268s] INFO:colcon.colcon_core.shell:Creating prefix chain script '/home/limitbreakers/breakers_ws/install/setup.bash'
[25.275s] INFO:colcon.colcon_core.shell:Creating prefix script '/home/limitbreakers/breakers_ws/install/local_setup.zsh'
[25.277s] INFO:colcon.colcon_core.shell:Creating prefix chain script '/home/limitbreakers/breakers_ws/install/setup.zsh'
