[13.045s] Invoking command in '/home/nathan/ros2_ws/build/image_processor': PYTHONPATH=/home/nathan/ros2_ws/build/image_processor/prefix_override:/usr/lib/python3/dist-packages/colcon_core/task/python/colcon_distutils_commands:/home/nathan/ros2_ws/install/image_processor/lib/python3.10/site-packages:${PYTHONPATH} /usr/bin/python3 -W ignore:setup.py install is deprecated -W ignore:easy_install command is deprecated setup.py develop --editable --build-directory /home/nathan/ros2_ws/build/image_processor/build --no-deps symlink_data
[13.452s] running develop
[13.797s] running egg_info
[13.798s] creating image_processor.egg-info
[13.799s] writing image_processor.egg-info/PKG-INFO
[13.799s] writing dependency_links to image_processor.egg-info/dependency_links.txt
[13.799s] writing entry points to image_processor.egg-info/entry_points.txt
[13.799s] writing requirements to image_processor.egg-info/requires.txt
[13.799s] writing top-level names to image_processor.egg-info/top_level.txt
[13.800s] writing manifest file 'image_processor.egg-info/SOURCES.txt'
[13.803s] reading manifest file 'image_processor.egg-info/SOURCES.txt'
[13.805s] writing manifest file 'image_processor.egg-info/SOURCES.txt'
[13.808s] running build_ext
[13.809s] Creating /home/nathan/ros2_ws/install/image_processor/lib/python3.10/site-packages/image-processor.egg-link (link to .)
[13.810s] Installing camera_viewer_node script to /home/nathan/ros2_ws/install/image_processor/lib/image_processor
[13.810s] Installing colour_detector_node script to /home/nathan/ros2_ws/install/image_processor/lib/image_processor
[13.811s] Installing disease_detector_node script to /home/nathan/ros2_ws/install/image_processor/lib/image_processor
[13.811s] Installing image_processor_node script to /home/nathan/ros2_ws/install/image_processor/lib/image_processor
[13.811s] 
[13.811s] Installed /home/nathan/ros2_ws/build/image_processor
[13.811s] running symlink_data
[13.815s] creating /home/nathan/ros2_ws/install/image_processor/share/ament_index
[13.815s] creating /home/nathan/ros2_ws/install/image_processor/share/ament_index/resource_index
[13.815s] creating /home/nathan/ros2_ws/install/image_processor/share/ament_index/resource_index/packages
[13.815s] symbolically linking /home/nathan/ros2_ws/build/image_processor/resource/image_processor -> /home/nathan/ros2_ws/install/image_processor/share/ament_index/resource_index/packages
[13.815s] symbolically linking /home/nathan/ros2_ws/build/image_processor/package.xml -> /home/nathan/ros2_ws/install/image_processor/share/image_processor
[13.815s] creating /home/nathan/ros2_ws/install/image_processor/share/image_processor/launch
[13.815s] symbolically linking /home/nathan/ros2_ws/build/image_processor/launch/colour_detector.launch.py -> /home/nathan/ros2_ws/install/image_processor/share/image_processor/launch
[13.816s] symbolically linking /home/nathan/ros2_ws/build/image_processor/launch/camera_viewer.launch.py -> /home/nathan/ros2_ws/install/image_processor/share/image_processor/launch
[13.816s] symbolically linking /home/nathan/ros2_ws/build/image_processor/launch/disease_detector.launch.py -> /home/nathan/ros2_ws/install/image_processor/share/image_processor/launch
[13.816s] symbolically linking /home/nathan/ros2_ws/build/image_processor/launch/image_processor.launch.py -> /home/nathan/ros2_ws/install/image_processor/share/image_processor/launch
[13.870s] Invoked command in '/home/nathan/ros2_ws/build/image_processor' returned '0': PYTHONPATH=/home/nathan/ros2_ws/build/image_processor/prefix_override:/usr/lib/python3/dist-packages/colcon_core/task/python/colcon_distutils_commands:/home/nathan/ros2_ws/install/image_processor/lib/python3.10/site-packages:${PYTHONPATH} /usr/bin/python3 -W ignore:setup.py install is deprecated -W ignore:easy_install command is deprecated setup.py develop --editable --build-directory /home/nathan/ros2_ws/build/image_processor/build --no-deps symlink_data
