[0.525s] DEBUG:colcon:Command line arguments: ['/usr/bin/colcon', 'build', '--symlink-install']
[0.525s] DEBUG:colcon:Parsed command line arguments: Namespace(log_base=None, log_level=None, verb_name='build', build_base='build', install_base='install', merge_install=False, symlink_install=True, test_result_base=None, continue_on_error=False, executor='parallel', parallel_workers=4, event_handlers=None, ignore_user_meta=False, metas=['./colcon.meta'], base_paths=['.'], packages_ignore=None, packages_ignore_regex=None, paths=None, packages_up_to=None, packages_up_to_regex=None, packages_above=None, packages_above_and_dependencies=None, packages_above_depth=None, packages_select_by_dep=None, packages_skip_by_dep=None, packages_skip_up_to=None, packages_select_build_failed=False, packages_skip_build_finished=False, packages_select_test_failures=False, packages_skip_test_passed=False, packages_select=None, packages_skip=None, packages_select_regex=None, packages_skip_regex=None, packages_start=None, packages_end=None, allow_overriding=[], cmake_args=None, cmake_target=None, cmake_target_skip_unavailable=False, cmake_clean_cache=False, cmake_clean_first=False, cmake_force_configure=False, ament_cmake_args=None, catkin_cmake_args=None, catkin_skip_building_tests=False, verb_parser=<colcon_defaults.argument_parser.defaults.DefaultArgumentsDecorator object at 0x70df9f569d20>, verb_extension=<colcon_core.verb.build.BuildVerb object at 0x70df9f568c70>, main=<bound method BuildVerb.main of <colcon_core.verb.build.BuildVerb object at 0x70df9f568c70>>)
[7.782s] Level 1:colcon.colcon_core.package_discovery:discover_packages(colcon_meta) check parameters
[7.783s] Level 1:colcon.colcon_core.package_discovery:discover_packages(recursive) check parameters
[7.783s] Level 1:colcon.colcon_core.package_discovery:discover_packages(ignore) check parameters
[7.783s] Level 1:colcon.colcon_core.package_discovery:discover_packages(path) check parameters
[7.783s] Level 1:colcon.colcon_core.package_discovery:discover_packages(colcon_meta) discover
[7.783s] Level 1:colcon.colcon_core.package_discovery:discover_packages(recursive) discover
[7.783s] INFO:colcon.colcon_core.package_discovery:Crawling recursively for packages in '/home/nathan/ros2_ws'
[7.783s] Level 1:colcon.colcon_core.package_identification:_identify(.) by extensions ['ignore', 'ignore_ament_install']
[7.783s] Level 1:colcon.colcon_core.package_identification:_identify(.) by extension 'ignore'
[7.783s] Level 1:colcon.colcon_core.package_identification:_identify(.) by extension 'ignore_ament_install'
[7.784s] Level 1:colcon.colcon_core.package_identification:_identify(.) by extensions ['colcon_pkg']
[7.784s] Level 1:colcon.colcon_core.package_identification:_identify(.) by extension 'colcon_pkg'
[7.784s] Level 1:colcon.colcon_core.package_identification:_identify(.) by extensions ['colcon_meta']
[7.784s] Level 1:colcon.colcon_core.package_identification:_identify(.) by extension 'colcon_meta'
[7.784s] Level 1:colcon.colcon_core.package_identification:_identify(.) by extensions ['ros']
[7.784s] Level 1:colcon.colcon_core.package_identification:_identify(.) by extension 'ros'
[7.800s] Level 1:colcon.colcon_core.package_identification:_identify(.) by extensions ['cmake', 'python']
[7.800s] Level 1:colcon.colcon_core.package_identification:_identify(.) by extension 'cmake'
[7.801s] Level 1:colcon.colcon_core.package_identification:_identify(.) by extension 'python'
[7.801s] Level 1:colcon.colcon_core.package_identification:_identify(.) by extensions ['python_setup_py']
[7.801s] Level 1:colcon.colcon_core.package_identification:_identify(.) by extension 'python_setup_py'
[7.801s] Level 1:colcon.colcon_core.package_identification:_identify(build) by extensions ['ignore', 'ignore_ament_install']
[7.801s] Level 1:colcon.colcon_core.package_identification:_identify(build) by extension 'ignore'
[7.801s] Level 1:colcon.colcon_core.package_identification:_identify(build) ignored
[7.802s] Level 1:colcon.colcon_core.package_identification:_identify(install) by extensions ['ignore', 'ignore_ament_install']
[7.802s] Level 1:colcon.colcon_core.package_identification:_identify(install) by extension 'ignore'
[7.802s] Level 1:colcon.colcon_core.package_identification:_identify(install) ignored
[7.802s] Level 1:colcon.colcon_core.package_identification:_identify(log) by extensions ['ignore', 'ignore_ament_install']
[7.802s] Level 1:colcon.colcon_core.package_identification:_identify(log) by extension 'ignore'
[7.802s] Level 1:colcon.colcon_core.package_identification:_identify(log) ignored
[7.802s] Level 1:colcon.colcon_core.package_identification:_identify(src) by extensions ['ignore', 'ignore_ament_install']
[7.803s] Level 1:colcon.colcon_core.package_identification:_identify(src) by extension 'ignore'
[7.803s] Level 1:colcon.colcon_core.package_identification:_identify(src) by extension 'ignore_ament_install'
[7.803s] Level 1:colcon.colcon_core.package_identification:_identify(src) by extensions ['colcon_pkg']
[7.803s] Level 1:colcon.colcon_core.package_identification:_identify(src) by extension 'colcon_pkg'
[7.803s] Level 1:colcon.colcon_core.package_identification:_identify(src) by extensions ['colcon_meta']
[7.803s] Level 1:colcon.colcon_core.package_identification:_identify(src) by extension 'colcon_meta'
[7.803s] Level 1:colcon.colcon_core.package_identification:_identify(src) by extensions ['ros']
[7.803s] Level 1:colcon.colcon_core.package_identification:_identify(src) by extension 'ros'
[7.803s] Level 1:colcon.colcon_core.package_identification:_identify(src) by extensions ['cmake', 'python']
[7.803s] Level 1:colcon.colcon_core.package_identification:_identify(src) by extension 'cmake'
[7.804s] Level 1:colcon.colcon_core.package_identification:_identify(src) by extension 'python'
[7.804s] Level 1:colcon.colcon_core.package_identification:_identify(src) by extensions ['python_setup_py']
[7.804s] Level 1:colcon.colcon_core.package_identification:_identify(src) by extension 'python_setup_py'
[7.804s] Level 1:colcon.colcon_core.package_identification:_identify(src/articubot_one) by extensions ['ignore', 'ignore_ament_install']
[7.804s] Level 1:colcon.colcon_core.package_identification:_identify(src/articubot_one) by extension 'ignore'
[7.804s] Level 1:colcon.colcon_core.package_identification:_identify(src/articubot_one) by extension 'ignore_ament_install'
[7.804s] Level 1:colcon.colcon_core.package_identification:_identify(src/articubot_one) by extensions ['colcon_pkg']
[7.804s] Level 1:colcon.colcon_core.package_identification:_identify(src/articubot_one) by extension 'colcon_pkg'
[7.804s] Level 1:colcon.colcon_core.package_identification:_identify(src/articubot_one) by extensions ['colcon_meta']
[7.804s] Level 1:colcon.colcon_core.package_identification:_identify(src/articubot_one) by extension 'colcon_meta'
[7.805s] Level 1:colcon.colcon_core.package_identification:_identify(src/articubot_one) by extensions ['ros']
[7.805s] Level 1:colcon.colcon_core.package_identification:_identify(src/articubot_one) by extension 'ros'
[7.854s] DEBUG:colcon.colcon_core.package_identification:Package 'src/articubot_one' with type 'ros.ament_cmake' and name 'articubot_one'
[7.855s] Level 1:colcon.colcon_core.package_identification:_identify(src/diffdrive_arduino) by extensions ['ignore', 'ignore_ament_install']
[7.855s] Level 1:colcon.colcon_core.package_identification:_identify(src/diffdrive_arduino) by extension 'ignore'
[7.855s] Level 1:colcon.colcon_core.package_identification:_identify(src/diffdrive_arduino) by extension 'ignore_ament_install'
[7.855s] Level 1:colcon.colcon_core.package_identification:_identify(src/diffdrive_arduino) by extensions ['colcon_pkg']
[7.855s] Level 1:colcon.colcon_core.package_identification:_identify(src/diffdrive_arduino) by extension 'colcon_pkg'
[7.855s] Level 1:colcon.colcon_core.package_identification:_identify(src/diffdrive_arduino) by extensions ['colcon_meta']
[7.855s] Level 1:colcon.colcon_core.package_identification:_identify(src/diffdrive_arduino) by extension 'colcon_meta'
[7.855s] Level 1:colcon.colcon_core.package_identification:_identify(src/diffdrive_arduino) by extensions ['ros']
[7.855s] Level 1:colcon.colcon_core.package_identification:_identify(src/diffdrive_arduino) by extension 'ros'
[7.876s] DEBUG:colcon.colcon_core.package_identification:Package 'src/diffdrive_arduino' with type 'ros.ament_cmake' and name 'diffdrive_arduino'
[7.876s] Level 1:colcon.colcon_core.package_identification:_identify(src/dojo) by extensions ['ignore', 'ignore_ament_install']
[7.876s] Level 1:colcon.colcon_core.package_identification:_identify(src/dojo) by extension 'ignore'
[7.876s] Level 1:colcon.colcon_core.package_identification:_identify(src/dojo) by extension 'ignore_ament_install'
[7.876s] Level 1:colcon.colcon_core.package_identification:_identify(src/dojo) by extensions ['colcon_pkg']
[7.876s] Level 1:colcon.colcon_core.package_identification:_identify(src/dojo) by extension 'colcon_pkg'
[7.876s] Level 1:colcon.colcon_core.package_identification:_identify(src/dojo) by extensions ['colcon_meta']
[7.876s] Level 1:colcon.colcon_core.package_identification:_identify(src/dojo) by extension 'colcon_meta'
[7.877s] Level 1:colcon.colcon_core.package_identification:_identify(src/dojo) by extensions ['ros']
[7.877s] Level 1:colcon.colcon_core.package_identification:_identify(src/dojo) by extension 'ros'
[7.877s] DEBUG:colcon.colcon_core.package_identification:Package 'src/dojo' with type 'ros.ament_cmake' and name 'dojo'
[7.878s] Level 1:colcon.colcon_core.package_identification:_identify(src/gazebo_ignition_fortress) by extensions ['ignore', 'ignore_ament_install']
[7.878s] Level 1:colcon.colcon_core.package_identification:_identify(src/gazebo_ignition_fortress) by extension 'ignore'
[7.878s] Level 1:colcon.colcon_core.package_identification:_identify(src/gazebo_ignition_fortress) by extension 'ignore_ament_install'
[7.878s] Level 1:colcon.colcon_core.package_identification:_identify(src/gazebo_ignition_fortress) by extensions ['colcon_pkg']
[7.878s] Level 1:colcon.colcon_core.package_identification:_identify(src/gazebo_ignition_fortress) by extension 'colcon_pkg'
[7.878s] Level 1:colcon.colcon_core.package_identification:_identify(src/gazebo_ignition_fortress) by extensions ['colcon_meta']
[7.878s] Level 1:colcon.colcon_core.package_identification:_identify(src/gazebo_ignition_fortress) by extension 'colcon_meta'
[7.878s] Level 1:colcon.colcon_core.package_identification:_identify(src/gazebo_ignition_fortress) by extensions ['ros']
[7.878s] Level 1:colcon.colcon_core.package_identification:_identify(src/gazebo_ignition_fortress) by extension 'ros'
[7.878s] Level 1:colcon.colcon_core.package_identification:_identify(src/gazebo_ignition_fortress) by extensions ['cmake', 'python']
[7.879s] Level 1:colcon.colcon_core.package_identification:_identify(src/gazebo_ignition_fortress) by extension 'cmake'
[7.879s] Level 1:colcon.colcon_core.package_identification:_identify(src/gazebo_ignition_fortress) by extension 'python'
[7.879s] Level 1:colcon.colcon_core.package_identification:_identify(src/gazebo_ignition_fortress) by extensions ['python_setup_py']
[7.879s] Level 1:colcon.colcon_core.package_identification:_identify(src/gazebo_ignition_fortress) by extension 'python_setup_py'
[7.879s] Level 1:colcon.colcon_core.package_identification:_identify(src/gazebo_ignition_fortress/images) by extensions ['ignore', 'ignore_ament_install']
[7.879s] Level 1:colcon.colcon_core.package_identification:_identify(src/gazebo_ignition_fortress/images) by extension 'ignore'
[7.879s] Level 1:colcon.colcon_core.package_identification:_identify(src/gazebo_ignition_fortress/images) by extension 'ignore_ament_install'
[7.879s] Level 1:colcon.colcon_core.package_identification:_identify(src/gazebo_ignition_fortress/images) by extensions ['colcon_pkg']
[7.879s] Level 1:colcon.colcon_core.package_identification:_identify(src/gazebo_ignition_fortress/images) by extension 'colcon_pkg'
[7.880s] Level 1:colcon.colcon_core.package_identification:_identify(src/gazebo_ignition_fortress/images) by extensions ['colcon_meta']
[7.880s] Level 1:colcon.colcon_core.package_identification:_identify(src/gazebo_ignition_fortress/images) by extension 'colcon_meta'
[7.880s] Level 1:colcon.colcon_core.package_identification:_identify(src/gazebo_ignition_fortress/images) by extensions ['ros']
[7.880s] Level 1:colcon.colcon_core.package_identification:_identify(src/gazebo_ignition_fortress/images) by extension 'ros'
[7.880s] Level 1:colcon.colcon_core.package_identification:_identify(src/gazebo_ignition_fortress/images) by extensions ['cmake', 'python']
[7.880s] Level 1:colcon.colcon_core.package_identification:_identify(src/gazebo_ignition_fortress/images) by extension 'cmake'
[7.880s] Level 1:colcon.colcon_core.package_identification:_identify(src/gazebo_ignition_fortress/images) by extension 'python'
[7.881s] Level 1:colcon.colcon_core.package_identification:_identify(src/gazebo_ignition_fortress/images) by extensions ['python_setup_py']
[7.881s] Level 1:colcon.colcon_core.package_identification:_identify(src/gazebo_ignition_fortress/images) by extension 'python_setup_py'
[7.881s] Level 1:colcon.colcon_core.package_identification:_identify(src/gazebo_ignition_fortress/sample_map) by extensions ['ignore', 'ignore_ament_install']
[7.882s] Level 1:colcon.colcon_core.package_identification:_identify(src/gazebo_ignition_fortress/sample_map) by extension 'ignore'
[7.882s] Level 1:colcon.colcon_core.package_identification:_identify(src/gazebo_ignition_fortress/sample_map) by extension 'ignore_ament_install'
[7.882s] Level 1:colcon.colcon_core.package_identification:_identify(src/gazebo_ignition_fortress/sample_map) by extensions ['colcon_pkg']
[7.882s] Level 1:colcon.colcon_core.package_identification:_identify(src/gazebo_ignition_fortress/sample_map) by extension 'colcon_pkg'
[7.882s] Level 1:colcon.colcon_core.package_identification:_identify(src/gazebo_ignition_fortress/sample_map) by extensions ['colcon_meta']
[7.882s] Level 1:colcon.colcon_core.package_identification:_identify(src/gazebo_ignition_fortress/sample_map) by extension 'colcon_meta'
[7.882s] Level 1:colcon.colcon_core.package_identification:_identify(src/gazebo_ignition_fortress/sample_map) by extensions ['ros']
[7.882s] Level 1:colcon.colcon_core.package_identification:_identify(src/gazebo_ignition_fortress/sample_map) by extension 'ros'
[7.882s] Level 1:colcon.colcon_core.package_identification:_identify(src/gazebo_ignition_fortress/sample_map) by extensions ['cmake', 'python']
[7.882s] Level 1:colcon.colcon_core.package_identification:_identify(src/gazebo_ignition_fortress/sample_map) by extension 'cmake'
[7.882s] Level 1:colcon.colcon_core.package_identification:_identify(src/gazebo_ignition_fortress/sample_map) by extension 'python'
[7.882s] Level 1:colcon.colcon_core.package_identification:_identify(src/gazebo_ignition_fortress/sample_map) by extensions ['python_setup_py']
[7.882s] Level 1:colcon.colcon_core.package_identification:_identify(src/gazebo_ignition_fortress/sample_map) by extension 'python_setup_py'
[7.883s] Level 1:colcon.colcon_core.package_identification:_identify(src/gazebo_ignition_fortress/src) by extensions ['ignore', 'ignore_ament_install']
[7.883s] Level 1:colcon.colcon_core.package_identification:_identify(src/gazebo_ignition_fortress/src) by extension 'ignore'
[7.883s] Level 1:colcon.colcon_core.package_identification:_identify(src/gazebo_ignition_fortress/src) by extension 'ignore_ament_install'
[7.883s] Level 1:colcon.colcon_core.package_identification:_identify(src/gazebo_ignition_fortress/src) by extensions ['colcon_pkg']
[7.883s] Level 1:colcon.colcon_core.package_identification:_identify(src/gazebo_ignition_fortress/src) by extension 'colcon_pkg'
[7.883s] Level 1:colcon.colcon_core.package_identification:_identify(src/gazebo_ignition_fortress/src) by extensions ['colcon_meta']
[7.883s] Level 1:colcon.colcon_core.package_identification:_identify(src/gazebo_ignition_fortress/src) by extension 'colcon_meta'
[7.883s] Level 1:colcon.colcon_core.package_identification:_identify(src/gazebo_ignition_fortress/src) by extensions ['ros']
[7.883s] Level 1:colcon.colcon_core.package_identification:_identify(src/gazebo_ignition_fortress/src) by extension 'ros'
[7.883s] Level 1:colcon.colcon_core.package_identification:_identify(src/gazebo_ignition_fortress/src) by extensions ['cmake', 'python']
[7.883s] Level 1:colcon.colcon_core.package_identification:_identify(src/gazebo_ignition_fortress/src) by extension 'cmake'
[7.883s] Level 1:colcon.colcon_core.package_identification:_identify(src/gazebo_ignition_fortress/src) by extension 'python'
[7.883s] Level 1:colcon.colcon_core.package_identification:_identify(src/gazebo_ignition_fortress/src) by extensions ['python_setup_py']
[7.883s] Level 1:colcon.colcon_core.package_identification:_identify(src/gazebo_ignition_fortress/src) by extension 'python_setup_py'
[7.883s] Level 1:colcon.colcon_core.package_identification:_identify(src/gazebo_ignition_fortress/src/ppp_bot) by extensions ['ignore', 'ignore_ament_install']
[7.884s] Level 1:colcon.colcon_core.package_identification:_identify(src/gazebo_ignition_fortress/src/ppp_bot) by extension 'ignore'
[7.884s] Level 1:colcon.colcon_core.package_identification:_identify(src/gazebo_ignition_fortress/src/ppp_bot) by extension 'ignore_ament_install'
[7.884s] Level 1:colcon.colcon_core.package_identification:_identify(src/gazebo_ignition_fortress/src/ppp_bot) by extensions ['colcon_pkg']
[7.884s] Level 1:colcon.colcon_core.package_identification:_identify(src/gazebo_ignition_fortress/src/ppp_bot) by extension 'colcon_pkg'
[7.884s] Level 1:colcon.colcon_core.package_identification:_identify(src/gazebo_ignition_fortress/src/ppp_bot) by extensions ['colcon_meta']
[7.884s] Level 1:colcon.colcon_core.package_identification:_identify(src/gazebo_ignition_fortress/src/ppp_bot) by extension 'colcon_meta'
[7.884s] Level 1:colcon.colcon_core.package_identification:_identify(src/gazebo_ignition_fortress/src/ppp_bot) by extensions ['ros']
[7.884s] Level 1:colcon.colcon_core.package_identification:_identify(src/gazebo_ignition_fortress/src/ppp_bot) by extension 'ros'
[7.899s] DEBUG:colcon.colcon_core.package_identification:Package 'src/gazebo_ignition_fortress/src/ppp_bot' with type 'ros.ament_cmake' and name 'ppp_bot'
[7.899s] Level 1:colcon.colcon_core.package_identification:_identify(src/gazebo_ignition_fortress/test_folder) by extensions ['ignore', 'ignore_ament_install']
[7.899s] Level 1:colcon.colcon_core.package_identification:_identify(src/gazebo_ignition_fortress/test_folder) by extension 'ignore'
[7.899s] Level 1:colcon.colcon_core.package_identification:_identify(src/gazebo_ignition_fortress/test_folder) by extension 'ignore_ament_install'
[7.900s] Level 1:colcon.colcon_core.package_identification:_identify(src/gazebo_ignition_fortress/test_folder) by extensions ['colcon_pkg']
[7.900s] Level 1:colcon.colcon_core.package_identification:_identify(src/gazebo_ignition_fortress/test_folder) by extension 'colcon_pkg'
[7.900s] Level 1:colcon.colcon_core.package_identification:_identify(src/gazebo_ignition_fortress/test_folder) by extensions ['colcon_meta']
[7.900s] Level 1:colcon.colcon_core.package_identification:_identify(src/gazebo_ignition_fortress/test_folder) by extension 'colcon_meta'
[7.900s] Level 1:colcon.colcon_core.package_identification:_identify(src/gazebo_ignition_fortress/test_folder) by extensions ['ros']
[7.900s] Level 1:colcon.colcon_core.package_identification:_identify(src/gazebo_ignition_fortress/test_folder) by extension 'ros'
[7.900s] Level 1:colcon.colcon_core.package_identification:_identify(src/gazebo_ignition_fortress/test_folder) by extensions ['cmake', 'python']
[7.900s] Level 1:colcon.colcon_core.package_identification:_identify(src/gazebo_ignition_fortress/test_folder) by extension 'cmake'
[7.900s] Level 1:colcon.colcon_core.package_identification:_identify(src/gazebo_ignition_fortress/test_folder) by extension 'python'
[7.900s] Level 1:colcon.colcon_core.package_identification:_identify(src/gazebo_ignition_fortress/test_folder) by extensions ['python_setup_py']
[7.901s] Level 1:colcon.colcon_core.package_identification:_identify(src/gazebo_ignition_fortress/test_folder) by extension 'python_setup_py'
[7.901s] Level 1:colcon.colcon_core.package_identification:_identify(src/joy_tester) by extensions ['ignore', 'ignore_ament_install']
[7.901s] Level 1:colcon.colcon_core.package_identification:_identify(src/joy_tester) by extension 'ignore'
[7.901s] Level 1:colcon.colcon_core.package_identification:_identify(src/joy_tester) by extension 'ignore_ament_install'
[7.901s] Level 1:colcon.colcon_core.package_identification:_identify(src/joy_tester) by extensions ['colcon_pkg']
[7.901s] Level 1:colcon.colcon_core.package_identification:_identify(src/joy_tester) by extension 'colcon_pkg'
[7.901s] Level 1:colcon.colcon_core.package_identification:_identify(src/joy_tester) by extensions ['colcon_meta']
[7.901s] Level 1:colcon.colcon_core.package_identification:_identify(src/joy_tester) by extension 'colcon_meta'
[7.901s] Level 1:colcon.colcon_core.package_identification:_identify(src/joy_tester) by extensions ['ros']
[7.901s] Level 1:colcon.colcon_core.package_identification:_identify(src/joy_tester) by extension 'ros'
[7.903s] DEBUG:colcon.colcon_core.package_identification:Package 'src/joy_tester' with type 'ros.ament_python' and name 'joy_tester'
[7.903s] Level 1:colcon.colcon_core.package_identification:_identify(src/rdj2025_potato_disease_detection) by extensions ['ignore', 'ignore_ament_install']
[7.903s] Level 1:colcon.colcon_core.package_identification:_identify(src/rdj2025_potato_disease_detection) by extension 'ignore'
[7.903s] Level 1:colcon.colcon_core.package_identification:_identify(src/rdj2025_potato_disease_detection) by extension 'ignore_ament_install'
[7.903s] Level 1:colcon.colcon_core.package_identification:_identify(src/rdj2025_potato_disease_detection) by extensions ['colcon_pkg']
[7.903s] Level 1:colcon.colcon_core.package_identification:_identify(src/rdj2025_potato_disease_detection) by extension 'colcon_pkg'
[7.904s] Level 1:colcon.colcon_core.package_identification:_identify(src/rdj2025_potato_disease_detection) by extensions ['colcon_meta']
[7.904s] Level 1:colcon.colcon_core.package_identification:_identify(src/rdj2025_potato_disease_detection) by extension 'colcon_meta'
[7.904s] Level 1:colcon.colcon_core.package_identification:_identify(src/rdj2025_potato_disease_detection) by extensions ['ros']
[7.904s] Level 1:colcon.colcon_core.package_identification:_identify(src/rdj2025_potato_disease_detection) by extension 'ros'
[7.910s] DEBUG:colcon.colcon_core.package_identification:Package 'src/rdj2025_potato_disease_detection' with type 'ros.ament_python' and name 'rdj2025_potato_disease_detection'
[7.910s] Level 1:colcon.colcon_core.package_identification:_identify(src/sllidar_ros2) by extensions ['ignore', 'ignore_ament_install']
[7.910s] Level 1:colcon.colcon_core.package_identification:_identify(src/sllidar_ros2) by extension 'ignore'
[7.910s] Level 1:colcon.colcon_core.package_identification:_identify(src/sllidar_ros2) by extension 'ignore_ament_install'
[7.910s] Level 1:colcon.colcon_core.package_identification:_identify(src/sllidar_ros2) by extensions ['colcon_pkg']
[7.910s] Level 1:colcon.colcon_core.package_identification:_identify(src/sllidar_ros2) by extension 'colcon_pkg'
[7.910s] Level 1:colcon.colcon_core.package_identification:_identify(src/sllidar_ros2) by extensions ['colcon_meta']
[7.910s] Level 1:colcon.colcon_core.package_identification:_identify(src/sllidar_ros2) by extension 'colcon_meta'
[7.910s] Level 1:colcon.colcon_core.package_identification:_identify(src/sllidar_ros2) by extensions ['ros']
[7.911s] Level 1:colcon.colcon_core.package_identification:_identify(src/sllidar_ros2) by extension 'ros'
[7.911s] DEBUG:colcon.colcon_core.package_identification:Package 'src/sllidar_ros2' with type 'ros.ament_cmake' and name 'sllidar_ros2'
[7.912s] Level 1:colcon.colcon_core.package_discovery:discover_packages(recursive) using defaults
[7.912s] Level 1:colcon.colcon_core.package_discovery:discover_packages(ignore) discover
[7.912s] Level 1:colcon.colcon_core.package_discovery:discover_packages(ignore) using defaults
[7.912s] Level 1:colcon.colcon_core.package_discovery:discover_packages(path) discover
[7.912s] Level 1:colcon.colcon_core.package_discovery:discover_packages(path) using defaults
[8.399s] Level 1:colcon.colcon_core.package_discovery:discover_packages(prefix_path) check parameters
[8.399s] Level 1:colcon.colcon_core.package_discovery:discover_packages(prefix_path) discover
[8.404s] DEBUG:colcon.colcon_installed_package_information.package_discovery:Found 7 installed packages in /home/nathan/ros2_ws/install
[8.408s] DEBUG:colcon.colcon_installed_package_information.package_discovery:Found 371 installed packages in /opt/ros/humble
[8.410s] Level 1:colcon.colcon_core.package_discovery:discover_packages(prefix_path) using defaults
[8.677s] Level 5:colcon.colcon_core.verb:set package 'articubot_one' build argument 'cmake_args' from command line to 'None'
[8.677s] Level 5:colcon.colcon_core.verb:set package 'articubot_one' build argument 'cmake_target' from command line to 'None'
[8.677s] Level 5:colcon.colcon_core.verb:set package 'articubot_one' build argument 'cmake_target_skip_unavailable' from command line to 'False'
[8.677s] Level 5:colcon.colcon_core.verb:set package 'articubot_one' build argument 'cmake_clean_cache' from command line to 'False'
[8.677s] Level 5:colcon.colcon_core.verb:set package 'articubot_one' build argument 'cmake_clean_first' from command line to 'False'
[8.677s] Level 5:colcon.colcon_core.verb:set package 'articubot_one' build argument 'cmake_force_configure' from command line to 'False'
[8.677s] Level 5:colcon.colcon_core.verb:set package 'articubot_one' build argument 'ament_cmake_args' from command line to 'None'
[8.677s] Level 5:colcon.colcon_core.verb:set package 'articubot_one' build argument 'catkin_cmake_args' from command line to 'None'
[8.677s] Level 5:colcon.colcon_core.verb:set package 'articubot_one' build argument 'catkin_skip_building_tests' from command line to 'False'
[8.677s] DEBUG:colcon.colcon_core.verb:Building package 'articubot_one' with the following arguments: {'ament_cmake_args': None, 'build_base': '/home/nathan/ros2_ws/build/articubot_one', 'catkin_cmake_args': None, 'catkin_skip_building_tests': False, 'cmake_args': None, 'cmake_clean_cache': False, 'cmake_clean_first': False, 'cmake_force_configure': False, 'cmake_target': None, 'cmake_target_skip_unavailable': False, 'install_base': '/home/nathan/ros2_ws/install/articubot_one', 'merge_install': False, 'path': '/home/nathan/ros2_ws/src/articubot_one', 'symlink_install': True, 'test_result_base': None}
[8.678s] Level 5:colcon.colcon_core.verb:set package 'diffdrive_arduino' build argument 'cmake_args' from command line to 'None'
[8.678s] Level 5:colcon.colcon_core.verb:set package 'diffdrive_arduino' build argument 'cmake_target' from command line to 'None'
[8.678s] Level 5:colcon.colcon_core.verb:set package 'diffdrive_arduino' build argument 'cmake_target_skip_unavailable' from command line to 'False'
[8.678s] Level 5:colcon.colcon_core.verb:set package 'diffdrive_arduino' build argument 'cmake_clean_cache' from command line to 'False'
[8.678s] Level 5:colcon.colcon_core.verb:set package 'diffdrive_arduino' build argument 'cmake_clean_first' from command line to 'False'
[8.678s] Level 5:colcon.colcon_core.verb:set package 'diffdrive_arduino' build argument 'cmake_force_configure' from command line to 'False'
[8.678s] Level 5:colcon.colcon_core.verb:set package 'diffdrive_arduino' build argument 'ament_cmake_args' from command line to 'None'
[8.678s] Level 5:colcon.colcon_core.verb:set package 'diffdrive_arduino' build argument 'catkin_cmake_args' from command line to 'None'
[8.678s] Level 5:colcon.colcon_core.verb:set package 'diffdrive_arduino' build argument 'catkin_skip_building_tests' from command line to 'False'
[8.678s] DEBUG:colcon.colcon_core.verb:Building package 'diffdrive_arduino' with the following arguments: {'ament_cmake_args': None, 'build_base': '/home/nathan/ros2_ws/build/diffdrive_arduino', 'catkin_cmake_args': None, 'catkin_skip_building_tests': False, 'cmake_args': None, 'cmake_clean_cache': False, 'cmake_clean_first': False, 'cmake_force_configure': False, 'cmake_target': None, 'cmake_target_skip_unavailable': False, 'install_base': '/home/nathan/ros2_ws/install/diffdrive_arduino', 'merge_install': False, 'path': '/home/nathan/ros2_ws/src/diffdrive_arduino', 'symlink_install': True, 'test_result_base': None}
[8.679s] Level 5:colcon.colcon_core.verb:set package 'dojo' build argument 'cmake_args' from command line to 'None'
[8.679s] Level 5:colcon.colcon_core.verb:set package 'dojo' build argument 'cmake_target' from command line to 'None'
[8.679s] Level 5:colcon.colcon_core.verb:set package 'dojo' build argument 'cmake_target_skip_unavailable' from command line to 'False'
[8.679s] Level 5:colcon.colcon_core.verb:set package 'dojo' build argument 'cmake_clean_cache' from command line to 'False'
[8.679s] Level 5:colcon.colcon_core.verb:set package 'dojo' build argument 'cmake_clean_first' from command line to 'False'
[8.679s] Level 5:colcon.colcon_core.verb:set package 'dojo' build argument 'cmake_force_configure' from command line to 'False'
[8.679s] Level 5:colcon.colcon_core.verb:set package 'dojo' build argument 'ament_cmake_args' from command line to 'None'
[8.679s] Level 5:colcon.colcon_core.verb:set package 'dojo' build argument 'catkin_cmake_args' from command line to 'None'
[8.679s] Level 5:colcon.colcon_core.verb:set package 'dojo' build argument 'catkin_skip_building_tests' from command line to 'False'
[8.679s] DEBUG:colcon.colcon_core.verb:Building package 'dojo' with the following arguments: {'ament_cmake_args': None, 'build_base': '/home/nathan/ros2_ws/build/dojo', 'catkin_cmake_args': None, 'catkin_skip_building_tests': False, 'cmake_args': None, 'cmake_clean_cache': False, 'cmake_clean_first': False, 'cmake_force_configure': False, 'cmake_target': None, 'cmake_target_skip_unavailable': False, 'install_base': '/home/nathan/ros2_ws/install/dojo', 'merge_install': False, 'path': '/home/nathan/ros2_ws/src/dojo', 'symlink_install': True, 'test_result_base': None}
[8.680s] Level 5:colcon.colcon_core.verb:set package 'joy_tester' build argument 'cmake_args' from command line to 'None'
[8.680s] Level 5:colcon.colcon_core.verb:set package 'joy_tester' build argument 'cmake_target' from command line to 'None'
[8.680s] Level 5:colcon.colcon_core.verb:set package 'joy_tester' build argument 'cmake_target_skip_unavailable' from command line to 'False'
[8.680s] Level 5:colcon.colcon_core.verb:set package 'joy_tester' build argument 'cmake_clean_cache' from command line to 'False'
[8.680s] Level 5:colcon.colcon_core.verb:set package 'joy_tester' build argument 'cmake_clean_first' from command line to 'False'
[8.680s] Level 5:colcon.colcon_core.verb:set package 'joy_tester' build argument 'cmake_force_configure' from command line to 'False'
[8.680s] Level 5:colcon.colcon_core.verb:set package 'joy_tester' build argument 'ament_cmake_args' from command line to 'None'
[8.680s] Level 5:colcon.colcon_core.verb:set package 'joy_tester' build argument 'catkin_cmake_args' from command line to 'None'
[8.680s] Level 5:colcon.colcon_core.verb:set package 'joy_tester' build argument 'catkin_skip_building_tests' from command line to 'False'
[8.680s] DEBUG:colcon.colcon_core.verb:Building package 'joy_tester' with the following arguments: {'ament_cmake_args': None, 'build_base': '/home/nathan/ros2_ws/build/joy_tester', 'catkin_cmake_args': None, 'catkin_skip_building_tests': False, 'cmake_args': None, 'cmake_clean_cache': False, 'cmake_clean_first': False, 'cmake_force_configure': False, 'cmake_target': None, 'cmake_target_skip_unavailable': False, 'install_base': '/home/nathan/ros2_ws/install/joy_tester', 'merge_install': False, 'path': '/home/nathan/ros2_ws/src/joy_tester', 'symlink_install': True, 'test_result_base': None}
[8.681s] Level 5:colcon.colcon_core.verb:set package 'ppp_bot' build argument 'cmake_args' from command line to 'None'
[8.681s] Level 5:colcon.colcon_core.verb:set package 'ppp_bot' build argument 'cmake_target' from command line to 'None'
[8.681s] Level 5:colcon.colcon_core.verb:set package 'ppp_bot' build argument 'cmake_target_skip_unavailable' from command line to 'False'
[8.681s] Level 5:colcon.colcon_core.verb:set package 'ppp_bot' build argument 'cmake_clean_cache' from command line to 'False'
[8.681s] Level 5:colcon.colcon_core.verb:set package 'ppp_bot' build argument 'cmake_clean_first' from command line to 'False'
[8.681s] Level 5:colcon.colcon_core.verb:set package 'ppp_bot' build argument 'cmake_force_configure' from command line to 'False'
[8.681s] Level 5:colcon.colcon_core.verb:set package 'ppp_bot' build argument 'ament_cmake_args' from command line to 'None'
[8.681s] Level 5:colcon.colcon_core.verb:set package 'ppp_bot' build argument 'catkin_cmake_args' from command line to 'None'
[8.681s] Level 5:colcon.colcon_core.verb:set package 'ppp_bot' build argument 'catkin_skip_building_tests' from command line to 'False'
[8.681s] DEBUG:colcon.colcon_core.verb:Building package 'ppp_bot' with the following arguments: {'ament_cmake_args': None, 'build_base': '/home/nathan/ros2_ws/build/ppp_bot', 'catkin_cmake_args': None, 'catkin_skip_building_tests': False, 'cmake_args': None, 'cmake_clean_cache': False, 'cmake_clean_first': False, 'cmake_force_configure': False, 'cmake_target': None, 'cmake_target_skip_unavailable': False, 'install_base': '/home/nathan/ros2_ws/install/ppp_bot', 'merge_install': False, 'path': '/home/nathan/ros2_ws/src/gazebo_ignition_fortress/src/ppp_bot', 'symlink_install': True, 'test_result_base': None}
[8.682s] Level 5:colcon.colcon_core.verb:set package 'rdj2025_potato_disease_detection' build argument 'cmake_args' from command line to 'None'
[8.682s] Level 5:colcon.colcon_core.verb:set package 'rdj2025_potato_disease_detection' build argument 'cmake_target' from command line to 'None'
[8.682s] Level 5:colcon.colcon_core.verb:set package 'rdj2025_potato_disease_detection' build argument 'cmake_target_skip_unavailable' from command line to 'False'
[8.682s] Level 5:colcon.colcon_core.verb:set package 'rdj2025_potato_disease_detection' build argument 'cmake_clean_cache' from command line to 'False'
[8.682s] Level 5:colcon.colcon_core.verb:set package 'rdj2025_potato_disease_detection' build argument 'cmake_clean_first' from command line to 'False'
[8.682s] Level 5:colcon.colcon_core.verb:set package 'rdj2025_potato_disease_detection' build argument 'cmake_force_configure' from command line to 'False'
[8.682s] Level 5:colcon.colcon_core.verb:set package 'rdj2025_potato_disease_detection' build argument 'ament_cmake_args' from command line to 'None'
[8.682s] Level 5:colcon.colcon_core.verb:set package 'rdj2025_potato_disease_detection' build argument 'catkin_cmake_args' from command line to 'None'
[8.682s] Level 5:colcon.colcon_core.verb:set package 'rdj2025_potato_disease_detection' build argument 'catkin_skip_building_tests' from command line to 'False'
[8.682s] DEBUG:colcon.colcon_core.verb:Building package 'rdj2025_potato_disease_detection' with the following arguments: {'ament_cmake_args': None, 'build_base': '/home/nathan/ros2_ws/build/rdj2025_potato_disease_detection', 'catkin_cmake_args': None, 'catkin_skip_building_tests': False, 'cmake_args': None, 'cmake_clean_cache': False, 'cmake_clean_first': False, 'cmake_force_configure': False, 'cmake_target': None, 'cmake_target_skip_unavailable': False, 'install_base': '/home/nathan/ros2_ws/install/rdj2025_potato_disease_detection', 'merge_install': False, 'path': '/home/nathan/ros2_ws/src/rdj2025_potato_disease_detection', 'symlink_install': True, 'test_result_base': None}
[8.682s] Level 5:colcon.colcon_core.verb:set package 'sllidar_ros2' build argument 'cmake_args' from command line to 'None'
[8.682s] Level 5:colcon.colcon_core.verb:set package 'sllidar_ros2' build argument 'cmake_target' from command line to 'None'
[8.682s] Level 5:colcon.colcon_core.verb:set package 'sllidar_ros2' build argument 'cmake_target_skip_unavailable' from command line to 'False'
[8.682s] Level 5:colcon.colcon_core.verb:set package 'sllidar_ros2' build argument 'cmake_clean_cache' from command line to 'False'
[8.682s] Level 5:colcon.colcon_core.verb:set package 'sllidar_ros2' build argument 'cmake_clean_first' from command line to 'False'
[8.683s] Level 5:colcon.colcon_core.verb:set package 'sllidar_ros2' build argument 'cmake_force_configure' from command line to 'False'
[8.683s] Level 5:colcon.colcon_core.verb:set package 'sllidar_ros2' build argument 'ament_cmake_args' from command line to 'None'
[8.683s] Level 5:colcon.colcon_core.verb:set package 'sllidar_ros2' build argument 'catkin_cmake_args' from command line to 'None'
[8.683s] Level 5:colcon.colcon_core.verb:set package 'sllidar_ros2' build argument 'catkin_skip_building_tests' from command line to 'False'
[8.683s] DEBUG:colcon.colcon_core.verb:Building package 'sllidar_ros2' with the following arguments: {'ament_cmake_args': None, 'build_base': '/home/nathan/ros2_ws/build/sllidar_ros2', 'catkin_cmake_args': None, 'catkin_skip_building_tests': False, 'cmake_args': None, 'cmake_clean_cache': False, 'cmake_clean_first': False, 'cmake_force_configure': False, 'cmake_target': None, 'cmake_target_skip_unavailable': False, 'install_base': '/home/nathan/ros2_ws/install/sllidar_ros2', 'merge_install': False, 'path': '/home/nathan/ros2_ws/src/sllidar_ros2', 'symlink_install': True, 'test_result_base': None}
[8.683s] INFO:colcon.colcon_core.executor:Executing jobs using 'parallel' executor
[8.684s] DEBUG:colcon.colcon_parallel_executor.executor.parallel:run_until_complete
[8.684s] INFO:colcon.colcon_ros.task.ament_cmake.build:Building ROS package in '/home/nathan/ros2_ws/src/articubot_one' with build type 'ament_cmake'
[8.685s] INFO:colcon.colcon_cmake.task.cmake.build:Building CMake package in '/home/nathan/ros2_ws/src/articubot_one'
[8.754s] INFO:colcon.colcon_core.plugin_system:Skipping extension 'colcon_core.shell.bat': Not used on non-Windows systems
[8.755s] INFO:colcon.colcon_core.shell:Skip shell extension 'powershell' for command environment: Not usable outside of PowerShell
[8.755s] DEBUG:colcon.colcon_core.shell:Skip shell extension 'dsv' for command environment
[8.771s] INFO:colcon.colcon_ros.task.ament_cmake.build:Building ROS package in '/home/nathan/ros2_ws/src/diffdrive_arduino' with build type 'ament_cmake'
[8.771s] INFO:colcon.colcon_cmake.task.cmake.build:Building CMake package in '/home/nathan/ros2_ws/src/diffdrive_arduino'
[8.772s] INFO:colcon.colcon_core.shell:Skip shell extension 'powershell' for command environment: Not usable outside of PowerShell
[8.772s] DEBUG:colcon.colcon_core.shell:Skip shell extension 'dsv' for command environment
[8.779s] INFO:colcon.colcon_ros.task.ament_cmake.build:Building ROS package in '/home/nathan/ros2_ws/src/dojo' with build type 'ament_cmake'
[8.779s] INFO:colcon.colcon_cmake.task.cmake.build:Building CMake package in '/home/nathan/ros2_ws/src/dojo'
[8.780s] INFO:colcon.colcon_core.shell:Skip shell extension 'powershell' for command environment: Not usable outside of PowerShell
[8.780s] DEBUG:colcon.colcon_core.shell:Skip shell extension 'dsv' for command environment
[8.789s] INFO:colcon.colcon_ros.task.ament_python.build:Building ROS package in '/home/nathan/ros2_ws/src/joy_tester' with build type 'ament_python'
[8.789s] Level 1:colcon.colcon_core.shell:create_environment_hook('joy_tester', 'ament_prefix_path')
[8.791s] INFO:colcon.colcon_core.shell:Creating environment hook '/home/nathan/ros2_ws/install/joy_tester/share/joy_tester/hook/ament_prefix_path.ps1'
[8.837s] INFO:colcon.colcon_core.shell:Creating environment descriptor '/home/nathan/ros2_ws/install/joy_tester/share/joy_tester/hook/ament_prefix_path.dsv'
[8.838s] INFO:colcon.colcon_core.shell:Creating environment hook '/home/nathan/ros2_ws/install/joy_tester/share/joy_tester/hook/ament_prefix_path.sh'
[8.840s] INFO:colcon.colcon_core.shell:Skip shell extension 'powershell' for command environment: Not usable outside of PowerShell
[8.840s] DEBUG:colcon.colcon_core.shell:Skip shell extension 'dsv' for command environment
[8.873s] DEBUG:colcon.colcon_core.event_handler.log_command:Invoking command in '/home/nathan/ros2_ws/build/articubot_one': CMAKE_PREFIX_PATH=${CMAKE_PREFIX_PATH}:/home/nathan/ros2_ws/install/rdj2025_potato_disease_detection:/home/nathan/ros2_ws/install/joy_tester:/opt/ros/humble /usr/bin/cmake --build /home/nathan/ros2_ws/build/articubot_one -- -j4 -l4
[8.900s] DEBUG:colcon.colcon_core.event_handler.log_command:Invoking command in '/home/nathan/ros2_ws/build/diffdrive_arduino': CMAKE_PREFIX_PATH=${CMAKE_PREFIX_PATH}:/home/nathan/ros2_ws/install/rdj2025_potato_disease_detection:/home/nathan/ros2_ws/install/joy_tester:/opt/ros/humble /usr/bin/cmake --build /home/nathan/ros2_ws/build/diffdrive_arduino -- -j4 -l4
[8.928s] DEBUG:colcon.colcon_core.event_handler.log_command:Invoking command in '/home/nathan/ros2_ws/build/dojo': CMAKE_PREFIX_PATH=${CMAKE_PREFIX_PATH}:/home/nathan/ros2_ws/install/rdj2025_potato_disease_detection:/home/nathan/ros2_ws/install/joy_tester:/opt/ros/humble /usr/bin/cmake --build /home/nathan/ros2_ws/build/dojo -- -j4 -l4
[9.558s] INFO:colcon.colcon_core.task.python.build:Building Python package in '/home/nathan/ros2_ws/src/joy_tester'
[9.559s] INFO:colcon.colcon_core.shell:Skip shell extension 'powershell' for command environment: Not usable outside of PowerShell
[9.561s] DEBUG:colcon.colcon_core.shell:Skip shell extension 'dsv' for command environment
[10.160s] DEBUG:colcon.colcon_core.event_handler.log_command:Invoked command in '/home/nathan/ros2_ws/build/articubot_one' returned '0': CMAKE_PREFIX_PATH=${CMAKE_PREFIX_PATH}:/home/nathan/ros2_ws/install/rdj2025_potato_disease_detection:/home/nathan/ros2_ws/install/joy_tester:/opt/ros/humble /usr/bin/cmake --build /home/nathan/ros2_ws/build/articubot_one -- -j4 -l4
[10.239s] DEBUG:colcon.colcon_core.event_handler.log_command:Invoking command in '/home/nathan/ros2_ws/build/articubot_one': CMAKE_PREFIX_PATH=${CMAKE_PREFIX_PATH}:/home/nathan/ros2_ws/install/rdj2025_potato_disease_detection:/home/nathan/ros2_ws/install/joy_tester:/opt/ros/humble /usr/bin/cmake --install /home/nathan/ros2_ws/build/articubot_one
[10.242s] DEBUG:colcon.colcon_core.event_handler.log_command:Invoked command in '/home/nathan/ros2_ws/build/dojo' returned '0': CMAKE_PREFIX_PATH=${CMAKE_PREFIX_PATH}:/home/nathan/ros2_ws/install/rdj2025_potato_disease_detection:/home/nathan/ros2_ws/install/joy_tester:/opt/ros/humble /usr/bin/cmake --build /home/nathan/ros2_ws/build/dojo -- -j4 -l4
[10.282s] DEBUG:colcon.colcon_core.event_handler.log_command:Invoking command in '/home/nathan/ros2_ws/build/dojo': CMAKE_PREFIX_PATH=${CMAKE_PREFIX_PATH}:/home/nathan/ros2_ws/install/rdj2025_potato_disease_detection:/home/nathan/ros2_ws/install/joy_tester:/opt/ros/humble /usr/bin/cmake --install /home/nathan/ros2_ws/build/dojo
[10.530s] Level 1:colcon.colcon_core.environment:create_environment_scripts_only(dojo)
[10.531s] DEBUG:colcon.colcon_core.event_handler.log_command:Invoked command in '/home/nathan/ros2_ws/build/dojo' returned '0': CMAKE_PREFIX_PATH=${CMAKE_PREFIX_PATH}:/home/nathan/ros2_ws/install/rdj2025_potato_disease_detection:/home/nathan/ros2_ws/install/joy_tester:/opt/ros/humble /usr/bin/cmake --install /home/nathan/ros2_ws/build/dojo
[10.786s] Level 1:colcon.colcon_core.environment:checking '/home/nathan/ros2_ws/install/dojo' for CMake module files
[10.787s] Level 1:colcon.colcon_core.environment:checking '/home/nathan/ros2_ws/install/dojo' for CMake config files
[10.787s] Level 1:colcon.colcon_core.shell:create_environment_hook('dojo', 'cmake_prefix_path')
[10.787s] INFO:colcon.colcon_core.shell:Creating environment hook '/home/nathan/ros2_ws/install/dojo/share/dojo/hook/cmake_prefix_path.ps1'
[10.788s] INFO:colcon.colcon_core.shell:Creating environment descriptor '/home/nathan/ros2_ws/install/dojo/share/dojo/hook/cmake_prefix_path.dsv'
[10.789s] INFO:colcon.colcon_core.shell:Creating environment hook '/home/nathan/ros2_ws/install/dojo/share/dojo/hook/cmake_prefix_path.sh'
[10.791s] Level 1:colcon.colcon_core.environment:checking '/home/nathan/ros2_ws/install/dojo/bin'
[10.791s] Level 1:colcon.colcon_core.environment:checking '/home/nathan/ros2_ws/install/dojo/lib/pkgconfig/dojo.pc'
[10.791s] Level 1:colcon.colcon_core.environment:checking '/home/nathan/ros2_ws/install/dojo/lib/python3.10/site-packages'
[10.791s] Level 1:colcon.colcon_core.environment:checking '/home/nathan/ros2_ws/install/dojo/bin'
[10.792s] INFO:colcon.colcon_core.shell:Creating package script '/home/nathan/ros2_ws/install/dojo/share/dojo/package.ps1'
[10.830s] INFO:colcon.colcon_core.shell:Creating package descriptor '/home/nathan/ros2_ws/install/dojo/share/dojo/package.dsv'
[10.874s] INFO:colcon.colcon_core.shell:Creating package script '/home/nathan/ros2_ws/install/dojo/share/dojo/package.sh'
[10.876s] INFO:colcon.colcon_core.shell:Creating package script '/home/nathan/ros2_ws/install/dojo/share/dojo/package.bash'
[10.956s] INFO:colcon.colcon_core.shell:Creating package script '/home/nathan/ros2_ws/install/dojo/share/dojo/package.zsh'
[10.987s] Level 1:colcon.colcon_core.environment:create_file_with_runtime_dependencies(/home/nathan/ros2_ws/install/dojo/share/colcon-core/packages/dojo)
[10.988s] Level 1:colcon.colcon_core.environment:create_environment_scripts_only(dojo)
[10.989s] Level 1:colcon.colcon_core.environment:checking '/home/nathan/ros2_ws/install/dojo' for CMake module files
[10.989s] Level 1:colcon.colcon_core.environment:checking '/home/nathan/ros2_ws/install/dojo' for CMake config files
[10.991s] Level 1:colcon.colcon_core.shell:create_environment_hook('dojo', 'cmake_prefix_path')
[10.991s] INFO:colcon.colcon_core.shell:Creating environment hook '/home/nathan/ros2_ws/install/dojo/share/dojo/hook/cmake_prefix_path.ps1'
[10.992s] INFO:colcon.colcon_core.shell:Creating environment descriptor '/home/nathan/ros2_ws/install/dojo/share/dojo/hook/cmake_prefix_path.dsv'
[10.993s] INFO:colcon.colcon_core.shell:Creating environment hook '/home/nathan/ros2_ws/install/dojo/share/dojo/hook/cmake_prefix_path.sh'
[10.994s] Level 1:colcon.colcon_core.environment:checking '/home/nathan/ros2_ws/install/dojo/bin'
[10.994s] Level 1:colcon.colcon_core.environment:checking '/home/nathan/ros2_ws/install/dojo/lib/pkgconfig/dojo.pc'
[10.994s] Level 1:colcon.colcon_core.environment:checking '/home/nathan/ros2_ws/install/dojo/lib/python3.10/site-packages'
[10.995s] Level 1:colcon.colcon_core.environment:checking '/home/nathan/ros2_ws/install/dojo/bin'
[10.996s] INFO:colcon.colcon_core.shell:Creating package script '/home/nathan/ros2_ws/install/dojo/share/dojo/package.ps1'
[10.997s] INFO:colcon.colcon_core.shell:Creating package descriptor '/home/nathan/ros2_ws/install/dojo/share/dojo/package.dsv'
[10.998s] INFO:colcon.colcon_core.shell:Creating package script '/home/nathan/ros2_ws/install/dojo/share/dojo/package.sh'
[10.999s] INFO:colcon.colcon_core.shell:Creating package script '/home/nathan/ros2_ws/install/dojo/share/dojo/package.bash'
[11.000s] INFO:colcon.colcon_core.shell:Creating package script '/home/nathan/ros2_ws/install/dojo/share/dojo/package.zsh'
[11.001s] Level 1:colcon.colcon_core.environment:create_file_with_runtime_dependencies(/home/nathan/ros2_ws/install/dojo/share/colcon-core/packages/dojo)
[11.002s] INFO:colcon.colcon_ros.task.ament_cmake.build:Building ROS package in '/home/nathan/ros2_ws/src/gazebo_ignition_fortress/src/ppp_bot' with build type 'ament_cmake'
[11.002s] INFO:colcon.colcon_cmake.task.cmake.build:Building CMake package in '/home/nathan/ros2_ws/src/gazebo_ignition_fortress/src/ppp_bot'
[11.002s] INFO:colcon.colcon_core.shell:Skip shell extension 'powershell' for command environment: Not usable outside of PowerShell
[11.002s] DEBUG:colcon.colcon_core.shell:Skip shell extension 'dsv' for command environment
[11.010s] Level 1:colcon.colcon_core.environment:create_environment_scripts_only(articubot_one)
[11.011s] Level 1:colcon.colcon_core.environment:checking '/home/nathan/ros2_ws/install/articubot_one' for CMake module files
[11.012s] DEBUG:colcon.colcon_core.event_handler.log_command:Invoked command in '/home/nathan/ros2_ws/build/articubot_one' returned '0': CMAKE_PREFIX_PATH=${CMAKE_PREFIX_PATH}:/home/nathan/ros2_ws/install/rdj2025_potato_disease_detection:/home/nathan/ros2_ws/install/joy_tester:/opt/ros/humble /usr/bin/cmake --install /home/nathan/ros2_ws/build/articubot_one
[11.012s] Level 1:colcon.colcon_core.environment:checking '/home/nathan/ros2_ws/install/articubot_one' for CMake config files
[11.013s] Level 1:colcon.colcon_core.shell:create_environment_hook('articubot_one', 'cmake_prefix_path')
[11.013s] INFO:colcon.colcon_core.shell:Creating environment hook '/home/nathan/ros2_ws/install/articubot_one/share/articubot_one/hook/cmake_prefix_path.ps1'
[11.014s] INFO:colcon.colcon_core.shell:Creating environment descriptor '/home/nathan/ros2_ws/install/articubot_one/share/articubot_one/hook/cmake_prefix_path.dsv'
[11.015s] INFO:colcon.colcon_core.shell:Creating environment hook '/home/nathan/ros2_ws/install/articubot_one/share/articubot_one/hook/cmake_prefix_path.sh'
[11.016s] Level 1:colcon.colcon_core.environment:checking '/home/nathan/ros2_ws/install/articubot_one/bin'
[11.016s] Level 1:colcon.colcon_core.environment:checking '/home/nathan/ros2_ws/install/articubot_one/lib/pkgconfig/articubot_one.pc'
[11.016s] Level 1:colcon.colcon_core.environment:checking '/home/nathan/ros2_ws/install/articubot_one/lib/python3.10/site-packages'
[11.016s] Level 1:colcon.colcon_core.environment:checking '/home/nathan/ros2_ws/install/articubot_one/bin'
[11.017s] INFO:colcon.colcon_core.shell:Creating package script '/home/nathan/ros2_ws/install/articubot_one/share/articubot_one/package.ps1'
[11.020s] INFO:colcon.colcon_core.shell:Creating package descriptor '/home/nathan/ros2_ws/install/articubot_one/share/articubot_one/package.dsv'
[11.021s] INFO:colcon.colcon_core.shell:Creating package script '/home/nathan/ros2_ws/install/articubot_one/share/articubot_one/package.sh'
[11.022s] INFO:colcon.colcon_core.shell:Creating package script '/home/nathan/ros2_ws/install/articubot_one/share/articubot_one/package.bash'
[11.023s] INFO:colcon.colcon_core.shell:Creating package script '/home/nathan/ros2_ws/install/articubot_one/share/articubot_one/package.zsh'
[11.023s] Level 1:colcon.colcon_core.environment:create_file_with_runtime_dependencies(/home/nathan/ros2_ws/install/articubot_one/share/colcon-core/packages/articubot_one)
[11.024s] Level 1:colcon.colcon_core.environment:create_environment_scripts_only(articubot_one)
[11.025s] Level 1:colcon.colcon_core.environment:checking '/home/nathan/ros2_ws/install/articubot_one' for CMake module files
[11.026s] Level 1:colcon.colcon_core.environment:checking '/home/nathan/ros2_ws/install/articubot_one' for CMake config files
[11.026s] Level 1:colcon.colcon_core.shell:create_environment_hook('articubot_one', 'cmake_prefix_path')
[11.026s] INFO:colcon.colcon_core.shell:Creating environment hook '/home/nathan/ros2_ws/install/articubot_one/share/articubot_one/hook/cmake_prefix_path.ps1'
[11.027s] INFO:colcon.colcon_core.shell:Creating environment descriptor '/home/nathan/ros2_ws/install/articubot_one/share/articubot_one/hook/cmake_prefix_path.dsv'
[11.028s] INFO:colcon.colcon_core.shell:Creating environment hook '/home/nathan/ros2_ws/install/articubot_one/share/articubot_one/hook/cmake_prefix_path.sh'
[11.030s] Level 1:colcon.colcon_core.environment:checking '/home/nathan/ros2_ws/install/articubot_one/bin'
[11.030s] Level 1:colcon.colcon_core.environment:checking '/home/nathan/ros2_ws/install/articubot_one/lib/pkgconfig/articubot_one.pc'
[11.030s] Level 1:colcon.colcon_core.environment:checking '/home/nathan/ros2_ws/install/articubot_one/lib/python3.10/site-packages'
[11.031s] Level 1:colcon.colcon_core.environment:checking '/home/nathan/ros2_ws/install/articubot_one/bin'
[11.032s] INFO:colcon.colcon_core.shell:Creating package script '/home/nathan/ros2_ws/install/articubot_one/share/articubot_one/package.ps1'
[11.035s] INFO:colcon.colcon_core.shell:Creating package descriptor '/home/nathan/ros2_ws/install/articubot_one/share/articubot_one/package.dsv'
[11.036s] INFO:colcon.colcon_core.shell:Creating package script '/home/nathan/ros2_ws/install/articubot_one/share/articubot_one/package.sh'
[11.037s] INFO:colcon.colcon_core.shell:Creating package script '/home/nathan/ros2_ws/install/articubot_one/share/articubot_one/package.bash'
[11.039s] INFO:colcon.colcon_core.shell:Creating package script '/home/nathan/ros2_ws/install/articubot_one/share/articubot_one/package.zsh'
[11.041s] Level 1:colcon.colcon_core.environment:create_file_with_runtime_dependencies(/home/nathan/ros2_ws/install/articubot_one/share/colcon-core/packages/articubot_one)
[11.042s] INFO:colcon.colcon_ros.task.ament_python.build:Building ROS package in '/home/nathan/ros2_ws/src/rdj2025_potato_disease_detection' with build type 'ament_python'
[11.042s] Level 1:colcon.colcon_core.shell:create_environment_hook('rdj2025_potato_disease_detection', 'ament_prefix_path')
[11.043s] INFO:colcon.colcon_core.shell:Creating environment hook '/home/nathan/ros2_ws/install/rdj2025_potato_disease_detection/share/rdj2025_potato_disease_detection/hook/ament_prefix_path.ps1'
[11.044s] INFO:colcon.colcon_core.shell:Creating environment descriptor '/home/nathan/ros2_ws/install/rdj2025_potato_disease_detection/share/rdj2025_potato_disease_detection/hook/ament_prefix_path.dsv'
[11.045s] INFO:colcon.colcon_core.shell:Creating environment hook '/home/nathan/ros2_ws/install/rdj2025_potato_disease_detection/share/rdj2025_potato_disease_detection/hook/ament_prefix_path.sh'
[11.047s] INFO:colcon.colcon_core.shell:Skip shell extension 'powershell' for command environment: Not usable outside of PowerShell
[11.047s] DEBUG:colcon.colcon_core.shell:Skip shell extension 'dsv' for command environment
[11.157s] DEBUG:colcon.colcon_core.event_handler.log_command:Invoking command in '/home/nathan/ros2_ws/build/ppp_bot': CMAKE_PREFIX_PATH=${CMAKE_PREFIX_PATH}:/home/nathan/ros2_ws/install/rdj2025_potato_disease_detection:/home/nathan/ros2_ws/install/joy_tester:/opt/ros/humble /usr/bin/cmake --build /home/nathan/ros2_ws/build/ppp_bot -- -j4 -l4
[11.698s] INFO:colcon.colcon_core.task.python.build:Building Python package in '/home/nathan/ros2_ws/src/rdj2025_potato_disease_detection'
[11.698s] INFO:colcon.colcon_core.shell:Skip shell extension 'powershell' for command environment: Not usable outside of PowerShell
[11.698s] DEBUG:colcon.colcon_core.shell:Skip shell extension 'dsv' for command environment
[11.705s] DEBUG:colcon.colcon_core.event_handler.log_command:Invoked command in '/home/nathan/ros2_ws/build/ppp_bot' returned '0': CMAKE_PREFIX_PATH=${CMAKE_PREFIX_PATH}:/home/nathan/ros2_ws/install/rdj2025_potato_disease_detection:/home/nathan/ros2_ws/install/joy_tester:/opt/ros/humble /usr/bin/cmake --build /home/nathan/ros2_ws/build/ppp_bot -- -j4 -l4
[11.787s] DEBUG:colcon.colcon_core.event_handler.log_command:Invoking command in '/home/nathan/ros2_ws/build/ppp_bot': CMAKE_PREFIX_PATH=${CMAKE_PREFIX_PATH}:/home/nathan/ros2_ws/install/rdj2025_potato_disease_detection:/home/nathan/ros2_ws/install/joy_tester:/opt/ros/humble /usr/bin/cmake --install /home/nathan/ros2_ws/build/ppp_bot
[13.042s] Level 1:colcon.colcon_core.environment:create_environment_scripts_only(ppp_bot)
[13.042s] Level 1:colcon.colcon_core.environment:checking '/home/nathan/ros2_ws/install/ppp_bot' for CMake module files
[13.043s] DEBUG:colcon.colcon_core.event_handler.log_command:Invoked command in '/home/nathan/ros2_ws/build/ppp_bot' returned '0': CMAKE_PREFIX_PATH=${CMAKE_PREFIX_PATH}:/home/nathan/ros2_ws/install/rdj2025_potato_disease_detection:/home/nathan/ros2_ws/install/joy_tester:/opt/ros/humble /usr/bin/cmake --install /home/nathan/ros2_ws/build/ppp_bot
[13.045s] Level 1:colcon.colcon_core.environment:checking '/home/nathan/ros2_ws/install/ppp_bot' for CMake config files
[13.045s] Level 1:colcon.colcon_core.shell:create_environment_hook('ppp_bot', 'cmake_prefix_path')
[13.045s] INFO:colcon.colcon_core.shell:Creating environment hook '/home/nathan/ros2_ws/install/ppp_bot/share/ppp_bot/hook/cmake_prefix_path.ps1'
[13.046s] INFO:colcon.colcon_core.shell:Creating environment descriptor '/home/nathan/ros2_ws/install/ppp_bot/share/ppp_bot/hook/cmake_prefix_path.dsv'
[13.046s] INFO:colcon.colcon_core.shell:Creating environment hook '/home/nathan/ros2_ws/install/ppp_bot/share/ppp_bot/hook/cmake_prefix_path.sh'
[13.047s] Level 1:colcon.colcon_core.environment:checking '/home/nathan/ros2_ws/install/ppp_bot/bin'
[13.047s] Level 1:colcon.colcon_core.environment:checking '/home/nathan/ros2_ws/install/ppp_bot/lib/pkgconfig/ppp_bot.pc'
[13.048s] Level 1:colcon.colcon_core.environment:checking '/home/nathan/ros2_ws/install/ppp_bot/lib/python3.10/site-packages'
[13.048s] Level 1:colcon.colcon_core.environment:checking '/home/nathan/ros2_ws/install/ppp_bot/bin'
[13.049s] INFO:colcon.colcon_core.shell:Creating package script '/home/nathan/ros2_ws/install/ppp_bot/share/ppp_bot/package.ps1'
[13.050s] INFO:colcon.colcon_core.shell:Creating package descriptor '/home/nathan/ros2_ws/install/ppp_bot/share/ppp_bot/package.dsv'
[13.050s] INFO:colcon.colcon_core.shell:Creating package script '/home/nathan/ros2_ws/install/ppp_bot/share/ppp_bot/package.sh'
[13.051s] INFO:colcon.colcon_core.shell:Creating package script '/home/nathan/ros2_ws/install/ppp_bot/share/ppp_bot/package.bash'
[13.052s] INFO:colcon.colcon_core.shell:Creating package script '/home/nathan/ros2_ws/install/ppp_bot/share/ppp_bot/package.zsh'
[13.052s] Level 1:colcon.colcon_core.environment:create_file_with_runtime_dependencies(/home/nathan/ros2_ws/install/ppp_bot/share/colcon-core/packages/ppp_bot)
[13.053s] Level 1:colcon.colcon_core.environment:create_environment_scripts_only(ppp_bot)
[13.053s] Level 1:colcon.colcon_core.environment:checking '/home/nathan/ros2_ws/install/ppp_bot' for CMake module files
[13.054s] Level 1:colcon.colcon_core.environment:checking '/home/nathan/ros2_ws/install/ppp_bot' for CMake config files
[13.055s] Level 1:colcon.colcon_core.shell:create_environment_hook('ppp_bot', 'cmake_prefix_path')
[13.055s] INFO:colcon.colcon_core.shell:Creating environment hook '/home/nathan/ros2_ws/install/ppp_bot/share/ppp_bot/hook/cmake_prefix_path.ps1'
[13.056s] INFO:colcon.colcon_core.shell:Creating environment descriptor '/home/nathan/ros2_ws/install/ppp_bot/share/ppp_bot/hook/cmake_prefix_path.dsv'
[13.056s] INFO:colcon.colcon_core.shell:Creating environment hook '/home/nathan/ros2_ws/install/ppp_bot/share/ppp_bot/hook/cmake_prefix_path.sh'
[13.057s] Level 1:colcon.colcon_core.environment:checking '/home/nathan/ros2_ws/install/ppp_bot/bin'
[13.057s] Level 1:colcon.colcon_core.environment:checking '/home/nathan/ros2_ws/install/ppp_bot/lib/pkgconfig/ppp_bot.pc'
[13.057s] Level 1:colcon.colcon_core.environment:checking '/home/nathan/ros2_ws/install/ppp_bot/lib/python3.10/site-packages'
[13.058s] Level 1:colcon.colcon_core.environment:checking '/home/nathan/ros2_ws/install/ppp_bot/bin'
[13.058s] INFO:colcon.colcon_core.shell:Creating package script '/home/nathan/ros2_ws/install/ppp_bot/share/ppp_bot/package.ps1'
[13.059s] INFO:colcon.colcon_core.shell:Creating package descriptor '/home/nathan/ros2_ws/install/ppp_bot/share/ppp_bot/package.dsv'
[13.060s] INFO:colcon.colcon_core.shell:Creating package script '/home/nathan/ros2_ws/install/ppp_bot/share/ppp_bot/package.sh'
[13.061s] INFO:colcon.colcon_core.shell:Creating package script '/home/nathan/ros2_ws/install/ppp_bot/share/ppp_bot/package.bash'
[13.061s] INFO:colcon.colcon_core.shell:Creating package script '/home/nathan/ros2_ws/install/ppp_bot/share/ppp_bot/package.zsh'
[13.062s] Level 1:colcon.colcon_core.environment:create_file_with_runtime_dependencies(/home/nathan/ros2_ws/install/ppp_bot/share/colcon-core/packages/ppp_bot)
[13.062s] INFO:colcon.colcon_ros.task.ament_cmake.build:Building ROS package in '/home/nathan/ros2_ws/src/sllidar_ros2' with build type 'ament_cmake'
[13.062s] INFO:colcon.colcon_cmake.task.cmake.build:Building CMake package in '/home/nathan/ros2_ws/src/sllidar_ros2'
[13.063s] INFO:colcon.colcon_core.shell:Skip shell extension 'powershell' for command environment: Not usable outside of PowerShell
[13.063s] DEBUG:colcon.colcon_core.shell:Skip shell extension 'dsv' for command environment
[13.172s] DEBUG:colcon.colcon_core.event_handler.log_command:Invoking command in '/home/nathan/ros2_ws/build/sllidar_ros2': CMAKE_PREFIX_PATH=${CMAKE_PREFIX_PATH}:/home/nathan/ros2_ws/install/rdj2025_potato_disease_detection:/home/nathan/ros2_ws/install/joy_tester:/opt/ros/humble /usr/bin/cmake --build /home/nathan/ros2_ws/build/sllidar_ros2 -- -j4 -l4
[13.999s] DEBUG:colcon.colcon_core.event_handler.log_command:Invoked command in '/home/nathan/ros2_ws/build/diffdrive_arduino' returned '0': CMAKE_PREFIX_PATH=${CMAKE_PREFIX_PATH}:/home/nathan/ros2_ws/install/rdj2025_potato_disease_detection:/home/nathan/ros2_ws/install/joy_tester:/opt/ros/humble /usr/bin/cmake --build /home/nathan/ros2_ws/build/diffdrive_arduino -- -j4 -l4
[14.054s] DEBUG:colcon.colcon_core.event_handler.log_command:Invoking command in '/home/nathan/ros2_ws/build/diffdrive_arduino': CMAKE_PREFIX_PATH=${CMAKE_PREFIX_PATH}:/home/nathan/ros2_ws/install/rdj2025_potato_disease_detection:/home/nathan/ros2_ws/install/joy_tester:/opt/ros/humble /usr/bin/cmake --install /home/nathan/ros2_ws/build/diffdrive_arduino
[14.528s] Level 1:colcon.colcon_core.environment:create_environment_scripts_only(diffdrive_arduino)
[14.528s] Level 1:colcon.colcon_core.environment:checking '/home/nathan/ros2_ws/install/diffdrive_arduino' for CMake module files
[14.529s] DEBUG:colcon.colcon_core.event_handler.log_command:Invoked command in '/home/nathan/ros2_ws/build/diffdrive_arduino' returned '0': CMAKE_PREFIX_PATH=${CMAKE_PREFIX_PATH}:/home/nathan/ros2_ws/install/rdj2025_potato_disease_detection:/home/nathan/ros2_ws/install/joy_tester:/opt/ros/humble /usr/bin/cmake --install /home/nathan/ros2_ws/build/diffdrive_arduino
[14.530s] Level 1:colcon.colcon_core.environment:checking '/home/nathan/ros2_ws/install/diffdrive_arduino' for CMake config files
[14.531s] Level 1:colcon.colcon_core.shell:create_environment_hook('diffdrive_arduino', 'cmake_prefix_path')
[14.532s] INFO:colcon.colcon_core.shell:Creating environment hook '/home/nathan/ros2_ws/install/diffdrive_arduino/share/diffdrive_arduino/hook/cmake_prefix_path.ps1'
[14.534s] INFO:colcon.colcon_core.shell:Creating environment descriptor '/home/nathan/ros2_ws/install/diffdrive_arduino/share/diffdrive_arduino/hook/cmake_prefix_path.dsv'
[14.535s] INFO:colcon.colcon_core.shell:Creating environment hook '/home/nathan/ros2_ws/install/diffdrive_arduino/share/diffdrive_arduino/hook/cmake_prefix_path.sh'
[14.536s] Level 1:colcon.colcon_core.environment:checking '/home/nathan/ros2_ws/install/diffdrive_arduino/lib'
[14.536s] Level 1:colcon.colcon_core.shell:create_environment_hook('diffdrive_arduino', 'ld_library_path_lib')
[14.537s] INFO:colcon.colcon_core.shell:Creating environment hook '/home/nathan/ros2_ws/install/diffdrive_arduino/share/diffdrive_arduino/hook/ld_library_path_lib.ps1'
[14.538s] INFO:colcon.colcon_core.shell:Creating environment descriptor '/home/nathan/ros2_ws/install/diffdrive_arduino/share/diffdrive_arduino/hook/ld_library_path_lib.dsv'
[14.538s] INFO:colcon.colcon_core.shell:Creating environment hook '/home/nathan/ros2_ws/install/diffdrive_arduino/share/diffdrive_arduino/hook/ld_library_path_lib.sh'
[14.539s] Level 1:colcon.colcon_core.environment:checking '/home/nathan/ros2_ws/install/diffdrive_arduino/bin'
[14.539s] Level 1:colcon.colcon_core.environment:checking '/home/nathan/ros2_ws/install/diffdrive_arduino/lib/pkgconfig/diffdrive_arduino.pc'
[14.540s] Level 1:colcon.colcon_core.environment:checking '/home/nathan/ros2_ws/install/diffdrive_arduino/lib/python3.10/site-packages'
[14.540s] Level 1:colcon.colcon_core.environment:checking '/home/nathan/ros2_ws/install/diffdrive_arduino/bin'
[14.541s] INFO:colcon.colcon_core.shell:Creating package script '/home/nathan/ros2_ws/install/diffdrive_arduino/share/diffdrive_arduino/package.ps1'
[14.543s] INFO:colcon.colcon_core.shell:Creating package descriptor '/home/nathan/ros2_ws/install/diffdrive_arduino/share/diffdrive_arduino/package.dsv'
[14.544s] INFO:colcon.colcon_core.shell:Creating package script '/home/nathan/ros2_ws/install/diffdrive_arduino/share/diffdrive_arduino/package.sh'
[14.545s] INFO:colcon.colcon_core.shell:Creating package script '/home/nathan/ros2_ws/install/diffdrive_arduino/share/diffdrive_arduino/package.bash'
[14.545s] INFO:colcon.colcon_core.shell:Creating package script '/home/nathan/ros2_ws/install/diffdrive_arduino/share/diffdrive_arduino/package.zsh'
[14.546s] Level 1:colcon.colcon_core.environment:create_file_with_runtime_dependencies(/home/nathan/ros2_ws/install/diffdrive_arduino/share/colcon-core/packages/diffdrive_arduino)
[14.547s] Level 1:colcon.colcon_core.environment:create_environment_scripts_only(diffdrive_arduino)
[14.547s] Level 1:colcon.colcon_core.environment:checking '/home/nathan/ros2_ws/install/diffdrive_arduino' for CMake module files
[14.548s] Level 1:colcon.colcon_core.environment:checking '/home/nathan/ros2_ws/install/diffdrive_arduino' for CMake config files
[14.549s] Level 1:colcon.colcon_core.shell:create_environment_hook('diffdrive_arduino', 'cmake_prefix_path')
[14.550s] INFO:colcon.colcon_core.shell:Creating environment hook '/home/nathan/ros2_ws/install/diffdrive_arduino/share/diffdrive_arduino/hook/cmake_prefix_path.ps1'
[14.551s] INFO:colcon.colcon_core.shell:Creating environment descriptor '/home/nathan/ros2_ws/install/diffdrive_arduino/share/diffdrive_arduino/hook/cmake_prefix_path.dsv'
[14.551s] INFO:colcon.colcon_core.shell:Creating environment hook '/home/nathan/ros2_ws/install/diffdrive_arduino/share/diffdrive_arduino/hook/cmake_prefix_path.sh'
[14.553s] Level 1:colcon.colcon_core.environment:checking '/home/nathan/ros2_ws/install/diffdrive_arduino/lib'
[14.553s] Level 1:colcon.colcon_core.shell:create_environment_hook('diffdrive_arduino', 'ld_library_path_lib')
[14.554s] INFO:colcon.colcon_core.shell:Creating environment hook '/home/nathan/ros2_ws/install/diffdrive_arduino/share/diffdrive_arduino/hook/ld_library_path_lib.ps1'
[14.555s] INFO:colcon.colcon_core.shell:Creating environment descriptor '/home/nathan/ros2_ws/install/diffdrive_arduino/share/diffdrive_arduino/hook/ld_library_path_lib.dsv'
[14.557s] INFO:colcon.colcon_core.shell:Creating environment hook '/home/nathan/ros2_ws/install/diffdrive_arduino/share/diffdrive_arduino/hook/ld_library_path_lib.sh'
[14.559s] Level 1:colcon.colcon_core.environment:checking '/home/nathan/ros2_ws/install/diffdrive_arduino/bin'
[14.559s] Level 1:colcon.colcon_core.environment:checking '/home/nathan/ros2_ws/install/diffdrive_arduino/lib/pkgconfig/diffdrive_arduino.pc'
[14.559s] Level 1:colcon.colcon_core.environment:checking '/home/nathan/ros2_ws/install/diffdrive_arduino/lib/python3.10/site-packages'
[14.560s] Level 1:colcon.colcon_core.environment:checking '/home/nathan/ros2_ws/install/diffdrive_arduino/bin'
[14.561s] INFO:colcon.colcon_core.shell:Creating package script '/home/nathan/ros2_ws/install/diffdrive_arduino/share/diffdrive_arduino/package.ps1'
[14.562s] INFO:colcon.colcon_core.shell:Creating package descriptor '/home/nathan/ros2_ws/install/diffdrive_arduino/share/diffdrive_arduino/package.dsv'
[14.564s] INFO:colcon.colcon_core.shell:Creating package script '/home/nathan/ros2_ws/install/diffdrive_arduino/share/diffdrive_arduino/package.sh'
[14.564s] INFO:colcon.colcon_core.shell:Creating package script '/home/nathan/ros2_ws/install/diffdrive_arduino/share/diffdrive_arduino/package.bash'
[14.566s] INFO:colcon.colcon_core.shell:Creating package script '/home/nathan/ros2_ws/install/diffdrive_arduino/share/diffdrive_arduino/package.zsh'
[14.567s] Level 1:colcon.colcon_core.environment:create_file_with_runtime_dependencies(/home/nathan/ros2_ws/install/diffdrive_arduino/share/colcon-core/packages/diffdrive_arduino)
[14.673s] DEBUG:colcon.colcon_core.event_handler.log_command:Invoked command in '/home/nathan/ros2_ws/build/sllidar_ros2' returned '0': CMAKE_PREFIX_PATH=${CMAKE_PREFIX_PATH}:/home/nathan/ros2_ws/install/rdj2025_potato_disease_detection:/home/nathan/ros2_ws/install/joy_tester:/opt/ros/humble /usr/bin/cmake --build /home/nathan/ros2_ws/build/sllidar_ros2 -- -j4 -l4
[14.733s] DEBUG:colcon.colcon_core.event_handler.log_command:Invoking command in '/home/nathan/ros2_ws/build/sllidar_ros2': CMAKE_PREFIX_PATH=${CMAKE_PREFIX_PATH}:/home/nathan/ros2_ws/install/rdj2025_potato_disease_detection:/home/nathan/ros2_ws/install/joy_tester:/opt/ros/humble /usr/bin/cmake --install /home/nathan/ros2_ws/build/sllidar_ros2
[14.832s] Level 1:colcon.colcon_core.environment:create_environment_scripts_only(sllidar_ros2)
[14.833s] Level 1:colcon.colcon_core.environment:checking '/home/nathan/ros2_ws/install/sllidar_ros2' for CMake module files
[14.834s] DEBUG:colcon.colcon_core.event_handler.log_command:Invoked command in '/home/nathan/ros2_ws/build/sllidar_ros2' returned '0': CMAKE_PREFIX_PATH=${CMAKE_PREFIX_PATH}:/home/nathan/ros2_ws/install/rdj2025_potato_disease_detection:/home/nathan/ros2_ws/install/joy_tester:/opt/ros/humble /usr/bin/cmake --install /home/nathan/ros2_ws/build/sllidar_ros2
[14.835s] Level 1:colcon.colcon_core.environment:checking '/home/nathan/ros2_ws/install/sllidar_ros2' for CMake config files
[14.835s] Level 1:colcon.colcon_core.shell:create_environment_hook('sllidar_ros2', 'cmake_prefix_path')
[14.836s] INFO:colcon.colcon_core.shell:Creating environment hook '/home/nathan/ros2_ws/install/sllidar_ros2/share/sllidar_ros2/hook/cmake_prefix_path.ps1'
[14.837s] INFO:colcon.colcon_core.shell:Creating environment descriptor '/home/nathan/ros2_ws/install/sllidar_ros2/share/sllidar_ros2/hook/cmake_prefix_path.dsv'
[14.837s] INFO:colcon.colcon_core.shell:Creating environment hook '/home/nathan/ros2_ws/install/sllidar_ros2/share/sllidar_ros2/hook/cmake_prefix_path.sh'
[14.839s] Level 1:colcon.colcon_core.environment:checking '/home/nathan/ros2_ws/install/sllidar_ros2/lib'
[14.839s] Level 1:colcon.colcon_core.environment:checking '/home/nathan/ros2_ws/install/sllidar_ros2/bin'
[14.839s] Level 1:colcon.colcon_core.environment:checking '/home/nathan/ros2_ws/install/sllidar_ros2/lib/pkgconfig/sllidar_ros2.pc'
[14.839s] Level 1:colcon.colcon_core.environment:checking '/home/nathan/ros2_ws/install/sllidar_ros2/lib/python3.10/site-packages'
[14.840s] Level 1:colcon.colcon_core.environment:checking '/home/nathan/ros2_ws/install/sllidar_ros2/bin'
[14.841s] INFO:colcon.colcon_core.shell:Creating package script '/home/nathan/ros2_ws/install/sllidar_ros2/share/sllidar_ros2/package.ps1'
[14.843s] INFO:colcon.colcon_core.shell:Creating package descriptor '/home/nathan/ros2_ws/install/sllidar_ros2/share/sllidar_ros2/package.dsv'
[14.844s] INFO:colcon.colcon_core.shell:Creating package script '/home/nathan/ros2_ws/install/sllidar_ros2/share/sllidar_ros2/package.sh'
[14.845s] INFO:colcon.colcon_core.shell:Creating package script '/home/nathan/ros2_ws/install/sllidar_ros2/share/sllidar_ros2/package.bash'
[14.845s] INFO:colcon.colcon_core.shell:Creating package script '/home/nathan/ros2_ws/install/sllidar_ros2/share/sllidar_ros2/package.zsh'
[14.846s] Level 1:colcon.colcon_core.environment:create_file_with_runtime_dependencies(/home/nathan/ros2_ws/install/sllidar_ros2/share/colcon-core/packages/sllidar_ros2)
[14.847s] Level 1:colcon.colcon_core.environment:create_environment_scripts_only(sllidar_ros2)
[14.848s] Level 1:colcon.colcon_core.environment:checking '/home/nathan/ros2_ws/install/sllidar_ros2' for CMake module files
[14.849s] Level 1:colcon.colcon_core.environment:checking '/home/nathan/ros2_ws/install/sllidar_ros2' for CMake config files
[14.849s] Level 1:colcon.colcon_core.shell:create_environment_hook('sllidar_ros2', 'cmake_prefix_path')
[14.850s] INFO:colcon.colcon_core.shell:Creating environment hook '/home/nathan/ros2_ws/install/sllidar_ros2/share/sllidar_ros2/hook/cmake_prefix_path.ps1'
[14.851s] INFO:colcon.colcon_core.shell:Creating environment descriptor '/home/nathan/ros2_ws/install/sllidar_ros2/share/sllidar_ros2/hook/cmake_prefix_path.dsv'
[14.852s] INFO:colcon.colcon_core.shell:Creating environment hook '/home/nathan/ros2_ws/install/sllidar_ros2/share/sllidar_ros2/hook/cmake_prefix_path.sh'
[14.855s] Level 1:colcon.colcon_core.environment:checking '/home/nathan/ros2_ws/install/sllidar_ros2/lib'
[14.855s] Level 1:colcon.colcon_core.environment:checking '/home/nathan/ros2_ws/install/sllidar_ros2/bin'
[14.855s] Level 1:colcon.colcon_core.environment:checking '/home/nathan/ros2_ws/install/sllidar_ros2/lib/pkgconfig/sllidar_ros2.pc'
[14.856s] Level 1:colcon.colcon_core.environment:checking '/home/nathan/ros2_ws/install/sllidar_ros2/lib/python3.10/site-packages'
[14.856s] Level 1:colcon.colcon_core.environment:checking '/home/nathan/ros2_ws/install/sllidar_ros2/bin'
[14.857s] INFO:colcon.colcon_core.shell:Creating package script '/home/nathan/ros2_ws/install/sllidar_ros2/share/sllidar_ros2/package.ps1'
[14.858s] INFO:colcon.colcon_core.shell:Creating package descriptor '/home/nathan/ros2_ws/install/sllidar_ros2/share/sllidar_ros2/package.dsv'
[14.859s] INFO:colcon.colcon_core.shell:Creating package script '/home/nathan/ros2_ws/install/sllidar_ros2/share/sllidar_ros2/package.sh'
[14.860s] INFO:colcon.colcon_core.shell:Creating package script '/home/nathan/ros2_ws/install/sllidar_ros2/share/sllidar_ros2/package.bash'
[14.861s] INFO:colcon.colcon_core.shell:Creating package script '/home/nathan/ros2_ws/install/sllidar_ros2/share/sllidar_ros2/package.zsh'
[14.861s] Level 1:colcon.colcon_core.environment:create_file_with_runtime_dependencies(/home/nathan/ros2_ws/install/sllidar_ros2/share/colcon-core/packages/sllidar_ros2)
[16.151s] DEBUG:colcon.colcon_core.event_handler.log_command:Invoking command in '/home/nathan/ros2_ws/build/rdj2025_potato_disease_detection': PYTHONPATH=/home/nathan/ros2_ws/build/rdj2025_potato_disease_detection/prefix_override:/usr/lib/python3/dist-packages/colcon_core/task/python/colcon_distutils_commands:/home/nathan/ros2_ws/install/rdj2025_potato_disease_detection/lib/python3.10/site-packages:${PYTHONPATH} /usr/bin/python3 -W ignore:setup.py install is deprecated -W ignore:easy_install command is deprecated setup.py develop --editable --build-directory /home/nathan/ros2_ws/build/rdj2025_potato_disease_detection/build --no-deps symlink_data
[16.163s] DEBUG:colcon.colcon_core.event_handler.log_command:Invoking command in '/home/nathan/ros2_ws/build/joy_tester': PYTHONPATH=/home/nathan/ros2_ws/build/joy_tester/prefix_override:/usr/lib/python3/dist-packages/colcon_core/task/python/colcon_distutils_commands:/home/nathan/ros2_ws/install/joy_tester/lib/python3.10/site-packages:${PYTHONPATH} /usr/bin/python3 -W ignore:setup.py install is deprecated -W ignore:easy_install command is deprecated setup.py develop --editable --build-directory /home/nathan/ros2_ws/build/joy_tester/build --no-deps symlink_data
[17.486s] Level 1:colcon.colcon_core.shell:create_environment_hook('rdj2025_potato_disease_detection', 'pythonpath_develop')
[17.488s] INFO:colcon.colcon_core.shell:Creating environment hook '/home/nathan/ros2_ws/build/rdj2025_potato_disease_detection/share/rdj2025_potato_disease_detection/hook/pythonpath_develop.ps1'
[17.487s] DEBUG:colcon.colcon_core.event_handler.log_command:Invoked command in '/home/nathan/ros2_ws/build/rdj2025_potato_disease_detection' returned '0': PYTHONPATH=/home/nathan/ros2_ws/build/rdj2025_potato_disease_detection/prefix_override:/usr/lib/python3/dist-packages/colcon_core/task/python/colcon_distutils_commands:/home/nathan/ros2_ws/install/rdj2025_potato_disease_detection/lib/python3.10/site-packages:${PYTHONPATH} /usr/bin/python3 -W ignore:setup.py install is deprecated -W ignore:easy_install command is deprecated setup.py develop --editable --build-directory /home/nathan/ros2_ws/build/rdj2025_potato_disease_detection/build --no-deps symlink_data
[17.490s] INFO:colcon.colcon_core.shell:Creating environment descriptor '/home/nathan/ros2_ws/build/rdj2025_potato_disease_detection/share/rdj2025_potato_disease_detection/hook/pythonpath_develop.dsv'
[17.491s] INFO:colcon.colcon_core.shell:Creating environment hook '/home/nathan/ros2_ws/build/rdj2025_potato_disease_detection/share/rdj2025_potato_disease_detection/hook/pythonpath_develop.sh'
[17.493s] Level 1:colcon.colcon_core.environment:checking '/home/nathan/ros2_ws/install/rdj2025_potato_disease_detection' for CMake module files
[17.495s] Level 1:colcon.colcon_core.environment:checking '/home/nathan/ros2_ws/install/rdj2025_potato_disease_detection' for CMake config files
[17.496s] Level 1:colcon.colcon_core.environment:checking '/home/nathan/ros2_ws/install/rdj2025_potato_disease_detection/lib'
[17.497s] Level 1:colcon.colcon_core.environment:checking '/home/nathan/ros2_ws/install/rdj2025_potato_disease_detection/bin'
[17.497s] Level 1:colcon.colcon_core.environment:checking '/home/nathan/ros2_ws/install/rdj2025_potato_disease_detection/lib/pkgconfig/rdj2025_potato_disease_detection.pc'
[17.499s] Level 1:colcon.colcon_core.environment:checking '/home/nathan/ros2_ws/install/rdj2025_potato_disease_detection/lib/python3.10/site-packages'
[17.499s] Level 1:colcon.colcon_core.shell:create_environment_hook('rdj2025_potato_disease_detection', 'pythonpath')
[17.499s] INFO:colcon.colcon_core.shell:Creating environment hook '/home/nathan/ros2_ws/install/rdj2025_potato_disease_detection/share/rdj2025_potato_disease_detection/hook/pythonpath.ps1'
[17.500s] INFO:colcon.colcon_core.shell:Creating environment descriptor '/home/nathan/ros2_ws/install/rdj2025_potato_disease_detection/share/rdj2025_potato_disease_detection/hook/pythonpath.dsv'
[17.503s] INFO:colcon.colcon_core.shell:Creating environment hook '/home/nathan/ros2_ws/install/rdj2025_potato_disease_detection/share/rdj2025_potato_disease_detection/hook/pythonpath.sh'
[17.504s] Level 1:colcon.colcon_core.environment:checking '/home/nathan/ros2_ws/install/rdj2025_potato_disease_detection/bin'
[17.504s] Level 1:colcon.colcon_core.environment:create_environment_scripts_only(rdj2025_potato_disease_detection)
[17.506s] INFO:colcon.colcon_core.shell:Creating package script '/home/nathan/ros2_ws/install/rdj2025_potato_disease_detection/share/rdj2025_potato_disease_detection/package.ps1'
[17.507s] INFO:colcon.colcon_core.shell:Creating package descriptor '/home/nathan/ros2_ws/install/rdj2025_potato_disease_detection/share/rdj2025_potato_disease_detection/package.dsv'
[17.508s] INFO:colcon.colcon_core.shell:Creating package script '/home/nathan/ros2_ws/install/rdj2025_potato_disease_detection/share/rdj2025_potato_disease_detection/package.sh'
[17.508s] INFO:colcon.colcon_core.shell:Creating package script '/home/nathan/ros2_ws/install/rdj2025_potato_disease_detection/share/rdj2025_potato_disease_detection/package.bash'
[17.511s] INFO:colcon.colcon_core.shell:Creating package script '/home/nathan/ros2_ws/install/rdj2025_potato_disease_detection/share/rdj2025_potato_disease_detection/package.zsh'
[17.512s] Level 1:colcon.colcon_core.environment:create_file_with_runtime_dependencies(/home/nathan/ros2_ws/install/rdj2025_potato_disease_detection/share/colcon-core/packages/rdj2025_potato_disease_detection)
[17.513s] Level 1:colcon.colcon_core.shell:create_environment_hook('joy_tester', 'pythonpath_develop')
[17.513s] INFO:colcon.colcon_core.shell:Creating environment hook '/home/nathan/ros2_ws/build/joy_tester/share/joy_tester/hook/pythonpath_develop.ps1'
[17.515s] INFO:colcon.colcon_core.shell:Creating environment descriptor '/home/nathan/ros2_ws/build/joy_tester/share/joy_tester/hook/pythonpath_develop.dsv'
[17.516s] DEBUG:colcon.colcon_core.event_handler.log_command:Invoked command in '/home/nathan/ros2_ws/build/joy_tester' returned '0': PYTHONPATH=/home/nathan/ros2_ws/build/joy_tester/prefix_override:/usr/lib/python3/dist-packages/colcon_core/task/python/colcon_distutils_commands:/home/nathan/ros2_ws/install/joy_tester/lib/python3.10/site-packages:${PYTHONPATH} /usr/bin/python3 -W ignore:setup.py install is deprecated -W ignore:easy_install command is deprecated setup.py develop --editable --build-directory /home/nathan/ros2_ws/build/joy_tester/build --no-deps symlink_data
[17.516s] INFO:colcon.colcon_core.shell:Creating environment hook '/home/nathan/ros2_ws/build/joy_tester/share/joy_tester/hook/pythonpath_develop.sh'
[17.518s] Level 1:colcon.colcon_core.environment:checking '/home/nathan/ros2_ws/install/joy_tester' for CMake module files
[17.519s] Level 1:colcon.colcon_core.environment:checking '/home/nathan/ros2_ws/install/joy_tester' for CMake config files
[17.521s] Level 1:colcon.colcon_core.environment:checking '/home/nathan/ros2_ws/install/joy_tester/lib'
[17.522s] Level 1:colcon.colcon_core.environment:checking '/home/nathan/ros2_ws/install/joy_tester/bin'
[17.522s] Level 1:colcon.colcon_core.environment:checking '/home/nathan/ros2_ws/install/joy_tester/lib/pkgconfig/joy_tester.pc'
[17.522s] Level 1:colcon.colcon_core.environment:checking '/home/nathan/ros2_ws/install/joy_tester/lib/python3.10/site-packages'
[17.522s] Level 1:colcon.colcon_core.shell:create_environment_hook('joy_tester', 'pythonpath')
[17.523s] INFO:colcon.colcon_core.shell:Creating environment hook '/home/nathan/ros2_ws/install/joy_tester/share/joy_tester/hook/pythonpath.ps1'
[17.524s] INFO:colcon.colcon_core.shell:Creating environment descriptor '/home/nathan/ros2_ws/install/joy_tester/share/joy_tester/hook/pythonpath.dsv'
[17.524s] INFO:colcon.colcon_core.shell:Creating environment hook '/home/nathan/ros2_ws/install/joy_tester/share/joy_tester/hook/pythonpath.sh'
[17.526s] Level 1:colcon.colcon_core.environment:checking '/home/nathan/ros2_ws/install/joy_tester/bin'
[17.526s] Level 1:colcon.colcon_core.environment:create_environment_scripts_only(joy_tester)
[17.527s] INFO:colcon.colcon_core.shell:Creating package script '/home/nathan/ros2_ws/install/joy_tester/share/joy_tester/package.ps1'
[17.528s] INFO:colcon.colcon_core.shell:Creating package descriptor '/home/nathan/ros2_ws/install/joy_tester/share/joy_tester/package.dsv'
[17.529s] INFO:colcon.colcon_core.shell:Creating package script '/home/nathan/ros2_ws/install/joy_tester/share/joy_tester/package.sh'
[17.530s] INFO:colcon.colcon_core.shell:Creating package script '/home/nathan/ros2_ws/install/joy_tester/share/joy_tester/package.bash'
[17.530s] INFO:colcon.colcon_core.shell:Creating package script '/home/nathan/ros2_ws/install/joy_tester/share/joy_tester/package.zsh'
[17.531s] Level 1:colcon.colcon_core.environment:create_file_with_runtime_dependencies(/home/nathan/ros2_ws/install/joy_tester/share/colcon-core/packages/joy_tester)
[17.531s] DEBUG:colcon.colcon_parallel_executor.executor.parallel:closing loop
[17.532s] DEBUG:colcon.colcon_parallel_executor.executor.parallel:loop closed
[17.532s] DEBUG:colcon.colcon_parallel_executor.executor.parallel:run_until_complete finished with '0'
[17.532s] DEBUG:colcon.colcon_core.event_reactor:joining thread
[17.565s] INFO:colcon.colcon_core.plugin_system:Skipping extension 'colcon_notification.desktop_notification.terminal_notifier': Not used on non-Darwin systems
[17.566s] INFO:colcon.colcon_core.plugin_system:Skipping extension 'colcon_notification.desktop_notification.win32': Not used on non-Windows systems
[17.566s] INFO:colcon.colcon_notification.desktop_notification:Sending desktop notification using 'notify2'
[17.756s] DEBUG:colcon.colcon_core.event_reactor:joined thread
[17.757s] INFO:colcon.colcon_core.shell:Creating prefix script '/home/nathan/ros2_ws/install/local_setup.ps1'
[17.816s] INFO:colcon.colcon_core.shell:Creating prefix util module '/home/nathan/ros2_ws/install/_local_setup_util_ps1.py'
[17.839s] INFO:colcon.colcon_core.shell:Creating prefix chain script '/home/nathan/ros2_ws/install/setup.ps1'
[17.842s] INFO:colcon.colcon_core.shell:Creating prefix script '/home/nathan/ros2_ws/install/local_setup.sh'
[17.859s] INFO:colcon.colcon_core.shell:Creating prefix util module '/home/nathan/ros2_ws/install/_local_setup_util_sh.py'
[17.861s] INFO:colcon.colcon_core.shell:Creating prefix chain script '/home/nathan/ros2_ws/install/setup.sh'
[17.864s] INFO:colcon.colcon_core.shell:Creating prefix script '/home/nathan/ros2_ws/install/local_setup.bash'
[17.886s] INFO:colcon.colcon_core.shell:Creating prefix chain script '/home/nathan/ros2_ws/install/setup.bash'
[17.888s] INFO:colcon.colcon_core.shell:Creating prefix script '/home/nathan/ros2_ws/install/local_setup.zsh'
[17.917s] INFO:colcon.colcon_core.shell:Creating prefix chain script '/home/nathan/ros2_ws/install/setup.zsh'
