[0.023s] Invoking command in '/home/nathan/ros2_ws/build/dojo': CMAKE_PREFIX_PATH=/opt/ros/humble /usr/bin/cmake /home/nathan/ros2_ws/src/dojo -DCMAKE_INSTALL_PREFIX=/home/nathan/ros2_ws/install/dojo
[0.617s] -- The C compiler identification is GNU 11.4.0
[0.617s] -- The CXX compiler identification is GNU 11.4.0
[0.617s] -- Detecting C compiler ABI info
[0.617s] -- Detecting C compiler ABI info - done
[0.618s] -- Check for working C compiler: /usr/bin/cc - skipped
[0.618s] -- Detecting C compile features
[0.618s] -- Detecting C compile features - done
[0.618s] -- Detecting CXX compiler ABI info
[0.775s] -- Detecting CXX compiler ABI info - done
[0.802s] -- Check for working CXX compiler: /usr/bin/c++ - skipped
[0.802s] -- Detecting CXX compile features
[0.803s] -- Detecting CXX compile features - done
[0.816s] -- Found ament_cmake: 1.3.12 (/opt/ros/humble/share/ament_cmake/cmake)
[1.124s] -- Found Python3: /usr/bin/python3 (found version "3.10.12") found components: Interpreter 
[1.312s] -- Found ament_lint_auto: 0.12.14 (/opt/ros/humble/share/ament_lint_auto/cmake)
[1.479s] -- Added test 'copyright' to check source files copyright and LICENSE
[1.487s] -- Added test 'flake8' to check Python code syntax and style conventions
[1.488s] -- Added test 'lint_cmake' to check CMake code style
[1.491s] -- Added test 'pep257' to check Python code against some of the docstring style conventions in PEP 257
[1.495s] -- Added test 'xmllint' to check XML markup files
[1.498s] -- Configuring done
[1.506s] -- Generating done
[1.512s] -- Build files have been written to: /home/nathan/ros2_ws/build/dojo
[1.530s] Invoked command in '/home/nathan/ros2_ws/build/dojo' returned '0': CMAKE_PREFIX_PATH=/opt/ros/humble /usr/bin/cmake /home/nathan/ros2_ws/src/dojo -DCMAKE_INSTALL_PREFIX=/home/nathan/ros2_ws/install/dojo
[1.531s] Invoking command in '/home/nathan/ros2_ws/build/dojo': CMAKE_PREFIX_PATH=/opt/ros/humble /usr/bin/cmake --build /home/nathan/ros2_ws/build/dojo -- -j4 -l4
[1.614s] Invoked command in '/home/nathan/ros2_ws/build/dojo' returned '0': CMAKE_PREFIX_PATH=/opt/ros/humble /usr/bin/cmake --build /home/nathan/ros2_ws/build/dojo -- -j4 -l4
[1.617s] Invoking command in '/home/nathan/ros2_ws/build/dojo': CMAKE_PREFIX_PATH=/opt/ros/humble /usr/bin/cmake --install /home/nathan/ros2_ws/build/dojo
[1.628s] -- Install configuration: ""
[1.628s] -- Installing: /home/nathan/ros2_ws/install/dojo/share/dojo/config
[1.631s] -- Installing: /home/nathan/ros2_ws/install/dojo/share/dojo/config/my_controllers.yaml
[1.632s] -- Installing: /home/nathan/ros2_ws/install/dojo/share/dojo/config/joystick.yaml
[1.632s] -- Installing: /home/nathan/ros2_ws/install/dojo/share/dojo/config/default_view.rviz
[1.633s] -- Installing: /home/nathan/ros2_ws/install/dojo/share/dojo/config/gazebo_params.yaml
[1.633s] -- Installing: /home/nathan/ros2_ws/install/dojo/share/dojo/config/gaz_ros2_ctl_use_sim.yaml
[1.636s] -- Installing: /home/nathan/ros2_ws/install/dojo/share/dojo/config/twist_mux.yaml
[1.636s] -- Installing: /home/nathan/ros2_ws/install/dojo/share/dojo/config/empty.yaml
[1.636s] -- Installing: /home/nathan/ros2_ws/install/dojo/share/dojo/config/mapper_params_online_async.yaml
[1.637s] -- Installing: /home/nathan/ros2_ws/install/dojo/share/dojo/config/nav2_params.yaml
[1.637s] -- Installing: /home/nathan/ros2_ws/install/dojo/share/dojo/description
[1.638s] -- Installing: /home/nathan/ros2_ws/install/dojo/share/dojo/description/ros2_control.xacro
[1.638s] -- Installing: /home/nathan/ros2_ws/install/dojo/share/dojo/description/lidar.xacro
[1.638s] -- Installing: /home/nathan/ros2_ws/install/dojo/share/dojo/description/robot.urdf.xacro
[1.638s] -- Installing: /home/nathan/ros2_ws/install/dojo/share/dojo/description/gazebo_control.xacro
[1.638s] -- Installing: /home/nathan/ros2_ws/install/dojo/share/dojo/description/robot_core.xacro
[1.638s] -- Installing: /home/nathan/ros2_ws/install/dojo/share/dojo/description/inertial_macros.xacro
[1.638s] -- Installing: /home/nathan/ros2_ws/install/dojo/share/dojo/launch
[1.638s] -- Installing: /home/nathan/ros2_ws/install/dojo/share/dojo/launch/joystick.launch.py
[1.639s] -- Installing: /home/nathan/ros2_ws/install/dojo/share/dojo/launch/raspi_bot.launch.py
[1.639s] -- Installing: /home/nathan/ros2_ws/install/dojo/share/dojo/launch/navigation_launch.py
[1.639s] -- Installing: /home/nathan/ros2_ws/install/dojo/share/dojo/launch/rsp.launch.py
[1.639s] -- Installing: /home/nathan/ros2_ws/install/dojo/share/dojo/launch/consolidated.launch.py
[1.639s] -- Installing: /home/nathan/ros2_ws/install/dojo/share/dojo/launch/launch_robot.launch.py
[1.642s] -- Installing: /home/nathan/ros2_ws/install/dojo/share/dojo/launch/launch_sim.launch.py
[1.643s] -- Installing: /home/nathan/ros2_ws/install/dojo/share/dojo/launch/localization_launch.py
[1.643s] -- Installing: /home/nathan/ros2_ws/install/dojo/share/dojo/worlds
[1.643s] -- Installing: /home/nathan/ros2_ws/install/dojo/share/dojo/worlds/dojo2024
[1.643s] -- Installing: /home/nathan/ros2_ws/install/dojo/share/dojo/worlds/world_model
[1.643s] -- Installing: /home/nathan/ros2_ws/install/dojo/share/dojo/worlds/world_model/model.config
[1.643s] -- Installing: /home/nathan/ros2_ws/install/dojo/share/dojo/worlds/world_model/model.sdf
[1.643s] -- Installing: /home/nathan/ros2_ws/install/dojo/share/dojo/worlds/empty.world
[1.644s] -- Installing: /home/nathan/ros2_ws/install/dojo/share/ament_index/resource_index/package_run_dependencies/dojo
[1.644s] -- Installing: /home/nathan/ros2_ws/install/dojo/share/ament_index/resource_index/parent_prefix_path/dojo
[1.644s] -- Installing: /home/nathan/ros2_ws/install/dojo/share/dojo/environment/ament_prefix_path.sh
[1.644s] -- Installing: /home/nathan/ros2_ws/install/dojo/share/dojo/environment/ament_prefix_path.dsv
[1.644s] -- Installing: /home/nathan/ros2_ws/install/dojo/share/dojo/environment/path.sh
[1.644s] -- Installing: /home/nathan/ros2_ws/install/dojo/share/dojo/environment/path.dsv
[1.645s] -- Installing: /home/nathan/ros2_ws/install/dojo/share/dojo/local_setup.bash
[1.645s] -- Installing: /home/nathan/ros2_ws/install/dojo/share/dojo/local_setup.sh
[1.645s] -- Installing: /home/nathan/ros2_ws/install/dojo/share/dojo/local_setup.zsh
[1.645s] -- Installing: /home/nathan/ros2_ws/install/dojo/share/dojo/local_setup.dsv
[1.645s] -- Installing: /home/nathan/ros2_ws/install/dojo/share/dojo/package.dsv
[1.645s] -- Installing: /home/nathan/ros2_ws/install/dojo/share/ament_index/resource_index/packages/dojo
[1.646s] -- Installing: /home/nathan/ros2_ws/install/dojo/share/dojo/cmake/dojoConfig.cmake
[1.646s] -- Installing: /home/nathan/ros2_ws/install/dojo/share/dojo/cmake/dojoConfig-version.cmake
[1.646s] -- Installing: /home/nathan/ros2_ws/install/dojo/share/dojo/package.xml
[1.665s] Invoked command in '/home/nathan/ros2_ws/build/dojo' returned '0': CMAKE_PREFIX_PATH=/opt/ros/humble /usr/bin/cmake --install /home/nathan/ros2_ws/build/dojo
