[0.099s] Invoking command in '/home/limitbreakers/breakers_ws/build/sllidar_ros2': CMAKE_PREFIX_PATH=${CMAKE_PREFIX_PATH}:/home/limitbreakers/breakers_ws/install/joy_tester:/opt/ros/humble /usr/bin/cmake --build /home/limitbreakers/breakers_ws/build/sllidar_ros2 -- -j4 -l4
[0.521s] [ 10%] Built target sllidar_client
[0.578s] [100%] Built target sllidar_node
[0.667s] Invoked command in '/home/limitbreakers/breakers_ws/build/sllidar_ros2' returned '0': CMAKE_PREFIX_PATH=${CMAKE_PREFIX_PATH}:/home/limitbreakers/breakers_ws/install/joy_tester:/opt/ros/humble /usr/bin/cmake --build /home/limitbreakers/breakers_ws/build/sllidar_ros2 -- -j4 -l4
[0.677s] Invoking command in '/home/limitbreakers/breakers_ws/build/sllidar_ros2': CMAKE_PREFIX_PATH=${CMAKE_PREFIX_PATH}:/home/limitbreakers/breakers_ws/install/joy_tester:/opt/ros/humble /usr/bin/cmake --install /home/limitbreakers/breakers_ws/build/sllidar_ros2
[0.709s] -- Install configuration: ""
[0.711s] -- Execute custom install script
[0.713s] -- Up-to-date symlink: /home/limitbreakers/breakers_ws/install/sllidar_ros2/share/sllidar_ros2/launch/sllidar_a1_launch.py
[0.715s] -- Up-to-date symlink: /home/limitbreakers/breakers_ws/install/sllidar_ros2/share/sllidar_ros2/rviz/sllidar_ros2.rviz
[0.716s] -- Up-to-date symlink: /home/limitbreakers/breakers_ws/install/sllidar_ros2/lib/sllidar_ros2/sllidar_node
[0.717s] -- Up-to-date symlink: /home/limitbreakers/breakers_ws/install/sllidar_ros2/lib/sllidar_ros2/sllidar_client
[0.718s] -- Up-to-date symlink: /home/limitbreakers/breakers_ws/install/sllidar_ros2/share/ament_index/resource_index/package_run_dependencies/sllidar_ros2
[0.719s] -- Up-to-date symlink: /home/limitbreakers/breakers_ws/install/sllidar_ros2/share/ament_index/resource_index/parent_prefix_path/sllidar_ros2
[0.720s] -- Up-to-date symlink: /home/limitbreakers/breakers_ws/install/sllidar_ros2/share/sllidar_ros2/environment/ament_prefix_path.sh
[0.721s] -- Up-to-date symlink: /home/limitbreakers/breakers_ws/install/sllidar_ros2/share/sllidar_ros2/environment/ament_prefix_path.dsv
[0.723s] -- Up-to-date symlink: /home/limitbreakers/breakers_ws/install/sllidar_ros2/share/sllidar_ros2/environment/path.sh
[0.723s] -- Up-to-date symlink: /home/limitbreakers/breakers_ws/install/sllidar_ros2/share/sllidar_ros2/environment/path.dsv
[0.724s] -- Up-to-date symlink: /home/limitbreakers/breakers_ws/install/sllidar_ros2/share/sllidar_ros2/local_setup.bash
[0.725s] -- Up-to-date symlink: /home/limitbreakers/breakers_ws/install/sllidar_ros2/share/sllidar_ros2/local_setup.sh
[0.726s] -- Up-to-date symlink: /home/limitbreakers/breakers_ws/install/sllidar_ros2/share/sllidar_ros2/local_setup.zsh
[0.727s] -- Up-to-date symlink: /home/limitbreakers/breakers_ws/install/sllidar_ros2/share/sllidar_ros2/local_setup.dsv
[0.729s] -- Symlinking: /home/limitbreakers/breakers_ws/install/sllidar_ros2/share/sllidar_ros2/package.dsv
[0.769s] -- Up-to-date symlink: /home/limitbreakers/breakers_ws/install/sllidar_ros2/share/ament_index/resource_index/packages/sllidar_ros2
[0.770s] -- Up-to-date symlink: /home/limitbreakers/breakers_ws/install/sllidar_ros2/share/sllidar_ros2/cmake/ament_cmake_export_dependencies-extras.cmake
[0.771s] -- Up-to-date symlink: /home/limitbreakers/breakers_ws/install/sllidar_ros2/share/sllidar_ros2/cmake/ament_cmake_export_include_directories-extras.cmake
[0.774s] -- Up-to-date symlink: /home/limitbreakers/breakers_ws/install/sllidar_ros2/share/sllidar_ros2/cmake/sllidar_ros2Config.cmake
[0.777s] -- Up-to-date symlink: /home/limitbreakers/breakers_ws/install/sllidar_ros2/share/sllidar_ros2/cmake/sllidar_ros2Config-version.cmake
[0.780s] -- Up-to-date symlink: /home/limitbreakers/breakers_ws/install/sllidar_ros2/share/sllidar_ros2/package.xml
[0.784s] Invoked command in '/home/limitbreakers/breakers_ws/build/sllidar_ros2' returned '0': CMAKE_PREFIX_PATH=${CMAKE_PREFIX_PATH}:/home/limitbreakers/breakers_ws/install/joy_tester:/opt/ros/humble /usr/bin/cmake --install /home/limitbreakers/breakers_ws/build/sllidar_ros2
