Determining if the function sgemm_ exists failed with the following output:
Change Dir: /home/nathan/ros2_ws/build/fields2cover/CMakeFiles/CMakeTmp

Run Build Command(s):/usr/bin/gmake -f Makefile cmTC_d8cc7/fast && /usr/bin/gmake  -f CMakeFiles/cmTC_d8cc7.dir/build.make CMakeFiles/cmTC_d8cc7.dir/build
gmake[1]: Entering directory '/home/nathan/ros2_ws/build/fields2cover/CMakeFiles/CMakeTmp'
Building C object CMakeFiles/cmTC_d8cc7.dir/CheckFunctionExists.c.o
/usr/bin/cc   -DCHECK_FUNCTION_EXISTS=sgemm_ -fPIE -o CMakeFiles/cmTC_d8cc7.dir/CheckFunctionExists.c.o -c /usr/share/cmake-3.22/Modules/CheckFunctionExists.c
Linking C executable cmTC_d8cc7
/usr/bin/cmake -E cmake_link_script CMakeFiles/cmTC_d8cc7.dir/link.txt --verbose=1
/usr/bin/cc  -DCHECK_FUNCTION_EXISTS=sgemm_ CMakeFiles/cmTC_d8cc7.dir/CheckFunctionExists.c.o -o cmTC_d8cc7 
/usr/bin/ld: CMakeFiles/cmTC_d8cc7.dir/CheckFunctionExists.c.o: in function `main':
CheckFunctionExists.c:(.text+0x14): undefined reference to `sgemm_'
collect2: error: ld returned 1 exit status
gmake[1]: *** [CMakeFiles/cmTC_d8cc7.dir/build.make:99: cmTC_d8cc7] Error 1
gmake[1]: Leaving directory '/home/nathan/ros2_ws/build/fields2cover/CMakeFiles/CMakeTmp'
gmake: *** [Makefile:127: cmTC_d8cc7/fast] Error 2



Determining if the function cheev_ exists failed with the following output:
Change Dir: /home/nathan/ros2_ws/build/fields2cover/CMakeFiles/CMakeTmp

Run Build Command(s):/usr/bin/gmake -f Makefile cmTC_bcec9/fast && /usr/bin/gmake  -f CMakeFiles/cmTC_bcec9.dir/build.make CMakeFiles/cmTC_bcec9.dir/build
gmake[1]: Entering directory '/home/nathan/ros2_ws/build/fields2cover/CMakeFiles/CMakeTmp'
Building C object CMakeFiles/cmTC_bcec9.dir/CheckFunctionExists.c.o
/usr/bin/cc   -DCHECK_FUNCTION_EXISTS=cheev_ -fPIE -o CMakeFiles/cmTC_bcec9.dir/CheckFunctionExists.c.o -c /usr/share/cmake-3.22/Modules/CheckFunctionExists.c
Linking C executable cmTC_bcec9
/usr/bin/cmake -E cmake_link_script CMakeFiles/cmTC_bcec9.dir/link.txt --verbose=1
/usr/bin/cc  -DCHECK_FUNCTION_EXISTS=cheev_ CMakeFiles/cmTC_bcec9.dir/CheckFunctionExists.c.o -o cmTC_bcec9  /usr/lib/x86_64-linux-gnu/libblas.so -lm -ldl 
/usr/bin/ld: CMakeFiles/cmTC_bcec9.dir/CheckFunctionExists.c.o: in function `main':
CheckFunctionExists.c:(.text+0x14): undefined reference to `cheev_'
collect2: error: ld returned 1 exit status
gmake[1]: *** [CMakeFiles/cmTC_bcec9.dir/build.make:100: cmTC_bcec9] Error 1
gmake[1]: Leaving directory '/home/nathan/ros2_ws/build/fields2cover/CMakeFiles/CMakeTmp'
gmake: *** [Makefile:127: cmTC_bcec9/fast] Error 2



Determining if the function cheev_ exists failed with the following output:
Change Dir: /home/nathan/ros2_ws/build/fields2cover/CMakeFiles/CMakeTmp

Run Build Command(s):/usr/bin/gmake -f Makefile cmTC_204f8/fast && /usr/bin/gmake  -f CMakeFiles/cmTC_204f8.dir/build.make CMakeFiles/cmTC_204f8.dir/build
gmake[1]: Entering directory '/home/nathan/ros2_ws/build/fields2cover/CMakeFiles/CMakeTmp'
Building C object CMakeFiles/cmTC_204f8.dir/CheckFunctionExists.c.o
/usr/bin/cc   -DCHECK_FUNCTION_EXISTS=cheev_ -fPIE -o CMakeFiles/cmTC_204f8.dir/CheckFunctionExists.c.o -c /usr/share/cmake-3.22/Modules/CheckFunctionExists.c
Linking C executable cmTC_204f8
/usr/bin/cmake -E cmake_link_script CMakeFiles/cmTC_204f8.dir/link.txt --verbose=1
/usr/bin/cc  -DCHECK_FUNCTION_EXISTS=cheev_ CMakeFiles/cmTC_204f8.dir/CheckFunctionExists.c.o -o cmTC_204f8  /usr/lib/x86_64-linux-gnu/liblapack.so /usr/lib/x86_64-linux-gnu/libblas.so -fortranlibs 
cc: error: unrecognized command-line option ‘-fortranlibs’
gmake[1]: *** [CMakeFiles/cmTC_204f8.dir/build.make:101: cmTC_204f8] Error 1
gmake[1]: Leaving directory '/home/nathan/ros2_ws/build/fields2cover/CMakeFiles/CMakeTmp'
gmake: *** [Makefile:127: cmTC_204f8/fast] Error 2



