[0.191s] Invoking command in '/home/nathan/ros2_ws/build/diffdrive_arduino': CMAKE_PREFIX_PATH=${CMAKE_PREFIX_PATH}:/home/nathan/ros2_ws/install/image_processor:/home/nathan/ros2_ws/install/rdj2025_potato_disease_detection:/home/nathan/ros2_ws/install/joy_tester:/opt/ros/humble /usr/bin/cmake --build /home/nathan/ros2_ws/build/diffdrive_arduino -- -j4 -l4
[2.768s] [100%] Built target diffdrive_arduino
[3.462s] Invoked command in '/home/nathan/ros2_ws/build/diffdrive_arduino' returned '0': CMAKE_PREFIX_PATH=${CMAKE_PREFIX_PATH}:/home/nathan/ros2_ws/install/image_processor:/home/nathan/ros2_ws/install/rdj2025_potato_disease_detection:/home/nathan/ros2_ws/install/joy_tester:/opt/ros/humble /usr/bin/cmake --build /home/nathan/ros2_ws/build/diffdrive_arduino -- -j4 -l4
[3.602s] Invoking command in '/home/nathan/ros2_ws/build/diffdrive_arduino': CMAKE_PREFIX_PATH=${CMAKE_PREFIX_PATH}:/home/nathan/ros2_ws/install/image_processor:/home/nathan/ros2_ws/install/rdj2025_potato_disease_detection:/home/nathan/ros2_ws/install/joy_tester:/opt/ros/humble /usr/bin/cmake --install /home/nathan/ros2_ws/build/diffdrive_arduino
[3.714s] -- Install configuration: ""
[3.740s] -- Execute custom install script
[3.771s] -- Up-to-date symlink: /home/nathan/ros2_ws/install/diffdrive_arduino/share/diffdrive_arduino//diffdrive_arduino.xml
[3.971s] -- Up-to-date symlink: /home/nathan/ros2_ws/install/diffdrive_arduino/include/diffdrive_arduino/diffdrive_arduino/arduino_comms.hpp
[4.046s] -- Up-to-date symlink: /home/nathan/ros2_ws/install/diffdrive_arduino/include/diffdrive_arduino/diffdrive_arduino/diffbot_system.hpp
[4.099s] -- Up-to-date symlink: /home/nathan/ros2_ws/install/diffdrive_arduino/include/diffdrive_arduino/diffdrive_arduino/visibility_control.h
[4.177s] -- Up-to-date symlink: /home/nathan/ros2_ws/install/diffdrive_arduino/include/diffdrive_arduino/diffdrive_arduino/wheel.hpp
[4.312s] -- Up-to-date symlink: /home/nathan/ros2_ws/install/diffdrive_arduino/share/diffdrive_arduino/launch/view_robot.launch.py
[4.449s] -- Up-to-date symlink: /home/nathan/ros2_ws/install/diffdrive_arduino/share/diffdrive_arduino/ros2_control/diffbot.ros2_control.xacro
[4.450s] -- Up-to-date symlink: /home/nathan/ros2_ws/install/diffdrive_arduino/share/diffdrive_arduino/urdf/diffbot.materials.xacro
[4.450s] -- Up-to-date symlink: /home/nathan/ros2_ws/install/diffdrive_arduino/share/diffdrive_arduino/urdf/diffbot.urdf.xacro
[4.450s] -- Up-to-date symlink: /home/nathan/ros2_ws/install/diffdrive_arduino/share/diffdrive_arduino/urdf/diffbot_description.urdf.xacro
[4.504s] -- Up-to-date symlink: /home/nathan/ros2_ws/install/diffdrive_arduino/share/diffdrive_arduino/rviz/diffbot.rviz
[4.505s] -- Up-to-date symlink: /home/nathan/ros2_ws/install/diffdrive_arduino/share/diffdrive_arduino/rviz/diffbot_view.rviz
[4.507s] -- Up-to-date symlink: /home/nathan/ros2_ws/install/diffdrive_arduino/share/diffdrive_arduino/launch/diffbot.launch.py
[4.537s] -- Up-to-date symlink: /home/nathan/ros2_ws/install/diffdrive_arduino/share/diffdrive_arduino/config/diffbot_controllers.yaml
[4.538s] -- Up-to-date symlink: /home/nathan/ros2_ws/install/diffdrive_arduino/share/diffdrive_arduino/environment/library_path.sh
[4.538s] -- Up-to-date symlink: /home/nathan/ros2_ws/install/diffdrive_arduino/share/diffdrive_arduino/environment/library_path.dsv
[4.538s] -- Up-to-date symlink: /home/nathan/ros2_ws/install/diffdrive_arduino/share/ament_index/resource_index/package_run_dependencies/diffdrive_arduino
[4.539s] -- Up-to-date symlink: /home/nathan/ros2_ws/install/diffdrive_arduino/share/ament_index/resource_index/parent_prefix_path/diffdrive_arduino
[4.539s] -- Up-to-date symlink: /home/nathan/ros2_ws/install/diffdrive_arduino/share/diffdrive_arduino/environment/ament_prefix_path.sh
[4.540s] -- Up-to-date symlink: /home/nathan/ros2_ws/install/diffdrive_arduino/share/diffdrive_arduino/environment/ament_prefix_path.dsv
[4.540s] -- Up-to-date symlink: /home/nathan/ros2_ws/install/diffdrive_arduino/share/diffdrive_arduino/environment/path.sh
[4.540s] -- Up-to-date symlink: /home/nathan/ros2_ws/install/diffdrive_arduino/share/diffdrive_arduino/environment/path.dsv
[4.541s] -- Up-to-date symlink: /home/nathan/ros2_ws/install/diffdrive_arduino/share/diffdrive_arduino/local_setup.bash
[4.541s] -- Up-to-date symlink: /home/nathan/ros2_ws/install/diffdrive_arduino/share/diffdrive_arduino/local_setup.sh
[4.542s] -- Up-to-date symlink: /home/nathan/ros2_ws/install/diffdrive_arduino/share/diffdrive_arduino/local_setup.zsh
[4.543s] -- Up-to-date symlink: /home/nathan/ros2_ws/install/diffdrive_arduino/share/diffdrive_arduino/local_setup.dsv
[4.543s] -- Symlinking: /home/nathan/ros2_ws/install/diffdrive_arduino/share/diffdrive_arduino/package.dsv
[4.591s] -- Up-to-date symlink: /home/nathan/ros2_ws/install/diffdrive_arduino/share/ament_index/resource_index/packages/diffdrive_arduino
[4.592s] -- Up-to-date symlink: /home/nathan/ros2_ws/install/diffdrive_arduino/share/ament_index/resource_index/hardware_interface__pluginlib__plugin/diffdrive_arduino
[4.592s] -- Up-to-date symlink: /home/nathan/ros2_ws/install/diffdrive_arduino/share/diffdrive_arduino/cmake/ament_cmake_export_targets-extras.cmake
[4.593s] -- Up-to-date symlink: /home/nathan/ros2_ws/install/diffdrive_arduino/share/diffdrive_arduino/cmake/ament_cmake_export_dependencies-extras.cmake
[4.593s] -- Up-to-date symlink: /home/nathan/ros2_ws/install/diffdrive_arduino/share/diffdrive_arduino/cmake/diffdrive_arduinoConfig.cmake
[4.593s] -- Up-to-date symlink: /home/nathan/ros2_ws/install/diffdrive_arduino/share/diffdrive_arduino/cmake/diffdrive_arduinoConfig-version.cmake
[4.594s] -- Up-to-date symlink: /home/nathan/ros2_ws/install/diffdrive_arduino/share/diffdrive_arduino/package.xml
[4.726s] -- Up-to-date: /home/nathan/ros2_ws/install/diffdrive_arduino/lib/libdiffdrive_arduino.so
[4.814s] -- Up-to-date: /home/nathan/ros2_ws/install/diffdrive_arduino/share/diffdrive_arduino/cmake/export_diffdrive_arduinoExport.cmake
[4.814s] -- Up-to-date: /home/nathan/ros2_ws/install/diffdrive_arduino/share/diffdrive_arduino/cmake/export_diffdrive_arduinoExport-noconfig.cmake
[4.819s] Invoked command in '/home/nathan/ros2_ws/build/diffdrive_arduino' returned '0': CMAKE_PREFIX_PATH=${CMAKE_PREFIX_PATH}:/home/nathan/ros2_ws/install/image_processor:/home/nathan/ros2_ws/install/rdj2025_potato_disease_detection:/home/nathan/ros2_ws/install/joy_tester:/opt/ros/humble /usr/bin/cmake --install /home/nathan/ros2_ws/build/diffdrive_arduino
