[  0%] Built target ament_cmake_python_symlink_opennav_coverage_msgs
[  0%] Built target opennav_coverage_msgs__cpp
[35m[1mConsolidate compiler generated dependencies of target opennav_coverage_msgs__rosidl_generator_c[0m
[ 12%] Built target opennav_coverage_msgs__rosidl_generator_c
[35m[1mConsolidate compiler generated dependencies of target opennav_coverage_msgs__rosidl_typesupport_cpp[0m
running egg_info
writing opennav_coverage_msgs.egg-info/PKG-INFO
writing dependency_links to opennav_coverage_msgs.egg-info/dependency_links.txt
writing top-level names to opennav_coverage_msgs.egg-info/top_level.txt
reading manifest file 'opennav_coverage_msgs.egg-info/SOURCES.txt'
[35m[1mConsolidate compiler generated dependencies of target opennav_coverage_msgs__rosidl_typesupport_fastrtps_cpp[0m
writing manifest file 'opennav_coverage_msgs.egg-info/SOURCES.txt'
[ 12%] Built target ament_cmake_python_build_opennav_coverage_msgs_egg
[ 34%] Built target opennav_coverage_msgs__rosidl_typesupport_fastrtps_cpp
[ 35%] Built target opennav_coverage_msgs__rosidl_typesupport_cpp
[35m[1mConsolidate compiler generated dependencies of target opennav_coverage_msgs__rosidl_typesupport_introspection_cpp[0m
[ 47%] Built target opennav_coverage_msgs__rosidl_typesupport_introspection_cpp
[35m[1mConsolidate compiler generated dependencies of target opennav_coverage_msgs__rosidl_typesupport_c[0m
[ 59%] Built target opennav_coverage_msgs__rosidl_typesupport_c
[35m[1mConsolidate compiler generated dependencies of target opennav_coverage_msgs__rosidl_typesupport_introspection_c[0m
[ 71%] Built target opennav_coverage_msgs__rosidl_typesupport_introspection_c
[35m[1mConsolidate compiler generated dependencies of target opennav_coverage_msgs__rosidl_typesupport_fastrtps_c[0m
[ 83%] Built target opennav_coverage_msgs__rosidl_typesupport_fastrtps_c
[ 83%] Built target opennav_coverage_msgs
[ 84%] Built target opennav_coverage_msgs__py
[35m[1mConsolidate compiler generated dependencies of target opennav_coverage_msgs__rosidl_generator_py[0m
[ 95%] Built target opennav_coverage_msgs__rosidl_generator_py
[35m[1mConsolidate compiler generated dependencies of target opennav_coverage_msgs__rosidl_typesupport_c__pyext[0m
[35m[1mConsolidate compiler generated dependencies of target opennav_coverage_msgs__rosidl_typesupport_fastrtps_c__pyext[0m
[35m[1mConsolidate compiler generated dependencies of target opennav_coverage_msgs__rosidl_typesupport_introspection_c__pyext[0m
[ 97%] Built target opennav_coverage_msgs__rosidl_typesupport_fastrtps_c__pyext
[ 99%] Built target opennav_coverage_msgs__rosidl_typesupport_introspection_c__pyext
[100%] Built target opennav_coverage_msgs__rosidl_typesupport_c__pyext
-- Install configuration: ""
-- Execute custom install script
-- Up-to-date symlink: /home/nathan/ros2_ws/install/opennav_coverage_msgs/share/ament_index/resource_index/rosidl_interfaces/opennav_coverage_msgs
-- Up-to-date symlink: /home/nathan/ros2_ws/install/opennav_coverage_msgs/include/opennav_coverage_msgs/opennav_coverage_msgs/action/compute_coverage_path.h
-- Up-to-date symlink: /home/nathan/ros2_ws/install/opennav_coverage_msgs/include/opennav_coverage_msgs/opennav_coverage_msgs/action/detail/compute_coverage_path__functions.h
-- Up-to-date symlink: /home/nathan/ros2_ws/install/opennav_coverage_msgs/include/opennav_coverage_msgs/opennav_coverage_msgs/action/detail/compute_coverage_path__struct.h
-- Up-to-date symlink: /home/nathan/ros2_ws/install/opennav_coverage_msgs/include/opennav_coverage_msgs/opennav_coverage_msgs/action/detail/compute_coverage_path__type_support.h
-- Up-to-date symlink: /home/nathan/ros2_ws/install/opennav_coverage_msgs/include/opennav_coverage_msgs/opennav_coverage_msgs/action/detail/navigate_complete_coverage__functions.h
-- Up-to-date symlink: /home/nathan/ros2_ws/install/opennav_coverage_msgs/include/opennav_coverage_msgs/opennav_coverage_msgs/action/detail/navigate_complete_coverage__struct.h
-- Up-to-date symlink: /home/nathan/ros2_ws/install/opennav_coverage_msgs/include/opennav_coverage_msgs/opennav_coverage_msgs/action/detail/navigate_complete_coverage__type_support.h
-- Up-to-date symlink: /home/nathan/ros2_ws/install/opennav_coverage_msgs/include/opennav_coverage_msgs/opennav_coverage_msgs/action/navigate_complete_coverage.h
-- Up-to-date symlink: /home/nathan/ros2_ws/install/opennav_coverage_msgs/include/opennav_coverage_msgs/opennav_coverage_msgs/msg/coordinate.h
-- Up-to-date symlink: /home/nathan/ros2_ws/install/opennav_coverage_msgs/include/opennav_coverage_msgs/opennav_coverage_msgs/msg/coordinates.h
-- Up-to-date symlink: /home/nathan/ros2_ws/install/opennav_coverage_msgs/include/opennav_coverage_msgs/opennav_coverage_msgs/msg/detail/coordinate__functions.h
-- Up-to-date symlink: /home/nathan/ros2_ws/install/opennav_coverage_msgs/include/opennav_coverage_msgs/opennav_coverage_msgs/msg/detail/coordinate__struct.h
-- Up-to-date symlink: /home/nathan/ros2_ws/install/opennav_coverage_msgs/include/opennav_coverage_msgs/opennav_coverage_msgs/msg/detail/coordinate__type_support.h
-- Up-to-date symlink: /home/nathan/ros2_ws/install/opennav_coverage_msgs/include/opennav_coverage_msgs/opennav_coverage_msgs/msg/detail/coordinates__functions.h
-- Up-to-date symlink: /home/nathan/ros2_ws/install/opennav_coverage_msgs/include/opennav_coverage_msgs/opennav_coverage_msgs/msg/detail/coordinates__struct.h
-- Up-to-date symlink: /home/nathan/ros2_ws/install/opennav_coverage_msgs/include/opennav_coverage_msgs/opennav_coverage_msgs/msg/detail/coordinates__type_support.h
-- Up-to-date symlink: /home/nathan/ros2_ws/install/opennav_coverage_msgs/include/opennav_coverage_msgs/opennav_coverage_msgs/msg/detail/headland_mode__functions.h
-- Up-to-date symlink: /home/nathan/ros2_ws/install/opennav_coverage_msgs/include/opennav_coverage_msgs/opennav_coverage_msgs/msg/detail/headland_mode__struct.h
-- Up-to-date symlink: /home/nathan/ros2_ws/install/opennav_coverage_msgs/include/opennav_coverage_msgs/opennav_coverage_msgs/msg/detail/headland_mode__type_support.h
-- Up-to-date symlink: /home/nathan/ros2_ws/install/opennav_coverage_msgs/include/opennav_coverage_msgs/opennav_coverage_msgs/msg/detail/path_components__functions.h
-- Up-to-date symlink: /home/nathan/ros2_ws/install/opennav_coverage_msgs/include/opennav_coverage_msgs/opennav_coverage_msgs/msg/detail/path_components__struct.h
-- Up-to-date symlink: /home/nathan/ros2_ws/install/opennav_coverage_msgs/include/opennav_coverage_msgs/opennav_coverage_msgs/msg/detail/path_components__type_support.h
-- Up-to-date symlink: /home/nathan/ros2_ws/install/opennav_coverage_msgs/include/opennav_coverage_msgs/opennav_coverage_msgs/msg/detail/path_mode__functions.h
-- Up-to-date symlink: /home/nathan/ros2_ws/install/opennav_coverage_msgs/include/opennav_coverage_msgs/opennav_coverage_msgs/msg/detail/path_mode__struct.h
-- Up-to-date symlink: /home/nathan/ros2_ws/install/opennav_coverage_msgs/include/opennav_coverage_msgs/opennav_coverage_msgs/msg/detail/path_mode__type_support.h
-- Up-to-date symlink: /home/nathan/ros2_ws/install/opennav_coverage_msgs/include/opennav_coverage_msgs/opennav_coverage_msgs/msg/detail/route_mode__functions.h
-- Up-to-date symlink: /home/nathan/ros2_ws/install/opennav_coverage_msgs/include/opennav_coverage_msgs/opennav_coverage_msgs/msg/detail/route_mode__struct.h
-- Up-to-date symlink: /home/nathan/ros2_ws/install/opennav_coverage_msgs/include/opennav_coverage_msgs/opennav_coverage_msgs/msg/detail/route_mode__type_support.h
-- Up-to-date symlink: /home/nathan/ros2_ws/install/opennav_coverage_msgs/include/opennav_coverage_msgs/opennav_coverage_msgs/msg/detail/row_swath_mode__functions.h
-- Up-to-date symlink: /home/nathan/ros2_ws/install/opennav_coverage_msgs/include/opennav_coverage_msgs/opennav_coverage_msgs/msg/detail/row_swath_mode__struct.h
-- Up-to-date symlink: /home/nathan/ros2_ws/install/opennav_coverage_msgs/include/opennav_coverage_msgs/opennav_coverage_msgs/msg/detail/row_swath_mode__type_support.h
-- Up-to-date symlink: /home/nathan/ros2_ws/install/opennav_coverage_msgs/include/opennav_coverage_msgs/opennav_coverage_msgs/msg/detail/swath__functions.h
-- Up-to-date symlink: /home/nathan/ros2_ws/install/opennav_coverage_msgs/include/opennav_coverage_msgs/opennav_coverage_msgs/msg/detail/swath__struct.h
-- Up-to-date symlink: /home/nathan/ros2_ws/install/opennav_coverage_msgs/include/opennav_coverage_msgs/opennav_coverage_msgs/msg/detail/swath__type_support.h
-- Up-to-date symlink: /home/nathan/ros2_ws/install/opennav_coverage_msgs/include/opennav_coverage_msgs/opennav_coverage_msgs/msg/detail/swath_mode__functions.h
-- Up-to-date symlink: /home/nathan/ros2_ws/install/opennav_coverage_msgs/include/opennav_coverage_msgs/opennav_coverage_msgs/msg/detail/swath_mode__struct.h
-- Up-to-date symlink: /home/nathan/ros2_ws/install/opennav_coverage_msgs/include/opennav_coverage_msgs/opennav_coverage_msgs/msg/detail/swath_mode__type_support.h
-- Up-to-date symlink: /home/nathan/ros2_ws/install/opennav_coverage_msgs/include/opennav_coverage_msgs/opennav_coverage_msgs/msg/headland_mode.h
-- Up-to-date symlink: /home/nathan/ros2_ws/install/opennav_coverage_msgs/include/opennav_coverage_msgs/opennav_coverage_msgs/msg/path_components.h
-- Up-to-date symlink: /home/nathan/ros2_ws/install/opennav_coverage_msgs/include/opennav_coverage_msgs/opennav_coverage_msgs/msg/path_mode.h
-- Up-to-date symlink: /home/nathan/ros2_ws/install/opennav_coverage_msgs/include/opennav_coverage_msgs/opennav_coverage_msgs/msg/rosidl_generator_c__visibility_control.h
-- Up-to-date symlink: /home/nathan/ros2_ws/install/opennav_coverage_msgs/include/opennav_coverage_msgs/opennav_coverage_msgs/msg/route_mode.h
-- Up-to-date symlink: /home/nathan/ros2_ws/install/opennav_coverage_msgs/include/opennav_coverage_msgs/opennav_coverage_msgs/msg/row_swath_mode.h
-- Up-to-date symlink: /home/nathan/ros2_ws/install/opennav_coverage_msgs/include/opennav_coverage_msgs/opennav_coverage_msgs/msg/swath.h
-- Up-to-date symlink: /home/nathan/ros2_ws/install/opennav_coverage_msgs/include/opennav_coverage_msgs/opennav_coverage_msgs/msg/swath_mode.h
-- Up-to-date symlink: /home/nathan/ros2_ws/install/opennav_coverage_msgs/share/opennav_coverage_msgs/environment/library_path.sh
-- Up-to-date symlink: /home/nathan/ros2_ws/install/opennav_coverage_msgs/share/opennav_coverage_msgs/environment/library_path.dsv
-- Up-to-date symlink: /home/nathan/ros2_ws/install/opennav_coverage_msgs/include/opennav_coverage_msgs/opennav_coverage_msgs/action/detail/compute_coverage_path__rosidl_typesupport_fastrtps_c.h
-- Up-to-date symlink: /home/nathan/ros2_ws/install/opennav_coverage_msgs/include/opennav_coverage_msgs/opennav_coverage_msgs/action/detail/navigate_complete_coverage__rosidl_typesupport_fastrtps_c.h
-- Up-to-date symlink: /home/nathan/ros2_ws/install/opennav_coverage_msgs/include/opennav_coverage_msgs/opennav_coverage_msgs/msg/detail/coordinate__rosidl_typesupport_fastrtps_c.h
-- Up-to-date symlink: /home/nathan/ros2_ws/install/opennav_coverage_msgs/include/opennav_coverage_msgs/opennav_coverage_msgs/msg/detail/coordinates__rosidl_typesupport_fastrtps_c.h
-- Up-to-date symlink: /home/nathan/ros2_ws/install/opennav_coverage_msgs/include/opennav_coverage_msgs/opennav_coverage_msgs/msg/detail/headland_mode__rosidl_typesupport_fastrtps_c.h
-- Up-to-date symlink: /home/nathan/ros2_ws/install/opennav_coverage_msgs/include/opennav_coverage_msgs/opennav_coverage_msgs/msg/detail/path_components__rosidl_typesupport_fastrtps_c.h
-- Up-to-date symlink: /home/nathan/ros2_ws/install/opennav_coverage_msgs/include/opennav_coverage_msgs/opennav_coverage_msgs/msg/detail/path_mode__rosidl_typesupport_fastrtps_c.h
-- Up-to-date symlink: /home/nathan/ros2_ws/install/opennav_coverage_msgs/include/opennav_coverage_msgs/opennav_coverage_msgs/msg/detail/route_mode__rosidl_typesupport_fastrtps_c.h
-- Up-to-date symlink: /home/nathan/ros2_ws/install/opennav_coverage_msgs/include/opennav_coverage_msgs/opennav_coverage_msgs/msg/detail/row_swath_mode__rosidl_typesupport_fastrtps_c.h
-- Up-to-date symlink: /home/nathan/ros2_ws/install/opennav_coverage_msgs/include/opennav_coverage_msgs/opennav_coverage_msgs/msg/detail/swath__rosidl_typesupport_fastrtps_c.h
-- Up-to-date symlink: /home/nathan/ros2_ws/install/opennav_coverage_msgs/include/opennav_coverage_msgs/opennav_coverage_msgs/msg/detail/swath_mode__rosidl_typesupport_fastrtps_c.h
-- Up-to-date symlink: /home/nathan/ros2_ws/install/opennav_coverage_msgs/include/opennav_coverage_msgs/opennav_coverage_msgs/msg/rosidl_typesupport_fastrtps_c__visibility_control.h
-- Up-to-date symlink: /home/nathan/ros2_ws/install/opennav_coverage_msgs/include/opennav_coverage_msgs/opennav_coverage_msgs/action/compute_coverage_path.hpp
-- Up-to-date symlink: /home/nathan/ros2_ws/install/opennav_coverage_msgs/include/opennav_coverage_msgs/opennav_coverage_msgs/action/detail/compute_coverage_path__builder.hpp
-- Up-to-date symlink: /home/nathan/ros2_ws/install/opennav_coverage_msgs/include/opennav_coverage_msgs/opennav_coverage_msgs/action/detail/compute_coverage_path__struct.hpp
-- Up-to-date symlink: /home/nathan/ros2_ws/install/opennav_coverage_msgs/include/opennav_coverage_msgs/opennav_coverage_msgs/action/detail/compute_coverage_path__traits.hpp
-- Up-to-date symlink: /home/nathan/ros2_ws/install/opennav_coverage_msgs/include/opennav_coverage_msgs/opennav_coverage_msgs/action/detail/compute_coverage_path__type_support.hpp
-- Up-to-date symlink: /home/nathan/ros2_ws/install/opennav_coverage_msgs/include/opennav_coverage_msgs/opennav_coverage_msgs/action/detail/navigate_complete_coverage__builder.hpp
-- Up-to-date symlink: /home/nathan/ros2_ws/install/opennav_coverage_msgs/include/opennav_coverage_msgs/opennav_coverage_msgs/action/detail/navigate_complete_coverage__struct.hpp
-- Up-to-date symlink: /home/nathan/ros2_ws/install/opennav_coverage_msgs/include/opennav_coverage_msgs/opennav_coverage_msgs/action/detail/navigate_complete_coverage__traits.hpp
-- Up-to-date symlink: /home/nathan/ros2_ws/install/opennav_coverage_msgs/include/opennav_coverage_msgs/opennav_coverage_msgs/action/detail/navigate_complete_coverage__type_support.hpp
-- Up-to-date symlink: /home/nathan/ros2_ws/install/opennav_coverage_msgs/include/opennav_coverage_msgs/opennav_coverage_msgs/action/navigate_complete_coverage.hpp
-- Up-to-date symlink: /home/nathan/ros2_ws/install/opennav_coverage_msgs/include/opennav_coverage_msgs/opennav_coverage_msgs/msg/coordinate.hpp
-- Up-to-date symlink: /home/nathan/ros2_ws/install/opennav_coverage_msgs/include/opennav_coverage_msgs/opennav_coverage_msgs/msg/coordinates.hpp
-- Up-to-date symlink: /home/nathan/ros2_ws/install/opennav_coverage_msgs/include/opennav_coverage_msgs/opennav_coverage_msgs/msg/detail/coordinate__builder.hpp
-- Up-to-date symlink: /home/nathan/ros2_ws/install/opennav_coverage_msgs/include/opennav_coverage_msgs/opennav_coverage_msgs/msg/detail/coordinate__struct.hpp
-- Up-to-date symlink: /home/nathan/ros2_ws/install/opennav_coverage_msgs/include/opennav_coverage_msgs/opennav_coverage_msgs/msg/detail/coordinate__traits.hpp
-- Up-to-date symlink: /home/nathan/ros2_ws/install/opennav_coverage_msgs/include/opennav_coverage_msgs/opennav_coverage_msgs/msg/detail/coordinate__type_support.hpp
-- Up-to-date symlink: /home/nathan/ros2_ws/install/opennav_coverage_msgs/include/opennav_coverage_msgs/opennav_coverage_msgs/msg/detail/coordinates__builder.hpp
-- Up-to-date symlink: /home/nathan/ros2_ws/install/opennav_coverage_msgs/include/opennav_coverage_msgs/opennav_coverage_msgs/msg/detail/coordinates__struct.hpp
-- Up-to-date symlink: /home/nathan/ros2_ws/install/opennav_coverage_msgs/include/opennav_coverage_msgs/opennav_coverage_msgs/msg/detail/coordinates__traits.hpp
-- Up-to-date symlink: /home/nathan/ros2_ws/install/opennav_coverage_msgs/include/opennav_coverage_msgs/opennav_coverage_msgs/msg/detail/coordinates__type_support.hpp
-- Up-to-date symlink: /home/nathan/ros2_ws/install/opennav_coverage_msgs/include/opennav_coverage_msgs/opennav_coverage_msgs/msg/detail/headland_mode__builder.hpp
-- Up-to-date symlink: /home/nathan/ros2_ws/install/opennav_coverage_msgs/include/opennav_coverage_msgs/opennav_coverage_msgs/msg/detail/headland_mode__struct.hpp
-- Up-to-date symlink: /home/nathan/ros2_ws/install/opennav_coverage_msgs/include/opennav_coverage_msgs/opennav_coverage_msgs/msg/detail/headland_mode__traits.hpp
-- Up-to-date symlink: /home/nathan/ros2_ws/install/opennav_coverage_msgs/include/opennav_coverage_msgs/opennav_coverage_msgs/msg/detail/headland_mode__type_support.hpp
-- Up-to-date symlink: /home/nathan/ros2_ws/install/opennav_coverage_msgs/include/opennav_coverage_msgs/opennav_coverage_msgs/msg/detail/path_components__builder.hpp
-- Up-to-date symlink: /home/nathan/ros2_ws/install/opennav_coverage_msgs/include/opennav_coverage_msgs/opennav_coverage_msgs/msg/detail/path_components__struct.hpp
-- Up-to-date symlink: /home/nathan/ros2_ws/install/opennav_coverage_msgs/include/opennav_coverage_msgs/opennav_coverage_msgs/msg/detail/path_components__traits.hpp
-- Up-to-date symlink: /home/nathan/ros2_ws/install/opennav_coverage_msgs/include/opennav_coverage_msgs/opennav_coverage_msgs/msg/detail/path_components__type_support.hpp
-- Up-to-date symlink: /home/nathan/ros2_ws/install/opennav_coverage_msgs/include/opennav_coverage_msgs/opennav_coverage_msgs/msg/detail/path_mode__builder.hpp
-- Up-to-date symlink: /home/nathan/ros2_ws/install/opennav_coverage_msgs/include/opennav_coverage_msgs/opennav_coverage_msgs/msg/detail/path_mode__struct.hpp
-- Up-to-date symlink: /home/nathan/ros2_ws/install/opennav_coverage_msgs/include/opennav_coverage_msgs/opennav_coverage_msgs/msg/detail/path_mode__traits.hpp
-- Up-to-date symlink: /home/nathan/ros2_ws/install/opennav_coverage_msgs/include/opennav_coverage_msgs/opennav_coverage_msgs/msg/detail/path_mode__type_support.hpp
-- Up-to-date symlink: /home/nathan/ros2_ws/install/opennav_coverage_msgs/include/opennav_coverage_msgs/opennav_coverage_msgs/msg/detail/route_mode__builder.hpp
-- Up-to-date symlink: /home/nathan/ros2_ws/install/opennav_coverage_msgs/include/opennav_coverage_msgs/opennav_coverage_msgs/msg/detail/route_mode__struct.hpp
-- Up-to-date symlink: /home/nathan/ros2_ws/install/opennav_coverage_msgs/include/opennav_coverage_msgs/opennav_coverage_msgs/msg/detail/route_mode__traits.hpp
-- Up-to-date symlink: /home/nathan/ros2_ws/install/opennav_coverage_msgs/include/opennav_coverage_msgs/opennav_coverage_msgs/msg/detail/route_mode__type_support.hpp
-- Up-to-date symlink: /home/nathan/ros2_ws/install/opennav_coverage_msgs/include/opennav_coverage_msgs/opennav_coverage_msgs/msg/detail/row_swath_mode__builder.hpp
-- Up-to-date symlink: /home/nathan/ros2_ws/install/opennav_coverage_msgs/include/opennav_coverage_msgs/opennav_coverage_msgs/msg/detail/row_swath_mode__struct.hpp
-- Up-to-date symlink: /home/nathan/ros2_ws/install/opennav_coverage_msgs/include/opennav_coverage_msgs/opennav_coverage_msgs/msg/detail/row_swath_mode__traits.hpp
-- Up-to-date symlink: /home/nathan/ros2_ws/install/opennav_coverage_msgs/include/opennav_coverage_msgs/opennav_coverage_msgs/msg/detail/row_swath_mode__type_support.hpp
-- Up-to-date symlink: /home/nathan/ros2_ws/install/opennav_coverage_msgs/include/opennav_coverage_msgs/opennav_coverage_msgs/msg/detail/swath__builder.hpp
-- Up-to-date symlink: /home/nathan/ros2_ws/install/opennav_coverage_msgs/include/opennav_coverage_msgs/opennav_coverage_msgs/msg/detail/swath__struct.hpp
-- Up-to-date symlink: /home/nathan/ros2_ws/install/opennav_coverage_msgs/include/opennav_coverage_msgs/opennav_coverage_msgs/msg/detail/swath__traits.hpp
-- Up-to-date symlink: /home/nathan/ros2_ws/install/opennav_coverage_msgs/include/opennav_coverage_msgs/opennav_coverage_msgs/msg/detail/swath__type_support.hpp
-- Up-to-date symlink: /home/nathan/ros2_ws/install/opennav_coverage_msgs/include/opennav_coverage_msgs/opennav_coverage_msgs/msg/detail/swath_mode__builder.hpp
-- Up-to-date symlink: /home/nathan/ros2_ws/install/opennav_coverage_msgs/include/opennav_coverage_msgs/opennav_coverage_msgs/msg/detail/swath_mode__struct.hpp
-- Up-to-date symlink: /home/nathan/ros2_ws/install/opennav_coverage_msgs/include/opennav_coverage_msgs/opennav_coverage_msgs/msg/detail/swath_mode__traits.hpp
-- Up-to-date symlink: /home/nathan/ros2_ws/install/opennav_coverage_msgs/include/opennav_coverage_msgs/opennav_coverage_msgs/msg/detail/swath_mode__type_support.hpp
-- Up-to-date symlink: /home/nathan/ros2_ws/install/opennav_coverage_msgs/include/opennav_coverage_msgs/opennav_coverage_msgs/msg/headland_mode.hpp
-- Up-to-date symlink: /home/nathan/ros2_ws/install/opennav_coverage_msgs/include/opennav_coverage_msgs/opennav_coverage_msgs/msg/path_components.hpp
-- Up-to-date symlink: /home/nathan/ros2_ws/install/opennav_coverage_msgs/include/opennav_coverage_msgs/opennav_coverage_msgs/msg/path_mode.hpp
-- Up-to-date symlink: /home/nathan/ros2_ws/install/opennav_coverage_msgs/include/opennav_coverage_msgs/opennav_coverage_msgs/msg/rosidl_generator_cpp__visibility_control.hpp
-- Up-to-date symlink: /home/nathan/ros2_ws/install/opennav_coverage_msgs/include/opennav_coverage_msgs/opennav_coverage_msgs/msg/route_mode.hpp
-- Up-to-date symlink: /home/nathan/ros2_ws/install/opennav_coverage_msgs/include/opennav_coverage_msgs/opennav_coverage_msgs/msg/row_swath_mode.hpp
-- Up-to-date symlink: /home/nathan/ros2_ws/install/opennav_coverage_msgs/include/opennav_coverage_msgs/opennav_coverage_msgs/msg/swath.hpp
-- Up-to-date symlink: /home/nathan/ros2_ws/install/opennav_coverage_msgs/include/opennav_coverage_msgs/opennav_coverage_msgs/msg/swath_mode.hpp
-- Up-to-date symlink: /home/nathan/ros2_ws/install/opennav_coverage_msgs/include/opennav_coverage_msgs/opennav_coverage_msgs/action/detail/compute_coverage_path__rosidl_typesupport_fastrtps_cpp.hpp
-- Up-to-date symlink: /home/nathan/ros2_ws/install/opennav_coverage_msgs/include/opennav_coverage_msgs/opennav_coverage_msgs/action/detail/navigate_complete_coverage__rosidl_typesupport_fastrtps_cpp.hpp
-- Up-to-date symlink: /home/nathan/ros2_ws/install/opennav_coverage_msgs/include/opennav_coverage_msgs/opennav_coverage_msgs/msg/detail/coordinate__rosidl_typesupport_fastrtps_cpp.hpp
-- Up-to-date symlink: /home/nathan/ros2_ws/install/opennav_coverage_msgs/include/opennav_coverage_msgs/opennav_coverage_msgs/msg/detail/coordinates__rosidl_typesupport_fastrtps_cpp.hpp
-- Up-to-date symlink: /home/nathan/ros2_ws/install/opennav_coverage_msgs/include/opennav_coverage_msgs/opennav_coverage_msgs/msg/detail/headland_mode__rosidl_typesupport_fastrtps_cpp.hpp
-- Up-to-date symlink: /home/nathan/ros2_ws/install/opennav_coverage_msgs/include/opennav_coverage_msgs/opennav_coverage_msgs/msg/detail/path_components__rosidl_typesupport_fastrtps_cpp.hpp
-- Up-to-date symlink: /home/nathan/ros2_ws/install/opennav_coverage_msgs/include/opennav_coverage_msgs/opennav_coverage_msgs/msg/detail/path_mode__rosidl_typesupport_fastrtps_cpp.hpp
-- Up-to-date symlink: /home/nathan/ros2_ws/install/opennav_coverage_msgs/include/opennav_coverage_msgs/opennav_coverage_msgs/msg/detail/route_mode__rosidl_typesupport_fastrtps_cpp.hpp
-- Up-to-date symlink: /home/nathan/ros2_ws/install/opennav_coverage_msgs/include/opennav_coverage_msgs/opennav_coverage_msgs/msg/detail/row_swath_mode__rosidl_typesupport_fastrtps_cpp.hpp
-- Up-to-date symlink: /home/nathan/ros2_ws/install/opennav_coverage_msgs/include/opennav_coverage_msgs/opennav_coverage_msgs/msg/detail/swath__rosidl_typesupport_fastrtps_cpp.hpp
-- Up-to-date symlink: /home/nathan/ros2_ws/install/opennav_coverage_msgs/include/opennav_coverage_msgs/opennav_coverage_msgs/msg/detail/swath_mode__rosidl_typesupport_fastrtps_cpp.hpp
-- Up-to-date symlink: /home/nathan/ros2_ws/install/opennav_coverage_msgs/include/opennav_coverage_msgs/opennav_coverage_msgs/msg/rosidl_typesupport_fastrtps_cpp__visibility_control.h
-- Up-to-date symlink: /home/nathan/ros2_ws/install/opennav_coverage_msgs/include/opennav_coverage_msgs/opennav_coverage_msgs/action/detail/compute_coverage_path__rosidl_typesupport_introspection_c.h
-- Up-to-date symlink: /home/nathan/ros2_ws/install/opennav_coverage_msgs/include/opennav_coverage_msgs/opennav_coverage_msgs/action/detail/navigate_complete_coverage__rosidl_typesupport_introspection_c.h
-- Up-to-date symlink: /home/nathan/ros2_ws/install/opennav_coverage_msgs/include/opennav_coverage_msgs/opennav_coverage_msgs/msg/detail/coordinate__rosidl_typesupport_introspection_c.h
-- Up-to-date symlink: /home/nathan/ros2_ws/install/opennav_coverage_msgs/include/opennav_coverage_msgs/opennav_coverage_msgs/msg/detail/coordinates__rosidl_typesupport_introspection_c.h
-- Up-to-date symlink: /home/nathan/ros2_ws/install/opennav_coverage_msgs/include/opennav_coverage_msgs/opennav_coverage_msgs/msg/detail/headland_mode__rosidl_typesupport_introspection_c.h
-- Up-to-date symlink: /home/nathan/ros2_ws/install/opennav_coverage_msgs/include/opennav_coverage_msgs/opennav_coverage_msgs/msg/detail/path_components__rosidl_typesupport_introspection_c.h
-- Up-to-date symlink: /home/nathan/ros2_ws/install/opennav_coverage_msgs/include/opennav_coverage_msgs/opennav_coverage_msgs/msg/detail/path_mode__rosidl_typesupport_introspection_c.h
-- Up-to-date symlink: /home/nathan/ros2_ws/install/opennav_coverage_msgs/include/opennav_coverage_msgs/opennav_coverage_msgs/msg/detail/route_mode__rosidl_typesupport_introspection_c.h
-- Up-to-date symlink: /home/nathan/ros2_ws/install/opennav_coverage_msgs/include/opennav_coverage_msgs/opennav_coverage_msgs/msg/detail/row_swath_mode__rosidl_typesupport_introspection_c.h
-- Up-to-date symlink: /home/nathan/ros2_ws/install/opennav_coverage_msgs/include/opennav_coverage_msgs/opennav_coverage_msgs/msg/detail/swath__rosidl_typesupport_introspection_c.h
-- Up-to-date symlink: /home/nathan/ros2_ws/install/opennav_coverage_msgs/include/opennav_coverage_msgs/opennav_coverage_msgs/msg/detail/swath_mode__rosidl_typesupport_introspection_c.h
-- Up-to-date symlink: /home/nathan/ros2_ws/install/opennav_coverage_msgs/include/opennav_coverage_msgs/opennav_coverage_msgs/msg/rosidl_typesupport_introspection_c__visibility_control.h
-- Up-to-date symlink: /home/nathan/ros2_ws/install/opennav_coverage_msgs/include/opennav_coverage_msgs/opennav_coverage_msgs/action/detail/compute_coverage_path__rosidl_typesupport_introspection_cpp.hpp
-- Up-to-date symlink: /home/nathan/ros2_ws/install/opennav_coverage_msgs/include/opennav_coverage_msgs/opennav_coverage_msgs/action/detail/navigate_complete_coverage__rosidl_typesupport_introspection_cpp.hpp
-- Up-to-date symlink: /home/nathan/ros2_ws/install/opennav_coverage_msgs/include/opennav_coverage_msgs/opennav_coverage_msgs/msg/detail/coordinate__rosidl_typesupport_introspection_cpp.hpp
-- Up-to-date symlink: /home/nathan/ros2_ws/install/opennav_coverage_msgs/include/opennav_coverage_msgs/opennav_coverage_msgs/msg/detail/coordinates__rosidl_typesupport_introspection_cpp.hpp
-- Up-to-date symlink: /home/nathan/ros2_ws/install/opennav_coverage_msgs/include/opennav_coverage_msgs/opennav_coverage_msgs/msg/detail/headland_mode__rosidl_typesupport_introspection_cpp.hpp
-- Up-to-date symlink: /home/nathan/ros2_ws/install/opennav_coverage_msgs/include/opennav_coverage_msgs/opennav_coverage_msgs/msg/detail/path_components__rosidl_typesupport_introspection_cpp.hpp
-- Up-to-date symlink: /home/nathan/ros2_ws/install/opennav_coverage_msgs/include/opennav_coverage_msgs/opennav_coverage_msgs/msg/detail/path_mode__rosidl_typesupport_introspection_cpp.hpp
-- Up-to-date symlink: /home/nathan/ros2_ws/install/opennav_coverage_msgs/include/opennav_coverage_msgs/opennav_coverage_msgs/msg/detail/route_mode__rosidl_typesupport_introspection_cpp.hpp
-- Up-to-date symlink: /home/nathan/ros2_ws/install/opennav_coverage_msgs/include/opennav_coverage_msgs/opennav_coverage_msgs/msg/detail/row_swath_mode__rosidl_typesupport_introspection_cpp.hpp
-- Up-to-date symlink: /home/nathan/ros2_ws/install/opennav_coverage_msgs/include/opennav_coverage_msgs/opennav_coverage_msgs/msg/detail/swath__rosidl_typesupport_introspection_cpp.hpp
-- Up-to-date symlink: /home/nathan/ros2_ws/install/opennav_coverage_msgs/include/opennav_coverage_msgs/opennav_coverage_msgs/msg/detail/swath_mode__rosidl_typesupport_introspection_cpp.hpp
-- Up-to-date symlink: /home/nathan/ros2_ws/install/opennav_coverage_msgs/share/opennav_coverage_msgs/environment/pythonpath.sh
-- Up-to-date symlink: /home/nathan/ros2_ws/install/opennav_coverage_msgs/share/opennav_coverage_msgs/environment/pythonpath.dsv
-- Up-to-date symlink: /home/nathan/ros2_ws/install/opennav_coverage_msgs/local/lib/python3.10/dist-packages/opennav_coverage_msgs-0.0.1-py3.10.egg-info/PKG-INFO
-- Up-to-date symlink: /home/nathan/ros2_ws/install/opennav_coverage_msgs/local/lib/python3.10/dist-packages/opennav_coverage_msgs-0.0.1-py3.10.egg-info/SOURCES.txt
-- Up-to-date symlink: /home/nathan/ros2_ws/install/opennav_coverage_msgs/local/lib/python3.10/dist-packages/opennav_coverage_msgs-0.0.1-py3.10.egg-info/dependency_links.txt
-- Up-to-date symlink: /home/nathan/ros2_ws/install/opennav_coverage_msgs/local/lib/python3.10/dist-packages/opennav_coverage_msgs-0.0.1-py3.10.egg-info/top_level.txt
-- Up-to-date symlink: /home/nathan/ros2_ws/install/opennav_coverage_msgs/local/lib/python3.10/dist-packages/opennav_coverage_msgs/__init__.py
-- Up-to-date symlink: /home/nathan/ros2_ws/install/opennav_coverage_msgs/local/lib/python3.10/dist-packages/opennav_coverage_msgs/_opennav_coverage_msgs_s.ep.rosidl_typesupport_c.c
-- Up-to-date symlink: /home/nathan/ros2_ws/install/opennav_coverage_msgs/local/lib/python3.10/dist-packages/opennav_coverage_msgs/_opennav_coverage_msgs_s.ep.rosidl_typesupport_fastrtps_c.c
-- Up-to-date symlink: /home/nathan/ros2_ws/install/opennav_coverage_msgs/local/lib/python3.10/dist-packages/opennav_coverage_msgs/_opennav_coverage_msgs_s.ep.rosidl_typesupport_introspection_c.c
-- Up-to-date symlink: /home/nathan/ros2_ws/install/opennav_coverage_msgs/local/lib/python3.10/dist-packages/opennav_coverage_msgs/action/__init__.py
-- Up-to-date symlink: /home/nathan/ros2_ws/install/opennav_coverage_msgs/local/lib/python3.10/dist-packages/opennav_coverage_msgs/action/_compute_coverage_path.py
-- Up-to-date symlink: /home/nathan/ros2_ws/install/opennav_coverage_msgs/local/lib/python3.10/dist-packages/opennav_coverage_msgs/action/_compute_coverage_path_s.c
-- Up-to-date symlink: /home/nathan/ros2_ws/install/opennav_coverage_msgs/local/lib/python3.10/dist-packages/opennav_coverage_msgs/action/_navigate_complete_coverage.py
-- Up-to-date symlink: /home/nathan/ros2_ws/install/opennav_coverage_msgs/local/lib/python3.10/dist-packages/opennav_coverage_msgs/action/_navigate_complete_coverage_s.c
-- Up-to-date symlink: /home/nathan/ros2_ws/install/opennav_coverage_msgs/local/lib/python3.10/dist-packages/opennav_coverage_msgs/libopennav_coverage_msgs__rosidl_generator_py.so
-- Up-to-date symlink: /home/nathan/ros2_ws/install/opennav_coverage_msgs/local/lib/python3.10/dist-packages/opennav_coverage_msgs/msg/__init__.py
-- Up-to-date symlink: /home/nathan/ros2_ws/install/opennav_coverage_msgs/local/lib/python3.10/dist-packages/opennav_coverage_msgs/msg/_coordinate.py
-- Up-to-date symlink: /home/nathan/ros2_ws/install/opennav_coverage_msgs/local/lib/python3.10/dist-packages/opennav_coverage_msgs/msg/_coordinate_s.c
-- Up-to-date symlink: /home/nathan/ros2_ws/install/opennav_coverage_msgs/local/lib/python3.10/dist-packages/opennav_coverage_msgs/msg/_coordinates.py
-- Up-to-date symlink: /home/nathan/ros2_ws/install/opennav_coverage_msgs/local/lib/python3.10/dist-packages/opennav_coverage_msgs/msg/_coordinates_s.c
-- Up-to-date symlink: /home/nathan/ros2_ws/install/opennav_coverage_msgs/local/lib/python3.10/dist-packages/opennav_coverage_msgs/msg/_headland_mode.py
-- Up-to-date symlink: /home/nathan/ros2_ws/install/opennav_coverage_msgs/local/lib/python3.10/dist-packages/opennav_coverage_msgs/msg/_headland_mode_s.c
-- Up-to-date symlink: /home/nathan/ros2_ws/install/opennav_coverage_msgs/local/lib/python3.10/dist-packages/opennav_coverage_msgs/msg/_path_components.py
-- Up-to-date symlink: /home/nathan/ros2_ws/install/opennav_coverage_msgs/local/lib/python3.10/dist-packages/opennav_coverage_msgs/msg/_path_components_s.c
-- Up-to-date symlink: /home/nathan/ros2_ws/install/opennav_coverage_msgs/local/lib/python3.10/dist-packages/opennav_coverage_msgs/msg/_path_mode.py
-- Up-to-date symlink: /home/nathan/ros2_ws/install/opennav_coverage_msgs/local/lib/python3.10/dist-packages/opennav_coverage_msgs/msg/_path_mode_s.c
-- Up-to-date symlink: /home/nathan/ros2_ws/install/opennav_coverage_msgs/local/lib/python3.10/dist-packages/opennav_coverage_msgs/msg/_route_mode.py
-- Up-to-date symlink: /home/nathan/ros2_ws/install/opennav_coverage_msgs/local/lib/python3.10/dist-packages/opennav_coverage_msgs/msg/_route_mode_s.c
-- Up-to-date symlink: /home/nathan/ros2_ws/install/opennav_coverage_msgs/local/lib/python3.10/dist-packages/opennav_coverage_msgs/msg/_row_swath_mode.py
-- Up-to-date symlink: /home/nathan/ros2_ws/install/opennav_coverage_msgs/local/lib/python3.10/dist-packages/opennav_coverage_msgs/msg/_row_swath_mode_s.c
-- Up-to-date symlink: /home/nathan/ros2_ws/install/opennav_coverage_msgs/local/lib/python3.10/dist-packages/opennav_coverage_msgs/msg/_swath.py
-- Up-to-date symlink: /home/nathan/ros2_ws/install/opennav_coverage_msgs/local/lib/python3.10/dist-packages/opennav_coverage_msgs/msg/_swath_mode.py
-- Up-to-date symlink: /home/nathan/ros2_ws/install/opennav_coverage_msgs/local/lib/python3.10/dist-packages/opennav_coverage_msgs/msg/_swath_mode_s.c
-- Up-to-date symlink: /home/nathan/ros2_ws/install/opennav_coverage_msgs/local/lib/python3.10/dist-packages/opennav_coverage_msgs/msg/_swath_s.c
-- Up-to-date symlink: /home/nathan/ros2_ws/install/opennav_coverage_msgs/local/lib/python3.10/dist-packages/opennav_coverage_msgs/opennav_coverage_msgs_s__rosidl_typesupport_c.cpython-310-x86_64-linux-gnu.so
-- Up-to-date symlink: /home/nathan/ros2_ws/install/opennav_coverage_msgs/local/lib/python3.10/dist-packages/opennav_coverage_msgs/opennav_coverage_msgs_s__rosidl_typesupport_fastrtps_c.cpython-310-x86_64-linux-gnu.so
-- Up-to-date symlink: /home/nathan/ros2_ws/install/opennav_coverage_msgs/local/lib/python3.10/dist-packages/opennav_coverage_msgs/opennav_coverage_msgs_s__rosidl_typesupport_introspection_c.cpython-310-x86_64-linux-gnu.so
-- Up-to-date symlink: /home/nathan/ros2_ws/install/opennav_coverage_msgs/local/lib/python3.10/dist-packages/opennav_coverage_msgs/opennav_coverage_msgs_s__rosidl_typesupport_fastrtps_c.cpython-310-x86_64-linux-gnu.so
-- Up-to-date symlink: /home/nathan/ros2_ws/install/opennav_coverage_msgs/local/lib/python3.10/dist-packages/opennav_coverage_msgs/opennav_coverage_msgs_s__rosidl_typesupport_introspection_c.cpython-310-x86_64-linux-gnu.so
-- Up-to-date symlink: /home/nathan/ros2_ws/install/opennav_coverage_msgs/local/lib/python3.10/dist-packages/opennav_coverage_msgs/opennav_coverage_msgs_s__rosidl_typesupport_c.cpython-310-x86_64-linux-gnu.so
-- Up-to-date symlink: /home/nathan/ros2_ws/install/opennav_coverage_msgs/share/opennav_coverage_msgs/msg/Coordinate.idl
-- Up-to-date symlink: /home/nathan/ros2_ws/install/opennav_coverage_msgs/share/opennav_coverage_msgs/msg/Coordinates.idl
-- Up-to-date symlink: /home/nathan/ros2_ws/install/opennav_coverage_msgs/share/opennav_coverage_msgs/msg/HeadlandMode.idl
-- Up-to-date symlink: /home/nathan/ros2_ws/install/opennav_coverage_msgs/share/opennav_coverage_msgs/msg/SwathMode.idl
-- Up-to-date symlink: /home/nathan/ros2_ws/install/opennav_coverage_msgs/share/opennav_coverage_msgs/msg/RowSwathMode.idl
-- Up-to-date symlink: /home/nathan/ros2_ws/install/opennav_coverage_msgs/share/opennav_coverage_msgs/msg/RouteMode.idl
-- Up-to-date symlink: /home/nathan/ros2_ws/install/opennav_coverage_msgs/share/opennav_coverage_msgs/msg/PathMode.idl
-- Up-to-date symlink: /home/nathan/ros2_ws/install/opennav_coverage_msgs/share/opennav_coverage_msgs/msg/Swath.idl
-- Up-to-date symlink: /home/nathan/ros2_ws/install/opennav_coverage_msgs/share/opennav_coverage_msgs/msg/PathComponents.idl
-- Up-to-date symlink: /home/nathan/ros2_ws/install/opennav_coverage_msgs/share/opennav_coverage_msgs/action/ComputeCoveragePath.idl
-- Up-to-date symlink: /home/nathan/ros2_ws/install/opennav_coverage_msgs/share/opennav_coverage_msgs/action/NavigateCompleteCoverage.idl
-- Up-to-date symlink: /home/nathan/ros2_ws/install/opennav_coverage_msgs/share/opennav_coverage_msgs/msg/Coordinate.msg
-- Up-to-date symlink: /home/nathan/ros2_ws/install/opennav_coverage_msgs/share/opennav_coverage_msgs/msg/Coordinates.msg
-- Up-to-date symlink: /home/nathan/ros2_ws/install/opennav_coverage_msgs/share/opennav_coverage_msgs/msg/HeadlandMode.msg
-- Up-to-date symlink: /home/nathan/ros2_ws/install/opennav_coverage_msgs/share/opennav_coverage_msgs/msg/SwathMode.msg
-- Up-to-date symlink: /home/nathan/ros2_ws/install/opennav_coverage_msgs/share/opennav_coverage_msgs/msg/RowSwathMode.msg
-- Up-to-date symlink: /home/nathan/ros2_ws/install/opennav_coverage_msgs/share/opennav_coverage_msgs/msg/RouteMode.msg
-- Up-to-date symlink: /home/nathan/ros2_ws/install/opennav_coverage_msgs/share/opennav_coverage_msgs/msg/PathMode.msg
-- Up-to-date symlink: /home/nathan/ros2_ws/install/opennav_coverage_msgs/share/opennav_coverage_msgs/msg/Swath.msg
-- Up-to-date symlink: /home/nathan/ros2_ws/install/opennav_coverage_msgs/share/opennav_coverage_msgs/msg/PathComponents.msg
-- Up-to-date symlink: /home/nathan/ros2_ws/install/opennav_coverage_msgs/share/opennav_coverage_msgs/action/ComputeCoveragePath.action
-- Up-to-date symlink: /home/nathan/ros2_ws/install/opennav_coverage_msgs/share/opennav_coverage_msgs/action/NavigateCompleteCoverage.action
-- Up-to-date symlink: /home/nathan/ros2_ws/install/opennav_coverage_msgs/share/ament_index/resource_index/package_run_dependencies/opennav_coverage_msgs
-- Up-to-date symlink: /home/nathan/ros2_ws/install/opennav_coverage_msgs/share/ament_index/resource_index/parent_prefix_path/opennav_coverage_msgs
-- Up-to-date symlink: /home/nathan/ros2_ws/install/opennav_coverage_msgs/share/opennav_coverage_msgs/environment/ament_prefix_path.sh
-- Up-to-date symlink: /home/nathan/ros2_ws/install/opennav_coverage_msgs/share/opennav_coverage_msgs/environment/ament_prefix_path.dsv
-- Up-to-date symlink: /home/nathan/ros2_ws/install/opennav_coverage_msgs/share/opennav_coverage_msgs/environment/path.sh
-- Up-to-date symlink: /home/nathan/ros2_ws/install/opennav_coverage_msgs/share/opennav_coverage_msgs/environment/path.dsv
-- Up-to-date symlink: /home/nathan/ros2_ws/install/opennav_coverage_msgs/share/opennav_coverage_msgs/local_setup.bash
-- Up-to-date symlink: /home/nathan/ros2_ws/install/opennav_coverage_msgs/share/opennav_coverage_msgs/local_setup.sh
-- Up-to-date symlink: /home/nathan/ros2_ws/install/opennav_coverage_msgs/share/opennav_coverage_msgs/local_setup.zsh
-- Up-to-date symlink: /home/nathan/ros2_ws/install/opennav_coverage_msgs/share/opennav_coverage_msgs/local_setup.dsv
-- Symlinking: /home/nathan/ros2_ws/install/opennav_coverage_msgs/share/opennav_coverage_msgs/package.dsv
-- Up-to-date symlink: /home/nathan/ros2_ws/install/opennav_coverage_msgs/share/ament_index/resource_index/packages/opennav_coverage_msgs
-- Up-to-date symlink: /home/nathan/ros2_ws/install/opennav_coverage_msgs/share/opennav_coverage_msgs/cmake/rosidl_cmake-extras.cmake
-- Up-to-date symlink: /home/nathan/ros2_ws/install/opennav_coverage_msgs/share/opennav_coverage_msgs/cmake/ament_cmake_export_dependencies-extras.cmake
-- Up-to-date symlink: /home/nathan/ros2_ws/install/opennav_coverage_msgs/share/opennav_coverage_msgs/cmake/ament_cmake_export_include_directories-extras.cmake
-- Up-to-date symlink: /home/nathan/ros2_ws/install/opennav_coverage_msgs/share/opennav_coverage_msgs/cmake/ament_cmake_export_libraries-extras.cmake
-- Up-to-date symlink: /home/nathan/ros2_ws/install/opennav_coverage_msgs/share/opennav_coverage_msgs/cmake/ament_cmake_export_targets-extras.cmake
-- Up-to-date symlink: /home/nathan/ros2_ws/install/opennav_coverage_msgs/share/opennav_coverage_msgs/cmake/rosidl_cmake_export_typesupport_targets-extras.cmake
-- Up-to-date symlink: /home/nathan/ros2_ws/install/opennav_coverage_msgs/share/opennav_coverage_msgs/cmake/rosidl_cmake_export_typesupport_libraries-extras.cmake
-- Up-to-date symlink: /home/nathan/ros2_ws/install/opennav_coverage_msgs/share/opennav_coverage_msgs/cmake/opennav_coverage_msgsConfig.cmake
-- Up-to-date symlink: /home/nathan/ros2_ws/install/opennav_coverage_msgs/share/opennav_coverage_msgs/cmake/opennav_coverage_msgsConfig-version.cmake
-- Up-to-date symlink: /home/nathan/ros2_ws/install/opennav_coverage_msgs/share/opennav_coverage_msgs/package.xml
-- Up-to-date: /home/nathan/ros2_ws/install/opennav_coverage_msgs/lib/libopennav_coverage_msgs__rosidl_generator_c.so
-- Up-to-date: /home/nathan/ros2_ws/install/opennav_coverage_msgs/lib/libopennav_coverage_msgs__rosidl_typesupport_fastrtps_c.so
-- Up-to-date: /home/nathan/ros2_ws/install/opennav_coverage_msgs/lib/libopennav_coverage_msgs__rosidl_typesupport_fastrtps_cpp.so
-- Up-to-date: /home/nathan/ros2_ws/install/opennav_coverage_msgs/lib/libopennav_coverage_msgs__rosidl_typesupport_introspection_c.so
-- Up-to-date: /home/nathan/ros2_ws/install/opennav_coverage_msgs/lib/libopennav_coverage_msgs__rosidl_typesupport_c.so
-- Up-to-date: /home/nathan/ros2_ws/install/opennav_coverage_msgs/lib/libopennav_coverage_msgs__rosidl_typesupport_introspection_cpp.so
-- Up-to-date: /home/nathan/ros2_ws/install/opennav_coverage_msgs/lib/libopennav_coverage_msgs__rosidl_typesupport_cpp.so
Listing '/home/nathan/ros2_ws/install/opennav_coverage_msgs/local/lib/python3.10/dist-packages/opennav_coverage_msgs'...
Listing '/home/nathan/ros2_ws/install/opennav_coverage_msgs/local/lib/python3.10/dist-packages/opennav_coverage_msgs/action'...
Listing '/home/nathan/ros2_ws/install/opennav_coverage_msgs/local/lib/python3.10/dist-packages/opennav_coverage_msgs/msg'...
-- Up-to-date: /home/nathan/ros2_ws/install/opennav_coverage_msgs/lib/libopennav_coverage_msgs__rosidl_generator_py.so
-- Up-to-date: /home/nathan/ros2_ws/install/opennav_coverage_msgs/share/opennav_coverage_msgs/cmake/export_opennav_coverage_msgs__rosidl_generator_cExport.cmake
-- Up-to-date: /home/nathan/ros2_ws/install/opennav_coverage_msgs/share/opennav_coverage_msgs/cmake/export_opennav_coverage_msgs__rosidl_generator_cExport-noconfig.cmake
-- Up-to-date: /home/nathan/ros2_ws/install/opennav_coverage_msgs/share/opennav_coverage_msgs/cmake/export_opennav_coverage_msgs__rosidl_typesupport_fastrtps_cExport.cmake
-- Up-to-date: /home/nathan/ros2_ws/install/opennav_coverage_msgs/share/opennav_coverage_msgs/cmake/export_opennav_coverage_msgs__rosidl_typesupport_fastrtps_cExport-noconfig.cmake
-- Up-to-date: /home/nathan/ros2_ws/install/opennav_coverage_msgs/share/opennav_coverage_msgs/cmake/export_opennav_coverage_msgs__rosidl_generator_cppExport.cmake
-- Up-to-date: /home/nathan/ros2_ws/install/opennav_coverage_msgs/share/opennav_coverage_msgs/cmake/export_opennav_coverage_msgs__rosidl_typesupport_fastrtps_cppExport.cmake
-- Up-to-date: /home/nathan/ros2_ws/install/opennav_coverage_msgs/share/opennav_coverage_msgs/cmake/export_opennav_coverage_msgs__rosidl_typesupport_fastrtps_cppExport-noconfig.cmake
-- Up-to-date: /home/nathan/ros2_ws/install/opennav_coverage_msgs/share/opennav_coverage_msgs/cmake/opennav_coverage_msgs__rosidl_typesupport_introspection_cExport.cmake
-- Up-to-date: /home/nathan/ros2_ws/install/opennav_coverage_msgs/share/opennav_coverage_msgs/cmake/opennav_coverage_msgs__rosidl_typesupport_introspection_cExport-noconfig.cmake
-- Up-to-date: /home/nathan/ros2_ws/install/opennav_coverage_msgs/share/opennav_coverage_msgs/cmake/opennav_coverage_msgs__rosidl_typesupport_cExport.cmake
-- Up-to-date: /home/nathan/ros2_ws/install/opennav_coverage_msgs/share/opennav_coverage_msgs/cmake/opennav_coverage_msgs__rosidl_typesupport_cExport-noconfig.cmake
-- Up-to-date: /home/nathan/ros2_ws/install/opennav_coverage_msgs/share/opennav_coverage_msgs/cmake/opennav_coverage_msgs__rosidl_typesupport_introspection_cppExport.cmake
-- Up-to-date: /home/nathan/ros2_ws/install/opennav_coverage_msgs/share/opennav_coverage_msgs/cmake/opennav_coverage_msgs__rosidl_typesupport_introspection_cppExport-noconfig.cmake
-- Up-to-date: /home/nathan/ros2_ws/install/opennav_coverage_msgs/share/opennav_coverage_msgs/cmake/opennav_coverage_msgs__rosidl_typesupport_cppExport.cmake
-- Up-to-date: /home/nathan/ros2_ws/install/opennav_coverage_msgs/share/opennav_coverage_msgs/cmake/opennav_coverage_msgs__rosidl_typesupport_cppExport-noconfig.cmake
-- Up-to-date: /home/nathan/ros2_ws/install/opennav_coverage_msgs/share/opennav_coverage_msgs/cmake/export_opennav_coverage_msgs__rosidl_generator_pyExport.cmake
-- Up-to-date: /home/nathan/ros2_ws/install/opennav_coverage_msgs/share/opennav_coverage_msgs/cmake/export_opennav_coverage_msgs__rosidl_generator_pyExport-noconfig.cmake
