[0.144s] Invoking command in '/home/nathan/ros2_ws/build/opennav_coverage_msgs': CMAKE_PREFIX_PATH=${CMAKE_PREFIX_PATH}:/home/nathan/ros2_ws/install/image_processor:/home/nathan/ros2_ws/install/rdj2025_potato_disease_detection:/home/nathan/ros2_ws/install/joy_tester:/opt/ros/humble /usr/bin/cmake --build /home/nathan/ros2_ws/build/opennav_coverage_msgs -- -j4 -l4
[1.749s] [  0%] Built target ament_cmake_python_symlink_opennav_coverage_msgs
[2.213s] [  0%] Built target opennav_coverage_msgs__cpp
[2.335s] [35m[1mConsolidate compiler generated dependencies of target opennav_coverage_msgs__rosidl_generator_c[0m
[2.534s] [ 12%] Built target opennav_coverage_msgs__rosidl_generator_c
[2.712s] [35m[1mConsolidate compiler generated dependencies of target opennav_coverage_msgs__rosidl_typesupport_cpp[0m
[2.793s] running egg_info
[2.796s] writing opennav_coverage_msgs.egg-info/PKG-INFO
[2.796s] writing dependency_links to opennav_coverage_msgs.egg-info/dependency_links.txt
[2.797s] writing top-level names to opennav_coverage_msgs.egg-info/top_level.txt
[2.919s] reading manifest file 'opennav_coverage_msgs.egg-info/SOURCES.txt'
[2.943s] [35m[1mConsolidate compiler generated dependencies of target opennav_coverage_msgs__rosidl_typesupport_fastrtps_cpp[0m
[2.981s] writing manifest file 'opennav_coverage_msgs.egg-info/SOURCES.txt'
[3.022s] [ 12%] Built target ament_cmake_python_build_opennav_coverage_msgs_egg
[3.042s] [ 34%] Built target opennav_coverage_msgs__rosidl_typesupport_fastrtps_cpp
[3.042s] [ 35%] Built target opennav_coverage_msgs__rosidl_typesupport_cpp
[3.525s] [35m[1mConsolidate compiler generated dependencies of target opennav_coverage_msgs__rosidl_typesupport_introspection_cpp[0m
[3.559s] [ 47%] Built target opennav_coverage_msgs__rosidl_typesupport_introspection_cpp
[3.635s] [35m[1mConsolidate compiler generated dependencies of target opennav_coverage_msgs__rosidl_typesupport_c[0m
[3.652s] [ 59%] Built target opennav_coverage_msgs__rosidl_typesupport_c
[3.692s] [35m[1mConsolidate compiler generated dependencies of target opennav_coverage_msgs__rosidl_typesupport_introspection_c[0m
[3.873s] [ 71%] Built target opennav_coverage_msgs__rosidl_typesupport_introspection_c
[4.110s] [35m[1mConsolidate compiler generated dependencies of target opennav_coverage_msgs__rosidl_typesupport_fastrtps_c[0m
[4.222s] [ 83%] Built target opennav_coverage_msgs__rosidl_typesupport_fastrtps_c
[4.492s] [ 83%] Built target opennav_coverage_msgs
[4.792s] [ 84%] Built target opennav_coverage_msgs__py
[5.667s] [35m[1mConsolidate compiler generated dependencies of target opennav_coverage_msgs__rosidl_generator_py[0m
[5.855s] [ 95%] Built target opennav_coverage_msgs__rosidl_generator_py
[6.090s] [35m[1mConsolidate compiler generated dependencies of target opennav_coverage_msgs__rosidl_typesupport_c__pyext[0m
[6.090s] [35m[1mConsolidate compiler generated dependencies of target opennav_coverage_msgs__rosidl_typesupport_fastrtps_c__pyext[0m
[6.090s] [35m[1mConsolidate compiler generated dependencies of target opennav_coverage_msgs__rosidl_typesupport_introspection_c__pyext[0m
[6.120s] [ 97%] Built target opennav_coverage_msgs__rosidl_typesupport_fastrtps_c__pyext
[6.120s] [ 99%] Built target opennav_coverage_msgs__rosidl_typesupport_introspection_c__pyext
[6.121s] [100%] Built target opennav_coverage_msgs__rosidl_typesupport_c__pyext
[6.550s] Invoked command in '/home/nathan/ros2_ws/build/opennav_coverage_msgs' returned '0': CMAKE_PREFIX_PATH=${CMAKE_PREFIX_PATH}:/home/nathan/ros2_ws/install/image_processor:/home/nathan/ros2_ws/install/rdj2025_potato_disease_detection:/home/nathan/ros2_ws/install/joy_tester:/opt/ros/humble /usr/bin/cmake --build /home/nathan/ros2_ws/build/opennav_coverage_msgs -- -j4 -l4
[6.708s] Invoking command in '/home/nathan/ros2_ws/build/opennav_coverage_msgs': CMAKE_PREFIX_PATH=${CMAKE_PREFIX_PATH}:/home/nathan/ros2_ws/install/image_processor:/home/nathan/ros2_ws/install/rdj2025_potato_disease_detection:/home/nathan/ros2_ws/install/joy_tester:/opt/ros/humble /usr/bin/cmake --install /home/nathan/ros2_ws/build/opennav_coverage_msgs
[6.778s] -- Install configuration: ""
[6.868s] -- Execute custom install script
[6.869s] -- Up-to-date symlink: /home/nathan/ros2_ws/install/opennav_coverage_msgs/share/ament_index/resource_index/rosidl_interfaces/opennav_coverage_msgs
[6.870s] -- Up-to-date symlink: /home/nathan/ros2_ws/install/opennav_coverage_msgs/include/opennav_coverage_msgs/opennav_coverage_msgs/action/compute_coverage_path.h
[6.871s] -- Up-to-date symlink: /home/nathan/ros2_ws/install/opennav_coverage_msgs/include/opennav_coverage_msgs/opennav_coverage_msgs/action/detail/compute_coverage_path__functions.h
[6.871s] -- Up-to-date symlink: /home/nathan/ros2_ws/install/opennav_coverage_msgs/include/opennav_coverage_msgs/opennav_coverage_msgs/action/detail/compute_coverage_path__struct.h
[6.871s] -- Up-to-date symlink: /home/nathan/ros2_ws/install/opennav_coverage_msgs/include/opennav_coverage_msgs/opennav_coverage_msgs/action/detail/compute_coverage_path__type_support.h
[6.872s] -- Up-to-date symlink: /home/nathan/ros2_ws/install/opennav_coverage_msgs/include/opennav_coverage_msgs/opennav_coverage_msgs/action/detail/navigate_complete_coverage__functions.h
[6.873s] -- Up-to-date symlink: /home/nathan/ros2_ws/install/opennav_coverage_msgs/include/opennav_coverage_msgs/opennav_coverage_msgs/action/detail/navigate_complete_coverage__struct.h
[6.873s] -- Up-to-date symlink: /home/nathan/ros2_ws/install/opennav_coverage_msgs/include/opennav_coverage_msgs/opennav_coverage_msgs/action/detail/navigate_complete_coverage__type_support.h
[6.875s] -- Up-to-date symlink: /home/nathan/ros2_ws/install/opennav_coverage_msgs/include/opennav_coverage_msgs/opennav_coverage_msgs/action/navigate_complete_coverage.h
[6.876s] -- Up-to-date symlink: /home/nathan/ros2_ws/install/opennav_coverage_msgs/include/opennav_coverage_msgs/opennav_coverage_msgs/msg/coordinate.h
[6.876s] -- Up-to-date symlink: /home/nathan/ros2_ws/install/opennav_coverage_msgs/include/opennav_coverage_msgs/opennav_coverage_msgs/msg/coordinates.h
[6.915s] -- Up-to-date symlink: /home/nathan/ros2_ws/install/opennav_coverage_msgs/include/opennav_coverage_msgs/opennav_coverage_msgs/msg/detail/coordinate__functions.h
[6.916s] -- Up-to-date symlink: /home/nathan/ros2_ws/install/opennav_coverage_msgs/include/opennav_coverage_msgs/opennav_coverage_msgs/msg/detail/coordinate__struct.h
[6.926s] -- Up-to-date symlink: /home/nathan/ros2_ws/install/opennav_coverage_msgs/include/opennav_coverage_msgs/opennav_coverage_msgs/msg/detail/coordinate__type_support.h
[6.927s] -- Up-to-date symlink: /home/nathan/ros2_ws/install/opennav_coverage_msgs/include/opennav_coverage_msgs/opennav_coverage_msgs/msg/detail/coordinates__functions.h
[6.927s] -- Up-to-date symlink: /home/nathan/ros2_ws/install/opennav_coverage_msgs/include/opennav_coverage_msgs/opennav_coverage_msgs/msg/detail/coordinates__struct.h
[6.929s] -- Up-to-date symlink: /home/nathan/ros2_ws/install/opennav_coverage_msgs/include/opennav_coverage_msgs/opennav_coverage_msgs/msg/detail/coordinates__type_support.h
[6.931s] -- Up-to-date symlink: /home/nathan/ros2_ws/install/opennav_coverage_msgs/include/opennav_coverage_msgs/opennav_coverage_msgs/msg/detail/headland_mode__functions.h
[6.931s] -- Up-to-date symlink: /home/nathan/ros2_ws/install/opennav_coverage_msgs/include/opennav_coverage_msgs/opennav_coverage_msgs/msg/detail/headland_mode__struct.h
[6.931s] -- Up-to-date symlink: /home/nathan/ros2_ws/install/opennav_coverage_msgs/include/opennav_coverage_msgs/opennav_coverage_msgs/msg/detail/headland_mode__type_support.h
[6.932s] -- Up-to-date symlink: /home/nathan/ros2_ws/install/opennav_coverage_msgs/include/opennav_coverage_msgs/opennav_coverage_msgs/msg/detail/path_components__functions.h
[6.932s] -- Up-to-date symlink: /home/nathan/ros2_ws/install/opennav_coverage_msgs/include/opennav_coverage_msgs/opennav_coverage_msgs/msg/detail/path_components__struct.h
[6.933s] -- Up-to-date symlink: /home/nathan/ros2_ws/install/opennav_coverage_msgs/include/opennav_coverage_msgs/opennav_coverage_msgs/msg/detail/path_components__type_support.h
[6.934s] -- Up-to-date symlink: /home/nathan/ros2_ws/install/opennav_coverage_msgs/include/opennav_coverage_msgs/opennav_coverage_msgs/msg/detail/path_mode__functions.h
[6.935s] -- Up-to-date symlink: /home/nathan/ros2_ws/install/opennav_coverage_msgs/include/opennav_coverage_msgs/opennav_coverage_msgs/msg/detail/path_mode__struct.h
[6.935s] -- Up-to-date symlink: /home/nathan/ros2_ws/install/opennav_coverage_msgs/include/opennav_coverage_msgs/opennav_coverage_msgs/msg/detail/path_mode__type_support.h
[6.936s] -- Up-to-date symlink: /home/nathan/ros2_ws/install/opennav_coverage_msgs/include/opennav_coverage_msgs/opennav_coverage_msgs/msg/detail/route_mode__functions.h
[6.937s] -- Up-to-date symlink: /home/nathan/ros2_ws/install/opennav_coverage_msgs/include/opennav_coverage_msgs/opennav_coverage_msgs/msg/detail/route_mode__struct.h
[6.937s] -- Up-to-date symlink: /home/nathan/ros2_ws/install/opennav_coverage_msgs/include/opennav_coverage_msgs/opennav_coverage_msgs/msg/detail/route_mode__type_support.h
[6.938s] -- Up-to-date symlink: /home/nathan/ros2_ws/install/opennav_coverage_msgs/include/opennav_coverage_msgs/opennav_coverage_msgs/msg/detail/row_swath_mode__functions.h
[6.939s] -- Up-to-date symlink: /home/nathan/ros2_ws/install/opennav_coverage_msgs/include/opennav_coverage_msgs/opennav_coverage_msgs/msg/detail/row_swath_mode__struct.h
[6.939s] -- Up-to-date symlink: /home/nathan/ros2_ws/install/opennav_coverage_msgs/include/opennav_coverage_msgs/opennav_coverage_msgs/msg/detail/row_swath_mode__type_support.h
[6.941s] -- Up-to-date symlink: /home/nathan/ros2_ws/install/opennav_coverage_msgs/include/opennav_coverage_msgs/opennav_coverage_msgs/msg/detail/swath__functions.h
[6.941s] -- Up-to-date symlink: /home/nathan/ros2_ws/install/opennav_coverage_msgs/include/opennav_coverage_msgs/opennav_coverage_msgs/msg/detail/swath__struct.h
[6.942s] -- Up-to-date symlink: /home/nathan/ros2_ws/install/opennav_coverage_msgs/include/opennav_coverage_msgs/opennav_coverage_msgs/msg/detail/swath__type_support.h
[6.976s] -- Up-to-date symlink: /home/nathan/ros2_ws/install/opennav_coverage_msgs/include/opennav_coverage_msgs/opennav_coverage_msgs/msg/detail/swath_mode__functions.h
[6.977s] -- Up-to-date symlink: /home/nathan/ros2_ws/install/opennav_coverage_msgs/include/opennav_coverage_msgs/opennav_coverage_msgs/msg/detail/swath_mode__struct.h
[6.977s] -- Up-to-date symlink: /home/nathan/ros2_ws/install/opennav_coverage_msgs/include/opennav_coverage_msgs/opennav_coverage_msgs/msg/detail/swath_mode__type_support.h
[6.978s] -- Up-to-date symlink: /home/nathan/ros2_ws/install/opennav_coverage_msgs/include/opennav_coverage_msgs/opennav_coverage_msgs/msg/headland_mode.h
[7.043s] -- Up-to-date symlink: /home/nathan/ros2_ws/install/opennav_coverage_msgs/include/opennav_coverage_msgs/opennav_coverage_msgs/msg/path_components.h
[7.044s] -- Up-to-date symlink: /home/nathan/ros2_ws/install/opennav_coverage_msgs/include/opennav_coverage_msgs/opennav_coverage_msgs/msg/path_mode.h
[7.044s] -- Up-to-date symlink: /home/nathan/ros2_ws/install/opennav_coverage_msgs/include/opennav_coverage_msgs/opennav_coverage_msgs/msg/rosidl_generator_c__visibility_control.h
[7.044s] -- Up-to-date symlink: /home/nathan/ros2_ws/install/opennav_coverage_msgs/include/opennav_coverage_msgs/opennav_coverage_msgs/msg/route_mode.h
[7.045s] -- Up-to-date symlink: /home/nathan/ros2_ws/install/opennav_coverage_msgs/include/opennav_coverage_msgs/opennav_coverage_msgs/msg/row_swath_mode.h
[7.076s] -- Up-to-date symlink: /home/nathan/ros2_ws/install/opennav_coverage_msgs/include/opennav_coverage_msgs/opennav_coverage_msgs/msg/swath.h
[7.077s] -- Up-to-date symlink: /home/nathan/ros2_ws/install/opennav_coverage_msgs/include/opennav_coverage_msgs/opennav_coverage_msgs/msg/swath_mode.h
[7.132s] -- Up-to-date symlink: /home/nathan/ros2_ws/install/opennav_coverage_msgs/share/opennav_coverage_msgs/environment/library_path.sh
[7.133s] -- Up-to-date symlink: /home/nathan/ros2_ws/install/opennav_coverage_msgs/share/opennav_coverage_msgs/environment/library_path.dsv
[7.134s] -- Up-to-date symlink: /home/nathan/ros2_ws/install/opennav_coverage_msgs/include/opennav_coverage_msgs/opennav_coverage_msgs/action/detail/compute_coverage_path__rosidl_typesupport_fastrtps_c.h
[7.134s] -- Up-to-date symlink: /home/nathan/ros2_ws/install/opennav_coverage_msgs/include/opennav_coverage_msgs/opennav_coverage_msgs/action/detail/navigate_complete_coverage__rosidl_typesupport_fastrtps_c.h
[7.165s] -- Up-to-date symlink: /home/nathan/ros2_ws/install/opennav_coverage_msgs/include/opennav_coverage_msgs/opennav_coverage_msgs/msg/detail/coordinate__rosidl_typesupport_fastrtps_c.h
[7.166s] -- Up-to-date symlink: /home/nathan/ros2_ws/install/opennav_coverage_msgs/include/opennav_coverage_msgs/opennav_coverage_msgs/msg/detail/coordinates__rosidl_typesupport_fastrtps_c.h
[7.166s] -- Up-to-date symlink: /home/nathan/ros2_ws/install/opennav_coverage_msgs/include/opennav_coverage_msgs/opennav_coverage_msgs/msg/detail/headland_mode__rosidl_typesupport_fastrtps_c.h
[7.166s] -- Up-to-date symlink: /home/nathan/ros2_ws/install/opennav_coverage_msgs/include/opennav_coverage_msgs/opennav_coverage_msgs/msg/detail/path_components__rosidl_typesupport_fastrtps_c.h
[7.210s] -- Up-to-date symlink: /home/nathan/ros2_ws/install/opennav_coverage_msgs/include/opennav_coverage_msgs/opennav_coverage_msgs/msg/detail/path_mode__rosidl_typesupport_fastrtps_c.h
[7.211s] -- Up-to-date symlink: /home/nathan/ros2_ws/install/opennav_coverage_msgs/include/opennav_coverage_msgs/opennav_coverage_msgs/msg/detail/route_mode__rosidl_typesupport_fastrtps_c.h
[7.211s] -- Up-to-date symlink: /home/nathan/ros2_ws/install/opennav_coverage_msgs/include/opennav_coverage_msgs/opennav_coverage_msgs/msg/detail/row_swath_mode__rosidl_typesupport_fastrtps_c.h
[7.212s] -- Up-to-date symlink: /home/nathan/ros2_ws/install/opennav_coverage_msgs/include/opennav_coverage_msgs/opennav_coverage_msgs/msg/detail/swath__rosidl_typesupport_fastrtps_c.h
[7.255s] -- Up-to-date symlink: /home/nathan/ros2_ws/install/opennav_coverage_msgs/include/opennav_coverage_msgs/opennav_coverage_msgs/msg/detail/swath_mode__rosidl_typesupport_fastrtps_c.h
[7.256s] -- Up-to-date symlink: /home/nathan/ros2_ws/install/opennav_coverage_msgs/include/opennav_coverage_msgs/opennav_coverage_msgs/msg/rosidl_typesupport_fastrtps_c__visibility_control.h
[7.260s] -- Up-to-date symlink: /home/nathan/ros2_ws/install/opennav_coverage_msgs/include/opennav_coverage_msgs/opennav_coverage_msgs/action/compute_coverage_path.hpp
[7.299s] -- Up-to-date symlink: /home/nathan/ros2_ws/install/opennav_coverage_msgs/include/opennav_coverage_msgs/opennav_coverage_msgs/action/detail/compute_coverage_path__builder.hpp
[7.300s] -- Up-to-date symlink: /home/nathan/ros2_ws/install/opennav_coverage_msgs/include/opennav_coverage_msgs/opennav_coverage_msgs/action/detail/compute_coverage_path__struct.hpp
[7.301s] -- Up-to-date symlink: /home/nathan/ros2_ws/install/opennav_coverage_msgs/include/opennav_coverage_msgs/opennav_coverage_msgs/action/detail/compute_coverage_path__traits.hpp
[7.301s] -- Up-to-date symlink: /home/nathan/ros2_ws/install/opennav_coverage_msgs/include/opennav_coverage_msgs/opennav_coverage_msgs/action/detail/compute_coverage_path__type_support.hpp
[7.355s] -- Up-to-date symlink: /home/nathan/ros2_ws/install/opennav_coverage_msgs/include/opennav_coverage_msgs/opennav_coverage_msgs/action/detail/navigate_complete_coverage__builder.hpp
[7.356s] -- Up-to-date symlink: /home/nathan/ros2_ws/install/opennav_coverage_msgs/include/opennav_coverage_msgs/opennav_coverage_msgs/action/detail/navigate_complete_coverage__struct.hpp
[7.357s] -- Up-to-date symlink: /home/nathan/ros2_ws/install/opennav_coverage_msgs/include/opennav_coverage_msgs/opennav_coverage_msgs/action/detail/navigate_complete_coverage__traits.hpp
[7.358s] -- Up-to-date symlink: /home/nathan/ros2_ws/install/opennav_coverage_msgs/include/opennav_coverage_msgs/opennav_coverage_msgs/action/detail/navigate_complete_coverage__type_support.hpp
[7.399s] -- Up-to-date symlink: /home/nathan/ros2_ws/install/opennav_coverage_msgs/include/opennav_coverage_msgs/opennav_coverage_msgs/action/navigate_complete_coverage.hpp
[7.400s] -- Up-to-date symlink: /home/nathan/ros2_ws/install/opennav_coverage_msgs/include/opennav_coverage_msgs/opennav_coverage_msgs/msg/coordinate.hpp
[7.401s] -- Up-to-date symlink: /home/nathan/ros2_ws/install/opennav_coverage_msgs/include/opennav_coverage_msgs/opennav_coverage_msgs/msg/coordinates.hpp
[7.403s] -- Up-to-date symlink: /home/nathan/ros2_ws/install/opennav_coverage_msgs/include/opennav_coverage_msgs/opennav_coverage_msgs/msg/detail/coordinate__builder.hpp
[7.443s] -- Up-to-date symlink: /home/nathan/ros2_ws/install/opennav_coverage_msgs/include/opennav_coverage_msgs/opennav_coverage_msgs/msg/detail/coordinate__struct.hpp
[7.443s] -- Up-to-date symlink: /home/nathan/ros2_ws/install/opennav_coverage_msgs/include/opennav_coverage_msgs/opennav_coverage_msgs/msg/detail/coordinate__traits.hpp
[7.444s] -- Up-to-date symlink: /home/nathan/ros2_ws/install/opennav_coverage_msgs/include/opennav_coverage_msgs/opennav_coverage_msgs/msg/detail/coordinate__type_support.hpp
[7.444s] -- Up-to-date symlink: /home/nathan/ros2_ws/install/opennav_coverage_msgs/include/opennav_coverage_msgs/opennav_coverage_msgs/msg/detail/coordinates__builder.hpp
[7.445s] -- Up-to-date symlink: /home/nathan/ros2_ws/install/opennav_coverage_msgs/include/opennav_coverage_msgs/opennav_coverage_msgs/msg/detail/coordinates__struct.hpp
[7.488s] -- Up-to-date symlink: /home/nathan/ros2_ws/install/opennav_coverage_msgs/include/opennav_coverage_msgs/opennav_coverage_msgs/msg/detail/coordinates__traits.hpp
[7.488s] -- Up-to-date symlink: /home/nathan/ros2_ws/install/opennav_coverage_msgs/include/opennav_coverage_msgs/opennav_coverage_msgs/msg/detail/coordinates__type_support.hpp
[7.489s] -- Up-to-date symlink: /home/nathan/ros2_ws/install/opennav_coverage_msgs/include/opennav_coverage_msgs/opennav_coverage_msgs/msg/detail/headland_mode__builder.hpp
[7.489s] -- Up-to-date symlink: /home/nathan/ros2_ws/install/opennav_coverage_msgs/include/opennav_coverage_msgs/opennav_coverage_msgs/msg/detail/headland_mode__struct.hpp
[7.533s] -- Up-to-date symlink: /home/nathan/ros2_ws/install/opennav_coverage_msgs/include/opennav_coverage_msgs/opennav_coverage_msgs/msg/detail/headland_mode__traits.hpp
[7.534s] -- Up-to-date symlink: /home/nathan/ros2_ws/install/opennav_coverage_msgs/include/opennav_coverage_msgs/opennav_coverage_msgs/msg/detail/headland_mode__type_support.hpp
[7.535s] -- Up-to-date symlink: /home/nathan/ros2_ws/install/opennav_coverage_msgs/include/opennav_coverage_msgs/opennav_coverage_msgs/msg/detail/path_components__builder.hpp
[7.536s] -- Up-to-date symlink: /home/nathan/ros2_ws/install/opennav_coverage_msgs/include/opennav_coverage_msgs/opennav_coverage_msgs/msg/detail/path_components__struct.hpp
[7.577s] -- Up-to-date symlink: /home/nathan/ros2_ws/install/opennav_coverage_msgs/include/opennav_coverage_msgs/opennav_coverage_msgs/msg/detail/path_components__traits.hpp
[7.578s] -- Up-to-date symlink: /home/nathan/ros2_ws/install/opennav_coverage_msgs/include/opennav_coverage_msgs/opennav_coverage_msgs/msg/detail/path_components__type_support.hpp
[7.579s] -- Up-to-date symlink: /home/nathan/ros2_ws/install/opennav_coverage_msgs/include/opennav_coverage_msgs/opennav_coverage_msgs/msg/detail/path_mode__builder.hpp
[7.580s] -- Up-to-date symlink: /home/nathan/ros2_ws/install/opennav_coverage_msgs/include/opennav_coverage_msgs/opennav_coverage_msgs/msg/detail/path_mode__struct.hpp
[7.633s] -- Up-to-date symlink: /home/nathan/ros2_ws/install/opennav_coverage_msgs/include/opennav_coverage_msgs/opennav_coverage_msgs/msg/detail/path_mode__traits.hpp
[7.634s] -- Up-to-date symlink: /home/nathan/ros2_ws/install/opennav_coverage_msgs/include/opennav_coverage_msgs/opennav_coverage_msgs/msg/detail/path_mode__type_support.hpp
[7.635s] -- Up-to-date symlink: /home/nathan/ros2_ws/install/opennav_coverage_msgs/include/opennav_coverage_msgs/opennav_coverage_msgs/msg/detail/route_mode__builder.hpp
[7.636s] -- Up-to-date symlink: /home/nathan/ros2_ws/install/opennav_coverage_msgs/include/opennav_coverage_msgs/opennav_coverage_msgs/msg/detail/route_mode__struct.hpp
[7.637s] -- Up-to-date symlink: /home/nathan/ros2_ws/install/opennav_coverage_msgs/include/opennav_coverage_msgs/opennav_coverage_msgs/msg/detail/route_mode__traits.hpp
[7.677s] -- Up-to-date symlink: /home/nathan/ros2_ws/install/opennav_coverage_msgs/include/opennav_coverage_msgs/opennav_coverage_msgs/msg/detail/route_mode__type_support.hpp
[7.678s] -- Up-to-date symlink: /home/nathan/ros2_ws/install/opennav_coverage_msgs/include/opennav_coverage_msgs/opennav_coverage_msgs/msg/detail/row_swath_mode__builder.hpp
[7.679s] -- Up-to-date symlink: /home/nathan/ros2_ws/install/opennav_coverage_msgs/include/opennav_coverage_msgs/opennav_coverage_msgs/msg/detail/row_swath_mode__struct.hpp
[7.680s] -- Up-to-date symlink: /home/nathan/ros2_ws/install/opennav_coverage_msgs/include/opennav_coverage_msgs/opennav_coverage_msgs/msg/detail/row_swath_mode__traits.hpp
[7.743s] -- Up-to-date symlink: /home/nathan/ros2_ws/install/opennav_coverage_msgs/include/opennav_coverage_msgs/opennav_coverage_msgs/msg/detail/row_swath_mode__type_support.hpp
[7.745s] -- Up-to-date symlink: /home/nathan/ros2_ws/install/opennav_coverage_msgs/include/opennav_coverage_msgs/opennav_coverage_msgs/msg/detail/swath__builder.hpp
[7.746s] -- Up-to-date symlink: /home/nathan/ros2_ws/install/opennav_coverage_msgs/include/opennav_coverage_msgs/opennav_coverage_msgs/msg/detail/swath__struct.hpp
[7.747s] -- Up-to-date symlink: /home/nathan/ros2_ws/install/opennav_coverage_msgs/include/opennav_coverage_msgs/opennav_coverage_msgs/msg/detail/swath__traits.hpp
[7.799s] -- Up-to-date symlink: /home/nathan/ros2_ws/install/opennav_coverage_msgs/include/opennav_coverage_msgs/opennav_coverage_msgs/msg/detail/swath__type_support.hpp
[7.803s] -- Up-to-date symlink: /home/nathan/ros2_ws/install/opennav_coverage_msgs/include/opennav_coverage_msgs/opennav_coverage_msgs/msg/detail/swath_mode__builder.hpp
[7.805s] -- Up-to-date symlink: /home/nathan/ros2_ws/install/opennav_coverage_msgs/include/opennav_coverage_msgs/opennav_coverage_msgs/msg/detail/swath_mode__struct.hpp
[7.805s] -- Up-to-date symlink: /home/nathan/ros2_ws/install/opennav_coverage_msgs/include/opennav_coverage_msgs/opennav_coverage_msgs/msg/detail/swath_mode__traits.hpp
[7.833s] -- Up-to-date symlink: /home/nathan/ros2_ws/install/opennav_coverage_msgs/include/opennav_coverage_msgs/opennav_coverage_msgs/msg/detail/swath_mode__type_support.hpp
[7.833s] -- Up-to-date symlink: /home/nathan/ros2_ws/install/opennav_coverage_msgs/include/opennav_coverage_msgs/opennav_coverage_msgs/msg/headland_mode.hpp
[7.834s] -- Up-to-date symlink: /home/nathan/ros2_ws/install/opennav_coverage_msgs/include/opennav_coverage_msgs/opennav_coverage_msgs/msg/path_components.hpp
[7.835s] -- Up-to-date symlink: /home/nathan/ros2_ws/install/opennav_coverage_msgs/include/opennav_coverage_msgs/opennav_coverage_msgs/msg/path_mode.hpp
[7.877s] -- Up-to-date symlink: /home/nathan/ros2_ws/install/opennav_coverage_msgs/include/opennav_coverage_msgs/opennav_coverage_msgs/msg/rosidl_generator_cpp__visibility_control.hpp
[7.877s] -- Up-to-date symlink: /home/nathan/ros2_ws/install/opennav_coverage_msgs/include/opennav_coverage_msgs/opennav_coverage_msgs/msg/route_mode.hpp
[7.878s] -- Up-to-date symlink: /home/nathan/ros2_ws/install/opennav_coverage_msgs/include/opennav_coverage_msgs/opennav_coverage_msgs/msg/row_swath_mode.hpp
[7.914s] -- Up-to-date symlink: /home/nathan/ros2_ws/install/opennav_coverage_msgs/include/opennav_coverage_msgs/opennav_coverage_msgs/msg/swath.hpp
[7.943s] -- Up-to-date symlink: /home/nathan/ros2_ws/install/opennav_coverage_msgs/include/opennav_coverage_msgs/opennav_coverage_msgs/msg/swath_mode.hpp
[7.947s] -- Up-to-date symlink: /home/nathan/ros2_ws/install/opennav_coverage_msgs/include/opennav_coverage_msgs/opennav_coverage_msgs/action/detail/compute_coverage_path__rosidl_typesupport_fastrtps_cpp.hpp
[7.947s] -- Up-to-date symlink: /home/nathan/ros2_ws/install/opennav_coverage_msgs/include/opennav_coverage_msgs/opennav_coverage_msgs/action/detail/navigate_complete_coverage__rosidl_typesupport_fastrtps_cpp.hpp
[7.947s] -- Up-to-date symlink: /home/nathan/ros2_ws/install/opennav_coverage_msgs/include/opennav_coverage_msgs/opennav_coverage_msgs/msg/detail/coordinate__rosidl_typesupport_fastrtps_cpp.hpp
[7.998s] -- Up-to-date symlink: /home/nathan/ros2_ws/install/opennav_coverage_msgs/include/opennav_coverage_msgs/opennav_coverage_msgs/msg/detail/coordinates__rosidl_typesupport_fastrtps_cpp.hpp
[7.998s] -- Up-to-date symlink: /home/nathan/ros2_ws/install/opennav_coverage_msgs/include/opennav_coverage_msgs/opennav_coverage_msgs/msg/detail/headland_mode__rosidl_typesupport_fastrtps_cpp.hpp
[7.999s] -- Up-to-date symlink: /home/nathan/ros2_ws/install/opennav_coverage_msgs/include/opennav_coverage_msgs/opennav_coverage_msgs/msg/detail/path_components__rosidl_typesupport_fastrtps_cpp.hpp
[7.999s] -- Up-to-date symlink: /home/nathan/ros2_ws/install/opennav_coverage_msgs/include/opennav_coverage_msgs/opennav_coverage_msgs/msg/detail/path_mode__rosidl_typesupport_fastrtps_cpp.hpp
[8.054s] -- Up-to-date symlink: /home/nathan/ros2_ws/install/opennav_coverage_msgs/include/opennav_coverage_msgs/opennav_coverage_msgs/msg/detail/route_mode__rosidl_typesupport_fastrtps_cpp.hpp
[8.055s] -- Up-to-date symlink: /home/nathan/ros2_ws/install/opennav_coverage_msgs/include/opennav_coverage_msgs/opennav_coverage_msgs/msg/detail/row_swath_mode__rosidl_typesupport_fastrtps_cpp.hpp
[8.055s] -- Up-to-date symlink: /home/nathan/ros2_ws/install/opennav_coverage_msgs/include/opennav_coverage_msgs/opennav_coverage_msgs/msg/detail/swath__rosidl_typesupport_fastrtps_cpp.hpp
[8.055s] -- Up-to-date symlink: /home/nathan/ros2_ws/install/opennav_coverage_msgs/include/opennav_coverage_msgs/opennav_coverage_msgs/msg/detail/swath_mode__rosidl_typesupport_fastrtps_cpp.hpp
[8.099s] -- Up-to-date symlink: /home/nathan/ros2_ws/install/opennav_coverage_msgs/include/opennav_coverage_msgs/opennav_coverage_msgs/msg/rosidl_typesupport_fastrtps_cpp__visibility_control.h
[8.102s] -- Up-to-date symlink: /home/nathan/ros2_ws/install/opennav_coverage_msgs/include/opennav_coverage_msgs/opennav_coverage_msgs/action/detail/compute_coverage_path__rosidl_typesupport_introspection_c.h
[8.103s] -- Up-to-date symlink: /home/nathan/ros2_ws/install/opennav_coverage_msgs/include/opennav_coverage_msgs/opennav_coverage_msgs/action/detail/navigate_complete_coverage__rosidl_typesupport_introspection_c.h
[8.104s] -- Up-to-date symlink: /home/nathan/ros2_ws/install/opennav_coverage_msgs/include/opennav_coverage_msgs/opennav_coverage_msgs/msg/detail/coordinate__rosidl_typesupport_introspection_c.h
[8.105s] -- Up-to-date symlink: /home/nathan/ros2_ws/install/opennav_coverage_msgs/include/opennav_coverage_msgs/opennav_coverage_msgs/msg/detail/coordinates__rosidl_typesupport_introspection_c.h
[8.154s] -- Up-to-date symlink: /home/nathan/ros2_ws/install/opennav_coverage_msgs/include/opennav_coverage_msgs/opennav_coverage_msgs/msg/detail/headland_mode__rosidl_typesupport_introspection_c.h
[8.156s] -- Up-to-date symlink: /home/nathan/ros2_ws/install/opennav_coverage_msgs/include/opennav_coverage_msgs/opennav_coverage_msgs/msg/detail/path_components__rosidl_typesupport_introspection_c.h
[8.157s] -- Up-to-date symlink: /home/nathan/ros2_ws/install/opennav_coverage_msgs/include/opennav_coverage_msgs/opennav_coverage_msgs/msg/detail/path_mode__rosidl_typesupport_introspection_c.h
[8.158s] -- Up-to-date symlink: /home/nathan/ros2_ws/install/opennav_coverage_msgs/include/opennav_coverage_msgs/opennav_coverage_msgs/msg/detail/route_mode__rosidl_typesupport_introspection_c.h
[8.201s] -- Up-to-date symlink: /home/nathan/ros2_ws/install/opennav_coverage_msgs/include/opennav_coverage_msgs/opennav_coverage_msgs/msg/detail/row_swath_mode__rosidl_typesupport_introspection_c.h
[8.202s] -- Up-to-date symlink: /home/nathan/ros2_ws/install/opennav_coverage_msgs/include/opennav_coverage_msgs/opennav_coverage_msgs/msg/detail/swath__rosidl_typesupport_introspection_c.h
[8.202s] -- Up-to-date symlink: /home/nathan/ros2_ws/install/opennav_coverage_msgs/include/opennav_coverage_msgs/opennav_coverage_msgs/msg/detail/swath_mode__rosidl_typesupport_introspection_c.h
[8.202s] -- Up-to-date symlink: /home/nathan/ros2_ws/install/opennav_coverage_msgs/include/opennav_coverage_msgs/opennav_coverage_msgs/msg/rosidl_typesupport_introspection_c__visibility_control.h
[8.232s] -- Up-to-date symlink: /home/nathan/ros2_ws/install/opennav_coverage_msgs/include/opennav_coverage_msgs/opennav_coverage_msgs/action/detail/compute_coverage_path__rosidl_typesupport_introspection_cpp.hpp
[8.233s] -- Up-to-date symlink: /home/nathan/ros2_ws/install/opennav_coverage_msgs/include/opennav_coverage_msgs/opennav_coverage_msgs/action/detail/navigate_complete_coverage__rosidl_typesupport_introspection_cpp.hpp
[8.234s] -- Up-to-date symlink: /home/nathan/ros2_ws/install/opennav_coverage_msgs/include/opennav_coverage_msgs/opennav_coverage_msgs/msg/detail/coordinate__rosidl_typesupport_introspection_cpp.hpp
[8.235s] -- Up-to-date symlink: /home/nathan/ros2_ws/install/opennav_coverage_msgs/include/opennav_coverage_msgs/opennav_coverage_msgs/msg/detail/coordinates__rosidl_typesupport_introspection_cpp.hpp
[8.276s] -- Up-to-date symlink: /home/nathan/ros2_ws/install/opennav_coverage_msgs/include/opennav_coverage_msgs/opennav_coverage_msgs/msg/detail/headland_mode__rosidl_typesupport_introspection_cpp.hpp
[8.277s] -- Up-to-date symlink: /home/nathan/ros2_ws/install/opennav_coverage_msgs/include/opennav_coverage_msgs/opennav_coverage_msgs/msg/detail/path_components__rosidl_typesupport_introspection_cpp.hpp
[8.279s] -- Up-to-date symlink: /home/nathan/ros2_ws/install/opennav_coverage_msgs/include/opennav_coverage_msgs/opennav_coverage_msgs/msg/detail/path_mode__rosidl_typesupport_introspection_cpp.hpp
[8.280s] -- Up-to-date symlink: /home/nathan/ros2_ws/install/opennav_coverage_msgs/include/opennav_coverage_msgs/opennav_coverage_msgs/msg/detail/route_mode__rosidl_typesupport_introspection_cpp.hpp
[8.281s] -- Up-to-date symlink: /home/nathan/ros2_ws/install/opennav_coverage_msgs/include/opennav_coverage_msgs/opennav_coverage_msgs/msg/detail/row_swath_mode__rosidl_typesupport_introspection_cpp.hpp
[8.332s] -- Up-to-date symlink: /home/nathan/ros2_ws/install/opennav_coverage_msgs/include/opennav_coverage_msgs/opennav_coverage_msgs/msg/detail/swath__rosidl_typesupport_introspection_cpp.hpp
[8.333s] -- Up-to-date symlink: /home/nathan/ros2_ws/install/opennav_coverage_msgs/include/opennav_coverage_msgs/opennav_coverage_msgs/msg/detail/swath_mode__rosidl_typesupport_introspection_cpp.hpp
[8.335s] -- Up-to-date symlink: /home/nathan/ros2_ws/install/opennav_coverage_msgs/share/opennav_coverage_msgs/environment/pythonpath.sh
[8.336s] -- Up-to-date symlink: /home/nathan/ros2_ws/install/opennav_coverage_msgs/share/opennav_coverage_msgs/environment/pythonpath.dsv
[8.338s] -- Up-to-date symlink: /home/nathan/ros2_ws/install/opennav_coverage_msgs/local/lib/python3.10/dist-packages/opennav_coverage_msgs-0.0.1-py3.10.egg-info/PKG-INFO
[8.388s] -- Up-to-date symlink: /home/nathan/ros2_ws/install/opennav_coverage_msgs/local/lib/python3.10/dist-packages/opennav_coverage_msgs-0.0.1-py3.10.egg-info/SOURCES.txt
[8.389s] -- Up-to-date symlink: /home/nathan/ros2_ws/install/opennav_coverage_msgs/local/lib/python3.10/dist-packages/opennav_coverage_msgs-0.0.1-py3.10.egg-info/dependency_links.txt
[8.390s] -- Up-to-date symlink: /home/nathan/ros2_ws/install/opennav_coverage_msgs/local/lib/python3.10/dist-packages/opennav_coverage_msgs-0.0.1-py3.10.egg-info/top_level.txt
[8.397s] -- Up-to-date symlink: /home/nathan/ros2_ws/install/opennav_coverage_msgs/local/lib/python3.10/dist-packages/opennav_coverage_msgs/__init__.py
[8.432s] -- Up-to-date symlink: /home/nathan/ros2_ws/install/opennav_coverage_msgs/local/lib/python3.10/dist-packages/opennav_coverage_msgs/_opennav_coverage_msgs_s.ep.rosidl_typesupport_c.c
[8.433s] -- Up-to-date symlink: /home/nathan/ros2_ws/install/opennav_coverage_msgs/local/lib/python3.10/dist-packages/opennav_coverage_msgs/_opennav_coverage_msgs_s.ep.rosidl_typesupport_fastrtps_c.c
[8.434s] -- Up-to-date symlink: /home/nathan/ros2_ws/install/opennav_coverage_msgs/local/lib/python3.10/dist-packages/opennav_coverage_msgs/_opennav_coverage_msgs_s.ep.rosidl_typesupport_introspection_c.c
[8.477s] -- Up-to-date symlink: /home/nathan/ros2_ws/install/opennav_coverage_msgs/local/lib/python3.10/dist-packages/opennav_coverage_msgs/action/__init__.py
[8.478s] -- Up-to-date symlink: /home/nathan/ros2_ws/install/opennav_coverage_msgs/local/lib/python3.10/dist-packages/opennav_coverage_msgs/action/_compute_coverage_path.py
[8.479s] -- Up-to-date symlink: /home/nathan/ros2_ws/install/opennav_coverage_msgs/local/lib/python3.10/dist-packages/opennav_coverage_msgs/action/_compute_coverage_path_s.c
[8.480s] -- Up-to-date symlink: /home/nathan/ros2_ws/install/opennav_coverage_msgs/local/lib/python3.10/dist-packages/opennav_coverage_msgs/action/_navigate_complete_coverage.py
[8.532s] -- Up-to-date symlink: /home/nathan/ros2_ws/install/opennav_coverage_msgs/local/lib/python3.10/dist-packages/opennav_coverage_msgs/action/_navigate_complete_coverage_s.c
[8.533s] -- Up-to-date symlink: /home/nathan/ros2_ws/install/opennav_coverage_msgs/local/lib/python3.10/dist-packages/opennav_coverage_msgs/libopennav_coverage_msgs__rosidl_generator_py.so
[8.534s] -- Up-to-date symlink: /home/nathan/ros2_ws/install/opennav_coverage_msgs/local/lib/python3.10/dist-packages/opennav_coverage_msgs/msg/__init__.py
[8.565s] -- Up-to-date symlink: /home/nathan/ros2_ws/install/opennav_coverage_msgs/local/lib/python3.10/dist-packages/opennav_coverage_msgs/msg/_coordinate.py
[8.566s] -- Up-to-date symlink: /home/nathan/ros2_ws/install/opennav_coverage_msgs/local/lib/python3.10/dist-packages/opennav_coverage_msgs/msg/_coordinate_s.c
[8.568s] -- Up-to-date symlink: /home/nathan/ros2_ws/install/opennav_coverage_msgs/local/lib/python3.10/dist-packages/opennav_coverage_msgs/msg/_coordinates.py
[8.569s] -- Up-to-date symlink: /home/nathan/ros2_ws/install/opennav_coverage_msgs/local/lib/python3.10/dist-packages/opennav_coverage_msgs/msg/_coordinates_s.c
[8.570s] -- Up-to-date symlink: /home/nathan/ros2_ws/install/opennav_coverage_msgs/local/lib/python3.10/dist-packages/opennav_coverage_msgs/msg/_headland_mode.py
[8.599s] -- Up-to-date symlink: /home/nathan/ros2_ws/install/opennav_coverage_msgs/local/lib/python3.10/dist-packages/opennav_coverage_msgs/msg/_headland_mode_s.c
[8.600s] -- Up-to-date symlink: /home/nathan/ros2_ws/install/opennav_coverage_msgs/local/lib/python3.10/dist-packages/opennav_coverage_msgs/msg/_path_components.py
[8.601s] -- Up-to-date symlink: /home/nathan/ros2_ws/install/opennav_coverage_msgs/local/lib/python3.10/dist-packages/opennav_coverage_msgs/msg/_path_components_s.c
[8.602s] -- Up-to-date symlink: /home/nathan/ros2_ws/install/opennav_coverage_msgs/local/lib/python3.10/dist-packages/opennav_coverage_msgs/msg/_path_mode.py
[8.654s] -- Up-to-date symlink: /home/nathan/ros2_ws/install/opennav_coverage_msgs/local/lib/python3.10/dist-packages/opennav_coverage_msgs/msg/_path_mode_s.c
[8.656s] -- Up-to-date symlink: /home/nathan/ros2_ws/install/opennav_coverage_msgs/local/lib/python3.10/dist-packages/opennav_coverage_msgs/msg/_route_mode.py
[8.657s] -- Up-to-date symlink: /home/nathan/ros2_ws/install/opennav_coverage_msgs/local/lib/python3.10/dist-packages/opennav_coverage_msgs/msg/_route_mode_s.c
[8.658s] -- Up-to-date symlink: /home/nathan/ros2_ws/install/opennav_coverage_msgs/local/lib/python3.10/dist-packages/opennav_coverage_msgs/msg/_row_swath_mode.py
[8.710s] -- Up-to-date symlink: /home/nathan/ros2_ws/install/opennav_coverage_msgs/local/lib/python3.10/dist-packages/opennav_coverage_msgs/msg/_row_swath_mode_s.c
[8.711s] -- Up-to-date symlink: /home/nathan/ros2_ws/install/opennav_coverage_msgs/local/lib/python3.10/dist-packages/opennav_coverage_msgs/msg/_swath.py
[8.712s] -- Up-to-date symlink: /home/nathan/ros2_ws/install/opennav_coverage_msgs/local/lib/python3.10/dist-packages/opennav_coverage_msgs/msg/_swath_mode.py
[8.713s] -- Up-to-date symlink: /home/nathan/ros2_ws/install/opennav_coverage_msgs/local/lib/python3.10/dist-packages/opennav_coverage_msgs/msg/_swath_mode_s.c
[8.743s] -- Up-to-date symlink: /home/nathan/ros2_ws/install/opennav_coverage_msgs/local/lib/python3.10/dist-packages/opennav_coverage_msgs/msg/_swath_s.c
[8.744s] -- Up-to-date symlink: /home/nathan/ros2_ws/install/opennav_coverage_msgs/local/lib/python3.10/dist-packages/opennav_coverage_msgs/opennav_coverage_msgs_s__rosidl_typesupport_c.cpython-310-x86_64-linux-gnu.so
[8.745s] -- Up-to-date symlink: /home/nathan/ros2_ws/install/opennav_coverage_msgs/local/lib/python3.10/dist-packages/opennav_coverage_msgs/opennav_coverage_msgs_s__rosidl_typesupport_fastrtps_c.cpython-310-x86_64-linux-gnu.so
[8.746s] -- Up-to-date symlink: /home/nathan/ros2_ws/install/opennav_coverage_msgs/local/lib/python3.10/dist-packages/opennav_coverage_msgs/opennav_coverage_msgs_s__rosidl_typesupport_introspection_c.cpython-310-x86_64-linux-gnu.so
[8.802s] -- Up-to-date symlink: /home/nathan/ros2_ws/install/opennav_coverage_msgs/local/lib/python3.10/dist-packages/opennav_coverage_msgs/opennav_coverage_msgs_s__rosidl_typesupport_fastrtps_c.cpython-310-x86_64-linux-gnu.so
[8.803s] -- Up-to-date symlink: /home/nathan/ros2_ws/install/opennav_coverage_msgs/local/lib/python3.10/dist-packages/opennav_coverage_msgs/opennav_coverage_msgs_s__rosidl_typesupport_introspection_c.cpython-310-x86_64-linux-gnu.so
[8.805s] -- Up-to-date symlink: /home/nathan/ros2_ws/install/opennav_coverage_msgs/local/lib/python3.10/dist-packages/opennav_coverage_msgs/opennav_coverage_msgs_s__rosidl_typesupport_c.cpython-310-x86_64-linux-gnu.so
[8.843s] -- Up-to-date symlink: /home/nathan/ros2_ws/install/opennav_coverage_msgs/share/opennav_coverage_msgs/msg/Coordinate.idl
[8.844s] -- Up-to-date symlink: /home/nathan/ros2_ws/install/opennav_coverage_msgs/share/opennav_coverage_msgs/msg/Coordinates.idl
[8.845s] -- Up-to-date symlink: /home/nathan/ros2_ws/install/opennav_coverage_msgs/share/opennav_coverage_msgs/msg/HeadlandMode.idl
[8.847s] -- Up-to-date symlink: /home/nathan/ros2_ws/install/opennav_coverage_msgs/share/opennav_coverage_msgs/msg/SwathMode.idl
[8.899s] -- Up-to-date symlink: /home/nathan/ros2_ws/install/opennav_coverage_msgs/share/opennav_coverage_msgs/msg/RowSwathMode.idl
[8.900s] -- Up-to-date symlink: /home/nathan/ros2_ws/install/opennav_coverage_msgs/share/opennav_coverage_msgs/msg/RouteMode.idl
[8.901s] -- Up-to-date symlink: /home/nathan/ros2_ws/install/opennav_coverage_msgs/share/opennav_coverage_msgs/msg/PathMode.idl
[8.901s] -- Up-to-date symlink: /home/nathan/ros2_ws/install/opennav_coverage_msgs/share/opennav_coverage_msgs/msg/Swath.idl
[8.942s] -- Up-to-date symlink: /home/nathan/ros2_ws/install/opennav_coverage_msgs/share/opennav_coverage_msgs/msg/PathComponents.idl
[8.943s] -- Up-to-date symlink: /home/nathan/ros2_ws/install/opennav_coverage_msgs/share/opennav_coverage_msgs/action/ComputeCoveragePath.idl
[8.943s] -- Up-to-date symlink: /home/nathan/ros2_ws/install/opennav_coverage_msgs/share/opennav_coverage_msgs/action/NavigateCompleteCoverage.idl
[9.009s] -- Up-to-date symlink: /home/nathan/ros2_ws/install/opennav_coverage_msgs/share/opennav_coverage_msgs/msg/Coordinate.msg
[9.010s] -- Up-to-date symlink: /home/nathan/ros2_ws/install/opennav_coverage_msgs/share/opennav_coverage_msgs/msg/Coordinates.msg
[9.011s] -- Up-to-date symlink: /home/nathan/ros2_ws/install/opennav_coverage_msgs/share/opennav_coverage_msgs/msg/HeadlandMode.msg
[9.011s] -- Up-to-date symlink: /home/nathan/ros2_ws/install/opennav_coverage_msgs/share/opennav_coverage_msgs/msg/SwathMode.msg
[9.042s] -- Up-to-date symlink: /home/nathan/ros2_ws/install/opennav_coverage_msgs/share/opennav_coverage_msgs/msg/RowSwathMode.msg
[9.043s] -- Up-to-date symlink: /home/nathan/ros2_ws/install/opennav_coverage_msgs/share/opennav_coverage_msgs/msg/RouteMode.msg
[9.044s] -- Up-to-date symlink: /home/nathan/ros2_ws/install/opennav_coverage_msgs/share/opennav_coverage_msgs/msg/PathMode.msg
[9.098s] -- Up-to-date symlink: /home/nathan/ros2_ws/install/opennav_coverage_msgs/share/opennav_coverage_msgs/msg/Swath.msg
[9.099s] -- Up-to-date symlink: /home/nathan/ros2_ws/install/opennav_coverage_msgs/share/opennav_coverage_msgs/msg/PathComponents.msg
[9.100s] -- Up-to-date symlink: /home/nathan/ros2_ws/install/opennav_coverage_msgs/share/opennav_coverage_msgs/action/ComputeCoveragePath.action
[9.101s] -- Up-to-date symlink: /home/nathan/ros2_ws/install/opennav_coverage_msgs/share/opennav_coverage_msgs/action/NavigateCompleteCoverage.action
[9.101s] -- Up-to-date symlink: /home/nathan/ros2_ws/install/opennav_coverage_msgs/share/ament_index/resource_index/package_run_dependencies/opennav_coverage_msgs
[9.143s] -- Up-to-date symlink: /home/nathan/ros2_ws/install/opennav_coverage_msgs/share/ament_index/resource_index/parent_prefix_path/opennav_coverage_msgs
[9.144s] -- Up-to-date symlink: /home/nathan/ros2_ws/install/opennav_coverage_msgs/share/opennav_coverage_msgs/environment/ament_prefix_path.sh
[9.145s] -- Up-to-date symlink: /home/nathan/ros2_ws/install/opennav_coverage_msgs/share/opennav_coverage_msgs/environment/ament_prefix_path.dsv
[9.198s] -- Up-to-date symlink: /home/nathan/ros2_ws/install/opennav_coverage_msgs/share/opennav_coverage_msgs/environment/path.sh
[9.200s] -- Up-to-date symlink: /home/nathan/ros2_ws/install/opennav_coverage_msgs/share/opennav_coverage_msgs/environment/path.dsv
[9.201s] -- Up-to-date symlink: /home/nathan/ros2_ws/install/opennav_coverage_msgs/share/opennav_coverage_msgs/local_setup.bash
[9.202s] -- Up-to-date symlink: /home/nathan/ros2_ws/install/opennav_coverage_msgs/share/opennav_coverage_msgs/local_setup.sh
[9.231s] -- Up-to-date symlink: /home/nathan/ros2_ws/install/opennav_coverage_msgs/share/opennav_coverage_msgs/local_setup.zsh
[9.233s] -- Up-to-date symlink: /home/nathan/ros2_ws/install/opennav_coverage_msgs/share/opennav_coverage_msgs/local_setup.dsv
[9.233s] -- Symlinking: /home/nathan/ros2_ws/install/opennav_coverage_msgs/share/opennav_coverage_msgs/package.dsv
[9.247s] -- Up-to-date symlink: /home/nathan/ros2_ws/install/opennav_coverage_msgs/share/ament_index/resource_index/packages/opennav_coverage_msgs
[9.299s] -- Up-to-date symlink: /home/nathan/ros2_ws/install/opennav_coverage_msgs/share/opennav_coverage_msgs/cmake/rosidl_cmake-extras.cmake
[9.300s] -- Up-to-date symlink: /home/nathan/ros2_ws/install/opennav_coverage_msgs/share/opennav_coverage_msgs/cmake/ament_cmake_export_dependencies-extras.cmake
[9.301s] -- Up-to-date symlink: /home/nathan/ros2_ws/install/opennav_coverage_msgs/share/opennav_coverage_msgs/cmake/ament_cmake_export_include_directories-extras.cmake
[9.331s] -- Up-to-date symlink: /home/nathan/ros2_ws/install/opennav_coverage_msgs/share/opennav_coverage_msgs/cmake/ament_cmake_export_libraries-extras.cmake
[9.332s] -- Up-to-date symlink: /home/nathan/ros2_ws/install/opennav_coverage_msgs/share/opennav_coverage_msgs/cmake/ament_cmake_export_targets-extras.cmake
[9.333s] -- Up-to-date symlink: /home/nathan/ros2_ws/install/opennav_coverage_msgs/share/opennav_coverage_msgs/cmake/rosidl_cmake_export_typesupport_targets-extras.cmake
[9.334s] -- Up-to-date symlink: /home/nathan/ros2_ws/install/opennav_coverage_msgs/share/opennav_coverage_msgs/cmake/rosidl_cmake_export_typesupport_libraries-extras.cmake
[9.365s] -- Up-to-date symlink: /home/nathan/ros2_ws/install/opennav_coverage_msgs/share/opennav_coverage_msgs/cmake/opennav_coverage_msgsConfig.cmake
[9.366s] -- Up-to-date symlink: /home/nathan/ros2_ws/install/opennav_coverage_msgs/share/opennav_coverage_msgs/cmake/opennav_coverage_msgsConfig-version.cmake
[9.367s] -- Up-to-date symlink: /home/nathan/ros2_ws/install/opennav_coverage_msgs/share/opennav_coverage_msgs/package.xml
[9.448s] -- Up-to-date: /home/nathan/ros2_ws/install/opennav_coverage_msgs/lib/libopennav_coverage_msgs__rosidl_generator_c.so
[9.531s] -- Up-to-date: /home/nathan/ros2_ws/install/opennav_coverage_msgs/lib/libopennav_coverage_msgs__rosidl_typesupport_fastrtps_c.so
[9.622s] -- Up-to-date: /home/nathan/ros2_ws/install/opennav_coverage_msgs/lib/libopennav_coverage_msgs__rosidl_typesupport_fastrtps_cpp.so
[9.722s] -- Up-to-date: /home/nathan/ros2_ws/install/opennav_coverage_msgs/lib/libopennav_coverage_msgs__rosidl_typesupport_introspection_c.so
[9.784s] -- Up-to-date: /home/nathan/ros2_ws/install/opennav_coverage_msgs/lib/libopennav_coverage_msgs__rosidl_typesupport_c.so
[9.853s] -- Up-to-date: /home/nathan/ros2_ws/install/opennav_coverage_msgs/lib/libopennav_coverage_msgs__rosidl_typesupport_introspection_cpp.so
[9.926s] -- Up-to-date: /home/nathan/ros2_ws/install/opennav_coverage_msgs/lib/libopennav_coverage_msgs__rosidl_typesupport_cpp.so
[10.273s] Listing '/home/nathan/ros2_ws/install/opennav_coverage_msgs/local/lib/python3.10/dist-packages/opennav_coverage_msgs'...
[10.273s] Listing '/home/nathan/ros2_ws/install/opennav_coverage_msgs/local/lib/python3.10/dist-packages/opennav_coverage_msgs/action'...
[10.274s] Listing '/home/nathan/ros2_ws/install/opennav_coverage_msgs/local/lib/python3.10/dist-packages/opennav_coverage_msgs/msg'...
[10.358s] -- Up-to-date: /home/nathan/ros2_ws/install/opennav_coverage_msgs/lib/libopennav_coverage_msgs__rosidl_generator_py.so
[10.421s] -- Up-to-date: /home/nathan/ros2_ws/install/opennav_coverage_msgs/share/opennav_coverage_msgs/cmake/export_opennav_coverage_msgs__rosidl_generator_cExport.cmake
[10.421s] -- Up-to-date: /home/nathan/ros2_ws/install/opennav_coverage_msgs/share/opennav_coverage_msgs/cmake/export_opennav_coverage_msgs__rosidl_generator_cExport-noconfig.cmake
[10.450s] -- Up-to-date: /home/nathan/ros2_ws/install/opennav_coverage_msgs/share/opennav_coverage_msgs/cmake/export_opennav_coverage_msgs__rosidl_typesupport_fastrtps_cExport.cmake
[10.451s] -- Up-to-date: /home/nathan/ros2_ws/install/opennav_coverage_msgs/share/opennav_coverage_msgs/cmake/export_opennav_coverage_msgs__rosidl_typesupport_fastrtps_cExport-noconfig.cmake
[10.476s] -- Up-to-date: /home/nathan/ros2_ws/install/opennav_coverage_msgs/share/opennav_coverage_msgs/cmake/export_opennav_coverage_msgs__rosidl_generator_cppExport.cmake
[10.531s] -- Up-to-date: /home/nathan/ros2_ws/install/opennav_coverage_msgs/share/opennav_coverage_msgs/cmake/export_opennav_coverage_msgs__rosidl_typesupport_fastrtps_cppExport.cmake
[10.532s] -- Up-to-date: /home/nathan/ros2_ws/install/opennav_coverage_msgs/share/opennav_coverage_msgs/cmake/export_opennav_coverage_msgs__rosidl_typesupport_fastrtps_cppExport-noconfig.cmake
[10.560s] -- Up-to-date: /home/nathan/ros2_ws/install/opennav_coverage_msgs/share/opennav_coverage_msgs/cmake/opennav_coverage_msgs__rosidl_typesupport_introspection_cExport.cmake
[10.560s] -- Up-to-date: /home/nathan/ros2_ws/install/opennav_coverage_msgs/share/opennav_coverage_msgs/cmake/opennav_coverage_msgs__rosidl_typesupport_introspection_cExport-noconfig.cmake
[10.598s] -- Up-to-date: /home/nathan/ros2_ws/install/opennav_coverage_msgs/share/opennav_coverage_msgs/cmake/opennav_coverage_msgs__rosidl_typesupport_cExport.cmake
[10.598s] -- Up-to-date: /home/nathan/ros2_ws/install/opennav_coverage_msgs/share/opennav_coverage_msgs/cmake/opennav_coverage_msgs__rosidl_typesupport_cExport-noconfig.cmake
[10.665s] -- Up-to-date: /home/nathan/ros2_ws/install/opennav_coverage_msgs/share/opennav_coverage_msgs/cmake/opennav_coverage_msgs__rosidl_typesupport_introspection_cppExport.cmake
[10.665s] -- Up-to-date: /home/nathan/ros2_ws/install/opennav_coverage_msgs/share/opennav_coverage_msgs/cmake/opennav_coverage_msgs__rosidl_typesupport_introspection_cppExport-noconfig.cmake
[10.666s] -- Up-to-date: /home/nathan/ros2_ws/install/opennav_coverage_msgs/share/opennav_coverage_msgs/cmake/opennav_coverage_msgs__rosidl_typesupport_cppExport.cmake
[10.666s] -- Up-to-date: /home/nathan/ros2_ws/install/opennav_coverage_msgs/share/opennav_coverage_msgs/cmake/opennav_coverage_msgs__rosidl_typesupport_cppExport-noconfig.cmake
[10.731s] -- Up-to-date: /home/nathan/ros2_ws/install/opennav_coverage_msgs/share/opennav_coverage_msgs/cmake/export_opennav_coverage_msgs__rosidl_generator_pyExport.cmake
[10.732s] -- Up-to-date: /home/nathan/ros2_ws/install/opennav_coverage_msgs/share/opennav_coverage_msgs/cmake/export_opennav_coverage_msgs__rosidl_generator_pyExport-noconfig.cmake
[10.767s] Invoked command in '/home/nathan/ros2_ws/build/opennav_coverage_msgs' returned '0': CMAKE_PREFIX_PATH=${CMAKE_PREFIX_PATH}:/home/nathan/ros2_ws/install/image_processor:/home/nathan/ros2_ws/install/rdj2025_potato_disease_detection:/home/nathan/ros2_ws/install/joy_tester:/opt/ros/humble /usr/bin/cmake --install /home/nathan/ros2_ws/build/opennav_coverage_msgs
