[0.090s] Invoking command in '/home/limitbreakers/breakers_ws/build/dojo': CMAKE_PREFIX_PATH=${CMAKE_PREFIX_PATH}:/opt/ros/humble /usr/bin/cmake /home/limitbreakers/breakers_ws/src/dojo -DAMENT_CMAKE_SYMLINK_INSTALL=1 -DCMAKE_INSTALL_PREFIX=/home/limitbreakers/breakers_ws/install/dojo
[0.412s] -- The C compiler identification is GNU 11.4.0
[0.732s] -- The CXX compiler identification is GNU 11.4.0
[0.764s] -- Detecting C compiler ABI info
[1.186s] -- Detecting C compiler ABI info - done
[1.212s] -- Check for working C compiler: /usr/bin/cc - skipped
[1.213s] -- Detecting C compile features
[1.215s] -- Detecting C compile features - done
[1.229s] -- Detecting CXX compiler ABI info
[1.670s] -- Detecting CXX compiler ABI info - done
[1.698s] -- Check for working CXX compiler: /usr/bin/c++ - skipped
[1.699s] -- Detecting CXX compile features
[1.701s] -- Detecting CXX compile features - done
[1.736s] -- Found ament_cmake: 1.3.12 (/opt/ros/humble/share/ament_cmake/cmake)
[2.828s] -- Found Python3: /usr/bin/python3 (found version "3.10.12") found components: Interpreter 
[3.405s] -- Override CMake install command with custom implementation using symlinks instead of copying resources
[3.852s] -- Found ament_lint_auto: 0.12.14 (/opt/ros/humble/share/ament_lint_auto/cmake)
[4.500s] -- Added test 'copyright' to check source files copyright and LICENSE
[4.534s] -- Added test 'flake8' to check Python code syntax and style conventions
[4.541s] -- Added test 'lint_cmake' to check CMake code style
[4.546s] -- Added test 'pep257' to check Python code against some of the docstring style conventions in PEP 257
[4.565s] -- Added test 'xmllint' to check XML markup files
[4.577s] -- Configuring done
[4.600s] -- Generating done
[4.609s] -- Build files have been written to: /home/limitbreakers/breakers_ws/build/dojo
[4.635s] Invoked command in '/home/limitbreakers/breakers_ws/build/dojo' returned '0': CMAKE_PREFIX_PATH=${CMAKE_PREFIX_PATH}:/opt/ros/humble /usr/bin/cmake /home/limitbreakers/breakers_ws/src/dojo -DAMENT_CMAKE_SYMLINK_INSTALL=1 -DCMAKE_INSTALL_PREFIX=/home/limitbreakers/breakers_ws/install/dojo
[4.639s] Invoking command in '/home/limitbreakers/breakers_ws/build/dojo': CMAKE_PREFIX_PATH=${CMAKE_PREFIX_PATH}:/opt/ros/humble /usr/bin/cmake --build /home/limitbreakers/breakers_ws/build/dojo -- -j4 -l4
[4.822s] Invoked command in '/home/limitbreakers/breakers_ws/build/dojo' returned '0': CMAKE_PREFIX_PATH=${CMAKE_PREFIX_PATH}:/opt/ros/humble /usr/bin/cmake --build /home/limitbreakers/breakers_ws/build/dojo -- -j4 -l4
[4.864s] Invoking command in '/home/limitbreakers/breakers_ws/build/dojo': CMAKE_PREFIX_PATH=${CMAKE_PREFIX_PATH}:/opt/ros/humble /usr/bin/cmake --install /home/limitbreakers/breakers_ws/build/dojo
[4.898s] -- Install configuration: ""
[4.902s] -- Execute custom install script
[4.906s] -- Symlinking: /home/limitbreakers/breakers_ws/install/dojo/share/dojo/config/default_view.rviz
[4.950s] -- Symlinking: /home/limitbreakers/breakers_ws/install/dojo/share/dojo/config/empty.yaml
[4.998s] -- Symlinking: /home/limitbreakers/breakers_ws/install/dojo/share/dojo/config/my_controllers.yaml
[5.039s] -- Symlinking: /home/limitbreakers/breakers_ws/install/dojo/share/dojo/config/twist_mux.yaml
[5.078s] -- Symlinking: /home/limitbreakers/breakers_ws/install/dojo/share/dojo/description/gazebo_control.xacro
[5.121s] -- Symlinking: /home/limitbreakers/breakers_ws/install/dojo/share/dojo/description/inertial_macros.xacro
[5.179s] -- Symlinking: /home/limitbreakers/breakers_ws/install/dojo/share/dojo/description/lidar.xacro
[5.215s] -- Symlinking: /home/limitbreakers/breakers_ws/install/dojo/share/dojo/description/robot.urdf.xacro
[5.255s] -- Symlinking: /home/limitbreakers/breakers_ws/install/dojo/share/dojo/description/robot_core.xacro
[5.296s] -- Symlinking: /home/limitbreakers/breakers_ws/install/dojo/share/dojo/description/ros2_control.xacro
[5.339s] -- Symlinking: /home/limitbreakers/breakers_ws/install/dojo/share/dojo/launch/launch_robot.launch.py
[5.377s] -- Symlinking: /home/limitbreakers/breakers_ws/install/dojo/share/dojo/launch/launch_sim.launch.py
[5.417s] -- Symlinking: /home/limitbreakers/breakers_ws/install/dojo/share/dojo/launch/rsp.launch.py
[5.453s] -- Symlinking: /home/limitbreakers/breakers_ws/install/dojo/share/dojo/worlds/dojo2024
[5.537s] -- Symlinking: /home/limitbreakers/breakers_ws/install/dojo/share/dojo/worlds/empty.world
[5.600s] -- Symlinking: /home/limitbreakers/breakers_ws/install/dojo/share/dojo/worlds/world_model/model.config
[5.654s] -- Symlinking: /home/limitbreakers/breakers_ws/install/dojo/share/dojo/worlds/world_model/model.sdf
[5.697s] -- Symlinking: /home/limitbreakers/breakers_ws/install/dojo/share/ament_index/resource_index/package_run_dependencies/dojo
[5.838s] -- Symlinking: /home/limitbreakers/breakers_ws/install/dojo/share/ament_index/resource_index/parent_prefix_path/dojo
[5.896s] -- Symlinking: /home/limitbreakers/breakers_ws/install/dojo/share/dojo/environment/ament_prefix_path.sh
[5.966s] -- Symlinking: /home/limitbreakers/breakers_ws/install/dojo/share/dojo/environment/ament_prefix_path.dsv
[6.070s] -- Symlinking: /home/limitbreakers/breakers_ws/install/dojo/share/dojo/environment/path.sh
[6.177s] -- Symlinking: /home/limitbreakers/breakers_ws/install/dojo/share/dojo/environment/path.dsv
[6.237s] -- Symlinking: /home/limitbreakers/breakers_ws/install/dojo/share/dojo/local_setup.bash
[6.285s] -- Symlinking: /home/limitbreakers/breakers_ws/install/dojo/share/dojo/local_setup.sh
[6.386s] -- Symlinking: /home/limitbreakers/breakers_ws/install/dojo/share/dojo/local_setup.zsh
[6.481s] -- Symlinking: /home/limitbreakers/breakers_ws/install/dojo/share/dojo/local_setup.dsv
[6.541s] -- Symlinking: /home/limitbreakers/breakers_ws/install/dojo/share/dojo/package.dsv
[6.589s] -- Symlinking: /home/limitbreakers/breakers_ws/install/dojo/share/ament_index/resource_index/packages/dojo
[6.635s] -- Symlinking: /home/limitbreakers/breakers_ws/install/dojo/share/dojo/cmake/dojoConfig.cmake
[6.683s] -- Symlinking: /home/limitbreakers/breakers_ws/install/dojo/share/dojo/cmake/dojoConfig-version.cmake
[6.732s] -- Symlinking: /home/limitbreakers/breakers_ws/install/dojo/share/dojo/package.xml
[6.811s] Invoked command in '/home/limitbreakers/breakers_ws/build/dojo' returned '0': CMAKE_PREFIX_PATH=${CMAKE_PREFIX_PATH}:/opt/ros/humble /usr/bin/cmake --install /home/limitbreakers/breakers_ws/build/dojo
