[0.050s] Invoking command in '/home/nathan/ros2_ws/build/ppp_bot': CMAKE_PREFIX_PATH=${CMAKE_PREFIX_PATH}:/home/nathan/ros2_ws/install/rdj2025_potato_disease_detection:/home/nathan/ros2_ws/install/joy_tester:/opt/ros/humble /usr/bin/cmake --build /home/nathan/ros2_ws/build/ppp_bot -- -j4 -l4
[0.465s] Invoked command in '/home/nathan/ros2_ws/build/ppp_bot' returned '0': CMAKE_PREFIX_PATH=${CMAKE_PREFIX_PATH}:/home/nathan/ros2_ws/install/rdj2025_potato_disease_detection:/home/nathan/ros2_ws/install/joy_tester:/opt/ros/humble /usr/bin/cmake --build /home/nathan/ros2_ws/build/ppp_bot -- -j4 -l4
[0.466s] Invoking command in '/home/nathan/ros2_ws/build/ppp_bot': CMAKE_PREFIX_PATH=${CMAKE_PREFIX_PATH}:/home/nathan/ros2_ws/install/rdj2025_potato_disease_detection:/home/nathan/ros2_ws/install/joy_tester:/opt/ros/humble /usr/bin/cmake --install /home/nathan/ros2_ws/build/ppp_bot
[0.485s] -- Install configuration: ""
[0.485s] -- Up-to-date: /home/nathan/ros2_ws/install/ppp_bot/share/ppp_bot//description
[0.486s] -- Up-to-date: /home/nathan/ros2_ws/install/ppp_bot/share/ppp_bot//description/ros2_control.xacro
[0.486s] -- Up-to-date: /home/nathan/ros2_ws/install/ppp_bot/share/ppp_bot//description/camera.xacro
[0.486s] -- Up-to-date: /home/nathan/ros2_ws/install/ppp_bot/share/ppp_bot//description/ignition_control.xacro
[0.486s] -- Up-to-date: /home/nathan/ros2_ws/install/ppp_bot/share/ppp_bot//description/lidar.xacro
[0.486s] -- Up-to-date: /home/nathan/ros2_ws/install/ppp_bot/share/ppp_bot//description/depth_camera.xacro
[0.486s] -- Up-to-date: /home/nathan/ros2_ws/install/ppp_bot/share/ppp_bot//description/robot.urdf.xacro
[0.486s] -- Up-to-date: /home/nathan/ros2_ws/install/ppp_bot/share/ppp_bot//description/materials.xacro
[0.489s] -- Up-to-date: /home/nathan/ros2_ws/install/ppp_bot/share/ppp_bot//description/robot_core.xacro
[0.490s] -- Up-to-date: /home/nathan/ros2_ws/install/ppp_bot/share/ppp_bot//description/inertial_macros.xacro
[0.490s] -- Up-to-date: /home/nathan/ros2_ws/install/ppp_bot/share/ppp_bot//launch
[0.491s] -- Up-to-date: /home/nathan/ros2_ws/install/ppp_bot/share/ppp_bot//launch/joystick.launch.py
[0.491s] -- Up-to-date: /home/nathan/ros2_ws/install/ppp_bot/share/ppp_bot//launch/teleop_sim.launch.py
[0.491s] -- Up-to-date: /home/nathan/ros2_ws/install/ppp_bot/share/ppp_bot//launch/navigation.launch.py
[0.491s] -- Up-to-date: /home/nathan/ros2_ws/install/ppp_bot/share/ppp_bot//launch/rsp.launch.py
[0.491s] -- Up-to-date: /home/nathan/ros2_ws/install/ppp_bot/share/ppp_bot//launch/online_async.launch.py
[0.491s] -- Up-to-date: /home/nathan/ros2_ws/install/ppp_bot/share/ppp_bot//launch/launch_ign.launch.py
[0.491s] -- Up-to-date: /home/nathan/ros2_ws/install/ppp_bot/share/ppp_bot//launch/localization.launch.py
[0.492s] -- Up-to-date: /home/nathan/ros2_ws/install/ppp_bot/share/ppp_bot//launch/keyboard.launch.py
[0.492s] -- Up-to-date: /home/nathan/ros2_ws/install/ppp_bot/share/ppp_bot//launch/launch_sim.launch.py
[0.492s] -- Up-to-date: /home/nathan/ros2_ws/install/ppp_bot/share/ppp_bot//launch/legacy_launch_sim.launch.py
[0.493s] -- Up-to-date: /home/nathan/ros2_ws/install/ppp_bot/share/ppp_bot//worlds
[0.493s] -- Up-to-date: /home/nathan/ros2_ws/install/ppp_bot/share/ppp_bot//worlds/room_with_cones.sdf
[0.494s] -- Up-to-date: /home/nathan/ros2_ws/install/ppp_bot/share/ppp_bot//worlds/simple_room.sdf
[0.494s] -- Up-to-date: /home/nathan/ros2_ws/install/ppp_bot/share/ppp_bot//worlds/barrels.sdf
[0.494s] -- Up-to-date: /home/nathan/ros2_ws/install/ppp_bot/share/ppp_bot//worlds/cones.sdf
[0.494s] -- Up-to-date: /home/nathan/ros2_ws/install/ppp_bot/share/ppp_bot//worlds/empty.sdf
[0.494s] -- Up-to-date: /home/nathan/ros2_ws/install/ppp_bot/share/ppp_bot//worlds/moving_robot.sdf
[0.494s] -- Up-to-date: /home/nathan/ros2_ws/install/ppp_bot/share/ppp_bot//worlds/cones2.sdf
[0.494s] -- Up-to-date: /home/nathan/ros2_ws/install/ppp_bot/share/ppp_bot//worlds/maze.sdf
[0.495s] -- Up-to-date: /home/nathan/ros2_ws/install/ppp_bot/share/ppp_bot//worlds/room.sdf
[0.495s] -- Up-to-date: /home/nathan/ros2_ws/install/ppp_bot/share/ppp_bot//config
[0.495s] -- Up-to-date: /home/nathan/ros2_ws/install/ppp_bot/share/ppp_bot//config/my_controllers.yaml
[0.495s] -- Up-to-date: /home/nathan/ros2_ws/install/ppp_bot/share/ppp_bot//config/default.rviz
[0.495s] -- Up-to-date: /home/nathan/ros2_ws/install/ppp_bot/share/ppp_bot//config/joystick.yaml
[0.495s] -- Up-to-date: /home/nathan/ros2_ws/install/ppp_bot/share/ppp_bot//config/twist_mux.yaml
[0.496s] -- Up-to-date: /home/nathan/ros2_ws/install/ppp_bot/share/ppp_bot//config/mapper_params_online_async.yaml
[0.496s] -- Up-to-date: /home/nathan/ros2_ws/install/ppp_bot/share/ppp_bot//config/nav2_params.yaml
[0.496s] -- Up-to-date: /home/nathan/ros2_ws/install/ppp_bot/share/ppp_bot//models
[0.496s] -- Up-to-date: /home/nathan/ros2_ws/install/ppp_bot/share/ppp_bot//models/construction_barrel
[0.496s] -- Up-to-date: /home/nathan/ros2_ws/install/ppp_bot/share/ppp_bot//models/construction_barrel/meshes
[0.496s] -- Up-to-date: /home/nathan/ros2_ws/install/ppp_bot/share/ppp_bot//models/construction_barrel/meshes/construction_barrel.dae
[0.496s] -- Up-to-date: /home/nathan/ros2_ws/install/ppp_bot/share/ppp_bot//models/construction_barrel/thumbnails
[0.496s] -- Up-to-date: /home/nathan/ros2_ws/install/ppp_bot/share/ppp_bot//models/construction_barrel/thumbnails/3.png
[0.497s] -- Up-to-date: /home/nathan/ros2_ws/install/ppp_bot/share/ppp_bot//models/construction_barrel/thumbnails/1.png
[0.497s] -- Up-to-date: /home/nathan/ros2_ws/install/ppp_bot/share/ppp_bot//models/construction_barrel/thumbnails/5.png
[0.497s] -- Up-to-date: /home/nathan/ros2_ws/install/ppp_bot/share/ppp_bot//models/construction_barrel/thumbnails/4.png
[0.497s] -- Up-to-date: /home/nathan/ros2_ws/install/ppp_bot/share/ppp_bot//models/construction_barrel/thumbnails/2.png
[0.498s] -- Up-to-date: /home/nathan/ros2_ws/install/ppp_bot/share/ppp_bot//models/construction_barrel/model.config
[0.498s] -- Up-to-date: /home/nathan/ros2_ws/install/ppp_bot/share/ppp_bot//models/construction_barrel/model.sdf
[0.498s] -- Up-to-date: /home/nathan/ros2_ws/install/ppp_bot/share/ppp_bot//models/construction_barrel/materials
[0.498s] -- Up-to-date: /home/nathan/ros2_ws/install/ppp_bot/share/ppp_bot//models/construction_barrel/materials/textures
[0.498s] -- Up-to-date: /home/nathan/ros2_ws/install/ppp_bot/share/ppp_bot//models/construction_barrel/materials/textures/Construction_Barrel_Diffuse.png
[0.498s] -- Up-to-date: /home/nathan/ros2_ws/install/ppp_bot/share/ppp_bot//models/construction_barrel/materials/textures/Construction_Barrel_Spec.png
[0.498s] -- Up-to-date: /home/nathan/ros2_ws/install/ppp_bot/share/ppp_bot//models/construction_barrel/model-1_3.sdf
[0.498s] -- Up-to-date: /home/nathan/ros2_ws/install/ppp_bot/share/ppp_bot//models/construction_barrel/model-1_4.sdf
[0.498s] -- Up-to-date: /home/nathan/ros2_ws/install/ppp_bot/share/ppp_bot//models/construction_cone
[0.498s] -- Up-to-date: /home/nathan/ros2_ws/install/ppp_bot/share/ppp_bot//models/construction_cone/meshes
[0.499s] -- Up-to-date: /home/nathan/ros2_ws/install/ppp_bot/share/ppp_bot//models/construction_cone/meshes/construction_cone.dae
[0.499s] -- Up-to-date: /home/nathan/ros2_ws/install/ppp_bot/share/ppp_bot//models/construction_cone/thumbnails
[0.499s] -- Up-to-date: /home/nathan/ros2_ws/install/ppp_bot/share/ppp_bot//models/construction_cone/thumbnails/3.png
[0.499s] -- Up-to-date: /home/nathan/ros2_ws/install/ppp_bot/share/ppp_bot//models/construction_cone/thumbnails/1.png
[0.499s] -- Up-to-date: /home/nathan/ros2_ws/install/ppp_bot/share/ppp_bot//models/construction_cone/thumbnails/5.png
[0.499s] -- Up-to-date: /home/nathan/ros2_ws/install/ppp_bot/share/ppp_bot//models/construction_cone/thumbnails/4.png
[0.499s] -- Up-to-date: /home/nathan/ros2_ws/install/ppp_bot/share/ppp_bot//models/construction_cone/thumbnails/2.png
[0.499s] -- Up-to-date: /home/nathan/ros2_ws/install/ppp_bot/share/ppp_bot//models/construction_cone/model.config
[0.503s] -- Up-to-date: /home/nathan/ros2_ws/install/ppp_bot/share/ppp_bot//models/construction_cone/model.sdf
[0.504s] -- Up-to-date: /home/nathan/ros2_ws/install/ppp_bot/share/ppp_bot//models/construction_cone/materials
[0.504s] -- Up-to-date: /home/nathan/ros2_ws/install/ppp_bot/share/ppp_bot//models/construction_cone/materials/textures
[0.504s] -- Up-to-date: /home/nathan/ros2_ws/install/ppp_bot/share/ppp_bot//models/construction_cone/materials/textures/Construction_Cone_Diffuse.png
[0.504s] -- Up-to-date: /home/nathan/ros2_ws/install/ppp_bot/share/ppp_bot//models/construction_cone/model-1_3.sdf
[0.504s] -- Up-to-date: /home/nathan/ros2_ws/install/ppp_bot/share/ppp_bot//models/construction_cone/model-1_4.sdf
[0.504s] -- Up-to-date: /home/nathan/ros2_ws/install/ppp_bot/share/ppp_bot//models/maze
[0.505s] -- Up-to-date: /home/nathan/ros2_ws/install/ppp_bot/share/ppp_bot//models/maze/model.config
[0.505s] -- Up-to-date: /home/nathan/ros2_ws/install/ppp_bot/share/ppp_bot//models/maze/model.sdf
[0.505s] -- Up-to-date: /home/nathan/ros2_ws/install/ppp_bot/share/ppp_bot//models/room
[0.505s] -- Up-to-date: /home/nathan/ros2_ws/install/ppp_bot/share/ppp_bot//models/room/model.config
[0.505s] -- Up-to-date: /home/nathan/ros2_ws/install/ppp_bot/share/ppp_bot//models/room/model.sdf
[0.505s] -- Up-to-date: /home/nathan/ros2_ws/install/ppp_bot/share/ppp_bot//models/simple_room
[0.505s] -- Up-to-date: /home/nathan/ros2_ws/install/ppp_bot/share/ppp_bot//models/simple_room/model.config
[0.506s] -- Up-to-date: /home/nathan/ros2_ws/install/ppp_bot/share/ppp_bot//models/simple_room/model.sdf
[0.506s] -- Up-to-date: /home/nathan/ros2_ws/install/ppp_bot/share/ppp_bot//maps
[0.506s] -- Up-to-date: /home/nathan/ros2_ws/install/ppp_bot/share/ppp_bot//maps/room_with_cones.pgm
[0.506s] -- Up-to-date: /home/nathan/ros2_ws/install/ppp_bot/share/ppp_bot//maps/room.posegraph
[0.508s] -- Up-to-date: /home/nathan/ros2_ws/install/ppp_bot/share/ppp_bot//maps/simple_room.data
[0.508s] -- Up-to-date: /home/nathan/ros2_ws/install/ppp_bot/share/ppp_bot//maps/room.data
[0.509s] -- Up-to-date: /home/nathan/ros2_ws/install/ppp_bot/share/ppp_bot//maps/cones.pgm
[0.509s] -- Up-to-date: /home/nathan/ros2_ws/install/ppp_bot/share/ppp_bot//maps/baseline.yaml
[0.509s] -- Up-to-date: /home/nathan/ros2_ws/install/ppp_bot/share/ppp_bot//maps/room_with_cones.yaml
[0.509s] -- Up-to-date: /home/nathan/ros2_ws/install/ppp_bot/share/ppp_bot//maps/cones2.pgm
[0.509s] -- Up-to-date: /home/nathan/ros2_ws/install/ppp_bot/share/ppp_bot//maps/simple_room.pgm
[0.509s] -- Up-to-date: /home/nathan/ros2_ws/install/ppp_bot/share/ppp_bot//maps/maze.pgm
[0.509s] -- Up-to-date: /home/nathan/ros2_ws/install/ppp_bot/share/ppp_bot//maps/simple_room.posegraph
[0.510s] -- Up-to-date: /home/nathan/ros2_ws/install/ppp_bot/share/ppp_bot//maps/maze.yaml
[0.510s] -- Up-to-date: /home/nathan/ros2_ws/install/ppp_bot/share/ppp_bot//maps/cones.yaml
[0.510s] -- Up-to-date: /home/nathan/ros2_ws/install/ppp_bot/share/ppp_bot//maps/room.yaml
[0.510s] -- Up-to-date: /home/nathan/ros2_ws/install/ppp_bot/share/ppp_bot//maps/cones2.yaml
[0.510s] -- Up-to-date: /home/nathan/ros2_ws/install/ppp_bot/share/ppp_bot//maps/maze.data
[0.510s] -- Up-to-date: /home/nathan/ros2_ws/install/ppp_bot/share/ppp_bot//maps/room_with_cones.posegraph
[0.510s] -- Up-to-date: /home/nathan/ros2_ws/install/ppp_bot/share/ppp_bot//maps/cones.data
[0.510s] -- Up-to-date: /home/nathan/ros2_ws/install/ppp_bot/share/ppp_bot//maps/room_with_cones.data
[0.511s] -- Up-to-date: /home/nathan/ros2_ws/install/ppp_bot/share/ppp_bot//maps/simple_room.yaml
[0.511s] -- Up-to-date: /home/nathan/ros2_ws/install/ppp_bot/share/ppp_bot//maps/baseline.pgm
[0.511s] -- Up-to-date: /home/nathan/ros2_ws/install/ppp_bot/share/ppp_bot//maps/room.pgm
[0.511s] -- Up-to-date: /home/nathan/ros2_ws/install/ppp_bot/share/ppp_bot//maps/cones.posegraph
[0.514s] -- Up-to-date: /home/nathan/ros2_ws/install/ppp_bot/share/ppp_bot//maps/maze.posegraph
[0.514s] -- Up-to-date: /home/nathan/ros2_ws/install/ppp_bot/share/ament_index/resource_index/package_run_dependencies/ppp_bot
[0.514s] -- Up-to-date: /home/nathan/ros2_ws/install/ppp_bot/share/ament_index/resource_index/parent_prefix_path/ppp_bot
[0.514s] -- Up-to-date: /home/nathan/ros2_ws/install/ppp_bot/share/ppp_bot/environment/ament_prefix_path.sh
[0.514s] -- Up-to-date: /home/nathan/ros2_ws/install/ppp_bot/share/ppp_bot/environment/ament_prefix_path.dsv
[0.514s] -- Up-to-date: /home/nathan/ros2_ws/install/ppp_bot/share/ppp_bot/environment/path.sh
[0.514s] -- Up-to-date: /home/nathan/ros2_ws/install/ppp_bot/share/ppp_bot/environment/path.dsv
[0.515s] -- Up-to-date: /home/nathan/ros2_ws/install/ppp_bot/share/ppp_bot/local_setup.bash
[0.515s] -- Up-to-date: /home/nathan/ros2_ws/install/ppp_bot/share/ppp_bot/local_setup.sh
[0.515s] -- Up-to-date: /home/nathan/ros2_ws/install/ppp_bot/share/ppp_bot/local_setup.zsh
[0.515s] -- Up-to-date: /home/nathan/ros2_ws/install/ppp_bot/share/ppp_bot/local_setup.dsv
[0.515s] -- Installing: /home/nathan/ros2_ws/install/ppp_bot/share/ppp_bot/package.dsv
[0.515s] -- Up-to-date: /home/nathan/ros2_ws/install/ppp_bot/share/ament_index/resource_index/packages/ppp_bot
[0.515s] -- Up-to-date: /home/nathan/ros2_ws/install/ppp_bot/share/ppp_bot/cmake/ppp_botConfig.cmake
[0.515s] -- Up-to-date: /home/nathan/ros2_ws/install/ppp_bot/share/ppp_bot/cmake/ppp_botConfig-version.cmake
[0.516s] -- Up-to-date: /home/nathan/ros2_ws/install/ppp_bot/share/ppp_bot/package.xml
[0.521s] Invoked command in '/home/nathan/ros2_ws/build/ppp_bot' returned '0': CMAKE_PREFIX_PATH=${CMAKE_PREFIX_PATH}:/home/nathan/ros2_ws/install/rdj2025_potato_disease_detection:/home/nathan/ros2_ws/install/joy_tester:/opt/ros/humble /usr/bin/cmake --install /home/nathan/ros2_ws/build/ppp_bot
