[6.994s] Invoking command in '/home/nathan/ros2_ws/build/rdj2025_potato_disease_detection': PYTHONPATH=/home/nathan/ros2_ws/build/rdj2025_potato_disease_detection/prefix_override:/usr/lib/python3/dist-packages/colcon_core/task/python/colcon_distutils_commands:/home/nathan/ros2_ws/install/rdj2025_potato_disease_detection/lib/python3.10/site-packages:${PYTHONPATH} /usr/bin/python3 -W ignore:setup.py install is deprecated -W ignore:easy_install command is deprecated setup.py develop --editable --build-directory /home/nathan/ros2_ws/build/rdj2025_potato_disease_detection/build --no-deps symlink_data --force
[7.755s] running develop
[8.197s] running egg_info
[8.199s] writing rdj2025_potato_disease_detection.egg-info/PKG-INFO
[8.199s] writing dependency_links to rdj2025_potato_disease_detection.egg-info/dependency_links.txt
[8.200s] writing entry points to rdj2025_potato_disease_detection.egg-info/entry_points.txt
[8.201s] writing requirements to rdj2025_potato_disease_detection.egg-info/requires.txt
[8.201s] writing top-level names to rdj2025_potato_disease_detection.egg-info/top_level.txt
[8.204s] reading manifest file 'rdj2025_potato_disease_detection.egg-info/SOURCES.txt'
[8.206s] writing manifest file 'rdj2025_potato_disease_detection.egg-info/SOURCES.txt'
[8.211s] running build_ext
[8.227s] Creating /home/nathan/ros2_ws/install/rdj2025_potato_disease_detection/lib/python3.10/site-packages/rdj2025-potato-disease-detection.egg-link (link to .)
[8.227s] Installing potato_disease_detection_node script to /home/nathan/ros2_ws/install/rdj2025_potato_disease_detection/lib/rdj2025_potato_disease_detection
[8.227s] Installing publish_test_image script to /home/nathan/ros2_ws/install/rdj2025_potato_disease_detection/lib/rdj2025_potato_disease_detection
[8.228s] 
[8.228s] Installed /home/nathan/ros2_ws/build/rdj2025_potato_disease_detection
[8.228s] running symlink_data
[8.228s] symbolically linking /home/nathan/ros2_ws/build/rdj2025_potato_disease_detection/resource/rdj2025_potato_disease_detection -> /home/nathan/ros2_ws/install/rdj2025_potato_disease_detection/share/ament_index/resource_index/packages
[8.228s] symbolically linking /home/nathan/ros2_ws/build/rdj2025_potato_disease_detection/package.xml -> /home/nathan/ros2_ws/install/rdj2025_potato_disease_detection/share/rdj2025_potato_disease_detection
[8.289s] Invoked command in '/home/nathan/ros2_ws/build/rdj2025_potato_disease_detection' returned '0': PYTHONPATH=/home/nathan/ros2_ws/build/rdj2025_potato_disease_detection/prefix_override:/usr/lib/python3/dist-packages/colcon_core/task/python/colcon_distutils_commands:/home/nathan/ros2_ws/install/rdj2025_potato_disease_detection/lib/python3.10/site-packages:${PYTHONPATH} /usr/bin/python3 -W ignore:setup.py install is deprecated -W ignore:easy_install command is deprecated setup.py develop --editable --build-directory /home/nathan/ros2_ws/build/rdj2025_potato_disease_detection/build --no-deps symlink_data --force
