-- Install configuration: ""
-- Up-to-date: /home/nathan/ros2_ws/install/ppp_bot/share/ppp_bot//description
-- Up-to-date: /home/nathan/ros2_ws/install/ppp_bot/share/ppp_bot//description/ros2_control.xacro
-- Up-to-date: /home/nathan/ros2_ws/install/ppp_bot/share/ppp_bot//description/camera.xacro
-- Up-to-date: /home/nathan/ros2_ws/install/ppp_bot/share/ppp_bot//description/ignition_control.xacro
-- Up-to-date: /home/nathan/ros2_ws/install/ppp_bot/share/ppp_bot//description/lidar.xacro
-- Up-to-date: /home/nathan/ros2_ws/install/ppp_bot/share/ppp_bot//description/depth_camera.xacro
-- Up-to-date: /home/nathan/ros2_ws/install/ppp_bot/share/ppp_bot//description/robot.urdf.xacro
-- Up-to-date: /home/nathan/ros2_ws/install/ppp_bot/share/ppp_bot//description/materials.xacro
-- Up-to-date: /home/nathan/ros2_ws/install/ppp_bot/share/ppp_bot//description/robot_core.xacro
-- Up-to-date: /home/nathan/ros2_ws/install/ppp_bot/share/ppp_bot//description/inertial_macros.xacro
-- Up-to-date: /home/nathan/ros2_ws/install/ppp_bot/share/ppp_bot//launch
-- Up-to-date: /home/nathan/ros2_ws/install/ppp_bot/share/ppp_bot//launch/joystick.launch.py
-- Up-to-date: /home/nathan/ros2_ws/install/ppp_bot/share/ppp_bot//launch/teleop_sim.launch.py
-- Up-to-date: /home/nathan/ros2_ws/install/ppp_bot/share/ppp_bot//launch/navigation.launch.py
-- Up-to-date: /home/nathan/ros2_ws/install/ppp_bot/share/ppp_bot//launch/rsp.launch.py
-- Up-to-date: /home/nathan/ros2_ws/install/ppp_bot/share/ppp_bot//launch/online_async.launch.py
-- Up-to-date: /home/nathan/ros2_ws/install/ppp_bot/share/ppp_bot//launch/launch_ign.launch.py
-- Up-to-date: /home/nathan/ros2_ws/install/ppp_bot/share/ppp_bot//launch/localization.launch.py
-- Up-to-date: /home/nathan/ros2_ws/install/ppp_bot/share/ppp_bot//launch/keyboard.launch.py
-- Up-to-date: /home/nathan/ros2_ws/install/ppp_bot/share/ppp_bot//launch/launch_sim.launch.py
-- Up-to-date: /home/nathan/ros2_ws/install/ppp_bot/share/ppp_bot//launch/legacy_launch_sim.launch.py
-- Up-to-date: /home/nathan/ros2_ws/install/ppp_bot/share/ppp_bot//worlds
-- Up-to-date: /home/nathan/ros2_ws/install/ppp_bot/share/ppp_bot//worlds/room_with_cones.sdf
-- Up-to-date: /home/nathan/ros2_ws/install/ppp_bot/share/ppp_bot//worlds/simple_room.sdf
-- Up-to-date: /home/nathan/ros2_ws/install/ppp_bot/share/ppp_bot//worlds/barrels.sdf
-- Up-to-date: /home/nathan/ros2_ws/install/ppp_bot/share/ppp_bot//worlds/cones.sdf
-- Up-to-date: /home/nathan/ros2_ws/install/ppp_bot/share/ppp_bot//worlds/empty.sdf
-- Up-to-date: /home/nathan/ros2_ws/install/ppp_bot/share/ppp_bot//worlds/moving_robot.sdf
-- Up-to-date: /home/nathan/ros2_ws/install/ppp_bot/share/ppp_bot//worlds/cones2.sdf
-- Up-to-date: /home/nathan/ros2_ws/install/ppp_bot/share/ppp_bot//worlds/maze.sdf
-- Up-to-date: /home/nathan/ros2_ws/install/ppp_bot/share/ppp_bot//worlds/room.sdf
-- Up-to-date: /home/nathan/ros2_ws/install/ppp_bot/share/ppp_bot//config
-- Up-to-date: /home/nathan/ros2_ws/install/ppp_bot/share/ppp_bot//config/my_controllers.yaml
-- Up-to-date: /home/nathan/ros2_ws/install/ppp_bot/share/ppp_bot//config/default.rviz
-- Up-to-date: /home/nathan/ros2_ws/install/ppp_bot/share/ppp_bot//config/joystick.yaml
-- Up-to-date: /home/nathan/ros2_ws/install/ppp_bot/share/ppp_bot//config/twist_mux.yaml
-- Up-to-date: /home/nathan/ros2_ws/install/ppp_bot/share/ppp_bot//config/mapper_params_online_async.yaml
-- Up-to-date: /home/nathan/ros2_ws/install/ppp_bot/share/ppp_bot//config/nav2_params.yaml
-- Up-to-date: /home/nathan/ros2_ws/install/ppp_bot/share/ppp_bot//models
-- Up-to-date: /home/nathan/ros2_ws/install/ppp_bot/share/ppp_bot//models/construction_barrel
-- Up-to-date: /home/nathan/ros2_ws/install/ppp_bot/share/ppp_bot//models/construction_barrel/meshes
-- Up-to-date: /home/nathan/ros2_ws/install/ppp_bot/share/ppp_bot//models/construction_barrel/meshes/construction_barrel.dae
-- Up-to-date: /home/nathan/ros2_ws/install/ppp_bot/share/ppp_bot//models/construction_barrel/thumbnails
-- Up-to-date: /home/nathan/ros2_ws/install/ppp_bot/share/ppp_bot//models/construction_barrel/thumbnails/3.png
-- Up-to-date: /home/nathan/ros2_ws/install/ppp_bot/share/ppp_bot//models/construction_barrel/thumbnails/1.png
-- Up-to-date: /home/nathan/ros2_ws/install/ppp_bot/share/ppp_bot//models/construction_barrel/thumbnails/5.png
-- Up-to-date: /home/nathan/ros2_ws/install/ppp_bot/share/ppp_bot//models/construction_barrel/thumbnails/4.png
-- Up-to-date: /home/nathan/ros2_ws/install/ppp_bot/share/ppp_bot//models/construction_barrel/thumbnails/2.png
-- Up-to-date: /home/nathan/ros2_ws/install/ppp_bot/share/ppp_bot//models/construction_barrel/model.config
-- Up-to-date: /home/nathan/ros2_ws/install/ppp_bot/share/ppp_bot//models/construction_barrel/model.sdf
-- Up-to-date: /home/nathan/ros2_ws/install/ppp_bot/share/ppp_bot//models/construction_barrel/materials
-- Up-to-date: /home/nathan/ros2_ws/install/ppp_bot/share/ppp_bot//models/construction_barrel/materials/textures
-- Up-to-date: /home/nathan/ros2_ws/install/ppp_bot/share/ppp_bot//models/construction_barrel/materials/textures/Construction_Barrel_Diffuse.png
-- Up-to-date: /home/nathan/ros2_ws/install/ppp_bot/share/ppp_bot//models/construction_barrel/materials/textures/Construction_Barrel_Spec.png
-- Up-to-date: /home/nathan/ros2_ws/install/ppp_bot/share/ppp_bot//models/construction_barrel/model-1_3.sdf
-- Up-to-date: /home/nathan/ros2_ws/install/ppp_bot/share/ppp_bot//models/construction_barrel/model-1_4.sdf
-- Up-to-date: /home/nathan/ros2_ws/install/ppp_bot/share/ppp_bot//models/construction_cone
-- Up-to-date: /home/nathan/ros2_ws/install/ppp_bot/share/ppp_bot//models/construction_cone/meshes
-- Up-to-date: /home/nathan/ros2_ws/install/ppp_bot/share/ppp_bot//models/construction_cone/meshes/construction_cone.dae
-- Up-to-date: /home/nathan/ros2_ws/install/ppp_bot/share/ppp_bot//models/construction_cone/thumbnails
-- Up-to-date: /home/nathan/ros2_ws/install/ppp_bot/share/ppp_bot//models/construction_cone/thumbnails/3.png
-- Up-to-date: /home/nathan/ros2_ws/install/ppp_bot/share/ppp_bot//models/construction_cone/thumbnails/1.png
-- Up-to-date: /home/nathan/ros2_ws/install/ppp_bot/share/ppp_bot//models/construction_cone/thumbnails/5.png
-- Up-to-date: /home/nathan/ros2_ws/install/ppp_bot/share/ppp_bot//models/construction_cone/thumbnails/4.png
-- Up-to-date: /home/nathan/ros2_ws/install/ppp_bot/share/ppp_bot//models/construction_cone/thumbnails/2.png
-- Up-to-date: /home/nathan/ros2_ws/install/ppp_bot/share/ppp_bot//models/construction_cone/model.config
-- Up-to-date: /home/nathan/ros2_ws/install/ppp_bot/share/ppp_bot//models/construction_cone/model.sdf
-- Up-to-date: /home/nathan/ros2_ws/install/ppp_bot/share/ppp_bot//models/construction_cone/materials
-- Up-to-date: /home/nathan/ros2_ws/install/ppp_bot/share/ppp_bot//models/construction_cone/materials/textures
-- Up-to-date: /home/nathan/ros2_ws/install/ppp_bot/share/ppp_bot//models/construction_cone/materials/textures/Construction_Cone_Diffuse.png
-- Up-to-date: /home/nathan/ros2_ws/install/ppp_bot/share/ppp_bot//models/construction_cone/model-1_3.sdf
-- Up-to-date: /home/nathan/ros2_ws/install/ppp_bot/share/ppp_bot//models/construction_cone/model-1_4.sdf
-- Up-to-date: /home/nathan/ros2_ws/install/ppp_bot/share/ppp_bot//models/maze
-- Up-to-date: /home/nathan/ros2_ws/install/ppp_bot/share/ppp_bot//models/maze/model.config
-- Up-to-date: /home/nathan/ros2_ws/install/ppp_bot/share/ppp_bot//models/maze/model.sdf
-- Up-to-date: /home/nathan/ros2_ws/install/ppp_bot/share/ppp_bot//models/room
-- Up-to-date: /home/nathan/ros2_ws/install/ppp_bot/share/ppp_bot//models/room/model.config
-- Up-to-date: /home/nathan/ros2_ws/install/ppp_bot/share/ppp_bot//models/room/model.sdf
-- Up-to-date: /home/nathan/ros2_ws/install/ppp_bot/share/ppp_bot//models/simple_room
-- Up-to-date: /home/nathan/ros2_ws/install/ppp_bot/share/ppp_bot//models/simple_room/model.config
-- Up-to-date: /home/nathan/ros2_ws/install/ppp_bot/share/ppp_bot//models/simple_room/model.sdf
-- Up-to-date: /home/nathan/ros2_ws/install/ppp_bot/share/ppp_bot//maps
-- Up-to-date: /home/nathan/ros2_ws/install/ppp_bot/share/ppp_bot//maps/room_with_cones.pgm
-- Up-to-date: /home/nathan/ros2_ws/install/ppp_bot/share/ppp_bot//maps/room.posegraph
-- Up-to-date: /home/nathan/ros2_ws/install/ppp_bot/share/ppp_bot//maps/simple_room.data
-- Up-to-date: /home/nathan/ros2_ws/install/ppp_bot/share/ppp_bot//maps/room.data
-- Up-to-date: /home/nathan/ros2_ws/install/ppp_bot/share/ppp_bot//maps/cones.pgm
-- Up-to-date: /home/nathan/ros2_ws/install/ppp_bot/share/ppp_bot//maps/baseline.yaml
-- Up-to-date: /home/nathan/ros2_ws/install/ppp_bot/share/ppp_bot//maps/room_with_cones.yaml
-- Up-to-date: /home/nathan/ros2_ws/install/ppp_bot/share/ppp_bot//maps/cones2.pgm
-- Up-to-date: /home/nathan/ros2_ws/install/ppp_bot/share/ppp_bot//maps/simple_room.pgm
-- Up-to-date: /home/nathan/ros2_ws/install/ppp_bot/share/ppp_bot//maps/maze.pgm
-- Up-to-date: /home/nathan/ros2_ws/install/ppp_bot/share/ppp_bot//maps/simple_room.posegraph
-- Up-to-date: /home/nathan/ros2_ws/install/ppp_bot/share/ppp_bot//maps/maze.yaml
-- Up-to-date: /home/nathan/ros2_ws/install/ppp_bot/share/ppp_bot//maps/cones.yaml
-- Up-to-date: /home/nathan/ros2_ws/install/ppp_bot/share/ppp_bot//maps/room.yaml
-- Up-to-date: /home/nathan/ros2_ws/install/ppp_bot/share/ppp_bot//maps/cones2.yaml
-- Up-to-date: /home/nathan/ros2_ws/install/ppp_bot/share/ppp_bot//maps/maze.data
-- Up-to-date: /home/nathan/ros2_ws/install/ppp_bot/share/ppp_bot//maps/room_with_cones.posegraph
-- Up-to-date: /home/nathan/ros2_ws/install/ppp_bot/share/ppp_bot//maps/cones.data
-- Up-to-date: /home/nathan/ros2_ws/install/ppp_bot/share/ppp_bot//maps/room_with_cones.data
-- Up-to-date: /home/nathan/ros2_ws/install/ppp_bot/share/ppp_bot//maps/simple_room.yaml
-- Up-to-date: /home/nathan/ros2_ws/install/ppp_bot/share/ppp_bot//maps/baseline.pgm
-- Up-to-date: /home/nathan/ros2_ws/install/ppp_bot/share/ppp_bot//maps/room.pgm
-- Up-to-date: /home/nathan/ros2_ws/install/ppp_bot/share/ppp_bot//maps/cones.posegraph
-- Up-to-date: /home/nathan/ros2_ws/install/ppp_bot/share/ppp_bot//maps/maze.posegraph
-- Up-to-date: /home/nathan/ros2_ws/install/ppp_bot/share/ament_index/resource_index/package_run_dependencies/ppp_bot
-- Up-to-date: /home/nathan/ros2_ws/install/ppp_bot/share/ament_index/resource_index/parent_prefix_path/ppp_bot
-- Up-to-date: /home/nathan/ros2_ws/install/ppp_bot/share/ppp_bot/environment/ament_prefix_path.sh
-- Up-to-date: /home/nathan/ros2_ws/install/ppp_bot/share/ppp_bot/environment/ament_prefix_path.dsv
-- Up-to-date: /home/nathan/ros2_ws/install/ppp_bot/share/ppp_bot/environment/path.sh
-- Up-to-date: /home/nathan/ros2_ws/install/ppp_bot/share/ppp_bot/environment/path.dsv
-- Up-to-date: /home/nathan/ros2_ws/install/ppp_bot/share/ppp_bot/local_setup.bash
-- Up-to-date: /home/nathan/ros2_ws/install/ppp_bot/share/ppp_bot/local_setup.sh
-- Up-to-date: /home/nathan/ros2_ws/install/ppp_bot/share/ppp_bot/local_setup.zsh
-- Up-to-date: /home/nathan/ros2_ws/install/ppp_bot/share/ppp_bot/local_setup.dsv
-- Up-to-date: /home/nathan/ros2_ws/install/ppp_bot/share/ppp_bot/package.dsv
-- Up-to-date: /home/nathan/ros2_ws/install/ppp_bot/share/ament_index/resource_index/packages/ppp_bot
-- Up-to-date: /home/nathan/ros2_ws/install/ppp_bot/share/ppp_bot/cmake/ppp_botConfig.cmake
-- Up-to-date: /home/nathan/ros2_ws/install/ppp_bot/share/ppp_bot/cmake/ppp_botConfig-version.cmake
-- Up-to-date: /home/nathan/ros2_ws/install/ppp_bot/share/ppp_bot/package.xml
