[0.099s] Invoking command in '/home/nathan/ros2_ws/build/dojo': CMAKE_PREFIX_PATH=${CMAKE_PREFIX_PATH}:/home/nathan/ros2_ws/install/joy_tester:/opt/ros/humble /usr/bin/cmake --build /home/nathan/ros2_ws/build/dojo -- -j4 -l4
[0.995s] Invoked command in '/home/nathan/ros2_ws/build/dojo' returned '0': CMAKE_PREFIX_PATH=${CMAKE_PREFIX_PATH}:/home/nathan/ros2_ws/install/joy_tester:/opt/ros/humble /usr/bin/cmake --build /home/nathan/ros2_ws/build/dojo -- -j4 -l4
[0.999s] Invoking command in '/home/nathan/ros2_ws/build/dojo': CMAKE_PREFIX_PATH=${CMAKE_PREFIX_PATH}:/home/nathan/ros2_ws/install/joy_tester:/opt/ros/humble /usr/bin/cmake --install /home/nathan/ros2_ws/build/dojo
[1.073s] -- Install configuration: ""
[1.073s] -- Up-to-date: /home/nathan/ros2_ws/install/dojo/share/dojo/config
[1.074s] -- Up-to-date: /home/nathan/ros2_ws/install/dojo/share/dojo/config/my_controllers.yaml
[1.074s] -- Up-to-date: /home/nathan/ros2_ws/install/dojo/share/dojo/config/joystick.yaml
[1.074s] -- Up-to-date: /home/nathan/ros2_ws/install/dojo/share/dojo/config/default_view.rviz
[1.077s] -- Up-to-date: /home/nathan/ros2_ws/install/dojo/share/dojo/config/gazebo_params.yaml
[1.077s] -- Up-to-date: /home/nathan/ros2_ws/install/dojo/share/dojo/config/gaz_ros2_ctl_use_sim.yaml
[1.077s] -- Up-to-date: /home/nathan/ros2_ws/install/dojo/share/dojo/config/twist_mux.yaml
[1.078s] -- Up-to-date: /home/nathan/ros2_ws/install/dojo/share/dojo/config/empty.yaml
[1.079s] -- Up-to-date: /home/nathan/ros2_ws/install/dojo/share/dojo/config/mapper_params_online_async.yaml
[1.079s] -- Up-to-date: /home/nathan/ros2_ws/install/dojo/share/dojo/config/nav2_params.yaml
[1.079s] -- Up-to-date: /home/nathan/ros2_ws/install/dojo/share/dojo/description
[1.080s] -- Up-to-date: /home/nathan/ros2_ws/install/dojo/share/dojo/description/ros2_control.xacro
[1.080s] -- Up-to-date: /home/nathan/ros2_ws/install/dojo/share/dojo/description/lidar.xacro
[1.080s] -- Up-to-date: /home/nathan/ros2_ws/install/dojo/share/dojo/description/robot.urdf.xacro
[1.080s] -- Up-to-date: /home/nathan/ros2_ws/install/dojo/share/dojo/description/gazebo_control.xacro
[1.081s] -- Up-to-date: /home/nathan/ros2_ws/install/dojo/share/dojo/description/robot_core.xacro
[1.081s] -- Up-to-date: /home/nathan/ros2_ws/install/dojo/share/dojo/description/inertial_macros.xacro
[1.081s] -- Up-to-date: /home/nathan/ros2_ws/install/dojo/share/dojo/launch
[1.082s] -- Up-to-date: /home/nathan/ros2_ws/install/dojo/share/dojo/launch/joystick.launch.py
[1.084s] -- Up-to-date: /home/nathan/ros2_ws/install/dojo/share/dojo/launch/raspi_bot.launch.py
[1.085s] -- Up-to-date: /home/nathan/ros2_ws/install/dojo/share/dojo/launch/navigation_launch.py
[1.086s] -- Up-to-date: /home/nathan/ros2_ws/install/dojo/share/dojo/launch/rsp.launch.py
[1.086s] -- Up-to-date: /home/nathan/ros2_ws/install/dojo/share/dojo/launch/consolidated.launch.py
[1.086s] -- Up-to-date: /home/nathan/ros2_ws/install/dojo/share/dojo/launch/launch_robot.launch.py
[1.087s] -- Up-to-date: /home/nathan/ros2_ws/install/dojo/share/dojo/launch/launch_sim.launch.py
[1.088s] -- Up-to-date: /home/nathan/ros2_ws/install/dojo/share/dojo/launch/localization_launch.py
[1.088s] -- Up-to-date: /home/nathan/ros2_ws/install/dojo/share/dojo/worlds
[1.088s] -- Up-to-date: /home/nathan/ros2_ws/install/dojo/share/dojo/worlds/dojo2024
[1.088s] -- Up-to-date: /home/nathan/ros2_ws/install/dojo/share/dojo/worlds/world_model
[1.088s] -- Up-to-date: /home/nathan/ros2_ws/install/dojo/share/dojo/worlds/world_model/model.config
[1.088s] -- Up-to-date: /home/nathan/ros2_ws/install/dojo/share/dojo/worlds/world_model/model.sdf
[1.089s] -- Up-to-date: /home/nathan/ros2_ws/install/dojo/share/dojo/worlds/empty.world
[1.089s] -- Up-to-date: /home/nathan/ros2_ws/install/dojo/share/ament_index/resource_index/package_run_dependencies/dojo
[1.089s] -- Up-to-date: /home/nathan/ros2_ws/install/dojo/share/ament_index/resource_index/parent_prefix_path/dojo
[1.089s] -- Up-to-date: /home/nathan/ros2_ws/install/dojo/share/dojo/environment/ament_prefix_path.sh
[1.089s] -- Up-to-date: /home/nathan/ros2_ws/install/dojo/share/dojo/environment/ament_prefix_path.dsv
[1.090s] -- Up-to-date: /home/nathan/ros2_ws/install/dojo/share/dojo/environment/path.sh
[1.090s] -- Up-to-date: /home/nathan/ros2_ws/install/dojo/share/dojo/environment/path.dsv
[1.090s] -- Up-to-date: /home/nathan/ros2_ws/install/dojo/share/dojo/local_setup.bash
[1.092s] -- Up-to-date: /home/nathan/ros2_ws/install/dojo/share/dojo/local_setup.sh
[1.092s] -- Up-to-date: /home/nathan/ros2_ws/install/dojo/share/dojo/local_setup.zsh
[1.092s] -- Up-to-date: /home/nathan/ros2_ws/install/dojo/share/dojo/local_setup.dsv
[1.092s] -- Up-to-date: /home/nathan/ros2_ws/install/dojo/share/dojo/package.dsv
[1.092s] -- Up-to-date: /home/nathan/ros2_ws/install/dojo/share/ament_index/resource_index/packages/dojo
[1.092s] -- Up-to-date: /home/nathan/ros2_ws/install/dojo/share/dojo/cmake/dojoConfig.cmake
[1.093s] -- Up-to-date: /home/nathan/ros2_ws/install/dojo/share/dojo/cmake/dojoConfig-version.cmake
[1.093s] -- Up-to-date: /home/nathan/ros2_ws/install/dojo/share/dojo/package.xml
[1.174s] Invoked command in '/home/nathan/ros2_ws/build/dojo' returned '0': CMAKE_PREFIX_PATH=${CMAKE_PREFIX_PATH}:/home/nathan/ros2_ws/install/joy_tester:/opt/ros/humble /usr/bin/cmake --install /home/nathan/ros2_ws/build/dojo
