[1.320s] Invoking command in '/home/nathan/ros2_ws/src/rdj2025_potato_disease_detection': PYTHONPATH=/home/nathan/ros2_ws/build/rdj2025_potato_disease_detection/prefix_override:/usr/lib/python3/dist-packages/colcon_core/task/python/colcon_distutils_commands:/home/nathan/ros2_ws/install/rdj2025_potato_disease_detection/lib/python3.10/site-packages:${PYTHONPATH} /usr/bin/python3 -W ignore:setup.py install is deprecated -W ignore:easy_install command is deprecated setup.py egg_info --egg-base ../../build/rdj2025_potato_disease_detection build --build-base /home/nathan/ros2_ws/build/rdj2025_potato_disease_detection/build install --record /home/nathan/ros2_ws/build/rdj2025_potato_disease_detection/install.log --single-version-externally-managed install_data
[1.935s] running egg_info
[1.935s] writing ../../build/rdj2025_potato_disease_detection/rdj2025_potato_disease_detection.egg-info/PKG-INFO
[1.936s] writing dependency_links to ../../build/rdj2025_potato_disease_detection/rdj2025_potato_disease_detection.egg-info/dependency_links.txt
[1.936s] writing entry points to ../../build/rdj2025_potato_disease_detection/rdj2025_potato_disease_detection.egg-info/entry_points.txt
[1.936s] writing requirements to ../../build/rdj2025_potato_disease_detection/rdj2025_potato_disease_detection.egg-info/requires.txt
[1.936s] writing top-level names to ../../build/rdj2025_potato_disease_detection/rdj2025_potato_disease_detection.egg-info/top_level.txt
[1.939s] reading manifest file '../../build/rdj2025_potato_disease_detection/rdj2025_potato_disease_detection.egg-info/SOURCES.txt'
[1.943s] writing manifest file '../../build/rdj2025_potato_disease_detection/rdj2025_potato_disease_detection.egg-info/SOURCES.txt'
[1.944s] running build
[1.944s] running build_py
[1.944s] running install
[1.945s] running install_lib
[1.947s] running install_data
[1.947s] running install_egg_info
[1.951s] removing '/home/nathan/ros2_ws/install/rdj2025_potato_disease_detection/lib/python3.10/site-packages/rdj2025_potato_disease_detection-0.0.0-py3.10.egg-info' (and everything under it)
[1.951s] Copying ../../build/rdj2025_potato_disease_detection/rdj2025_potato_disease_detection.egg-info to /home/nathan/ros2_ws/install/rdj2025_potato_disease_detection/lib/python3.10/site-packages/rdj2025_potato_disease_detection-0.0.0-py3.10.egg-info
[1.952s] running install_scripts
[1.982s] Installing potato_disease_detection_node script to /home/nathan/ros2_ws/install/rdj2025_potato_disease_detection/lib/rdj2025_potato_disease_detection
[1.982s] Installing publish_test_image script to /home/nathan/ros2_ws/install/rdj2025_potato_disease_detection/lib/rdj2025_potato_disease_detection
[1.982s] writing list of installed files to '/home/nathan/ros2_ws/build/rdj2025_potato_disease_detection/install.log'
[2.054s] Invoked command in '/home/nathan/ros2_ws/src/rdj2025_potato_disease_detection' returned '0': PYTHONPATH=/home/nathan/ros2_ws/build/rdj2025_potato_disease_detection/prefix_override:/usr/lib/python3/dist-packages/colcon_core/task/python/colcon_distutils_commands:/home/nathan/ros2_ws/install/rdj2025_potato_disease_detection/lib/python3.10/site-packages:${PYTHONPATH} /usr/bin/python3 -W ignore:setup.py install is deprecated -W ignore:easy_install command is deprecated setup.py egg_info --egg-base ../../build/rdj2025_potato_disease_detection build --build-base /home/nathan/ros2_ws/build/rdj2025_potato_disease_detection/build install --record /home/nathan/ros2_ws/build/rdj2025_potato_disease_detection/install.log --single-version-externally-managed install_data
