[0.140s] DEBUG:colcon:Command line arguments: ['/usr/bin/colcon', 'build']
[0.140s] DEBUG:colcon:Parsed command line arguments: Namespace(log_base=None, log_level=None, verb_name='build', build_base='build', install_base='install', merge_install=False, symlink_install=False, test_result_base=None, continue_on_error=False, executor='parallel', parallel_workers=4, event_handlers=None, ignore_user_meta=False, metas=['./colcon.meta'], base_paths=['.'], packages_ignore=None, packages_ignore_regex=None, paths=None, packages_up_to=None, packages_up_to_regex=None, packages_above=None, packages_above_and_dependencies=None, packages_above_depth=None, packages_select_by_dep=None, packages_skip_by_dep=None, packages_skip_up_to=None, packages_select_build_failed=False, packages_skip_build_finished=False, packages_select_test_failures=False, packages_skip_test_passed=False, packages_select=None, packages_skip=None, packages_select_regex=None, packages_skip_regex=None, packages_start=None, packages_end=None, allow_overriding=[], cmake_args=None, cmake_target=None, cmake_target_skip_unavailable=False, cmake_clean_cache=False, cmake_clean_first=False, cmake_force_configure=False, ament_cmake_args=None, catkin_cmake_args=None, catkin_skip_building_tests=False, verb_parser=<colcon_defaults.argument_parser.defaults.DefaultArgumentsDecorator object at 0x762f65b5c790>, verb_extension=<colcon_core.verb.build.BuildVerb object at 0x762f65b5c220>, main=<bound method BuildVerb.main of <colcon_core.verb.build.BuildVerb object at 0x762f65b5c220>>)
[0.360s] Level 1:colcon.colcon_core.package_discovery:discover_packages(colcon_meta) check parameters
[0.360s] Level 1:colcon.colcon_core.package_discovery:discover_packages(recursive) check parameters
[0.360s] Level 1:colcon.colcon_core.package_discovery:discover_packages(ignore) check parameters
[0.360s] Level 1:colcon.colcon_core.package_discovery:discover_packages(path) check parameters
[0.360s] Level 1:colcon.colcon_core.package_discovery:discover_packages(colcon_meta) discover
[0.360s] Level 1:colcon.colcon_core.package_discovery:discover_packages(recursive) discover
[0.360s] INFO:colcon.colcon_core.package_discovery:Crawling recursively for packages in '/home/nathan/ros2_ws'
[0.360s] Level 1:colcon.colcon_core.package_identification:_identify(.) by extensions ['ignore', 'ignore_ament_install']
[0.360s] Level 1:colcon.colcon_core.package_identification:_identify(.) by extension 'ignore'
[0.361s] Level 1:colcon.colcon_core.package_identification:_identify(.) by extension 'ignore_ament_install'
[0.361s] Level 1:colcon.colcon_core.package_identification:_identify(.) by extensions ['colcon_pkg']
[0.361s] Level 1:colcon.colcon_core.package_identification:_identify(.) by extension 'colcon_pkg'
[0.361s] Level 1:colcon.colcon_core.package_identification:_identify(.) by extensions ['colcon_meta']
[0.361s] Level 1:colcon.colcon_core.package_identification:_identify(.) by extension 'colcon_meta'
[0.361s] Level 1:colcon.colcon_core.package_identification:_identify(.) by extensions ['ros']
[0.361s] Level 1:colcon.colcon_core.package_identification:_identify(.) by extension 'ros'
[0.375s] Level 1:colcon.colcon_core.package_identification:_identify(.) by extensions ['cmake', 'python']
[0.375s] Level 1:colcon.colcon_core.package_identification:_identify(.) by extension 'cmake'
[0.375s] Level 1:colcon.colcon_core.package_identification:_identify(.) by extension 'python'
[0.375s] Level 1:colcon.colcon_core.package_identification:_identify(.) by extensions ['python_setup_py']
[0.375s] Level 1:colcon.colcon_core.package_identification:_identify(.) by extension 'python_setup_py'
[0.375s] Level 1:colcon.colcon_core.package_identification:_identify(build) by extensions ['ignore', 'ignore_ament_install']
[0.375s] Level 1:colcon.colcon_core.package_identification:_identify(build) by extension 'ignore'
[0.375s] Level 1:colcon.colcon_core.package_identification:_identify(build) ignored
[0.376s] Level 1:colcon.colcon_core.package_identification:_identify(install) by extensions ['ignore', 'ignore_ament_install']
[0.376s] Level 1:colcon.colcon_core.package_identification:_identify(install) by extension 'ignore'
[0.376s] Level 1:colcon.colcon_core.package_identification:_identify(install) ignored
[0.376s] Level 1:colcon.colcon_core.package_identification:_identify(log) by extensions ['ignore', 'ignore_ament_install']
[0.376s] Level 1:colcon.colcon_core.package_identification:_identify(log) by extension 'ignore'
[0.376s] Level 1:colcon.colcon_core.package_identification:_identify(log) ignored
[0.376s] Level 1:colcon.colcon_core.package_identification:_identify(src) by extensions ['ignore', 'ignore_ament_install']
[0.376s] Level 1:colcon.colcon_core.package_identification:_identify(src) by extension 'ignore'
[0.376s] Level 1:colcon.colcon_core.package_identification:_identify(src) by extension 'ignore_ament_install'
[0.376s] Level 1:colcon.colcon_core.package_identification:_identify(src) by extensions ['colcon_pkg']
[0.376s] Level 1:colcon.colcon_core.package_identification:_identify(src) by extension 'colcon_pkg'
[0.376s] Level 1:colcon.colcon_core.package_identification:_identify(src) by extensions ['colcon_meta']
[0.377s] Level 1:colcon.colcon_core.package_identification:_identify(src) by extension 'colcon_meta'
[0.377s] Level 1:colcon.colcon_core.package_identification:_identify(src) by extensions ['ros']
[0.377s] Level 1:colcon.colcon_core.package_identification:_identify(src) by extension 'ros'
[0.377s] Level 1:colcon.colcon_core.package_identification:_identify(src) by extensions ['cmake', 'python']
[0.377s] Level 1:colcon.colcon_core.package_identification:_identify(src) by extension 'cmake'
[0.377s] Level 1:colcon.colcon_core.package_identification:_identify(src) by extension 'python'
[0.377s] Level 1:colcon.colcon_core.package_identification:_identify(src) by extensions ['python_setup_py']
[0.377s] Level 1:colcon.colcon_core.package_identification:_identify(src) by extension 'python_setup_py'
[0.377s] Level 1:colcon.colcon_core.package_identification:_identify(src/articubot_one) by extensions ['ignore', 'ignore_ament_install']
[0.377s] Level 1:colcon.colcon_core.package_identification:_identify(src/articubot_one) by extension 'ignore'
[0.378s] Level 1:colcon.colcon_core.package_identification:_identify(src/articubot_one) by extension 'ignore_ament_install'
[0.378s] Level 1:colcon.colcon_core.package_identification:_identify(src/articubot_one) by extensions ['colcon_pkg']
[0.378s] Level 1:colcon.colcon_core.package_identification:_identify(src/articubot_one) by extension 'colcon_pkg'
[0.378s] Level 1:colcon.colcon_core.package_identification:_identify(src/articubot_one) by extensions ['colcon_meta']
[0.378s] Level 1:colcon.colcon_core.package_identification:_identify(src/articubot_one) by extension 'colcon_meta'
[0.378s] Level 1:colcon.colcon_core.package_identification:_identify(src/articubot_one) by extensions ['ros']
[0.378s] Level 1:colcon.colcon_core.package_identification:_identify(src/articubot_one) by extension 'ros'
[0.381s] DEBUG:colcon.colcon_core.package_identification:Package 'src/articubot_one' with type 'ros.ament_cmake' and name 'articubot_one'
[0.381s] Level 1:colcon.colcon_core.package_identification:_identify(src/diffdrive_arduino) by extensions ['ignore', 'ignore_ament_install']
[0.381s] Level 1:colcon.colcon_core.package_identification:_identify(src/diffdrive_arduino) by extension 'ignore'
[0.381s] Level 1:colcon.colcon_core.package_identification:_identify(src/diffdrive_arduino) by extension 'ignore_ament_install'
[0.381s] Level 1:colcon.colcon_core.package_identification:_identify(src/diffdrive_arduino) by extensions ['colcon_pkg']
[0.381s] Level 1:colcon.colcon_core.package_identification:_identify(src/diffdrive_arduino) by extension 'colcon_pkg'
[0.381s] Level 1:colcon.colcon_core.package_identification:_identify(src/diffdrive_arduino) by extensions ['colcon_meta']
[0.381s] Level 1:colcon.colcon_core.package_identification:_identify(src/diffdrive_arduino) by extension 'colcon_meta'
[0.381s] Level 1:colcon.colcon_core.package_identification:_identify(src/diffdrive_arduino) by extensions ['ros']
[0.382s] Level 1:colcon.colcon_core.package_identification:_identify(src/diffdrive_arduino) by extension 'ros'
[0.383s] DEBUG:colcon.colcon_core.package_identification:Package 'src/diffdrive_arduino' with type 'ros.ament_cmake' and name 'diffdrive_arduino'
[0.383s] Level 1:colcon.colcon_core.package_identification:_identify(src/dojo) by extensions ['ignore', 'ignore_ament_install']
[0.383s] Level 1:colcon.colcon_core.package_identification:_identify(src/dojo) by extension 'ignore'
[0.383s] Level 1:colcon.colcon_core.package_identification:_identify(src/dojo) by extension 'ignore_ament_install'
[0.383s] Level 1:colcon.colcon_core.package_identification:_identify(src/dojo) by extensions ['colcon_pkg']
[0.383s] Level 1:colcon.colcon_core.package_identification:_identify(src/dojo) by extension 'colcon_pkg'
[0.383s] Level 1:colcon.colcon_core.package_identification:_identify(src/dojo) by extensions ['colcon_meta']
[0.383s] Level 1:colcon.colcon_core.package_identification:_identify(src/dojo) by extension 'colcon_meta'
[0.384s] Level 1:colcon.colcon_core.package_identification:_identify(src/dojo) by extensions ['ros']
[0.384s] Level 1:colcon.colcon_core.package_identification:_identify(src/dojo) by extension 'ros'
[0.384s] DEBUG:colcon.colcon_core.package_identification:Package 'src/dojo' with type 'ros.ament_cmake' and name 'dojo'
[0.384s] Level 1:colcon.colcon_core.package_identification:_identify(src/joy_tester) by extensions ['ignore', 'ignore_ament_install']
[0.385s] Level 1:colcon.colcon_core.package_identification:_identify(src/joy_tester) by extension 'ignore'
[0.385s] Level 1:colcon.colcon_core.package_identification:_identify(src/joy_tester) by extension 'ignore_ament_install'
[0.385s] Level 1:colcon.colcon_core.package_identification:_identify(src/joy_tester) by extensions ['colcon_pkg']
[0.385s] Level 1:colcon.colcon_core.package_identification:_identify(src/joy_tester) by extension 'colcon_pkg'
[0.385s] Level 1:colcon.colcon_core.package_identification:_identify(src/joy_tester) by extensions ['colcon_meta']
[0.385s] Level 1:colcon.colcon_core.package_identification:_identify(src/joy_tester) by extension 'colcon_meta'
[0.385s] Level 1:colcon.colcon_core.package_identification:_identify(src/joy_tester) by extensions ['ros']
[0.385s] Level 1:colcon.colcon_core.package_identification:_identify(src/joy_tester) by extension 'ros'
[0.386s] DEBUG:colcon.colcon_core.package_identification:Package 'src/joy_tester' with type 'ros.ament_python' and name 'joy_tester'
[0.386s] Level 1:colcon.colcon_core.package_identification:_identify(src/sllidar_ros2) by extensions ['ignore', 'ignore_ament_install']
[0.386s] Level 1:colcon.colcon_core.package_identification:_identify(src/sllidar_ros2) by extension 'ignore'
[0.386s] Level 1:colcon.colcon_core.package_identification:_identify(src/sllidar_ros2) by extension 'ignore_ament_install'
[0.386s] Level 1:colcon.colcon_core.package_identification:_identify(src/sllidar_ros2) by extensions ['colcon_pkg']
[0.387s] Level 1:colcon.colcon_core.package_identification:_identify(src/sllidar_ros2) by extension 'colcon_pkg'
[0.387s] Level 1:colcon.colcon_core.package_identification:_identify(src/sllidar_ros2) by extensions ['colcon_meta']
[0.387s] Level 1:colcon.colcon_core.package_identification:_identify(src/sllidar_ros2) by extension 'colcon_meta'
[0.387s] Level 1:colcon.colcon_core.package_identification:_identify(src/sllidar_ros2) by extensions ['ros']
[0.387s] Level 1:colcon.colcon_core.package_identification:_identify(src/sllidar_ros2) by extension 'ros'
[0.388s] DEBUG:colcon.colcon_core.package_identification:Package 'src/sllidar_ros2' with type 'ros.ament_cmake' and name 'sllidar_ros2'
[0.388s] Level 1:colcon.colcon_core.package_discovery:discover_packages(recursive) using defaults
[0.388s] Level 1:colcon.colcon_core.package_discovery:discover_packages(ignore) discover
[0.388s] Level 1:colcon.colcon_core.package_discovery:discover_packages(ignore) using defaults
[0.388s] Level 1:colcon.colcon_core.package_discovery:discover_packages(path) discover
[0.388s] Level 1:colcon.colcon_core.package_discovery:discover_packages(path) using defaults
[0.428s] Level 1:colcon.colcon_core.package_discovery:discover_packages(prefix_path) check parameters
[0.429s] Level 1:colcon.colcon_core.package_discovery:discover_packages(prefix_path) discover
[0.431s] DEBUG:colcon.colcon_installed_package_information.package_discovery:Found 5 installed packages in /home/nathan/ros2_ws/install
[0.433s] DEBUG:colcon.colcon_installed_package_information.package_discovery:Found 367 installed packages in /opt/ros/humble
[0.436s] Level 1:colcon.colcon_core.package_discovery:discover_packages(prefix_path) using defaults
[0.585s] Level 5:colcon.colcon_core.verb:set package 'articubot_one' build argument 'cmake_args' from command line to 'None'
[0.585s] Level 5:colcon.colcon_core.verb:set package 'articubot_one' build argument 'cmake_target' from command line to 'None'
[0.585s] Level 5:colcon.colcon_core.verb:set package 'articubot_one' build argument 'cmake_target_skip_unavailable' from command line to 'False'
[0.585s] Level 5:colcon.colcon_core.verb:set package 'articubot_one' build argument 'cmake_clean_cache' from command line to 'False'
[0.585s] Level 5:colcon.colcon_core.verb:set package 'articubot_one' build argument 'cmake_clean_first' from command line to 'False'
[0.585s] Level 5:colcon.colcon_core.verb:set package 'articubot_one' build argument 'cmake_force_configure' from command line to 'False'
[0.585s] Level 5:colcon.colcon_core.verb:set package 'articubot_one' build argument 'ament_cmake_args' from command line to 'None'
[0.585s] Level 5:colcon.colcon_core.verb:set package 'articubot_one' build argument 'catkin_cmake_args' from command line to 'None'
[0.585s] Level 5:colcon.colcon_core.verb:set package 'articubot_one' build argument 'catkin_skip_building_tests' from command line to 'False'
[0.585s] DEBUG:colcon.colcon_core.verb:Building package 'articubot_one' with the following arguments: {'ament_cmake_args': None, 'build_base': '/home/nathan/ros2_ws/build/articubot_one', 'catkin_cmake_args': None, 'catkin_skip_building_tests': False, 'cmake_args': None, 'cmake_clean_cache': False, 'cmake_clean_first': False, 'cmake_force_configure': False, 'cmake_target': None, 'cmake_target_skip_unavailable': False, 'install_base': '/home/nathan/ros2_ws/install/articubot_one', 'merge_install': False, 'path': '/home/nathan/ros2_ws/src/articubot_one', 'symlink_install': False, 'test_result_base': None}
[0.586s] Level 5:colcon.colcon_core.verb:set package 'diffdrive_arduino' build argument 'cmake_args' from command line to 'None'
[0.586s] Level 5:colcon.colcon_core.verb:set package 'diffdrive_arduino' build argument 'cmake_target' from command line to 'None'
[0.586s] Level 5:colcon.colcon_core.verb:set package 'diffdrive_arduino' build argument 'cmake_target_skip_unavailable' from command line to 'False'
[0.586s] Level 5:colcon.colcon_core.verb:set package 'diffdrive_arduino' build argument 'cmake_clean_cache' from command line to 'False'
[0.586s] Level 5:colcon.colcon_core.verb:set package 'diffdrive_arduino' build argument 'cmake_clean_first' from command line to 'False'
[0.586s] Level 5:colcon.colcon_core.verb:set package 'diffdrive_arduino' build argument 'cmake_force_configure' from command line to 'False'
[0.586s] Level 5:colcon.colcon_core.verb:set package 'diffdrive_arduino' build argument 'ament_cmake_args' from command line to 'None'
[0.586s] Level 5:colcon.colcon_core.verb:set package 'diffdrive_arduino' build argument 'catkin_cmake_args' from command line to 'None'
[0.586s] Level 5:colcon.colcon_core.verb:set package 'diffdrive_arduino' build argument 'catkin_skip_building_tests' from command line to 'False'
[0.586s] DEBUG:colcon.colcon_core.verb:Building package 'diffdrive_arduino' with the following arguments: {'ament_cmake_args': None, 'build_base': '/home/nathan/ros2_ws/build/diffdrive_arduino', 'catkin_cmake_args': None, 'catkin_skip_building_tests': False, 'cmake_args': None, 'cmake_clean_cache': False, 'cmake_clean_first': False, 'cmake_force_configure': False, 'cmake_target': None, 'cmake_target_skip_unavailable': False, 'install_base': '/home/nathan/ros2_ws/install/diffdrive_arduino', 'merge_install': False, 'path': '/home/nathan/ros2_ws/src/diffdrive_arduino', 'symlink_install': False, 'test_result_base': None}
[0.587s] Level 5:colcon.colcon_core.verb:set package 'dojo' build argument 'cmake_args' from command line to 'None'
[0.587s] Level 5:colcon.colcon_core.verb:set package 'dojo' build argument 'cmake_target' from command line to 'None'
[0.587s] Level 5:colcon.colcon_core.verb:set package 'dojo' build argument 'cmake_target_skip_unavailable' from command line to 'False'
[0.587s] Level 5:colcon.colcon_core.verb:set package 'dojo' build argument 'cmake_clean_cache' from command line to 'False'
[0.587s] Level 5:colcon.colcon_core.verb:set package 'dojo' build argument 'cmake_clean_first' from command line to 'False'
[0.587s] Level 5:colcon.colcon_core.verb:set package 'dojo' build argument 'cmake_force_configure' from command line to 'False'
[0.587s] Level 5:colcon.colcon_core.verb:set package 'dojo' build argument 'ament_cmake_args' from command line to 'None'
[0.587s] Level 5:colcon.colcon_core.verb:set package 'dojo' build argument 'catkin_cmake_args' from command line to 'None'
[0.587s] Level 5:colcon.colcon_core.verb:set package 'dojo' build argument 'catkin_skip_building_tests' from command line to 'False'
[0.587s] DEBUG:colcon.colcon_core.verb:Building package 'dojo' with the following arguments: {'ament_cmake_args': None, 'build_base': '/home/nathan/ros2_ws/build/dojo', 'catkin_cmake_args': None, 'catkin_skip_building_tests': False, 'cmake_args': None, 'cmake_clean_cache': False, 'cmake_clean_first': False, 'cmake_force_configure': False, 'cmake_target': None, 'cmake_target_skip_unavailable': False, 'install_base': '/home/nathan/ros2_ws/install/dojo', 'merge_install': False, 'path': '/home/nathan/ros2_ws/src/dojo', 'symlink_install': False, 'test_result_base': None}
[0.588s] Level 5:colcon.colcon_core.verb:set package 'joy_tester' build argument 'cmake_args' from command line to 'None'
[0.588s] Level 5:colcon.colcon_core.verb:set package 'joy_tester' build argument 'cmake_target' from command line to 'None'
[0.588s] Level 5:colcon.colcon_core.verb:set package 'joy_tester' build argument 'cmake_target_skip_unavailable' from command line to 'False'
[0.588s] Level 5:colcon.colcon_core.verb:set package 'joy_tester' build argument 'cmake_clean_cache' from command line to 'False'
[0.588s] Level 5:colcon.colcon_core.verb:set package 'joy_tester' build argument 'cmake_clean_first' from command line to 'False'
[0.588s] Level 5:colcon.colcon_core.verb:set package 'joy_tester' build argument 'cmake_force_configure' from command line to 'False'
[0.588s] Level 5:colcon.colcon_core.verb:set package 'joy_tester' build argument 'ament_cmake_args' from command line to 'None'
[0.588s] Level 5:colcon.colcon_core.verb:set package 'joy_tester' build argument 'catkin_cmake_args' from command line to 'None'
[0.588s] Level 5:colcon.colcon_core.verb:set package 'joy_tester' build argument 'catkin_skip_building_tests' from command line to 'False'
[0.588s] DEBUG:colcon.colcon_core.verb:Building package 'joy_tester' with the following arguments: {'ament_cmake_args': None, 'build_base': '/home/nathan/ros2_ws/build/joy_tester', 'catkin_cmake_args': None, 'catkin_skip_building_tests': False, 'cmake_args': None, 'cmake_clean_cache': False, 'cmake_clean_first': False, 'cmake_force_configure': False, 'cmake_target': None, 'cmake_target_skip_unavailable': False, 'install_base': '/home/nathan/ros2_ws/install/joy_tester', 'merge_install': False, 'path': '/home/nathan/ros2_ws/src/joy_tester', 'symlink_install': False, 'test_result_base': None}
[0.589s] Level 5:colcon.colcon_core.verb:set package 'sllidar_ros2' build argument 'cmake_args' from command line to 'None'
[0.589s] Level 5:colcon.colcon_core.verb:set package 'sllidar_ros2' build argument 'cmake_target' from command line to 'None'
[0.589s] Level 5:colcon.colcon_core.verb:set package 'sllidar_ros2' build argument 'cmake_target_skip_unavailable' from command line to 'False'
[0.589s] Level 5:colcon.colcon_core.verb:set package 'sllidar_ros2' build argument 'cmake_clean_cache' from command line to 'False'
[0.589s] Level 5:colcon.colcon_core.verb:set package 'sllidar_ros2' build argument 'cmake_clean_first' from command line to 'False'
[0.589s] Level 5:colcon.colcon_core.verb:set package 'sllidar_ros2' build argument 'cmake_force_configure' from command line to 'False'
[0.589s] Level 5:colcon.colcon_core.verb:set package 'sllidar_ros2' build argument 'ament_cmake_args' from command line to 'None'
[0.589s] Level 5:colcon.colcon_core.verb:set package 'sllidar_ros2' build argument 'catkin_cmake_args' from command line to 'None'
[0.589s] Level 5:colcon.colcon_core.verb:set package 'sllidar_ros2' build argument 'catkin_skip_building_tests' from command line to 'False'
[0.589s] DEBUG:colcon.colcon_core.verb:Building package 'sllidar_ros2' with the following arguments: {'ament_cmake_args': None, 'build_base': '/home/nathan/ros2_ws/build/sllidar_ros2', 'catkin_cmake_args': None, 'catkin_skip_building_tests': False, 'cmake_args': None, 'cmake_clean_cache': False, 'cmake_clean_first': False, 'cmake_force_configure': False, 'cmake_target': None, 'cmake_target_skip_unavailable': False, 'install_base': '/home/nathan/ros2_ws/install/sllidar_ros2', 'merge_install': False, 'path': '/home/nathan/ros2_ws/src/sllidar_ros2', 'symlink_install': False, 'test_result_base': None}
[0.589s] INFO:colcon.colcon_core.executor:Executing jobs using 'parallel' executor
[0.591s] DEBUG:colcon.colcon_parallel_executor.executor.parallel:run_until_complete
[0.591s] INFO:colcon.colcon_ros.task.ament_cmake.build:Building ROS package in '/home/nathan/ros2_ws/src/articubot_one' with build type 'ament_cmake'
[0.591s] INFO:colcon.colcon_cmake.task.cmake.build:Building CMake package in '/home/nathan/ros2_ws/src/articubot_one'
[0.594s] INFO:colcon.colcon_core.plugin_system:Skipping extension 'colcon_core.shell.bat': Not used on non-Windows systems
[0.594s] INFO:colcon.colcon_core.shell:Skip shell extension 'powershell' for command environment: Not usable outside of PowerShell
[0.594s] DEBUG:colcon.colcon_core.shell:Skip shell extension 'dsv' for command environment
[0.600s] INFO:colcon.colcon_ros.task.ament_cmake.build:Building ROS package in '/home/nathan/ros2_ws/src/diffdrive_arduino' with build type 'ament_cmake'
[0.600s] INFO:colcon.colcon_cmake.task.cmake.build:Building CMake package in '/home/nathan/ros2_ws/src/diffdrive_arduino'
[0.601s] INFO:colcon.colcon_core.shell:Skip shell extension 'powershell' for command environment: Not usable outside of PowerShell
[0.601s] DEBUG:colcon.colcon_core.shell:Skip shell extension 'dsv' for command environment
[0.616s] INFO:colcon.colcon_ros.task.ament_cmake.build:Building ROS package in '/home/nathan/ros2_ws/src/dojo' with build type 'ament_cmake'
[0.616s] INFO:colcon.colcon_cmake.task.cmake.build:Building CMake package in '/home/nathan/ros2_ws/src/dojo'
[0.616s] INFO:colcon.colcon_core.shell:Skip shell extension 'powershell' for command environment: Not usable outside of PowerShell
[0.616s] DEBUG:colcon.colcon_core.shell:Skip shell extension 'dsv' for command environment
[0.627s] INFO:colcon.colcon_ros.task.ament_python.build:Building ROS package in '/home/nathan/ros2_ws/src/joy_tester' with build type 'ament_python'
[0.627s] Level 1:colcon.colcon_core.shell:create_environment_hook('joy_tester', 'ament_prefix_path')
[0.628s] INFO:colcon.colcon_core.shell:Creating environment hook '/home/nathan/ros2_ws/install/joy_tester/share/joy_tester/hook/ament_prefix_path.ps1'
[0.629s] INFO:colcon.colcon_core.shell:Creating environment descriptor '/home/nathan/ros2_ws/install/joy_tester/share/joy_tester/hook/ament_prefix_path.dsv'
[0.630s] INFO:colcon.colcon_core.shell:Creating environment hook '/home/nathan/ros2_ws/install/joy_tester/share/joy_tester/hook/ament_prefix_path.sh'
[0.635s] INFO:colcon.colcon_core.shell:Skip shell extension 'powershell' for command environment: Not usable outside of PowerShell
[0.635s] DEBUG:colcon.colcon_core.shell:Skip shell extension 'dsv' for command environment
[0.654s] DEBUG:colcon.colcon_core.event_handler.log_command:Invoking command in '/home/nathan/ros2_ws/build/articubot_one': CMAKE_PREFIX_PATH=${CMAKE_PREFIX_PATH}:/home/nathan/ros2_ws/install/joy_tester:/opt/ros/humble /usr/bin/cmake --build /home/nathan/ros2_ws/build/articubot_one -- -j4 -l4
[0.687s] DEBUG:colcon.colcon_core.event_handler.log_command:Invoking command in '/home/nathan/ros2_ws/build/diffdrive_arduino': CMAKE_PREFIX_PATH=${CMAKE_PREFIX_PATH}:/home/nathan/ros2_ws/install/joy_tester:/opt/ros/humble /usr/bin/cmake --build /home/nathan/ros2_ws/build/diffdrive_arduino -- -j4 -l4
[0.708s] DEBUG:colcon.colcon_core.event_handler.log_command:Invoking command in '/home/nathan/ros2_ws/build/dojo': CMAKE_PREFIX_PATH=${CMAKE_PREFIX_PATH}:/home/nathan/ros2_ws/install/joy_tester:/opt/ros/humble /usr/bin/cmake --build /home/nathan/ros2_ws/build/dojo -- -j4 -l4
[1.214s] INFO:colcon.colcon_core.task.python.build:Building Python package in '/home/nathan/ros2_ws/src/joy_tester'
[1.215s] INFO:colcon.colcon_core.shell:Skip shell extension 'powershell' for command environment: Not usable outside of PowerShell
[1.215s] DEBUG:colcon.colcon_core.shell:Skip shell extension 'dsv' for command environment
[1.231s] DEBUG:colcon.colcon_core.event_handler.log_command:Invoked command in '/home/nathan/ros2_ws/build/articubot_one' returned '0': CMAKE_PREFIX_PATH=${CMAKE_PREFIX_PATH}:/home/nathan/ros2_ws/install/joy_tester:/opt/ros/humble /usr/bin/cmake --build /home/nathan/ros2_ws/build/articubot_one -- -j4 -l4
[1.248s] DEBUG:colcon.colcon_core.event_handler.log_command:Invoking command in '/home/nathan/ros2_ws/build/articubot_one': CMAKE_PREFIX_PATH=${CMAKE_PREFIX_PATH}:/home/nathan/ros2_ws/install/joy_tester:/opt/ros/humble /usr/bin/cmake --install /home/nathan/ros2_ws/build/articubot_one
[1.249s] DEBUG:colcon.colcon_core.event_handler.log_command:Invoked command in '/home/nathan/ros2_ws/build/diffdrive_arduino' returned '0': CMAKE_PREFIX_PATH=${CMAKE_PREFIX_PATH}:/home/nathan/ros2_ws/install/joy_tester:/opt/ros/humble /usr/bin/cmake --build /home/nathan/ros2_ws/build/diffdrive_arduino -- -j4 -l4
[1.255s] DEBUG:colcon.colcon_core.event_handler.log_command:Invoking command in '/home/nathan/ros2_ws/build/diffdrive_arduino': CMAKE_PREFIX_PATH=${CMAKE_PREFIX_PATH}:/home/nathan/ros2_ws/install/joy_tester:/opt/ros/humble /usr/bin/cmake --install /home/nathan/ros2_ws/build/diffdrive_arduino
[1.256s] DEBUG:colcon.colcon_core.event_handler.log_command:Invoked command in '/home/nathan/ros2_ws/build/dojo' returned '0': CMAKE_PREFIX_PATH=${CMAKE_PREFIX_PATH}:/home/nathan/ros2_ws/install/joy_tester:/opt/ros/humble /usr/bin/cmake --build /home/nathan/ros2_ws/build/dojo -- -j4 -l4
[1.268s] DEBUG:colcon.colcon_core.event_handler.log_command:Invoking command in '/home/nathan/ros2_ws/build/dojo': CMAKE_PREFIX_PATH=${CMAKE_PREFIX_PATH}:/home/nathan/ros2_ws/install/joy_tester:/opt/ros/humble /usr/bin/cmake --install /home/nathan/ros2_ws/build/dojo
[1.278s] Level 1:colcon.colcon_core.environment:create_environment_scripts_only(articubot_one)
[1.295s] Level 1:colcon.colcon_core.environment:checking '/home/nathan/ros2_ws/install/articubot_one' for CMake module files
[1.297s] DEBUG:colcon.colcon_core.event_handler.log_command:Invoked command in '/home/nathan/ros2_ws/build/articubot_one' returned '0': CMAKE_PREFIX_PATH=${CMAKE_PREFIX_PATH}:/home/nathan/ros2_ws/install/joy_tester:/opt/ros/humble /usr/bin/cmake --install /home/nathan/ros2_ws/build/articubot_one
[1.298s] Level 1:colcon.colcon_core.environment:checking '/home/nathan/ros2_ws/install/articubot_one' for CMake config files
[1.299s] Level 1:colcon.colcon_core.shell:create_environment_hook('articubot_one', 'cmake_prefix_path')
[1.300s] INFO:colcon.colcon_core.shell:Creating environment hook '/home/nathan/ros2_ws/install/articubot_one/share/articubot_one/hook/cmake_prefix_path.ps1'
[1.301s] INFO:colcon.colcon_core.shell:Creating environment descriptor '/home/nathan/ros2_ws/install/articubot_one/share/articubot_one/hook/cmake_prefix_path.dsv'
[1.302s] INFO:colcon.colcon_core.shell:Creating environment hook '/home/nathan/ros2_ws/install/articubot_one/share/articubot_one/hook/cmake_prefix_path.sh'
[1.304s] Level 1:colcon.colcon_core.environment:checking '/home/nathan/ros2_ws/install/articubot_one/bin'
[1.305s] Level 1:colcon.colcon_core.environment:checking '/home/nathan/ros2_ws/install/articubot_one/lib/pkgconfig/articubot_one.pc'
[1.305s] Level 1:colcon.colcon_core.environment:checking '/home/nathan/ros2_ws/install/articubot_one/lib/python3.10/site-packages'
[1.306s] Level 1:colcon.colcon_core.environment:checking '/home/nathan/ros2_ws/install/articubot_one/bin'
[1.307s] INFO:colcon.colcon_core.shell:Creating package script '/home/nathan/ros2_ws/install/articubot_one/share/articubot_one/package.ps1'
[1.309s] INFO:colcon.colcon_core.shell:Creating package descriptor '/home/nathan/ros2_ws/install/articubot_one/share/articubot_one/package.dsv'
[1.310s] INFO:colcon.colcon_core.shell:Creating package script '/home/nathan/ros2_ws/install/articubot_one/share/articubot_one/package.sh'
[1.312s] INFO:colcon.colcon_core.shell:Creating package script '/home/nathan/ros2_ws/install/articubot_one/share/articubot_one/package.bash'
[1.314s] INFO:colcon.colcon_core.shell:Creating package script '/home/nathan/ros2_ws/install/articubot_one/share/articubot_one/package.zsh'
[1.315s] Level 1:colcon.colcon_core.environment:create_file_with_runtime_dependencies(/home/nathan/ros2_ws/install/articubot_one/share/colcon-core/packages/articubot_one)
[1.317s] Level 1:colcon.colcon_core.environment:create_environment_scripts_only(articubot_one)
[1.317s] Level 1:colcon.colcon_core.environment:checking '/home/nathan/ros2_ws/install/articubot_one' for CMake module files
[1.318s] Level 1:colcon.colcon_core.environment:checking '/home/nathan/ros2_ws/install/articubot_one' for CMake config files
[1.319s] Level 1:colcon.colcon_core.shell:create_environment_hook('articubot_one', 'cmake_prefix_path')
[1.320s] INFO:colcon.colcon_core.shell:Creating environment hook '/home/nathan/ros2_ws/install/articubot_one/share/articubot_one/hook/cmake_prefix_path.ps1'
[1.321s] INFO:colcon.colcon_core.shell:Creating environment descriptor '/home/nathan/ros2_ws/install/articubot_one/share/articubot_one/hook/cmake_prefix_path.dsv'
[1.322s] INFO:colcon.colcon_core.shell:Creating environment hook '/home/nathan/ros2_ws/install/articubot_one/share/articubot_one/hook/cmake_prefix_path.sh'
[1.323s] Level 1:colcon.colcon_core.environment:checking '/home/nathan/ros2_ws/install/articubot_one/bin'
[1.323s] Level 1:colcon.colcon_core.environment:checking '/home/nathan/ros2_ws/install/articubot_one/lib/pkgconfig/articubot_one.pc'
[1.324s] Level 1:colcon.colcon_core.environment:checking '/home/nathan/ros2_ws/install/articubot_one/lib/python3.10/site-packages'
[1.325s] Level 1:colcon.colcon_core.environment:checking '/home/nathan/ros2_ws/install/articubot_one/bin'
[1.325s] INFO:colcon.colcon_core.shell:Creating package script '/home/nathan/ros2_ws/install/articubot_one/share/articubot_one/package.ps1'
[1.326s] INFO:colcon.colcon_core.shell:Creating package descriptor '/home/nathan/ros2_ws/install/articubot_one/share/articubot_one/package.dsv'
[1.327s] INFO:colcon.colcon_core.shell:Creating package script '/home/nathan/ros2_ws/install/articubot_one/share/articubot_one/package.sh'
[1.328s] INFO:colcon.colcon_core.shell:Creating package script '/home/nathan/ros2_ws/install/articubot_one/share/articubot_one/package.bash'
[1.329s] INFO:colcon.colcon_core.shell:Creating package script '/home/nathan/ros2_ws/install/articubot_one/share/articubot_one/package.zsh'
[1.330s] Level 1:colcon.colcon_core.environment:create_file_with_runtime_dependencies(/home/nathan/ros2_ws/install/articubot_one/share/colcon-core/packages/articubot_one)
[1.332s] INFO:colcon.colcon_ros.task.ament_cmake.build:Building ROS package in '/home/nathan/ros2_ws/src/sllidar_ros2' with build type 'ament_cmake'
[1.332s] INFO:colcon.colcon_cmake.task.cmake.build:Building CMake package in '/home/nathan/ros2_ws/src/sllidar_ros2'
[1.332s] INFO:colcon.colcon_core.shell:Skip shell extension 'powershell' for command environment: Not usable outside of PowerShell
[1.333s] DEBUG:colcon.colcon_core.shell:Skip shell extension 'dsv' for command environment
[1.345s] Level 1:colcon.colcon_core.environment:create_environment_scripts_only(dojo)
[1.346s] Level 1:colcon.colcon_core.environment:checking '/home/nathan/ros2_ws/install/dojo' for CMake module files
[1.346s] DEBUG:colcon.colcon_core.event_handler.log_command:Invoked command in '/home/nathan/ros2_ws/build/dojo' returned '0': CMAKE_PREFIX_PATH=${CMAKE_PREFIX_PATH}:/home/nathan/ros2_ws/install/joy_tester:/opt/ros/humble /usr/bin/cmake --install /home/nathan/ros2_ws/build/dojo
[1.348s] Level 1:colcon.colcon_core.environment:checking '/home/nathan/ros2_ws/install/dojo' for CMake config files
[1.349s] Level 1:colcon.colcon_core.shell:create_environment_hook('dojo', 'cmake_prefix_path')
[1.349s] INFO:colcon.colcon_core.shell:Creating environment hook '/home/nathan/ros2_ws/install/dojo/share/dojo/hook/cmake_prefix_path.ps1'
[1.350s] INFO:colcon.colcon_core.shell:Creating environment descriptor '/home/nathan/ros2_ws/install/dojo/share/dojo/hook/cmake_prefix_path.dsv'
[1.351s] INFO:colcon.colcon_core.shell:Creating environment hook '/home/nathan/ros2_ws/install/dojo/share/dojo/hook/cmake_prefix_path.sh'
[1.352s] Level 1:colcon.colcon_core.environment:checking '/home/nathan/ros2_ws/install/dojo/bin'
[1.352s] Level 1:colcon.colcon_core.environment:checking '/home/nathan/ros2_ws/install/dojo/lib/pkgconfig/dojo.pc'
[1.353s] Level 1:colcon.colcon_core.environment:checking '/home/nathan/ros2_ws/install/dojo/lib/python3.10/site-packages'
[1.353s] Level 1:colcon.colcon_core.environment:checking '/home/nathan/ros2_ws/install/dojo/bin'
[1.354s] INFO:colcon.colcon_core.shell:Creating package script '/home/nathan/ros2_ws/install/dojo/share/dojo/package.ps1'
[1.355s] INFO:colcon.colcon_core.shell:Creating package descriptor '/home/nathan/ros2_ws/install/dojo/share/dojo/package.dsv'
[1.357s] INFO:colcon.colcon_core.shell:Creating package script '/home/nathan/ros2_ws/install/dojo/share/dojo/package.sh'
[1.357s] INFO:colcon.colcon_core.shell:Creating package script '/home/nathan/ros2_ws/install/dojo/share/dojo/package.bash'
[1.358s] INFO:colcon.colcon_core.shell:Creating package script '/home/nathan/ros2_ws/install/dojo/share/dojo/package.zsh'
[1.359s] Level 1:colcon.colcon_core.environment:create_file_with_runtime_dependencies(/home/nathan/ros2_ws/install/dojo/share/colcon-core/packages/dojo)
[1.360s] Level 1:colcon.colcon_core.environment:create_environment_scripts_only(dojo)
[1.361s] Level 1:colcon.colcon_core.environment:checking '/home/nathan/ros2_ws/install/dojo' for CMake module files
[1.362s] Level 1:colcon.colcon_core.environment:checking '/home/nathan/ros2_ws/install/dojo' for CMake config files
[1.362s] Level 1:colcon.colcon_core.shell:create_environment_hook('dojo', 'cmake_prefix_path')
[1.363s] INFO:colcon.colcon_core.shell:Creating environment hook '/home/nathan/ros2_ws/install/dojo/share/dojo/hook/cmake_prefix_path.ps1'
[1.365s] INFO:colcon.colcon_core.shell:Creating environment descriptor '/home/nathan/ros2_ws/install/dojo/share/dojo/hook/cmake_prefix_path.dsv'
[1.366s] INFO:colcon.colcon_core.shell:Creating environment hook '/home/nathan/ros2_ws/install/dojo/share/dojo/hook/cmake_prefix_path.sh'
[1.368s] Level 1:colcon.colcon_core.environment:checking '/home/nathan/ros2_ws/install/dojo/bin'
[1.368s] Level 1:colcon.colcon_core.environment:checking '/home/nathan/ros2_ws/install/dojo/lib/pkgconfig/dojo.pc'
[1.369s] Level 1:colcon.colcon_core.environment:checking '/home/nathan/ros2_ws/install/dojo/lib/python3.10/site-packages'
[1.369s] Level 1:colcon.colcon_core.environment:checking '/home/nathan/ros2_ws/install/dojo/bin'
[1.370s] INFO:colcon.colcon_core.shell:Creating package script '/home/nathan/ros2_ws/install/dojo/share/dojo/package.ps1'
[1.371s] INFO:colcon.colcon_core.shell:Creating package descriptor '/home/nathan/ros2_ws/install/dojo/share/dojo/package.dsv'
[1.372s] INFO:colcon.colcon_core.shell:Creating package script '/home/nathan/ros2_ws/install/dojo/share/dojo/package.sh'
[1.374s] INFO:colcon.colcon_core.shell:Creating package script '/home/nathan/ros2_ws/install/dojo/share/dojo/package.bash'
[1.375s] INFO:colcon.colcon_core.shell:Creating package script '/home/nathan/ros2_ws/install/dojo/share/dojo/package.zsh'
[1.376s] Level 1:colcon.colcon_core.environment:create_file_with_runtime_dependencies(/home/nathan/ros2_ws/install/dojo/share/colcon-core/packages/dojo)
[1.377s] Level 1:colcon.colcon_core.environment:create_environment_scripts_only(diffdrive_arduino)
[1.378s] Level 1:colcon.colcon_core.environment:checking '/home/nathan/ros2_ws/install/diffdrive_arduino' for CMake module files
[1.380s] DEBUG:colcon.colcon_core.event_handler.log_command:Invoked command in '/home/nathan/ros2_ws/build/diffdrive_arduino' returned '0': CMAKE_PREFIX_PATH=${CMAKE_PREFIX_PATH}:/home/nathan/ros2_ws/install/joy_tester:/opt/ros/humble /usr/bin/cmake --install /home/nathan/ros2_ws/build/diffdrive_arduino
[1.380s] Level 1:colcon.colcon_core.environment:checking '/home/nathan/ros2_ws/install/diffdrive_arduino' for CMake config files
[1.381s] Level 1:colcon.colcon_core.shell:create_environment_hook('diffdrive_arduino', 'cmake_prefix_path')
[1.381s] INFO:colcon.colcon_core.shell:Creating environment hook '/home/nathan/ros2_ws/install/diffdrive_arduino/share/diffdrive_arduino/hook/cmake_prefix_path.ps1'
[1.383s] INFO:colcon.colcon_core.shell:Creating environment descriptor '/home/nathan/ros2_ws/install/diffdrive_arduino/share/diffdrive_arduino/hook/cmake_prefix_path.dsv'
[1.385s] INFO:colcon.colcon_core.shell:Creating environment hook '/home/nathan/ros2_ws/install/diffdrive_arduino/share/diffdrive_arduino/hook/cmake_prefix_path.sh'
[1.386s] Level 1:colcon.colcon_core.environment:checking '/home/nathan/ros2_ws/install/diffdrive_arduino/lib'
[1.386s] Level 1:colcon.colcon_core.shell:create_environment_hook('diffdrive_arduino', 'ld_library_path_lib')
[1.387s] INFO:colcon.colcon_core.shell:Creating environment hook '/home/nathan/ros2_ws/install/diffdrive_arduino/share/diffdrive_arduino/hook/ld_library_path_lib.ps1'
[1.388s] INFO:colcon.colcon_core.shell:Creating environment descriptor '/home/nathan/ros2_ws/install/diffdrive_arduino/share/diffdrive_arduino/hook/ld_library_path_lib.dsv'
[1.390s] INFO:colcon.colcon_core.shell:Creating environment hook '/home/nathan/ros2_ws/install/diffdrive_arduino/share/diffdrive_arduino/hook/ld_library_path_lib.sh'
[1.391s] Level 1:colcon.colcon_core.environment:checking '/home/nathan/ros2_ws/install/diffdrive_arduino/bin'
[1.391s] Level 1:colcon.colcon_core.environment:checking '/home/nathan/ros2_ws/install/diffdrive_arduino/lib/pkgconfig/diffdrive_arduino.pc'
[1.392s] Level 1:colcon.colcon_core.environment:checking '/home/nathan/ros2_ws/install/diffdrive_arduino/lib/python3.10/site-packages'
[1.392s] Level 1:colcon.colcon_core.environment:checking '/home/nathan/ros2_ws/install/diffdrive_arduino/bin'
[1.393s] INFO:colcon.colcon_core.shell:Creating package script '/home/nathan/ros2_ws/install/diffdrive_arduino/share/diffdrive_arduino/package.ps1'
[1.394s] INFO:colcon.colcon_core.shell:Creating package descriptor '/home/nathan/ros2_ws/install/diffdrive_arduino/share/diffdrive_arduino/package.dsv'
[1.395s] INFO:colcon.colcon_core.shell:Creating package script '/home/nathan/ros2_ws/install/diffdrive_arduino/share/diffdrive_arduino/package.sh'
[1.396s] INFO:colcon.colcon_core.shell:Creating package script '/home/nathan/ros2_ws/install/diffdrive_arduino/share/diffdrive_arduino/package.bash'
[1.396s] INFO:colcon.colcon_core.shell:Creating package script '/home/nathan/ros2_ws/install/diffdrive_arduino/share/diffdrive_arduino/package.zsh'
[1.397s] Level 1:colcon.colcon_core.environment:create_file_with_runtime_dependencies(/home/nathan/ros2_ws/install/diffdrive_arduino/share/colcon-core/packages/diffdrive_arduino)
[1.398s] Level 1:colcon.colcon_core.environment:create_environment_scripts_only(diffdrive_arduino)
[1.398s] Level 1:colcon.colcon_core.environment:checking '/home/nathan/ros2_ws/install/diffdrive_arduino' for CMake module files
[1.399s] Level 1:colcon.colcon_core.environment:checking '/home/nathan/ros2_ws/install/diffdrive_arduino' for CMake config files
[1.400s] Level 1:colcon.colcon_core.shell:create_environment_hook('diffdrive_arduino', 'cmake_prefix_path')
[1.400s] INFO:colcon.colcon_core.shell:Creating environment hook '/home/nathan/ros2_ws/install/diffdrive_arduino/share/diffdrive_arduino/hook/cmake_prefix_path.ps1'
[1.401s] INFO:colcon.colcon_core.shell:Creating environment descriptor '/home/nathan/ros2_ws/install/diffdrive_arduino/share/diffdrive_arduino/hook/cmake_prefix_path.dsv'
[1.403s] INFO:colcon.colcon_core.shell:Creating environment hook '/home/nathan/ros2_ws/install/diffdrive_arduino/share/diffdrive_arduino/hook/cmake_prefix_path.sh'
[1.405s] Level 1:colcon.colcon_core.environment:checking '/home/nathan/ros2_ws/install/diffdrive_arduino/lib'
[1.406s] Level 1:colcon.colcon_core.shell:create_environment_hook('diffdrive_arduino', 'ld_library_path_lib')
[1.406s] INFO:colcon.colcon_core.shell:Creating environment hook '/home/nathan/ros2_ws/install/diffdrive_arduino/share/diffdrive_arduino/hook/ld_library_path_lib.ps1'
[1.409s] INFO:colcon.colcon_core.shell:Creating environment descriptor '/home/nathan/ros2_ws/install/diffdrive_arduino/share/diffdrive_arduino/hook/ld_library_path_lib.dsv'
[1.410s] INFO:colcon.colcon_core.shell:Creating environment hook '/home/nathan/ros2_ws/install/diffdrive_arduino/share/diffdrive_arduino/hook/ld_library_path_lib.sh'
[1.412s] Level 1:colcon.colcon_core.environment:checking '/home/nathan/ros2_ws/install/diffdrive_arduino/bin'
[1.412s] Level 1:colcon.colcon_core.environment:checking '/home/nathan/ros2_ws/install/diffdrive_arduino/lib/pkgconfig/diffdrive_arduino.pc'
[1.412s] Level 1:colcon.colcon_core.environment:checking '/home/nathan/ros2_ws/install/diffdrive_arduino/lib/python3.10/site-packages'
[1.413s] Level 1:colcon.colcon_core.environment:checking '/home/nathan/ros2_ws/install/diffdrive_arduino/bin'
[1.414s] INFO:colcon.colcon_core.shell:Creating package script '/home/nathan/ros2_ws/install/diffdrive_arduino/share/diffdrive_arduino/package.ps1'
[1.415s] INFO:colcon.colcon_core.shell:Creating package descriptor '/home/nathan/ros2_ws/install/diffdrive_arduino/share/diffdrive_arduino/package.dsv'
[1.417s] INFO:colcon.colcon_core.shell:Creating package script '/home/nathan/ros2_ws/install/diffdrive_arduino/share/diffdrive_arduino/package.sh'
[1.418s] INFO:colcon.colcon_core.shell:Creating package script '/home/nathan/ros2_ws/install/diffdrive_arduino/share/diffdrive_arduino/package.bash'
[1.421s] INFO:colcon.colcon_core.shell:Creating package script '/home/nathan/ros2_ws/install/diffdrive_arduino/share/diffdrive_arduino/package.zsh'
[1.423s] Level 1:colcon.colcon_core.environment:create_file_with_runtime_dependencies(/home/nathan/ros2_ws/install/diffdrive_arduino/share/colcon-core/packages/diffdrive_arduino)
[1.436s] DEBUG:colcon.colcon_core.event_handler.log_command:Invoking command in '/home/nathan/ros2_ws/build/sllidar_ros2': CMAKE_PREFIX_PATH=${CMAKE_PREFIX_PATH}:/home/nathan/ros2_ws/install/joy_tester:/opt/ros/humble /usr/bin/cmake --build /home/nathan/ros2_ws/build/sllidar_ros2 -- -j4 -l4
[1.654s] DEBUG:colcon.colcon_core.event_handler.log_command:Invoked command in '/home/nathan/ros2_ws/build/sllidar_ros2' returned '0': CMAKE_PREFIX_PATH=${CMAKE_PREFIX_PATH}:/home/nathan/ros2_ws/install/joy_tester:/opt/ros/humble /usr/bin/cmake --build /home/nathan/ros2_ws/build/sllidar_ros2 -- -j4 -l4
[1.659s] DEBUG:colcon.colcon_core.event_handler.log_command:Invoking command in '/home/nathan/ros2_ws/build/sllidar_ros2': CMAKE_PREFIX_PATH=${CMAKE_PREFIX_PATH}:/home/nathan/ros2_ws/install/joy_tester:/opt/ros/humble /usr/bin/cmake --install /home/nathan/ros2_ws/build/sllidar_ros2
[1.693s] Level 1:colcon.colcon_core.environment:create_environment_scripts_only(sllidar_ros2)
[1.693s] Level 1:colcon.colcon_core.environment:checking '/home/nathan/ros2_ws/install/sllidar_ros2' for CMake module files
[1.695s] Level 1:colcon.colcon_core.environment:checking '/home/nathan/ros2_ws/install/sllidar_ros2' for CMake config files
[1.695s] Level 1:colcon.colcon_core.shell:create_environment_hook('sllidar_ros2', 'cmake_prefix_path')
[1.696s] INFO:colcon.colcon_core.shell:Creating environment hook '/home/nathan/ros2_ws/install/sllidar_ros2/share/sllidar_ros2/hook/cmake_prefix_path.ps1'
[1.698s] INFO:colcon.colcon_core.shell:Creating environment descriptor '/home/nathan/ros2_ws/install/sllidar_ros2/share/sllidar_ros2/hook/cmake_prefix_path.dsv'
[1.697s] DEBUG:colcon.colcon_core.event_handler.log_command:Invoked command in '/home/nathan/ros2_ws/build/sllidar_ros2' returned '0': CMAKE_PREFIX_PATH=${CMAKE_PREFIX_PATH}:/home/nathan/ros2_ws/install/joy_tester:/opt/ros/humble /usr/bin/cmake --install /home/nathan/ros2_ws/build/sllidar_ros2
[1.700s] INFO:colcon.colcon_core.shell:Creating environment hook '/home/nathan/ros2_ws/install/sllidar_ros2/share/sllidar_ros2/hook/cmake_prefix_path.sh'
[1.701s] Level 1:colcon.colcon_core.environment:checking '/home/nathan/ros2_ws/install/sllidar_ros2/lib'
[1.702s] Level 1:colcon.colcon_core.environment:checking '/home/nathan/ros2_ws/install/sllidar_ros2/bin'
[1.702s] Level 1:colcon.colcon_core.environment:checking '/home/nathan/ros2_ws/install/sllidar_ros2/lib/pkgconfig/sllidar_ros2.pc'
[1.702s] Level 1:colcon.colcon_core.environment:checking '/home/nathan/ros2_ws/install/sllidar_ros2/lib/python3.10/site-packages'
[1.703s] Level 1:colcon.colcon_core.environment:checking '/home/nathan/ros2_ws/install/sllidar_ros2/bin'
[1.704s] INFO:colcon.colcon_core.shell:Creating package script '/home/nathan/ros2_ws/install/sllidar_ros2/share/sllidar_ros2/package.ps1'
[1.706s] INFO:colcon.colcon_core.shell:Creating package descriptor '/home/nathan/ros2_ws/install/sllidar_ros2/share/sllidar_ros2/package.dsv'
[1.706s] INFO:colcon.colcon_core.shell:Creating package script '/home/nathan/ros2_ws/install/sllidar_ros2/share/sllidar_ros2/package.sh'
[1.708s] INFO:colcon.colcon_core.shell:Creating package script '/home/nathan/ros2_ws/install/sllidar_ros2/share/sllidar_ros2/package.bash'
[1.709s] INFO:colcon.colcon_core.shell:Creating package script '/home/nathan/ros2_ws/install/sllidar_ros2/share/sllidar_ros2/package.zsh'
[1.709s] Level 1:colcon.colcon_core.environment:create_file_with_runtime_dependencies(/home/nathan/ros2_ws/install/sllidar_ros2/share/colcon-core/packages/sllidar_ros2)
[1.711s] Level 1:colcon.colcon_core.environment:create_environment_scripts_only(sllidar_ros2)
[1.711s] Level 1:colcon.colcon_core.environment:checking '/home/nathan/ros2_ws/install/sllidar_ros2' for CMake module files
[1.712s] Level 1:colcon.colcon_core.environment:checking '/home/nathan/ros2_ws/install/sllidar_ros2' for CMake config files
[1.713s] Level 1:colcon.colcon_core.shell:create_environment_hook('sllidar_ros2', 'cmake_prefix_path')
[1.713s] INFO:colcon.colcon_core.shell:Creating environment hook '/home/nathan/ros2_ws/install/sllidar_ros2/share/sllidar_ros2/hook/cmake_prefix_path.ps1'
[1.714s] INFO:colcon.colcon_core.shell:Creating environment descriptor '/home/nathan/ros2_ws/install/sllidar_ros2/share/sllidar_ros2/hook/cmake_prefix_path.dsv'
[1.715s] INFO:colcon.colcon_core.shell:Creating environment hook '/home/nathan/ros2_ws/install/sllidar_ros2/share/sllidar_ros2/hook/cmake_prefix_path.sh'
[1.716s] Level 1:colcon.colcon_core.environment:checking '/home/nathan/ros2_ws/install/sllidar_ros2/lib'
[1.716s] Level 1:colcon.colcon_core.environment:checking '/home/nathan/ros2_ws/install/sllidar_ros2/bin'
[1.716s] Level 1:colcon.colcon_core.environment:checking '/home/nathan/ros2_ws/install/sllidar_ros2/lib/pkgconfig/sllidar_ros2.pc'
[1.716s] Level 1:colcon.colcon_core.environment:checking '/home/nathan/ros2_ws/install/sllidar_ros2/lib/python3.10/site-packages'
[1.717s] Level 1:colcon.colcon_core.environment:checking '/home/nathan/ros2_ws/install/sllidar_ros2/bin'
[1.718s] INFO:colcon.colcon_core.shell:Creating package script '/home/nathan/ros2_ws/install/sllidar_ros2/share/sllidar_ros2/package.ps1'
[1.722s] INFO:colcon.colcon_core.shell:Creating package descriptor '/home/nathan/ros2_ws/install/sllidar_ros2/share/sllidar_ros2/package.dsv'
[1.723s] INFO:colcon.colcon_core.shell:Creating package script '/home/nathan/ros2_ws/install/sllidar_ros2/share/sllidar_ros2/package.sh'
[1.724s] INFO:colcon.colcon_core.shell:Creating package script '/home/nathan/ros2_ws/install/sllidar_ros2/share/sllidar_ros2/package.bash'
[1.725s] INFO:colcon.colcon_core.shell:Creating package script '/home/nathan/ros2_ws/install/sllidar_ros2/share/sllidar_ros2/package.zsh'
[1.726s] Level 1:colcon.colcon_core.environment:create_file_with_runtime_dependencies(/home/nathan/ros2_ws/install/sllidar_ros2/share/colcon-core/packages/sllidar_ros2)
[2.086s] DEBUG:colcon.colcon_core.event_handler.log_command:Invoking command in '/home/nathan/ros2_ws/src/joy_tester': PYTHONPATH=/home/nathan/ros2_ws/build/joy_tester/prefix_override:/usr/lib/python3/dist-packages/colcon_core/task/python/colcon_distutils_commands:/home/nathan/ros2_ws/install/joy_tester/lib/python3.10/site-packages:${PYTHONPATH} /usr/bin/python3 -W ignore:setup.py install is deprecated -W ignore:easy_install command is deprecated setup.py egg_info --egg-base ../../build/joy_tester build --build-base /home/nathan/ros2_ws/build/joy_tester/build install --record /home/nathan/ros2_ws/build/joy_tester/install.log --single-version-externally-managed install_data
[2.608s] Level 1:colcon.colcon_core.environment:checking '/home/nathan/ros2_ws/install/joy_tester' for CMake module files
[2.609s] DEBUG:colcon.colcon_core.event_handler.log_command:Invoked command in '/home/nathan/ros2_ws/src/joy_tester' returned '0': PYTHONPATH=/home/nathan/ros2_ws/build/joy_tester/prefix_override:/usr/lib/python3/dist-packages/colcon_core/task/python/colcon_distutils_commands:/home/nathan/ros2_ws/install/joy_tester/lib/python3.10/site-packages:${PYTHONPATH} /usr/bin/python3 -W ignore:setup.py install is deprecated -W ignore:easy_install command is deprecated setup.py egg_info --egg-base ../../build/joy_tester build --build-base /home/nathan/ros2_ws/build/joy_tester/build install --record /home/nathan/ros2_ws/build/joy_tester/install.log --single-version-externally-managed install_data
[2.610s] Level 1:colcon.colcon_core.environment:checking '/home/nathan/ros2_ws/install/joy_tester' for CMake config files
[2.610s] Level 1:colcon.colcon_core.environment:checking '/home/nathan/ros2_ws/install/joy_tester/lib'
[2.610s] Level 1:colcon.colcon_core.environment:checking '/home/nathan/ros2_ws/install/joy_tester/bin'
[2.611s] Level 1:colcon.colcon_core.environment:checking '/home/nathan/ros2_ws/install/joy_tester/lib/pkgconfig/joy_tester.pc'
[2.611s] Level 1:colcon.colcon_core.environment:checking '/home/nathan/ros2_ws/install/joy_tester/lib/python3.10/site-packages'
[2.611s] Level 1:colcon.colcon_core.shell:create_environment_hook('joy_tester', 'pythonpath')
[2.611s] INFO:colcon.colcon_core.shell:Creating environment hook '/home/nathan/ros2_ws/install/joy_tester/share/joy_tester/hook/pythonpath.ps1'
[2.612s] INFO:colcon.colcon_core.shell:Creating environment descriptor '/home/nathan/ros2_ws/install/joy_tester/share/joy_tester/hook/pythonpath.dsv'
[2.612s] INFO:colcon.colcon_core.shell:Creating environment hook '/home/nathan/ros2_ws/install/joy_tester/share/joy_tester/hook/pythonpath.sh'
[2.613s] Level 1:colcon.colcon_core.environment:checking '/home/nathan/ros2_ws/install/joy_tester/bin'
[2.613s] Level 1:colcon.colcon_core.environment:create_environment_scripts_only(joy_tester)
[2.613s] INFO:colcon.colcon_core.shell:Creating package script '/home/nathan/ros2_ws/install/joy_tester/share/joy_tester/package.ps1'
[2.614s] INFO:colcon.colcon_core.shell:Creating package descriptor '/home/nathan/ros2_ws/install/joy_tester/share/joy_tester/package.dsv'
[2.615s] INFO:colcon.colcon_core.shell:Creating package script '/home/nathan/ros2_ws/install/joy_tester/share/joy_tester/package.sh'
[2.616s] INFO:colcon.colcon_core.shell:Creating package script '/home/nathan/ros2_ws/install/joy_tester/share/joy_tester/package.bash'
[2.616s] INFO:colcon.colcon_core.shell:Creating package script '/home/nathan/ros2_ws/install/joy_tester/share/joy_tester/package.zsh'
[2.617s] Level 1:colcon.colcon_core.environment:create_file_with_runtime_dependencies(/home/nathan/ros2_ws/install/joy_tester/share/colcon-core/packages/joy_tester)
[2.617s] DEBUG:colcon.colcon_parallel_executor.executor.parallel:closing loop
[2.618s] DEBUG:colcon.colcon_parallel_executor.executor.parallel:loop closed
[2.618s] DEBUG:colcon.colcon_parallel_executor.executor.parallel:run_until_complete finished with '0'
[2.618s] DEBUG:colcon.colcon_core.event_reactor:joining thread
[2.629s] INFO:colcon.colcon_core.plugin_system:Skipping extension 'colcon_notification.desktop_notification.terminal_notifier': Not used on non-Darwin systems
[2.629s] INFO:colcon.colcon_core.plugin_system:Skipping extension 'colcon_notification.desktop_notification.win32': Not used on non-Windows systems
[2.629s] INFO:colcon.colcon_notification.desktop_notification:Sending desktop notification using 'notify2'
[2.676s] DEBUG:colcon.colcon_core.event_reactor:joined thread
[2.677s] INFO:colcon.colcon_core.shell:Creating prefix script '/home/nathan/ros2_ws/install/local_setup.ps1'
[2.680s] INFO:colcon.colcon_core.shell:Creating prefix util module '/home/nathan/ros2_ws/install/_local_setup_util_ps1.py'
[2.686s] INFO:colcon.colcon_core.shell:Creating prefix chain script '/home/nathan/ros2_ws/install/setup.ps1'
[2.689s] INFO:colcon.colcon_core.shell:Creating prefix script '/home/nathan/ros2_ws/install/local_setup.sh'
[2.691s] INFO:colcon.colcon_core.shell:Creating prefix util module '/home/nathan/ros2_ws/install/_local_setup_util_sh.py'
[2.693s] INFO:colcon.colcon_core.shell:Creating prefix chain script '/home/nathan/ros2_ws/install/setup.sh'
[2.698s] INFO:colcon.colcon_core.shell:Creating prefix script '/home/nathan/ros2_ws/install/local_setup.bash'
[2.699s] INFO:colcon.colcon_core.shell:Creating prefix chain script '/home/nathan/ros2_ws/install/setup.bash'
[2.702s] INFO:colcon.colcon_core.shell:Creating prefix script '/home/nathan/ros2_ws/install/local_setup.zsh'
[2.703s] INFO:colcon.colcon_core.shell:Creating prefix chain script '/home/nathan/ros2_ws/install/setup.zsh'
