[0.154s] Invoking command in '/home/nathan/ros2_ws/build/ppp_bot': CMAKE_PREFIX_PATH=${CMAKE_PREFIX_PATH}:/home/nathan/ros2_ws/install/rdj2025_potato_disease_detection:/home/nathan/ros2_ws/install/joy_tester:/opt/ros/humble /usr/bin/cmake --build /home/nathan/ros2_ws/build/ppp_bot -- -j4 -l4
[0.702s] Invoked command in '/home/nathan/ros2_ws/build/ppp_bot' returned '0': CMAKE_PREFIX_PATH=${CMAKE_PREFIX_PATH}:/home/nathan/ros2_ws/install/rdj2025_potato_disease_detection:/home/nathan/ros2_ws/install/joy_tester:/opt/ros/humble /usr/bin/cmake --build /home/nathan/ros2_ws/build/ppp_bot -- -j4 -l4
[0.784s] Invoking command in '/home/nathan/ros2_ws/build/ppp_bot': CMAKE_PREFIX_PATH=${CMAKE_PREFIX_PATH}:/home/nathan/ros2_ws/install/rdj2025_potato_disease_detection:/home/nathan/ros2_ws/install/joy_tester:/opt/ros/humble /usr/bin/cmake --install /home/nathan/ros2_ws/build/ppp_bot
[0.823s] -- Install configuration: ""
[0.872s] -- Execute custom install script
[0.936s] -- Up-to-date symlink: /home/nathan/ros2_ws/install/ppp_bot/share/ppp_bot//description/camera.xacro
[0.937s] -- Up-to-date symlink: /home/nathan/ros2_ws/install/ppp_bot/share/ppp_bot//description/depth_camera.xacro
[0.939s] -- Up-to-date symlink: /home/nathan/ros2_ws/install/ppp_bot/share/ppp_bot//description/ignition_control.xacro
[0.940s] -- Up-to-date symlink: /home/nathan/ros2_ws/install/ppp_bot/share/ppp_bot//description/inertial_macros.xacro
[0.980s] -- Up-to-date symlink: /home/nathan/ros2_ws/install/ppp_bot/share/ppp_bot//description/lidar.xacro
[0.980s] -- Up-to-date symlink: /home/nathan/ros2_ws/install/ppp_bot/share/ppp_bot//description/materials.xacro
[0.981s] -- Up-to-date symlink: /home/nathan/ros2_ws/install/ppp_bot/share/ppp_bot//description/robot.urdf.xacro
[1.025s] -- Up-to-date symlink: /home/nathan/ros2_ws/install/ppp_bot/share/ppp_bot//description/robot_core.xacro
[1.026s] -- Up-to-date symlink: /home/nathan/ros2_ws/install/ppp_bot/share/ppp_bot//description/ros2_control.xacro
[1.027s] -- Up-to-date symlink: /home/nathan/ros2_ws/install/ppp_bot/share/ppp_bot//launch/joystick.launch.py
[1.027s] -- Up-to-date symlink: /home/nathan/ros2_ws/install/ppp_bot/share/ppp_bot//launch/keyboard.launch.py
[1.080s] -- Up-to-date symlink: /home/nathan/ros2_ws/install/ppp_bot/share/ppp_bot//launch/launch_ign.launch.py
[1.083s] -- Up-to-date symlink: /home/nathan/ros2_ws/install/ppp_bot/share/ppp_bot//launch/launch_sim.launch.py
[1.086s] -- Up-to-date symlink: /home/nathan/ros2_ws/install/ppp_bot/share/ppp_bot//launch/legacy_launch_sim.launch.py
[1.088s] -- Up-to-date symlink: /home/nathan/ros2_ws/install/ppp_bot/share/ppp_bot//launch/localization.launch.py
[1.090s] -- Up-to-date symlink: /home/nathan/ros2_ws/install/ppp_bot/share/ppp_bot//launch/navigation.launch.py
[1.126s] -- Up-to-date symlink: /home/nathan/ros2_ws/install/ppp_bot/share/ppp_bot//launch/online_async.launch.py
[1.126s] -- Up-to-date symlink: /home/nathan/ros2_ws/install/ppp_bot/share/ppp_bot//launch/rsp.launch.py
[1.131s] -- Up-to-date symlink: /home/nathan/ros2_ws/install/ppp_bot/share/ppp_bot//launch/teleop_sim.launch.py
[1.131s] -- Up-to-date symlink: /home/nathan/ros2_ws/install/ppp_bot/share/ppp_bot//worlds/barrels.sdf
[1.158s] -- Up-to-date symlink: /home/nathan/ros2_ws/install/ppp_bot/share/ppp_bot//worlds/cones.sdf
[1.159s] -- Up-to-date symlink: /home/nathan/ros2_ws/install/ppp_bot/share/ppp_bot//worlds/cones2.sdf
[1.160s] -- Up-to-date symlink: /home/nathan/ros2_ws/install/ppp_bot/share/ppp_bot//worlds/empty.sdf
[1.162s] -- Up-to-date symlink: /home/nathan/ros2_ws/install/ppp_bot/share/ppp_bot//worlds/maze.sdf
[1.163s] -- Up-to-date symlink: /home/nathan/ros2_ws/install/ppp_bot/share/ppp_bot//worlds/moving_robot.sdf
[1.202s] -- Up-to-date symlink: /home/nathan/ros2_ws/install/ppp_bot/share/ppp_bot//worlds/room.sdf
[1.204s] -- Up-to-date symlink: /home/nathan/ros2_ws/install/ppp_bot/share/ppp_bot//worlds/room_with_cones.sdf
[1.204s] -- Up-to-date symlink: /home/nathan/ros2_ws/install/ppp_bot/share/ppp_bot//worlds/simple_room.sdf
[1.205s] -- Up-to-date symlink: /home/nathan/ros2_ws/install/ppp_bot/share/ppp_bot//config/default.rviz
[1.235s] -- Up-to-date symlink: /home/nathan/ros2_ws/install/ppp_bot/share/ppp_bot//config/joystick.yaml
[1.236s] -- Up-to-date symlink: /home/nathan/ros2_ws/install/ppp_bot/share/ppp_bot//config/mapper_params_online_async.yaml
[1.240s] -- Up-to-date symlink: /home/nathan/ros2_ws/install/ppp_bot/share/ppp_bot//config/my_controllers.yaml
[1.240s] -- Up-to-date symlink: /home/nathan/ros2_ws/install/ppp_bot/share/ppp_bot//config/nav2_params.yaml
[1.240s] -- Up-to-date symlink: /home/nathan/ros2_ws/install/ppp_bot/share/ppp_bot//config/twist_mux.yaml
[1.269s] -- Up-to-date symlink: /home/nathan/ros2_ws/install/ppp_bot/share/ppp_bot//models/construction_barrel/materials/textures/Construction_Barrel_Diffuse.png
[1.271s] -- Up-to-date symlink: /home/nathan/ros2_ws/install/ppp_bot/share/ppp_bot//models/construction_barrel/materials/textures/Construction_Barrel_Spec.png
[1.271s] -- Up-to-date symlink: /home/nathan/ros2_ws/install/ppp_bot/share/ppp_bot//models/construction_barrel/meshes/construction_barrel.dae
[1.273s] -- Up-to-date symlink: /home/nathan/ros2_ws/install/ppp_bot/share/ppp_bot//models/construction_barrel/model-1_3.sdf
[1.315s] -- Up-to-date symlink: /home/nathan/ros2_ws/install/ppp_bot/share/ppp_bot//models/construction_barrel/model-1_4.sdf
[1.316s] -- Up-to-date symlink: /home/nathan/ros2_ws/install/ppp_bot/share/ppp_bot//models/construction_barrel/model.config
[1.317s] -- Up-to-date symlink: /home/nathan/ros2_ws/install/ppp_bot/share/ppp_bot//models/construction_barrel/model.sdf
[1.318s] -- Up-to-date symlink: /home/nathan/ros2_ws/install/ppp_bot/share/ppp_bot//models/construction_barrel/thumbnails/1.png
[1.319s] -- Up-to-date symlink: /home/nathan/ros2_ws/install/ppp_bot/share/ppp_bot//models/construction_barrel/thumbnails/2.png
[1.358s] -- Up-to-date symlink: /home/nathan/ros2_ws/install/ppp_bot/share/ppp_bot//models/construction_barrel/thumbnails/3.png
[1.359s] -- Up-to-date symlink: /home/nathan/ros2_ws/install/ppp_bot/share/ppp_bot//models/construction_barrel/thumbnails/4.png
[1.360s] -- Up-to-date symlink: /home/nathan/ros2_ws/install/ppp_bot/share/ppp_bot//models/construction_barrel/thumbnails/5.png
[1.362s] -- Up-to-date symlink: /home/nathan/ros2_ws/install/ppp_bot/share/ppp_bot//models/construction_cone/materials/textures/Construction_Cone_Diffuse.png
[1.402s] -- Up-to-date symlink: /home/nathan/ros2_ws/install/ppp_bot/share/ppp_bot//models/construction_cone/meshes/construction_cone.dae
[1.403s] -- Up-to-date symlink: /home/nathan/ros2_ws/install/ppp_bot/share/ppp_bot//models/construction_cone/model-1_3.sdf
[1.404s] -- Up-to-date symlink: /home/nathan/ros2_ws/install/ppp_bot/share/ppp_bot//models/construction_cone/model-1_4.sdf
[1.480s] -- Up-to-date symlink: /home/nathan/ros2_ws/install/ppp_bot/share/ppp_bot//models/construction_cone/model.config
[1.480s] -- Up-to-date symlink: /home/nathan/ros2_ws/install/ppp_bot/share/ppp_bot//models/construction_cone/model.sdf
[1.480s] -- Up-to-date symlink: /home/nathan/ros2_ws/install/ppp_bot/share/ppp_bot//models/construction_cone/thumbnails/1.png
[1.481s] -- Up-to-date symlink: /home/nathan/ros2_ws/install/ppp_bot/share/ppp_bot//models/construction_cone/thumbnails/2.png
[1.524s] -- Up-to-date symlink: /home/nathan/ros2_ws/install/ppp_bot/share/ppp_bot//models/construction_cone/thumbnails/3.png
[1.525s] -- Up-to-date symlink: /home/nathan/ros2_ws/install/ppp_bot/share/ppp_bot//models/construction_cone/thumbnails/4.png
[1.526s] -- Up-to-date symlink: /home/nathan/ros2_ws/install/ppp_bot/share/ppp_bot//models/construction_cone/thumbnails/5.png
[1.526s] -- Up-to-date symlink: /home/nathan/ros2_ws/install/ppp_bot/share/ppp_bot//models/maze/model.config
[1.527s] -- Up-to-date symlink: /home/nathan/ros2_ws/install/ppp_bot/share/ppp_bot//models/maze/model.sdf
[1.557s] -- Up-to-date symlink: /home/nathan/ros2_ws/install/ppp_bot/share/ppp_bot//models/room/model.config
[1.558s] -- Up-to-date symlink: /home/nathan/ros2_ws/install/ppp_bot/share/ppp_bot//models/room/model.sdf
[1.558s] -- Up-to-date symlink: /home/nathan/ros2_ws/install/ppp_bot/share/ppp_bot//models/simple_room/model.config
[1.559s] -- Up-to-date symlink: /home/nathan/ros2_ws/install/ppp_bot/share/ppp_bot//models/simple_room/model.sdf
[1.615s] -- Up-to-date symlink: /home/nathan/ros2_ws/install/ppp_bot/share/ppp_bot//maps/baseline.pgm
[1.616s] -- Up-to-date symlink: /home/nathan/ros2_ws/install/ppp_bot/share/ppp_bot//maps/baseline.yaml
[1.616s] -- Up-to-date symlink: /home/nathan/ros2_ws/install/ppp_bot/share/ppp_bot//maps/cones.data
[1.616s] -- Up-to-date symlink: /home/nathan/ros2_ws/install/ppp_bot/share/ppp_bot//maps/cones.pgm
[1.617s] -- Up-to-date symlink: /home/nathan/ros2_ws/install/ppp_bot/share/ppp_bot//maps/cones.posegraph
[1.657s] -- Up-to-date symlink: /home/nathan/ros2_ws/install/ppp_bot/share/ppp_bot//maps/cones.yaml
[1.658s] -- Up-to-date symlink: /home/nathan/ros2_ws/install/ppp_bot/share/ppp_bot//maps/cones2.pgm
[1.658s] -- Up-to-date symlink: /home/nathan/ros2_ws/install/ppp_bot/share/ppp_bot//maps/cones2.yaml
[1.659s] -- Up-to-date symlink: /home/nathan/ros2_ws/install/ppp_bot/share/ppp_bot//maps/maze.data
[1.716s] -- Up-to-date symlink: /home/nathan/ros2_ws/install/ppp_bot/share/ppp_bot//maps/maze.pgm
[1.716s] -- Up-to-date symlink: /home/nathan/ros2_ws/install/ppp_bot/share/ppp_bot//maps/maze.posegraph
[1.716s] -- Up-to-date symlink: /home/nathan/ros2_ws/install/ppp_bot/share/ppp_bot//maps/maze.yaml
[1.717s] -- Up-to-date symlink: /home/nathan/ros2_ws/install/ppp_bot/share/ppp_bot//maps/room.data
[1.717s] -- Up-to-date symlink: /home/nathan/ros2_ws/install/ppp_bot/share/ppp_bot//maps/room.pgm
[1.758s] -- Up-to-date symlink: /home/nathan/ros2_ws/install/ppp_bot/share/ppp_bot//maps/room.posegraph
[1.758s] -- Up-to-date symlink: /home/nathan/ros2_ws/install/ppp_bot/share/ppp_bot//maps/room.yaml
[1.759s] -- Up-to-date symlink: /home/nathan/ros2_ws/install/ppp_bot/share/ppp_bot//maps/room_with_cones.data
[1.759s] -- Up-to-date symlink: /home/nathan/ros2_ws/install/ppp_bot/share/ppp_bot//maps/room_with_cones.pgm
[1.802s] -- Up-to-date symlink: /home/nathan/ros2_ws/install/ppp_bot/share/ppp_bot//maps/room_with_cones.posegraph
[1.802s] -- Up-to-date symlink: /home/nathan/ros2_ws/install/ppp_bot/share/ppp_bot//maps/room_with_cones.yaml
[1.802s] -- Up-to-date symlink: /home/nathan/ros2_ws/install/ppp_bot/share/ppp_bot//maps/simple_room.data
[1.803s] -- Up-to-date symlink: /home/nathan/ros2_ws/install/ppp_bot/share/ppp_bot//maps/simple_room.pgm
[1.803s] -- Up-to-date symlink: /home/nathan/ros2_ws/install/ppp_bot/share/ppp_bot//maps/simple_room.posegraph
[1.835s] -- Up-to-date symlink: /home/nathan/ros2_ws/install/ppp_bot/share/ppp_bot//maps/simple_room.yaml
[1.835s] -- Up-to-date symlink: /home/nathan/ros2_ws/install/ppp_bot/share/ament_index/resource_index/package_run_dependencies/ppp_bot
[1.836s] -- Up-to-date symlink: /home/nathan/ros2_ws/install/ppp_bot/share/ament_index/resource_index/parent_prefix_path/ppp_bot
[1.836s] -- Up-to-date symlink: /home/nathan/ros2_ws/install/ppp_bot/share/ppp_bot/environment/ament_prefix_path.sh
[1.836s] -- Up-to-date symlink: /home/nathan/ros2_ws/install/ppp_bot/share/ppp_bot/environment/ament_prefix_path.dsv
[1.902s] -- Up-to-date symlink: /home/nathan/ros2_ws/install/ppp_bot/share/ppp_bot/environment/path.sh
[1.902s] -- Up-to-date symlink: /home/nathan/ros2_ws/install/ppp_bot/share/ppp_bot/environment/path.dsv
[1.902s] -- Up-to-date symlink: /home/nathan/ros2_ws/install/ppp_bot/share/ppp_bot/local_setup.bash
[1.903s] -- Up-to-date symlink: /home/nathan/ros2_ws/install/ppp_bot/share/ppp_bot/local_setup.sh
[1.957s] -- Up-to-date symlink: /home/nathan/ros2_ws/install/ppp_bot/share/ppp_bot/local_setup.zsh
[1.957s] -- Up-to-date symlink: /home/nathan/ros2_ws/install/ppp_bot/share/ppp_bot/local_setup.dsv
[1.957s] -- Symlinking: /home/nathan/ros2_ws/install/ppp_bot/share/ppp_bot/package.dsv
[1.972s] -- Up-to-date symlink: /home/nathan/ros2_ws/install/ppp_bot/share/ament_index/resource_index/packages/ppp_bot
[2.035s] -- Up-to-date symlink: /home/nathan/ros2_ws/install/ppp_bot/share/ppp_bot/cmake/ppp_botConfig.cmake
[2.035s] -- Up-to-date symlink: /home/nathan/ros2_ws/install/ppp_bot/share/ppp_bot/cmake/ppp_botConfig-version.cmake
[2.036s] -- Up-to-date symlink: /home/nathan/ros2_ws/install/ppp_bot/share/ppp_bot/package.xml
[2.040s] Invoked command in '/home/nathan/ros2_ws/build/ppp_bot' returned '0': CMAKE_PREFIX_PATH=${CMAKE_PREFIX_PATH}:/home/nathan/ros2_ws/install/rdj2025_potato_disease_detection:/home/nathan/ros2_ws/install/joy_tester:/opt/ros/humble /usr/bin/cmake --install /home/nathan/ros2_ws/build/ppp_bot
