[0.116s] Invoking command in '/home/nathan/ros2_ws/build/sllidar_ros2': CMAKE_PREFIX_PATH=${CMAKE_PREFIX_PATH}:/home/nathan/ros2_ws/install/joy_tester:/opt/ros/humble /usr/bin/cmake --build /home/nathan/ros2_ws/build/sllidar_ros2 -- -j4 -l4
[1.448s] [ 10%] Built target sllidar_client
[1.546s] [100%] Built target sllidar_node
[1.585s] Invoked command in '/home/nathan/ros2_ws/build/sllidar_ros2' returned '0': CMAKE_PREFIX_PATH=${CMAKE_PREFIX_PATH}:/home/nathan/ros2_ws/install/joy_tester:/opt/ros/humble /usr/bin/cmake --build /home/nathan/ros2_ws/build/sllidar_ros2 -- -j4 -l4
[1.605s] Invoking command in '/home/nathan/ros2_ws/build/sllidar_ros2': CMAKE_PREFIX_PATH=${CMAKE_PREFIX_PATH}:/home/nathan/ros2_ws/install/joy_tester:/opt/ros/humble /usr/bin/cmake --install /home/nathan/ros2_ws/build/sllidar_ros2
[1.651s] -- Install configuration: ""
[1.652s] -- Up-to-date: /home/nathan/ros2_ws/install/sllidar_ros2/share/sllidar_ros2/launch
[1.652s] -- Up-to-date: /home/nathan/ros2_ws/install/sllidar_ros2/share/sllidar_ros2/launch/sllidar_a1_launch.py
[1.652s] -- Up-to-date: /home/nathan/ros2_ws/install/sllidar_ros2/share/sllidar_ros2/rviz
[1.652s] -- Up-to-date: /home/nathan/ros2_ws/install/sllidar_ros2/share/sllidar_ros2/rviz/sllidar_ros2.rviz
[1.792s] -- Up-to-date: /home/nathan/ros2_ws/install/sllidar_ros2/lib/sllidar_ros2/sllidar_node
[1.865s] -- Up-to-date: /home/nathan/ros2_ws/install/sllidar_ros2/lib/sllidar_ros2/sllidar_client
[1.866s] -- Up-to-date: /home/nathan/ros2_ws/install/sllidar_ros2/share/ament_index/resource_index/package_run_dependencies/sllidar_ros2
[1.866s] -- Up-to-date: /home/nathan/ros2_ws/install/sllidar_ros2/share/ament_index/resource_index/parent_prefix_path/sllidar_ros2
[1.867s] -- Up-to-date: /home/nathan/ros2_ws/install/sllidar_ros2/share/sllidar_ros2/environment/ament_prefix_path.sh
[1.867s] -- Up-to-date: /home/nathan/ros2_ws/install/sllidar_ros2/share/sllidar_ros2/environment/ament_prefix_path.dsv
[1.868s] -- Up-to-date: /home/nathan/ros2_ws/install/sllidar_ros2/share/sllidar_ros2/environment/path.sh
[1.869s] -- Up-to-date: /home/nathan/ros2_ws/install/sllidar_ros2/share/sllidar_ros2/environment/path.dsv
[1.870s] -- Up-to-date: /home/nathan/ros2_ws/install/sllidar_ros2/share/sllidar_ros2/local_setup.bash
[1.870s] -- Up-to-date: /home/nathan/ros2_ws/install/sllidar_ros2/share/sllidar_ros2/local_setup.sh
[1.871s] -- Up-to-date: /home/nathan/ros2_ws/install/sllidar_ros2/share/sllidar_ros2/local_setup.zsh
[1.871s] -- Up-to-date: /home/nathan/ros2_ws/install/sllidar_ros2/share/sllidar_ros2/local_setup.dsv
[1.871s] -- Installing: /home/nathan/ros2_ws/install/sllidar_ros2/share/sllidar_ros2/package.dsv
[1.931s] -- Up-to-date: /home/nathan/ros2_ws/install/sllidar_ros2/share/ament_index/resource_index/packages/sllidar_ros2
[1.931s] -- Up-to-date: /home/nathan/ros2_ws/install/sllidar_ros2/share/sllidar_ros2/cmake/ament_cmake_export_dependencies-extras.cmake
[1.932s] -- Up-to-date: /home/nathan/ros2_ws/install/sllidar_ros2/share/sllidar_ros2/cmake/ament_cmake_export_include_directories-extras.cmake
[1.932s] -- Up-to-date: /home/nathan/ros2_ws/install/sllidar_ros2/share/sllidar_ros2/cmake/sllidar_ros2Config.cmake
[1.932s] -- Up-to-date: /home/nathan/ros2_ws/install/sllidar_ros2/share/sllidar_ros2/cmake/sllidar_ros2Config-version.cmake
[1.932s] -- Up-to-date: /home/nathan/ros2_ws/install/sllidar_ros2/share/sllidar_ros2/package.xml
[1.939s] Invoked command in '/home/nathan/ros2_ws/build/sllidar_ros2' returned '0': CMAKE_PREFIX_PATH=${CMAKE_PREFIX_PATH}:/home/nathan/ros2_ws/install/joy_tester:/opt/ros/humble /usr/bin/cmake --install /home/nathan/ros2_ws/build/sllidar_ros2
