[0.098s] Invoking command in '/home/limitbreakers/breakers_ws/build/serial': CMAKE_PREFIX_PATH=${CMAKE_PREFIX_PATH}:/opt/ros/humble /usr/bin/cmake /home/limitbreakers/breakers_ws/src/serial -DAMENT_CMAKE_SYMLINK_INSTALL=1 -DCMAKE_INSTALL_PREFIX=/home/limitbreakers/breakers_ws/install/serial
[0.430s] -- The C compiler identification is GNU 11.4.0
[0.756s] -- The CXX compiler identification is GNU 11.4.0
[0.789s] -- Detecting C compiler ABI info
[1.212s] -- Detecting C compiler ABI info - done
[1.240s] -- Check for working C compiler: /usr/bin/cc - skipped
[1.241s] -- Detecting C compile features
[1.243s] -- Detecting C compile features - done
[1.256s] -- Detecting CXX compiler ABI info
[1.708s] -- Detecting CXX compiler ABI info - done
[1.740s] -- Check for working CXX compiler: /usr/bin/c++ - skipped
[1.741s] -- Detecting CXX compile features
[1.744s] -- Detecting CXX compile features - done
[1.778s] -- Found ament_cmake: 1.3.12 (/opt/ros/humble/share/ament_cmake/cmake)
[2.894s] -- Found Python3: /usr/bin/python3 (found version "3.10.12") found components: Interpreter 
[3.442s] -- Override CMake install command with custom implementation using symlinks instead of copying resources
[3.854s] -- Found ament_cmake_gtest: 1.3.12 (/opt/ros/humble/share/ament_cmake_gtest/cmake)
[3.938s] -- Found Boost: /usr/lib/aarch64-linux-gnu/cmake/Boost-1.74.0/BoostConfig.cmake (found version "1.74.0")  
[3.971s] -- Found gtest sources under '/opt/ros/humble/src/gtest_vendor': C++ tests using 'Google Test' will be built
[3.986s] -- Looking for pthread.h
[4.435s] -- Looking for pthread.h - found
[4.436s] -- Performing Test CMAKE_HAVE_LIBC_PTHREAD
[4.833s] -- Performing Test CMAKE_HAVE_LIBC_PTHREAD - Success
[4.837s] -- Found Threads: TRUE  
[5.231s] -- Configuring done
[5.308s] -- Generating done
[5.331s] -- Build files have been written to: /home/limitbreakers/breakers_ws/build/serial
[5.359s] Invoked command in '/home/limitbreakers/breakers_ws/build/serial' returned '0': CMAKE_PREFIX_PATH=${CMAKE_PREFIX_PATH}:/opt/ros/humble /usr/bin/cmake /home/limitbreakers/breakers_ws/src/serial -DAMENT_CMAKE_SYMLINK_INSTALL=1 -DCMAKE_INSTALL_PREFIX=/home/limitbreakers/breakers_ws/install/serial
[5.361s] Invoking command in '/home/limitbreakers/breakers_ws/build/serial': CMAKE_PREFIX_PATH=${CMAKE_PREFIX_PATH}:/opt/ros/humble /usr/bin/cmake --build /home/limitbreakers/breakers_ws/build/serial -- -j4 -l4
[5.617s] [  7%] [32mBuilding CXX object CMakeFiles/serial.dir/src/serial.cc.o[0m
[5.637s] [ 14%] [32mBuilding CXX object gtest/CMakeFiles/gtest.dir/src/gtest-all.cc.o[0m
[5.668s] [ 21%] [32mBuilding CXX object CMakeFiles/serial.dir/src/impl/unix.cc.o[0m
[5.672s] [ 28%] [32mBuilding CXX object gtest/CMakeFiles/gtest_main.dir/src/gtest_main.cc.o[0m
[9.476s] [ 35%] [32mBuilding CXX object CMakeFiles/serial.dir/src/impl/list_ports/list_ports_linux.cc.o[0m
[14.298s] [ 42%] [32m[1mLinking CXX static library libgtest_main.a[0m
[14.856s] [ 42%] Built target gtest_main
[14.886s] [ 50%] [32m[1mLinking CXX static library libserial.a[0m
[15.349s] [ 50%] Built target serial
[15.657s] [ 57%] [32mBuilding CXX object CMakeFiles/serial_example.dir/examples/serial_example.cc.o[0m
[20.353s] [ 64%] [32m[1mLinking CXX executable serial_example[0m
[21.263s] [ 64%] Built target serial_example
[40.047s] [ 71%] [32m[1mLinking CXX static library libgtest.a[0m
[40.738s] [ 71%] Built target gtest
[41.057s] [ 78%] [32mBuilding CXX object tests/CMakeFiles/serial-test.dir/unix_serial_tests.cc.o[0m
[41.094s] [ 85%] [32mBuilding CXX object tests/CMakeFiles/serial-test-timer.dir/unit/unix_timer_tests.cc.o[0m
[50.977s] In file included from [01m[K/usr/include/boost/bind.hpp:30[m[K,
[50.978s]                  from [01m[K/home/limitbreakers/breakers_ws/src/serial/tests/unix_serial_tests.cc:23[m[K:
[50.979s] [01m[K/usr/include/boost/bind.hpp:36:1:[m[K [01;36m[Knote: [m[K‘[01m[K#pragma message: The practice of declaring the Bind placeholders (_1, _2, ...) in the global namespace is deprecated. Please use <boost/bind/bind.hpp> + using namespace boost::placeholders, or define BOOST_BIND_GLOBAL_PLACEHOLDERS to retain the current behavior.[m[K’
[50.981s]    36 | [01;36m[KBOOST_PRAGMA_MESSAGE[m[K(
[50.982s]       | [01;36m[K^~~~~~~~~~~~~~~~~~~~[m[K
[52.312s] [ 92%] [32m[1mLinking CXX executable serial-test[0m
[52.487s] [100%] [32m[1mLinking CXX executable serial-test-timer[0m
[53.340s] [100%] Built target serial-test
[53.424s] [100%] Built target serial-test-timer
[53.485s] Invoked command in '/home/limitbreakers/breakers_ws/build/serial' returned '0': CMAKE_PREFIX_PATH=${CMAKE_PREFIX_PATH}:/opt/ros/humble /usr/bin/cmake --build /home/limitbreakers/breakers_ws/build/serial -- -j4 -l4
[53.497s] Invoking command in '/home/limitbreakers/breakers_ws/build/serial': CMAKE_PREFIX_PATH=${CMAKE_PREFIX_PATH}:/opt/ros/humble /usr/bin/cmake --install /home/limitbreakers/breakers_ws/build/serial
[53.537s] -- Install configuration: ""
[53.540s] -- Execute custom install script
[53.545s] -- Symlinking: /home/limitbreakers/breakers_ws/install/serial/lib/libserial.a
[53.595s] -- Symlinking: /home/limitbreakers/breakers_ws/install/serial/include/serial/serial.h
[53.648s] -- Symlinking: /home/limitbreakers/breakers_ws/install/serial/include/serial/v8stdint.h
[53.693s] -- Symlinking: /home/limitbreakers/breakers_ws/install/serial/share/serial/environment/library_path.sh
[53.740s] -- Symlinking: /home/limitbreakers/breakers_ws/install/serial/share/serial/environment/library_path.dsv
[53.785s] -- Symlinking: /home/limitbreakers/breakers_ws/install/serial/share/ament_index/resource_index/package_run_dependencies/serial
[53.831s] -- Symlinking: /home/limitbreakers/breakers_ws/install/serial/share/ament_index/resource_index/parent_prefix_path/serial
[53.877s] -- Symlinking: /home/limitbreakers/breakers_ws/install/serial/share/serial/environment/ament_prefix_path.sh
[53.923s] -- Symlinking: /home/limitbreakers/breakers_ws/install/serial/share/serial/environment/ament_prefix_path.dsv
[53.968s] -- Symlinking: /home/limitbreakers/breakers_ws/install/serial/share/serial/environment/path.sh
[54.015s] -- Symlinking: /home/limitbreakers/breakers_ws/install/serial/share/serial/environment/path.dsv
[54.060s] -- Symlinking: /home/limitbreakers/breakers_ws/install/serial/share/serial/local_setup.bash
[54.105s] -- Symlinking: /home/limitbreakers/breakers_ws/install/serial/share/serial/local_setup.sh
[54.152s] -- Symlinking: /home/limitbreakers/breakers_ws/install/serial/share/serial/local_setup.zsh
[54.196s] -- Symlinking: /home/limitbreakers/breakers_ws/install/serial/share/serial/local_setup.dsv
[54.240s] -- Symlinking: /home/limitbreakers/breakers_ws/install/serial/share/serial/package.dsv
[54.285s] -- Symlinking: /home/limitbreakers/breakers_ws/install/serial/share/ament_index/resource_index/packages/serial
[54.331s] -- Symlinking: /home/limitbreakers/breakers_ws/install/serial/share/serial/cmake/ament_cmake_export_include_directories-extras.cmake
[54.376s] -- Symlinking: /home/limitbreakers/breakers_ws/install/serial/share/serial/cmake/ament_cmake_export_libraries-extras.cmake
[54.419s] -- Symlinking: /home/limitbreakers/breakers_ws/install/serial/share/serial/cmake/serialConfig.cmake
[54.468s] -- Symlinking: /home/limitbreakers/breakers_ws/install/serial/share/serial/cmake/serialConfig-version.cmake
[54.517s] -- Symlinking: /home/limitbreakers/breakers_ws/install/serial/share/serial/package.xml
[54.585s] Invoked command in '/home/limitbreakers/breakers_ws/build/serial' returned '0': CMAKE_PREFIX_PATH=${CMAKE_PREFIX_PATH}:/opt/ros/humble /usr/bin/cmake --install /home/limitbreakers/breakers_ws/build/serial
