[0.224s] Invoking command in '/home/nathan/ros2_ws/build/diffdrive_arduino': CMAKE_PREFIX_PATH=${CMAKE_PREFIX_PATH}:/home/nathan/ros2_ws/install/joy_tester:/opt/ros/humble /usr/bin/cmake --build /home/nathan/ros2_ws/build/diffdrive_arduino -- -j4 -l4
[1.343s] [100%] Built target diffdrive_arduino
[1.611s] Invoked command in '/home/nathan/ros2_ws/build/diffdrive_arduino' returned '0': CMAKE_PREFIX_PATH=${CMAKE_PREFIX_PATH}:/home/nathan/ros2_ws/install/joy_tester:/opt/ros/humble /usr/bin/cmake --build /home/nathan/ros2_ws/build/diffdrive_arduino -- -j4 -l4
[1.708s] Invoking command in '/home/nathan/ros2_ws/build/diffdrive_arduino': CMAKE_PREFIX_PATH=${CMAKE_PREFIX_PATH}:/home/nathan/ros2_ws/install/joy_tester:/opt/ros/humble /usr/bin/cmake --install /home/nathan/ros2_ws/build/diffdrive_arduino
[1.764s] -- Install configuration: ""
[1.767s] -- Up-to-date: /home/nathan/ros2_ws/install/diffdrive_arduino/share/diffdrive_arduino/diffdrive_arduino.xml
[1.768s] -- Up-to-date: /home/nathan/ros2_ws/install/diffdrive_arduino/include/diffdrive_arduino
[1.768s] -- Up-to-date: /home/nathan/ros2_ws/install/diffdrive_arduino/include/diffdrive_arduino/diffdrive_arduino
[1.768s] -- Up-to-date: /home/nathan/ros2_ws/install/diffdrive_arduino/include/diffdrive_arduino/diffdrive_arduino/visibility_control.h
[1.768s] -- Up-to-date: /home/nathan/ros2_ws/install/diffdrive_arduino/include/diffdrive_arduino/diffdrive_arduino/diffbot_system.hpp
[1.768s] -- Up-to-date: /home/nathan/ros2_ws/install/diffdrive_arduino/include/diffdrive_arduino/diffdrive_arduino/arduino_comms.hpp
[1.769s] -- Up-to-date: /home/nathan/ros2_ws/install/diffdrive_arduino/include/diffdrive_arduino/diffdrive_arduino/wheel.hpp
[1.769s] -- Up-to-date: /home/nathan/ros2_ws/install/diffdrive_arduino/share/diffdrive_arduino/launch
[1.769s] -- Up-to-date: /home/nathan/ros2_ws/install/diffdrive_arduino/share/diffdrive_arduino/launch/view_robot.launch.py
[1.769s] -- Up-to-date: /home/nathan/ros2_ws/install/diffdrive_arduino/share/diffdrive_arduino/ros2_control
[1.769s] -- Up-to-date: /home/nathan/ros2_ws/install/diffdrive_arduino/share/diffdrive_arduino/ros2_control/diffbot.ros2_control.xacro
[1.771s] -- Up-to-date: /home/nathan/ros2_ws/install/diffdrive_arduino/share/diffdrive_arduino/urdf
[1.771s] -- Up-to-date: /home/nathan/ros2_ws/install/diffdrive_arduino/share/diffdrive_arduino/urdf/diffbot_description.urdf.xacro
[1.772s] -- Up-to-date: /home/nathan/ros2_ws/install/diffdrive_arduino/share/diffdrive_arduino/urdf/diffbot.materials.xacro
[1.772s] -- Up-to-date: /home/nathan/ros2_ws/install/diffdrive_arduino/share/diffdrive_arduino/urdf/diffbot.urdf.xacro
[1.773s] -- Up-to-date: /home/nathan/ros2_ws/install/diffdrive_arduino/share/diffdrive_arduino/rviz
[1.774s] -- Up-to-date: /home/nathan/ros2_ws/install/diffdrive_arduino/share/diffdrive_arduino/rviz/diffbot.rviz
[1.774s] -- Up-to-date: /home/nathan/ros2_ws/install/diffdrive_arduino/share/diffdrive_arduino/rviz/diffbot_view.rviz
[1.774s] -- Up-to-date: /home/nathan/ros2_ws/install/diffdrive_arduino/share/diffdrive_arduino/launch
[1.774s] -- Up-to-date: /home/nathan/ros2_ws/install/diffdrive_arduino/share/diffdrive_arduino/launch/diffbot.launch.py
[1.774s] -- Up-to-date: /home/nathan/ros2_ws/install/diffdrive_arduino/share/diffdrive_arduino/config
[1.774s] -- Up-to-date: /home/nathan/ros2_ws/install/diffdrive_arduino/share/diffdrive_arduino/config/diffbot_controllers.yaml
[1.775s] -- Up-to-date: /home/nathan/ros2_ws/install/diffdrive_arduino/lib/libdiffdrive_arduino.so
[1.775s] -- Up-to-date: /home/nathan/ros2_ws/install/diffdrive_arduino/share/diffdrive_arduino/environment/library_path.sh
[1.775s] -- Up-to-date: /home/nathan/ros2_ws/install/diffdrive_arduino/share/diffdrive_arduino/environment/library_path.dsv
[1.775s] -- Up-to-date: /home/nathan/ros2_ws/install/diffdrive_arduino/share/ament_index/resource_index/package_run_dependencies/diffdrive_arduino
[1.775s] -- Up-to-date: /home/nathan/ros2_ws/install/diffdrive_arduino/share/ament_index/resource_index/parent_prefix_path/diffdrive_arduino
[1.776s] -- Up-to-date: /home/nathan/ros2_ws/install/diffdrive_arduino/share/diffdrive_arduino/environment/ament_prefix_path.sh
[1.776s] -- Up-to-date: /home/nathan/ros2_ws/install/diffdrive_arduino/share/diffdrive_arduino/environment/ament_prefix_path.dsv
[1.778s] -- Up-to-date: /home/nathan/ros2_ws/install/diffdrive_arduino/share/diffdrive_arduino/environment/path.sh
[1.779s] -- Up-to-date: /home/nathan/ros2_ws/install/diffdrive_arduino/share/diffdrive_arduino/environment/path.dsv
[1.779s] -- Up-to-date: /home/nathan/ros2_ws/install/diffdrive_arduino/share/diffdrive_arduino/local_setup.bash
[1.787s] -- Up-to-date: /home/nathan/ros2_ws/install/diffdrive_arduino/share/diffdrive_arduino/local_setup.sh
[1.787s] -- Up-to-date: /home/nathan/ros2_ws/install/diffdrive_arduino/share/diffdrive_arduino/local_setup.zsh
[1.788s] -- Up-to-date: /home/nathan/ros2_ws/install/diffdrive_arduino/share/diffdrive_arduino/local_setup.dsv
[1.788s] -- Installing: /home/nathan/ros2_ws/install/diffdrive_arduino/share/diffdrive_arduino/package.dsv
[1.790s] -- Up-to-date: /home/nathan/ros2_ws/install/diffdrive_arduino/share/ament_index/resource_index/packages/diffdrive_arduino
[1.790s] -- Up-to-date: /home/nathan/ros2_ws/install/diffdrive_arduino/share/ament_index/resource_index/hardware_interface__pluginlib__plugin/diffdrive_arduino
[1.812s] -- Up-to-date: /home/nathan/ros2_ws/install/diffdrive_arduino/share/diffdrive_arduino/cmake/export_diffdrive_arduinoExport.cmake
[1.815s] -- Up-to-date: /home/nathan/ros2_ws/install/diffdrive_arduino/share/diffdrive_arduino/cmake/export_diffdrive_arduinoExport-noconfig.cmake
[1.817s] -- Up-to-date: /home/nathan/ros2_ws/install/diffdrive_arduino/share/diffdrive_arduino/cmake/ament_cmake_export_targets-extras.cmake
[1.818s] -- Up-to-date: /home/nathan/ros2_ws/install/diffdrive_arduino/share/diffdrive_arduino/cmake/ament_cmake_export_dependencies-extras.cmake
[1.819s] -- Up-to-date: /home/nathan/ros2_ws/install/diffdrive_arduino/share/diffdrive_arduino/cmake/diffdrive_arduinoConfig.cmake
[1.819s] -- Up-to-date: /home/nathan/ros2_ws/install/diffdrive_arduino/share/diffdrive_arduino/cmake/diffdrive_arduinoConfig-version.cmake
[1.819s] -- Up-to-date: /home/nathan/ros2_ws/install/diffdrive_arduino/share/diffdrive_arduino/package.xml
[1.855s] Invoked command in '/home/nathan/ros2_ws/build/diffdrive_arduino' returned '0': CMAKE_PREFIX_PATH=${CMAKE_PREFIX_PATH}:/home/nathan/ros2_ws/install/joy_tester:/opt/ros/humble /usr/bin/cmake --install /home/nathan/ros2_ws/build/diffdrive_arduino
