[0.021s] Invoking command in '/home/nathan/ros2_ws/build/opennav_coverage': AMENT_PREFIX_PATH=/home/nathan/ros2_ws/install/opennav_coverage_msgs:${AMENT_PREFIX_PATH} CMAKE_PREFIX_PATH=/home/nathan/ros2_ws/install/opennav_coverage_msgs:/home/nathan/ros2_ws/install/sllidar_ros2:/home/nathan/ros2_ws/install/ppp_bot:/home/nathan/ros2_ws/install/dojo:/home/nathan/ros2_ws/install/diffdrive_arduino:/home/nathan/ros2_ws/install/articubot_one:/home/nathan/ros2_ws/install/rdj2025_potato_disease_detection:/home/nathan/ros2_ws/install/joy_tester:/opt/ros/humble LD_LIBRARY_PATH=/home/nathan/ros2_ws/install/opennav_coverage_msgs/lib:${LD_LIBRARY_PATH} PYTHONPATH=/home/nathan/ros2_ws/install/opennav_coverage_msgs/local/lib/python3.10/dist-packages:${PYTHONPATH} /usr/bin/cmake /home/nathan/ros2_ws/src/opennav_coverage/opennav_coverage -DAMENT_CMAKE_SYMLINK_INSTALL=1 -DCMAKE_INSTALL_PREFIX=/home/nathan/ros2_ws/install/opennav_coverage
[0.090s] -- The C compiler identification is GNU 11.4.0
[0.246s] -- The CXX compiler identification is GNU 11.4.0
[0.258s] -- Detecting C compiler ABI info
[0.347s] -- Detecting C compiler ABI info - done
[0.356s] -- Check for working C compiler: /usr/bin/cc - skipped
[0.357s] -- Detecting C compile features
[0.357s] -- Detecting C compile features - done
[0.361s] -- Detecting CXX compiler ABI info
[0.459s] -- Detecting CXX compiler ABI info - done
[0.475s] -- Check for working CXX compiler: /usr/bin/c++ - skipped
[0.475s] -- Detecting CXX compile features
[0.476s] -- Detecting CXX compile features - done
[0.482s] -- Found ament_cmake: 1.3.12 (/opt/ros/humble/share/ament_cmake/cmake)
[0.745s] -- Found Python3: /usr/bin/python3 (found version "3.10.12") found components: Interpreter 
[0.833s] -- Override CMake install command with custom implementation using symlinks instead of copying resources
[0.906s] -- Found ament_index_cpp: 1.4.0 (/opt/ros/humble/share/ament_index_cpp/cmake)
[0.939s] -- Found rclcpp: 16.0.14 (/opt/ros/humble/share/rclcpp/cmake)
[1.017s] -- Found rosidl_generator_c: 3.1.7 (/opt/ros/humble/share/rosidl_generator_c/cmake)
[1.029s] -- Found rosidl_adapter: 3.1.7 (/opt/ros/humble/share/rosidl_adapter/cmake)
[1.042s] -- Found rosidl_generator_cpp: 3.1.7 (/opt/ros/humble/share/rosidl_generator_cpp/cmake)
[1.061s] -- Using all available rosidl_typesupport_c: rosidl_typesupport_fastrtps_c;rosidl_typesupport_introspection_c
[1.083s] -- Using all available rosidl_typesupport_cpp: rosidl_typesupport_fastrtps_cpp;rosidl_typesupport_introspection_cpp
[1.235s] -- Found rmw_implementation_cmake: 6.1.2 (/opt/ros/humble/share/rmw_implementation_cmake/cmake)
[1.249s] -- Found rmw_fastrtps_cpp: 6.2.8 (/opt/ros/humble/share/rmw_fastrtps_cpp/cmake)
[1.657s] -- Found OpenSSL: /usr/lib/x86_64-linux-gnu/libcrypto.so (found version "3.0.2")  
[1.800s] -- Found FastRTPS: /opt/ros/humble/include  
[1.895s] -- Using RMW implementation 'rmw_fastrtps_cpp' as default
[2.001s] -- Looking for pthread.h
[2.131s] -- Looking for pthread.h - found
[2.132s] -- Performing Test CMAKE_HAVE_LIBC_PTHREAD
[2.219s] -- Performing Test CMAKE_HAVE_LIBC_PTHREAD - Success
[2.220s] -- Found Threads: TRUE  
[2.422s] -- Found rclcpp_action: 16.0.14 (/opt/ros/humble/share/rclcpp_action/cmake)
[2.485s] -- Found rclcpp_lifecycle: 16.0.14 (/opt/ros/humble/share/rclcpp_lifecycle/cmake)
[2.777s] -- Found rclcpp_components: 16.0.14 (/opt/ros/humble/share/rclcpp_components/cmake)
[3.389s] -- Found visualization_msgs: 4.9.0 (/opt/ros/humble/share/visualization_msgs/cmake)
[3.742s] -- Found nav2_util: 1.1.18 (/opt/ros/humble/share/nav2_util/cmake)
[3.917s] -- Found eigen3_cmake_module: 0.1.1 (/opt/ros/humble/share/eigen3_cmake_module/cmake)
[3.938s] -- Found Eigen3: TRUE (found version "3.4.0") 
[3.938s] -- Ensuring Eigen3 include directory is part of orocos-kdl CMake target
[4.073s] -- Found opennav_coverage_msgs: 0.0.1 (/home/nathan/ros2_ws/install/opennav_coverage_msgs/share/opennav_coverage_msgs/cmake)
[4.113s] [31mCMake Error at CMakeLists.txt:19 (find_package):
[4.113s]   By not providing "FindFields2Cover.cmake" in CMAKE_MODULE_PATH this project
[4.113s]   has asked CMake to find a package configuration file provided by
[4.113s]   "Fields2Cover", but CMake did not find one.
[4.113s] 
[4.113s]   Could not find a package configuration file provided by "Fields2Cover" with
[4.113s]   any of the following names:
[4.113s] 
[4.113s]     Fields2CoverConfig.cmake
[4.113s]     fields2cover-config.cmake
[4.113s] 
[4.113s]   Add the installation prefix of "Fields2Cover" to CMAKE_PREFIX_PATH or set
[4.114s]   "Fields2Cover_DIR" to a directory containing one of the above files.  If
[4.114s]   "Fields2Cover" provides a separate development package or SDK, be sure it
[4.114s]   has been installed.
[4.114s] 
[4.114s] [0m
[4.114s] -- Configuring incomplete, errors occurred!
[4.114s] See also "/home/nathan/ros2_ws/build/opennav_coverage/CMakeFiles/CMakeOutput.log".
[4.128s] Invoked command in '/home/nathan/ros2_ws/build/opennav_coverage' returned '1': AMENT_PREFIX_PATH=/home/nathan/ros2_ws/install/opennav_coverage_msgs:${AMENT_PREFIX_PATH} CMAKE_PREFIX_PATH=/home/nathan/ros2_ws/install/opennav_coverage_msgs:/home/nathan/ros2_ws/install/sllidar_ros2:/home/nathan/ros2_ws/install/ppp_bot:/home/nathan/ros2_ws/install/dojo:/home/nathan/ros2_ws/install/diffdrive_arduino:/home/nathan/ros2_ws/install/articubot_one:/home/nathan/ros2_ws/install/rdj2025_potato_disease_detection:/home/nathan/ros2_ws/install/joy_tester:/opt/ros/humble LD_LIBRARY_PATH=/home/nathan/ros2_ws/install/opennav_coverage_msgs/lib:${LD_LIBRARY_PATH} PYTHONPATH=/home/nathan/ros2_ws/install/opennav_coverage_msgs/local/lib/python3.10/dist-packages:${PYTHONPATH} /usr/bin/cmake /home/nathan/ros2_ws/src/opennav_coverage/opennav_coverage -DAMENT_CMAKE_SYMLINK_INSTALL=1 -DCMAKE_INSTALL_PREFIX=/home/nathan/ros2_ws/install/opennav_coverage
