[0.099s] Invoking command in '/home/limitbreakers/breakers_ws/build/sllidar_ros2': CMAKE_PREFIX_PATH=${CMAKE_PREFIX_PATH}:/opt/ros/humble /usr/bin/cmake --build /home/limitbreakers/breakers_ws/build/sllidar_ros2 -- -j4 -l4
[0.382s] [35m[1mConsolidate compiler generated dependencies of target sllidar_node[0m
[0.440s] [35m[1mConsolidate compiler generated dependencies of target sllidar_client[0m
[0.701s] [ 10%] Built target sllidar_client
[0.764s] [100%] Built target sllidar_node
[0.824s] Invoked command in '/home/limitbreakers/breakers_ws/build/sllidar_ros2' returned '0': CMAKE_PREFIX_PATH=${CMAKE_PREFIX_PATH}:/opt/ros/humble /usr/bin/cmake --build /home/limitbreakers/breakers_ws/build/sllidar_ros2 -- -j4 -l4
[0.833s] Invoking command in '/home/limitbreakers/breakers_ws/build/sllidar_ros2': CMAKE_PREFIX_PATH=${CMAKE_PREFIX_PATH}:/opt/ros/humble /usr/bin/cmake --install /home/limitbreakers/breakers_ws/build/sllidar_ros2
[0.866s] -- Install configuration: ""
[0.868s] -- Execute custom install script
[0.870s] -- Up-to-date symlink: /home/limitbreakers/breakers_ws/install/sllidar_ros2/share/sllidar_ros2/launch/sllidar_a1_launch.py
[0.872s] -- Up-to-date symlink: /home/limitbreakers/breakers_ws/install/sllidar_ros2/share/sllidar_ros2/rviz/sllidar_ros2.rviz
[0.873s] -- Up-to-date symlink: /home/limitbreakers/breakers_ws/install/sllidar_ros2/lib/sllidar_ros2/sllidar_node
[0.874s] -- Up-to-date symlink: /home/limitbreakers/breakers_ws/install/sllidar_ros2/lib/sllidar_ros2/sllidar_client
[0.876s] -- Up-to-date symlink: /home/limitbreakers/breakers_ws/install/sllidar_ros2/share/ament_index/resource_index/package_run_dependencies/sllidar_ros2
[0.877s] -- Up-to-date symlink: /home/limitbreakers/breakers_ws/install/sllidar_ros2/share/ament_index/resource_index/parent_prefix_path/sllidar_ros2
[0.879s] -- Up-to-date symlink: /home/limitbreakers/breakers_ws/install/sllidar_ros2/share/sllidar_ros2/environment/ament_prefix_path.sh
[0.880s] -- Up-to-date symlink: /home/limitbreakers/breakers_ws/install/sllidar_ros2/share/sllidar_ros2/environment/ament_prefix_path.dsv
[0.881s] -- Up-to-date symlink: /home/limitbreakers/breakers_ws/install/sllidar_ros2/share/sllidar_ros2/environment/path.sh
[0.882s] -- Up-to-date symlink: /home/limitbreakers/breakers_ws/install/sllidar_ros2/share/sllidar_ros2/environment/path.dsv
[0.883s] -- Up-to-date symlink: /home/limitbreakers/breakers_ws/install/sllidar_ros2/share/sllidar_ros2/local_setup.bash
[0.884s] -- Up-to-date symlink: /home/limitbreakers/breakers_ws/install/sllidar_ros2/share/sllidar_ros2/local_setup.sh
[0.885s] -- Up-to-date symlink: /home/limitbreakers/breakers_ws/install/sllidar_ros2/share/sllidar_ros2/local_setup.zsh
[0.887s] -- Up-to-date symlink: /home/limitbreakers/breakers_ws/install/sllidar_ros2/share/sllidar_ros2/local_setup.dsv
[0.888s] -- Symlinking: /home/limitbreakers/breakers_ws/install/sllidar_ros2/share/sllidar_ros2/package.dsv
[0.924s] -- Up-to-date symlink: /home/limitbreakers/breakers_ws/install/sllidar_ros2/share/ament_index/resource_index/packages/sllidar_ros2
[0.925s] -- Up-to-date symlink: /home/limitbreakers/breakers_ws/install/sllidar_ros2/share/sllidar_ros2/cmake/ament_cmake_export_dependencies-extras.cmake
[0.926s] -- Up-to-date symlink: /home/limitbreakers/breakers_ws/install/sllidar_ros2/share/sllidar_ros2/cmake/ament_cmake_export_include_directories-extras.cmake
[0.927s] -- Up-to-date symlink: /home/limitbreakers/breakers_ws/install/sllidar_ros2/share/sllidar_ros2/cmake/sllidar_ros2Config.cmake
[0.929s] -- Up-to-date symlink: /home/limitbreakers/breakers_ws/install/sllidar_ros2/share/sllidar_ros2/cmake/sllidar_ros2Config-version.cmake
[0.931s] -- Up-to-date symlink: /home/limitbreakers/breakers_ws/install/sllidar_ros2/share/sllidar_ros2/package.xml
[0.945s] Invoked command in '/home/limitbreakers/breakers_ws/build/sllidar_ros2' returned '0': CMAKE_PREFIX_PATH=${CMAKE_PREFIX_PATH}:/opt/ros/humble /usr/bin/cmake --install /home/limitbreakers/breakers_ws/build/sllidar_ros2
