[0.480s] DEBUG:colcon:Command line arguments: ['/usr/bin/colcon', 'build', '--symlink-install']
[0.480s] DEBUG:colcon:Parsed command line arguments: Namespace(log_base=None, log_level=None, verb_name='build', build_base='build', install_base='install', merge_install=False, symlink_install=True, test_result_base=None, continue_on_error=False, executor='parallel', parallel_workers=4, event_handlers=None, ignore_user_meta=False, metas=['./colcon.meta'], base_paths=['.'], packages_ignore=None, packages_ignore_regex=None, paths=None, packages_up_to=None, packages_up_to_regex=None, packages_above=None, packages_above_and_dependencies=None, packages_above_depth=None, packages_select_by_dep=None, packages_skip_by_dep=None, packages_skip_up_to=None, packages_select_build_failed=False, packages_skip_build_finished=False, packages_select_test_failures=False, packages_skip_test_passed=False, packages_select=None, packages_skip=None, packages_select_regex=None, packages_skip_regex=None, packages_start=None, packages_end=None, allow_overriding=[], cmake_args=None, cmake_target=None, cmake_target_skip_unavailable=False, cmake_clean_cache=False, cmake_clean_first=False, cmake_force_configure=False, ament_cmake_args=None, catkin_cmake_args=None, catkin_skip_building_tests=False, verb_parser=<colcon_defaults.argument_parser.defaults.DefaultArgumentsDecorator object at 0x70f647b61270>, verb_extension=<colcon_core.verb.build.BuildVerb object at 0x70f647b60070>, main=<bound method BuildVerb.main of <colcon_core.verb.build.BuildVerb object at 0x70f647b60070>>)
[7.380s] Level 1:colcon.colcon_core.package_discovery:discover_packages(colcon_meta) check parameters
[7.381s] Level 1:colcon.colcon_core.package_discovery:discover_packages(recursive) check parameters
[7.381s] Level 1:colcon.colcon_core.package_discovery:discover_packages(ignore) check parameters
[7.381s] Level 1:colcon.colcon_core.package_discovery:discover_packages(path) check parameters
[7.381s] Level 1:colcon.colcon_core.package_discovery:discover_packages(colcon_meta) discover
[7.381s] Level 1:colcon.colcon_core.package_discovery:discover_packages(recursive) discover
[7.381s] INFO:colcon.colcon_core.package_discovery:Crawling recursively for packages in '/home/nathan/ros2_ws'
[7.381s] Level 1:colcon.colcon_core.package_identification:_identify(.) by extensions ['ignore', 'ignore_ament_install']
[7.381s] Level 1:colcon.colcon_core.package_identification:_identify(.) by extension 'ignore'
[7.381s] Level 1:colcon.colcon_core.package_identification:_identify(.) by extension 'ignore_ament_install'
[7.382s] Level 1:colcon.colcon_core.package_identification:_identify(.) by extensions ['colcon_pkg']
[7.382s] Level 1:colcon.colcon_core.package_identification:_identify(.) by extension 'colcon_pkg'
[7.382s] Level 1:colcon.colcon_core.package_identification:_identify(.) by extensions ['colcon_meta']
[7.382s] Level 1:colcon.colcon_core.package_identification:_identify(.) by extension 'colcon_meta'
[7.382s] Level 1:colcon.colcon_core.package_identification:_identify(.) by extensions ['ros']
[7.382s] Level 1:colcon.colcon_core.package_identification:_identify(.) by extension 'ros'
[7.454s] Level 1:colcon.colcon_core.package_identification:_identify(.) by extensions ['cmake', 'python']
[7.454s] Level 1:colcon.colcon_core.package_identification:_identify(.) by extension 'cmake'
[7.454s] Level 1:colcon.colcon_core.package_identification:_identify(.) by extension 'python'
[7.454s] Level 1:colcon.colcon_core.package_identification:_identify(.) by extensions ['python_setup_py']
[7.454s] Level 1:colcon.colcon_core.package_identification:_identify(.) by extension 'python_setup_py'
[7.455s] Level 1:colcon.colcon_core.package_identification:_identify(build) by extensions ['ignore', 'ignore_ament_install']
[7.455s] Level 1:colcon.colcon_core.package_identification:_identify(build) by extension 'ignore'
[7.455s] Level 1:colcon.colcon_core.package_identification:_identify(build) ignored
[7.455s] Level 1:colcon.colcon_core.package_identification:_identify(install) by extensions ['ignore', 'ignore_ament_install']
[7.455s] Level 1:colcon.colcon_core.package_identification:_identify(install) by extension 'ignore'
[7.455s] Level 1:colcon.colcon_core.package_identification:_identify(install) ignored
[7.456s] Level 1:colcon.colcon_core.package_identification:_identify(log) by extensions ['ignore', 'ignore_ament_install']
[7.456s] Level 1:colcon.colcon_core.package_identification:_identify(log) by extension 'ignore'
[7.456s] Level 1:colcon.colcon_core.package_identification:_identify(log) ignored
[7.456s] Level 1:colcon.colcon_core.package_identification:_identify(src) by extensions ['ignore', 'ignore_ament_install']
[7.456s] Level 1:colcon.colcon_core.package_identification:_identify(src) by extension 'ignore'
[7.456s] Level 1:colcon.colcon_core.package_identification:_identify(src) by extension 'ignore_ament_install'
[7.456s] Level 1:colcon.colcon_core.package_identification:_identify(src) by extensions ['colcon_pkg']
[7.456s] Level 1:colcon.colcon_core.package_identification:_identify(src) by extension 'colcon_pkg'
[7.457s] Level 1:colcon.colcon_core.package_identification:_identify(src) by extensions ['colcon_meta']
[7.457s] Level 1:colcon.colcon_core.package_identification:_identify(src) by extension 'colcon_meta'
[7.457s] Level 1:colcon.colcon_core.package_identification:_identify(src) by extensions ['ros']
[7.457s] Level 1:colcon.colcon_core.package_identification:_identify(src) by extension 'ros'
[7.457s] Level 1:colcon.colcon_core.package_identification:_identify(src) by extensions ['cmake', 'python']
[7.457s] Level 1:colcon.colcon_core.package_identification:_identify(src) by extension 'cmake'
[7.457s] Level 1:colcon.colcon_core.package_identification:_identify(src) by extension 'python'
[7.457s] Level 1:colcon.colcon_core.package_identification:_identify(src) by extensions ['python_setup_py']
[7.457s] Level 1:colcon.colcon_core.package_identification:_identify(src) by extension 'python_setup_py'
[7.458s] Level 1:colcon.colcon_core.package_identification:_identify(src/articubot_one) by extensions ['ignore', 'ignore_ament_install']
[7.458s] Level 1:colcon.colcon_core.package_identification:_identify(src/articubot_one) by extension 'ignore'
[7.458s] Level 1:colcon.colcon_core.package_identification:_identify(src/articubot_one) by extension 'ignore_ament_install'
[7.459s] Level 1:colcon.colcon_core.package_identification:_identify(src/articubot_one) by extensions ['colcon_pkg']
[7.459s] Level 1:colcon.colcon_core.package_identification:_identify(src/articubot_one) by extension 'colcon_pkg'
[7.459s] Level 1:colcon.colcon_core.package_identification:_identify(src/articubot_one) by extensions ['colcon_meta']
[7.459s] Level 1:colcon.colcon_core.package_identification:_identify(src/articubot_one) by extension 'colcon_meta'
[7.459s] Level 1:colcon.colcon_core.package_identification:_identify(src/articubot_one) by extensions ['ros']
[7.459s] Level 1:colcon.colcon_core.package_identification:_identify(src/articubot_one) by extension 'ros'
[7.503s] DEBUG:colcon.colcon_core.package_identification:Package 'src/articubot_one' with type 'ros.ament_cmake' and name 'articubot_one'
[7.503s] Level 1:colcon.colcon_core.package_identification:_identify(src/diffdrive_arduino) by extensions ['ignore', 'ignore_ament_install']
[7.504s] Level 1:colcon.colcon_core.package_identification:_identify(src/diffdrive_arduino) by extension 'ignore'
[7.504s] Level 1:colcon.colcon_core.package_identification:_identify(src/diffdrive_arduino) by extension 'ignore_ament_install'
[7.504s] Level 1:colcon.colcon_core.package_identification:_identify(src/diffdrive_arduino) by extensions ['colcon_pkg']
[7.504s] Level 1:colcon.colcon_core.package_identification:_identify(src/diffdrive_arduino) by extension 'colcon_pkg'
[7.505s] Level 1:colcon.colcon_core.package_identification:_identify(src/diffdrive_arduino) by extensions ['colcon_meta']
[7.505s] Level 1:colcon.colcon_core.package_identification:_identify(src/diffdrive_arduino) by extension 'colcon_meta'
[7.505s] Level 1:colcon.colcon_core.package_identification:_identify(src/diffdrive_arduino) by extensions ['ros']
[7.505s] Level 1:colcon.colcon_core.package_identification:_identify(src/diffdrive_arduino) by extension 'ros'
[7.526s] DEBUG:colcon.colcon_core.package_identification:Package 'src/diffdrive_arduino' with type 'ros.ament_cmake' and name 'diffdrive_arduino'
[7.526s] Level 1:colcon.colcon_core.package_identification:_identify(src/dojo) by extensions ['ignore', 'ignore_ament_install']
[7.526s] Level 1:colcon.colcon_core.package_identification:_identify(src/dojo) by extension 'ignore'
[7.526s] Level 1:colcon.colcon_core.package_identification:_identify(src/dojo) by extension 'ignore_ament_install'
[7.526s] Level 1:colcon.colcon_core.package_identification:_identify(src/dojo) by extensions ['colcon_pkg']
[7.527s] Level 1:colcon.colcon_core.package_identification:_identify(src/dojo) by extension 'colcon_pkg'
[7.527s] Level 1:colcon.colcon_core.package_identification:_identify(src/dojo) by extensions ['colcon_meta']
[7.527s] Level 1:colcon.colcon_core.package_identification:_identify(src/dojo) by extension 'colcon_meta'
[7.527s] Level 1:colcon.colcon_core.package_identification:_identify(src/dojo) by extensions ['ros']
[7.527s] Level 1:colcon.colcon_core.package_identification:_identify(src/dojo) by extension 'ros'
[7.528s] DEBUG:colcon.colcon_core.package_identification:Package 'src/dojo' with type 'ros.ament_cmake' and name 'dojo'
[7.528s] Level 1:colcon.colcon_core.package_identification:_identify(src/gazebo_ignition_fortress) by extensions ['ignore', 'ignore_ament_install']
[7.528s] Level 1:colcon.colcon_core.package_identification:_identify(src/gazebo_ignition_fortress) by extension 'ignore'
[7.528s] Level 1:colcon.colcon_core.package_identification:_identify(src/gazebo_ignition_fortress) by extension 'ignore_ament_install'
[7.528s] Level 1:colcon.colcon_core.package_identification:_identify(src/gazebo_ignition_fortress) by extensions ['colcon_pkg']
[7.528s] Level 1:colcon.colcon_core.package_identification:_identify(src/gazebo_ignition_fortress) by extension 'colcon_pkg'
[7.528s] Level 1:colcon.colcon_core.package_identification:_identify(src/gazebo_ignition_fortress) by extensions ['colcon_meta']
[7.528s] Level 1:colcon.colcon_core.package_identification:_identify(src/gazebo_ignition_fortress) by extension 'colcon_meta'
[7.529s] Level 1:colcon.colcon_core.package_identification:_identify(src/gazebo_ignition_fortress) by extensions ['ros']
[7.529s] Level 1:colcon.colcon_core.package_identification:_identify(src/gazebo_ignition_fortress) by extension 'ros'
[7.529s] Level 1:colcon.colcon_core.package_identification:_identify(src/gazebo_ignition_fortress) by extensions ['cmake', 'python']
[7.529s] Level 1:colcon.colcon_core.package_identification:_identify(src/gazebo_ignition_fortress) by extension 'cmake'
[7.529s] Level 1:colcon.colcon_core.package_identification:_identify(src/gazebo_ignition_fortress) by extension 'python'
[7.529s] Level 1:colcon.colcon_core.package_identification:_identify(src/gazebo_ignition_fortress) by extensions ['python_setup_py']
[7.529s] Level 1:colcon.colcon_core.package_identification:_identify(src/gazebo_ignition_fortress) by extension 'python_setup_py'
[7.529s] Level 1:colcon.colcon_core.package_identification:_identify(src/gazebo_ignition_fortress/images) by extensions ['ignore', 'ignore_ament_install']
[7.529s] Level 1:colcon.colcon_core.package_identification:_identify(src/gazebo_ignition_fortress/images) by extension 'ignore'
[7.529s] Level 1:colcon.colcon_core.package_identification:_identify(src/gazebo_ignition_fortress/images) by extension 'ignore_ament_install'
[7.530s] Level 1:colcon.colcon_core.package_identification:_identify(src/gazebo_ignition_fortress/images) by extensions ['colcon_pkg']
[7.530s] Level 1:colcon.colcon_core.package_identification:_identify(src/gazebo_ignition_fortress/images) by extension 'colcon_pkg'
[7.530s] Level 1:colcon.colcon_core.package_identification:_identify(src/gazebo_ignition_fortress/images) by extensions ['colcon_meta']
[7.530s] Level 1:colcon.colcon_core.package_identification:_identify(src/gazebo_ignition_fortress/images) by extension 'colcon_meta'
[7.530s] Level 1:colcon.colcon_core.package_identification:_identify(src/gazebo_ignition_fortress/images) by extensions ['ros']
[7.530s] Level 1:colcon.colcon_core.package_identification:_identify(src/gazebo_ignition_fortress/images) by extension 'ros'
[7.530s] Level 1:colcon.colcon_core.package_identification:_identify(src/gazebo_ignition_fortress/images) by extensions ['cmake', 'python']
[7.530s] Level 1:colcon.colcon_core.package_identification:_identify(src/gazebo_ignition_fortress/images) by extension 'cmake'
[7.530s] Level 1:colcon.colcon_core.package_identification:_identify(src/gazebo_ignition_fortress/images) by extension 'python'
[7.530s] Level 1:colcon.colcon_core.package_identification:_identify(src/gazebo_ignition_fortress/images) by extensions ['python_setup_py']
[7.530s] Level 1:colcon.colcon_core.package_identification:_identify(src/gazebo_ignition_fortress/images) by extension 'python_setup_py'
[7.531s] Level 1:colcon.colcon_core.package_identification:_identify(src/gazebo_ignition_fortress/sample_map) by extensions ['ignore', 'ignore_ament_install']
[7.531s] Level 1:colcon.colcon_core.package_identification:_identify(src/gazebo_ignition_fortress/sample_map) by extension 'ignore'
[7.531s] Level 1:colcon.colcon_core.package_identification:_identify(src/gazebo_ignition_fortress/sample_map) by extension 'ignore_ament_install'
[7.531s] Level 1:colcon.colcon_core.package_identification:_identify(src/gazebo_ignition_fortress/sample_map) by extensions ['colcon_pkg']
[7.531s] Level 1:colcon.colcon_core.package_identification:_identify(src/gazebo_ignition_fortress/sample_map) by extension 'colcon_pkg'
[7.531s] Level 1:colcon.colcon_core.package_identification:_identify(src/gazebo_ignition_fortress/sample_map) by extensions ['colcon_meta']
[7.531s] Level 1:colcon.colcon_core.package_identification:_identify(src/gazebo_ignition_fortress/sample_map) by extension 'colcon_meta'
[7.531s] Level 1:colcon.colcon_core.package_identification:_identify(src/gazebo_ignition_fortress/sample_map) by extensions ['ros']
[7.531s] Level 1:colcon.colcon_core.package_identification:_identify(src/gazebo_ignition_fortress/sample_map) by extension 'ros'
[7.531s] Level 1:colcon.colcon_core.package_identification:_identify(src/gazebo_ignition_fortress/sample_map) by extensions ['cmake', 'python']
[7.531s] Level 1:colcon.colcon_core.package_identification:_identify(src/gazebo_ignition_fortress/sample_map) by extension 'cmake'
[7.531s] Level 1:colcon.colcon_core.package_identification:_identify(src/gazebo_ignition_fortress/sample_map) by extension 'python'
[7.532s] Level 1:colcon.colcon_core.package_identification:_identify(src/gazebo_ignition_fortress/sample_map) by extensions ['python_setup_py']
[7.532s] Level 1:colcon.colcon_core.package_identification:_identify(src/gazebo_ignition_fortress/sample_map) by extension 'python_setup_py'
[7.532s] Level 1:colcon.colcon_core.package_identification:_identify(src/gazebo_ignition_fortress/src) by extensions ['ignore', 'ignore_ament_install']
[7.532s] Level 1:colcon.colcon_core.package_identification:_identify(src/gazebo_ignition_fortress/src) by extension 'ignore'
[7.532s] Level 1:colcon.colcon_core.package_identification:_identify(src/gazebo_ignition_fortress/src) by extension 'ignore_ament_install'
[7.532s] Level 1:colcon.colcon_core.package_identification:_identify(src/gazebo_ignition_fortress/src) by extensions ['colcon_pkg']
[7.532s] Level 1:colcon.colcon_core.package_identification:_identify(src/gazebo_ignition_fortress/src) by extension 'colcon_pkg'
[7.532s] Level 1:colcon.colcon_core.package_identification:_identify(src/gazebo_ignition_fortress/src) by extensions ['colcon_meta']
[7.532s] Level 1:colcon.colcon_core.package_identification:_identify(src/gazebo_ignition_fortress/src) by extension 'colcon_meta'
[7.532s] Level 1:colcon.colcon_core.package_identification:_identify(src/gazebo_ignition_fortress/src) by extensions ['ros']
[7.532s] Level 1:colcon.colcon_core.package_identification:_identify(src/gazebo_ignition_fortress/src) by extension 'ros'
[7.533s] Level 1:colcon.colcon_core.package_identification:_identify(src/gazebo_ignition_fortress/src) by extensions ['cmake', 'python']
[7.533s] Level 1:colcon.colcon_core.package_identification:_identify(src/gazebo_ignition_fortress/src) by extension 'cmake'
[7.533s] Level 1:colcon.colcon_core.package_identification:_identify(src/gazebo_ignition_fortress/src) by extension 'python'
[7.533s] Level 1:colcon.colcon_core.package_identification:_identify(src/gazebo_ignition_fortress/src) by extensions ['python_setup_py']
[7.533s] Level 1:colcon.colcon_core.package_identification:_identify(src/gazebo_ignition_fortress/src) by extension 'python_setup_py'
[7.533s] Level 1:colcon.colcon_core.package_identification:_identify(src/gazebo_ignition_fortress/src/ppp_bot) by extensions ['ignore', 'ignore_ament_install']
[7.533s] Level 1:colcon.colcon_core.package_identification:_identify(src/gazebo_ignition_fortress/src/ppp_bot) by extension 'ignore'
[7.533s] Level 1:colcon.colcon_core.package_identification:_identify(src/gazebo_ignition_fortress/src/ppp_bot) by extension 'ignore_ament_install'
[7.534s] Level 1:colcon.colcon_core.package_identification:_identify(src/gazebo_ignition_fortress/src/ppp_bot) by extensions ['colcon_pkg']
[7.534s] Level 1:colcon.colcon_core.package_identification:_identify(src/gazebo_ignition_fortress/src/ppp_bot) by extension 'colcon_pkg'
[7.534s] Level 1:colcon.colcon_core.package_identification:_identify(src/gazebo_ignition_fortress/src/ppp_bot) by extensions ['colcon_meta']
[7.534s] Level 1:colcon.colcon_core.package_identification:_identify(src/gazebo_ignition_fortress/src/ppp_bot) by extension 'colcon_meta'
[7.534s] Level 1:colcon.colcon_core.package_identification:_identify(src/gazebo_ignition_fortress/src/ppp_bot) by extensions ['ros']
[7.534s] Level 1:colcon.colcon_core.package_identification:_identify(src/gazebo_ignition_fortress/src/ppp_bot) by extension 'ros'
[7.549s] DEBUG:colcon.colcon_core.package_identification:Package 'src/gazebo_ignition_fortress/src/ppp_bot' with type 'ros.ament_cmake' and name 'ppp_bot'
[7.549s] Level 1:colcon.colcon_core.package_identification:_identify(src/gazebo_ignition_fortress/test_folder) by extensions ['ignore', 'ignore_ament_install']
[7.549s] Level 1:colcon.colcon_core.package_identification:_identify(src/gazebo_ignition_fortress/test_folder) by extension 'ignore'
[7.549s] Level 1:colcon.colcon_core.package_identification:_identify(src/gazebo_ignition_fortress/test_folder) by extension 'ignore_ament_install'
[7.549s] Level 1:colcon.colcon_core.package_identification:_identify(src/gazebo_ignition_fortress/test_folder) by extensions ['colcon_pkg']
[7.549s] Level 1:colcon.colcon_core.package_identification:_identify(src/gazebo_ignition_fortress/test_folder) by extension 'colcon_pkg'
[7.549s] Level 1:colcon.colcon_core.package_identification:_identify(src/gazebo_ignition_fortress/test_folder) by extensions ['colcon_meta']
[7.549s] Level 1:colcon.colcon_core.package_identification:_identify(src/gazebo_ignition_fortress/test_folder) by extension 'colcon_meta'
[7.550s] Level 1:colcon.colcon_core.package_identification:_identify(src/gazebo_ignition_fortress/test_folder) by extensions ['ros']
[7.550s] Level 1:colcon.colcon_core.package_identification:_identify(src/gazebo_ignition_fortress/test_folder) by extension 'ros'
[7.550s] Level 1:colcon.colcon_core.package_identification:_identify(src/gazebo_ignition_fortress/test_folder) by extensions ['cmake', 'python']
[7.550s] Level 1:colcon.colcon_core.package_identification:_identify(src/gazebo_ignition_fortress/test_folder) by extension 'cmake'
[7.550s] Level 1:colcon.colcon_core.package_identification:_identify(src/gazebo_ignition_fortress/test_folder) by extension 'python'
[7.550s] Level 1:colcon.colcon_core.package_identification:_identify(src/gazebo_ignition_fortress/test_folder) by extensions ['python_setup_py']
[7.550s] Level 1:colcon.colcon_core.package_identification:_identify(src/gazebo_ignition_fortress/test_folder) by extension 'python_setup_py'
[7.550s] Level 1:colcon.colcon_core.package_identification:_identify(src/joy_tester) by extensions ['ignore', 'ignore_ament_install']
[7.551s] Level 1:colcon.colcon_core.package_identification:_identify(src/joy_tester) by extension 'ignore'
[7.551s] Level 1:colcon.colcon_core.package_identification:_identify(src/joy_tester) by extension 'ignore_ament_install'
[7.551s] Level 1:colcon.colcon_core.package_identification:_identify(src/joy_tester) by extensions ['colcon_pkg']
[7.551s] Level 1:colcon.colcon_core.package_identification:_identify(src/joy_tester) by extension 'colcon_pkg'
[7.552s] Level 1:colcon.colcon_core.package_identification:_identify(src/joy_tester) by extensions ['colcon_meta']
[7.552s] Level 1:colcon.colcon_core.package_identification:_identify(src/joy_tester) by extension 'colcon_meta'
[7.552s] Level 1:colcon.colcon_core.package_identification:_identify(src/joy_tester) by extensions ['ros']
[7.552s] Level 1:colcon.colcon_core.package_identification:_identify(src/joy_tester) by extension 'ros'
[7.555s] DEBUG:colcon.colcon_core.package_identification:Package 'src/joy_tester' with type 'ros.ament_python' and name 'joy_tester'
[7.555s] Level 1:colcon.colcon_core.package_identification:_identify(src/rdj2025_potato_disease_detection) by extensions ['ignore', 'ignore_ament_install']
[7.555s] Level 1:colcon.colcon_core.package_identification:_identify(src/rdj2025_potato_disease_detection) by extension 'ignore'
[7.556s] Level 1:colcon.colcon_core.package_identification:_identify(src/rdj2025_potato_disease_detection) by extension 'ignore_ament_install'
[7.556s] Level 1:colcon.colcon_core.package_identification:_identify(src/rdj2025_potato_disease_detection) by extensions ['colcon_pkg']
[7.556s] Level 1:colcon.colcon_core.package_identification:_identify(src/rdj2025_potato_disease_detection) by extension 'colcon_pkg'
[7.556s] Level 1:colcon.colcon_core.package_identification:_identify(src/rdj2025_potato_disease_detection) by extensions ['colcon_meta']
[7.556s] Level 1:colcon.colcon_core.package_identification:_identify(src/rdj2025_potato_disease_detection) by extension 'colcon_meta'
[7.557s] Level 1:colcon.colcon_core.package_identification:_identify(src/rdj2025_potato_disease_detection) by extensions ['ros']
[7.557s] Level 1:colcon.colcon_core.package_identification:_identify(src/rdj2025_potato_disease_detection) by extension 'ros'
[7.571s] DEBUG:colcon.colcon_core.package_identification:Package 'src/rdj2025_potato_disease_detection' with type 'ros.ament_python' and name 'rdj2025_potato_disease_detection'
[7.571s] Level 1:colcon.colcon_core.package_identification:_identify(src/sllidar_ros2) by extensions ['ignore', 'ignore_ament_install']
[7.572s] Level 1:colcon.colcon_core.package_identification:_identify(src/sllidar_ros2) by extension 'ignore'
[7.572s] Level 1:colcon.colcon_core.package_identification:_identify(src/sllidar_ros2) by extension 'ignore_ament_install'
[7.572s] Level 1:colcon.colcon_core.package_identification:_identify(src/sllidar_ros2) by extensions ['colcon_pkg']
[7.572s] Level 1:colcon.colcon_core.package_identification:_identify(src/sllidar_ros2) by extension 'colcon_pkg'
[7.573s] Level 1:colcon.colcon_core.package_identification:_identify(src/sllidar_ros2) by extensions ['colcon_meta']
[7.573s] Level 1:colcon.colcon_core.package_identification:_identify(src/sllidar_ros2) by extension 'colcon_meta'
[7.573s] Level 1:colcon.colcon_core.package_identification:_identify(src/sllidar_ros2) by extensions ['ros']
[7.573s] Level 1:colcon.colcon_core.package_identification:_identify(src/sllidar_ros2) by extension 'ros'
[7.575s] DEBUG:colcon.colcon_core.package_identification:Package 'src/sllidar_ros2' with type 'ros.ament_cmake' and name 'sllidar_ros2'
[7.576s] Level 1:colcon.colcon_core.package_discovery:discover_packages(recursive) using defaults
[7.576s] Level 1:colcon.colcon_core.package_discovery:discover_packages(ignore) discover
[7.576s] Level 1:colcon.colcon_core.package_discovery:discover_packages(ignore) using defaults
[7.576s] Level 1:colcon.colcon_core.package_discovery:discover_packages(path) discover
[7.576s] Level 1:colcon.colcon_core.package_discovery:discover_packages(path) using defaults
[8.204s] Level 1:colcon.colcon_core.package_discovery:discover_packages(prefix_path) check parameters
[8.204s] Level 1:colcon.colcon_core.package_discovery:discover_packages(prefix_path) discover
[8.209s] DEBUG:colcon.colcon_installed_package_information.package_discovery:Found 7 installed packages in /home/nathan/ros2_ws/install
[8.211s] DEBUG:colcon.colcon_installed_package_information.package_discovery:Found 371 installed packages in /opt/ros/humble
[8.213s] Level 1:colcon.colcon_core.package_discovery:discover_packages(prefix_path) using defaults
[8.398s] Level 5:colcon.colcon_core.verb:set package 'articubot_one' build argument 'cmake_args' from command line to 'None'
[8.398s] Level 5:colcon.colcon_core.verb:set package 'articubot_one' build argument 'cmake_target' from command line to 'None'
[8.398s] Level 5:colcon.colcon_core.verb:set package 'articubot_one' build argument 'cmake_target_skip_unavailable' from command line to 'False'
[8.398s] Level 5:colcon.colcon_core.verb:set package 'articubot_one' build argument 'cmake_clean_cache' from command line to 'False'
[8.398s] Level 5:colcon.colcon_core.verb:set package 'articubot_one' build argument 'cmake_clean_first' from command line to 'False'
[8.398s] Level 5:colcon.colcon_core.verb:set package 'articubot_one' build argument 'cmake_force_configure' from command line to 'False'
[8.398s] Level 5:colcon.colcon_core.verb:set package 'articubot_one' build argument 'ament_cmake_args' from command line to 'None'
[8.398s] Level 5:colcon.colcon_core.verb:set package 'articubot_one' build argument 'catkin_cmake_args' from command line to 'None'
[8.398s] Level 5:colcon.colcon_core.verb:set package 'articubot_one' build argument 'catkin_skip_building_tests' from command line to 'False'
[8.399s] DEBUG:colcon.colcon_core.verb:Building package 'articubot_one' with the following arguments: {'ament_cmake_args': None, 'build_base': '/home/nathan/ros2_ws/build/articubot_one', 'catkin_cmake_args': None, 'catkin_skip_building_tests': False, 'cmake_args': None, 'cmake_clean_cache': False, 'cmake_clean_first': False, 'cmake_force_configure': False, 'cmake_target': None, 'cmake_target_skip_unavailable': False, 'install_base': '/home/nathan/ros2_ws/install/articubot_one', 'merge_install': False, 'path': '/home/nathan/ros2_ws/src/articubot_one', 'symlink_install': True, 'test_result_base': None}
[8.399s] Level 5:colcon.colcon_core.verb:set package 'diffdrive_arduino' build argument 'cmake_args' from command line to 'None'
[8.399s] Level 5:colcon.colcon_core.verb:set package 'diffdrive_arduino' build argument 'cmake_target' from command line to 'None'
[8.399s] Level 5:colcon.colcon_core.verb:set package 'diffdrive_arduino' build argument 'cmake_target_skip_unavailable' from command line to 'False'
[8.399s] Level 5:colcon.colcon_core.verb:set package 'diffdrive_arduino' build argument 'cmake_clean_cache' from command line to 'False'
[8.399s] Level 5:colcon.colcon_core.verb:set package 'diffdrive_arduino' build argument 'cmake_clean_first' from command line to 'False'
[8.399s] Level 5:colcon.colcon_core.verb:set package 'diffdrive_arduino' build argument 'cmake_force_configure' from command line to 'False'
[8.399s] Level 5:colcon.colcon_core.verb:set package 'diffdrive_arduino' build argument 'ament_cmake_args' from command line to 'None'
[8.399s] Level 5:colcon.colcon_core.verb:set package 'diffdrive_arduino' build argument 'catkin_cmake_args' from command line to 'None'
[8.399s] Level 5:colcon.colcon_core.verb:set package 'diffdrive_arduino' build argument 'catkin_skip_building_tests' from command line to 'False'
[8.399s] DEBUG:colcon.colcon_core.verb:Building package 'diffdrive_arduino' with the following arguments: {'ament_cmake_args': None, 'build_base': '/home/nathan/ros2_ws/build/diffdrive_arduino', 'catkin_cmake_args': None, 'catkin_skip_building_tests': False, 'cmake_args': None, 'cmake_clean_cache': False, 'cmake_clean_first': False, 'cmake_force_configure': False, 'cmake_target': None, 'cmake_target_skip_unavailable': False, 'install_base': '/home/nathan/ros2_ws/install/diffdrive_arduino', 'merge_install': False, 'path': '/home/nathan/ros2_ws/src/diffdrive_arduino', 'symlink_install': True, 'test_result_base': None}
[8.400s] Level 5:colcon.colcon_core.verb:set package 'dojo' build argument 'cmake_args' from command line to 'None'
[8.400s] Level 5:colcon.colcon_core.verb:set package 'dojo' build argument 'cmake_target' from command line to 'None'
[8.400s] Level 5:colcon.colcon_core.verb:set package 'dojo' build argument 'cmake_target_skip_unavailable' from command line to 'False'
[8.400s] Level 5:colcon.colcon_core.verb:set package 'dojo' build argument 'cmake_clean_cache' from command line to 'False'
[8.400s] Level 5:colcon.colcon_core.verb:set package 'dojo' build argument 'cmake_clean_first' from command line to 'False'
[8.400s] Level 5:colcon.colcon_core.verb:set package 'dojo' build argument 'cmake_force_configure' from command line to 'False'
[8.400s] Level 5:colcon.colcon_core.verb:set package 'dojo' build argument 'ament_cmake_args' from command line to 'None'
[8.400s] Level 5:colcon.colcon_core.verb:set package 'dojo' build argument 'catkin_cmake_args' from command line to 'None'
[8.400s] Level 5:colcon.colcon_core.verb:set package 'dojo' build argument 'catkin_skip_building_tests' from command line to 'False'
[8.400s] DEBUG:colcon.colcon_core.verb:Building package 'dojo' with the following arguments: {'ament_cmake_args': None, 'build_base': '/home/nathan/ros2_ws/build/dojo', 'catkin_cmake_args': None, 'catkin_skip_building_tests': False, 'cmake_args': None, 'cmake_clean_cache': False, 'cmake_clean_first': False, 'cmake_force_configure': False, 'cmake_target': None, 'cmake_target_skip_unavailable': False, 'install_base': '/home/nathan/ros2_ws/install/dojo', 'merge_install': False, 'path': '/home/nathan/ros2_ws/src/dojo', 'symlink_install': True, 'test_result_base': None}
[8.401s] Level 5:colcon.colcon_core.verb:set package 'joy_tester' build argument 'cmake_args' from command line to 'None'
[8.401s] Level 5:colcon.colcon_core.verb:set package 'joy_tester' build argument 'cmake_target' from command line to 'None'
[8.401s] Level 5:colcon.colcon_core.verb:set package 'joy_tester' build argument 'cmake_target_skip_unavailable' from command line to 'False'
[8.401s] Level 5:colcon.colcon_core.verb:set package 'joy_tester' build argument 'cmake_clean_cache' from command line to 'False'
[8.401s] Level 5:colcon.colcon_core.verb:set package 'joy_tester' build argument 'cmake_clean_first' from command line to 'False'
[8.401s] Level 5:colcon.colcon_core.verb:set package 'joy_tester' build argument 'cmake_force_configure' from command line to 'False'
[8.401s] Level 5:colcon.colcon_core.verb:set package 'joy_tester' build argument 'ament_cmake_args' from command line to 'None'
[8.401s] Level 5:colcon.colcon_core.verb:set package 'joy_tester' build argument 'catkin_cmake_args' from command line to 'None'
[8.401s] Level 5:colcon.colcon_core.verb:set package 'joy_tester' build argument 'catkin_skip_building_tests' from command line to 'False'
[8.401s] DEBUG:colcon.colcon_core.verb:Building package 'joy_tester' with the following arguments: {'ament_cmake_args': None, 'build_base': '/home/nathan/ros2_ws/build/joy_tester', 'catkin_cmake_args': None, 'catkin_skip_building_tests': False, 'cmake_args': None, 'cmake_clean_cache': False, 'cmake_clean_first': False, 'cmake_force_configure': False, 'cmake_target': None, 'cmake_target_skip_unavailable': False, 'install_base': '/home/nathan/ros2_ws/install/joy_tester', 'merge_install': False, 'path': '/home/nathan/ros2_ws/src/joy_tester', 'symlink_install': True, 'test_result_base': None}
[8.402s] Level 5:colcon.colcon_core.verb:set package 'ppp_bot' build argument 'cmake_args' from command line to 'None'
[8.402s] Level 5:colcon.colcon_core.verb:set package 'ppp_bot' build argument 'cmake_target' from command line to 'None'
[8.402s] Level 5:colcon.colcon_core.verb:set package 'ppp_bot' build argument 'cmake_target_skip_unavailable' from command line to 'False'
[8.402s] Level 5:colcon.colcon_core.verb:set package 'ppp_bot' build argument 'cmake_clean_cache' from command line to 'False'
[8.402s] Level 5:colcon.colcon_core.verb:set package 'ppp_bot' build argument 'cmake_clean_first' from command line to 'False'
[8.402s] Level 5:colcon.colcon_core.verb:set package 'ppp_bot' build argument 'cmake_force_configure' from command line to 'False'
[8.402s] Level 5:colcon.colcon_core.verb:set package 'ppp_bot' build argument 'ament_cmake_args' from command line to 'None'
[8.402s] Level 5:colcon.colcon_core.verb:set package 'ppp_bot' build argument 'catkin_cmake_args' from command line to 'None'
[8.402s] Level 5:colcon.colcon_core.verb:set package 'ppp_bot' build argument 'catkin_skip_building_tests' from command line to 'False'
[8.402s] DEBUG:colcon.colcon_core.verb:Building package 'ppp_bot' with the following arguments: {'ament_cmake_args': None, 'build_base': '/home/nathan/ros2_ws/build/ppp_bot', 'catkin_cmake_args': None, 'catkin_skip_building_tests': False, 'cmake_args': None, 'cmake_clean_cache': False, 'cmake_clean_first': False, 'cmake_force_configure': False, 'cmake_target': None, 'cmake_target_skip_unavailable': False, 'install_base': '/home/nathan/ros2_ws/install/ppp_bot', 'merge_install': False, 'path': '/home/nathan/ros2_ws/src/gazebo_ignition_fortress/src/ppp_bot', 'symlink_install': True, 'test_result_base': None}
[8.403s] Level 5:colcon.colcon_core.verb:set package 'rdj2025_potato_disease_detection' build argument 'cmake_args' from command line to 'None'
[8.403s] Level 5:colcon.colcon_core.verb:set package 'rdj2025_potato_disease_detection' build argument 'cmake_target' from command line to 'None'
[8.403s] Level 5:colcon.colcon_core.verb:set package 'rdj2025_potato_disease_detection' build argument 'cmake_target_skip_unavailable' from command line to 'False'
[8.403s] Level 5:colcon.colcon_core.verb:set package 'rdj2025_potato_disease_detection' build argument 'cmake_clean_cache' from command line to 'False'
[8.403s] Level 5:colcon.colcon_core.verb:set package 'rdj2025_potato_disease_detection' build argument 'cmake_clean_first' from command line to 'False'
[8.403s] Level 5:colcon.colcon_core.verb:set package 'rdj2025_potato_disease_detection' build argument 'cmake_force_configure' from command line to 'False'
[8.403s] Level 5:colcon.colcon_core.verb:set package 'rdj2025_potato_disease_detection' build argument 'ament_cmake_args' from command line to 'None'
[8.403s] Level 5:colcon.colcon_core.verb:set package 'rdj2025_potato_disease_detection' build argument 'catkin_cmake_args' from command line to 'None'
[8.403s] Level 5:colcon.colcon_core.verb:set package 'rdj2025_potato_disease_detection' build argument 'catkin_skip_building_tests' from command line to 'False'
[8.403s] DEBUG:colcon.colcon_core.verb:Building package 'rdj2025_potato_disease_detection' with the following arguments: {'ament_cmake_args': None, 'build_base': '/home/nathan/ros2_ws/build/rdj2025_potato_disease_detection', 'catkin_cmake_args': None, 'catkin_skip_building_tests': False, 'cmake_args': None, 'cmake_clean_cache': False, 'cmake_clean_first': False, 'cmake_force_configure': False, 'cmake_target': None, 'cmake_target_skip_unavailable': False, 'install_base': '/home/nathan/ros2_ws/install/rdj2025_potato_disease_detection', 'merge_install': False, 'path': '/home/nathan/ros2_ws/src/rdj2025_potato_disease_detection', 'symlink_install': True, 'test_result_base': None}
[8.404s] Level 5:colcon.colcon_core.verb:set package 'sllidar_ros2' build argument 'cmake_args' from command line to 'None'
[8.404s] Level 5:colcon.colcon_core.verb:set package 'sllidar_ros2' build argument 'cmake_target' from command line to 'None'
[8.404s] Level 5:colcon.colcon_core.verb:set package 'sllidar_ros2' build argument 'cmake_target_skip_unavailable' from command line to 'False'
[8.404s] Level 5:colcon.colcon_core.verb:set package 'sllidar_ros2' build argument 'cmake_clean_cache' from command line to 'False'
[8.404s] Level 5:colcon.colcon_core.verb:set package 'sllidar_ros2' build argument 'cmake_clean_first' from command line to 'False'
[8.404s] Level 5:colcon.colcon_core.verb:set package 'sllidar_ros2' build argument 'cmake_force_configure' from command line to 'False'
[8.404s] Level 5:colcon.colcon_core.verb:set package 'sllidar_ros2' build argument 'ament_cmake_args' from command line to 'None'
[8.404s] Level 5:colcon.colcon_core.verb:set package 'sllidar_ros2' build argument 'catkin_cmake_args' from command line to 'None'
[8.404s] Level 5:colcon.colcon_core.verb:set package 'sllidar_ros2' build argument 'catkin_skip_building_tests' from command line to 'False'
[8.404s] DEBUG:colcon.colcon_core.verb:Building package 'sllidar_ros2' with the following arguments: {'ament_cmake_args': None, 'build_base': '/home/nathan/ros2_ws/build/sllidar_ros2', 'catkin_cmake_args': None, 'catkin_skip_building_tests': False, 'cmake_args': None, 'cmake_clean_cache': False, 'cmake_clean_first': False, 'cmake_force_configure': False, 'cmake_target': None, 'cmake_target_skip_unavailable': False, 'install_base': '/home/nathan/ros2_ws/install/sllidar_ros2', 'merge_install': False, 'path': '/home/nathan/ros2_ws/src/sllidar_ros2', 'symlink_install': True, 'test_result_base': None}
[8.405s] INFO:colcon.colcon_core.executor:Executing jobs using 'parallel' executor
[8.406s] DEBUG:colcon.colcon_parallel_executor.executor.parallel:run_until_complete
[8.406s] INFO:colcon.colcon_ros.task.ament_cmake.build:Building ROS package in '/home/nathan/ros2_ws/src/articubot_one' with build type 'ament_cmake'
[8.407s] INFO:colcon.colcon_cmake.task.cmake.build:Building CMake package in '/home/nathan/ros2_ws/src/articubot_one'
[8.436s] INFO:colcon.colcon_core.plugin_system:Skipping extension 'colcon_core.shell.bat': Not used on non-Windows systems
[8.438s] INFO:colcon.colcon_core.shell:Skip shell extension 'powershell' for command environment: Not usable outside of PowerShell
[8.438s] DEBUG:colcon.colcon_core.shell:Skip shell extension 'dsv' for command environment
[8.474s] INFO:colcon.colcon_ros.task.ament_cmake.build:Building ROS package in '/home/nathan/ros2_ws/src/diffdrive_arduino' with build type 'ament_cmake'
[8.474s] INFO:colcon.colcon_cmake.task.cmake.build:Building CMake package in '/home/nathan/ros2_ws/src/diffdrive_arduino'
[8.475s] INFO:colcon.colcon_core.shell:Skip shell extension 'powershell' for command environment: Not usable outside of PowerShell
[8.475s] DEBUG:colcon.colcon_core.shell:Skip shell extension 'dsv' for command environment
[8.480s] INFO:colcon.colcon_ros.task.ament_cmake.build:Building ROS package in '/home/nathan/ros2_ws/src/dojo' with build type 'ament_cmake'
[8.481s] INFO:colcon.colcon_cmake.task.cmake.build:Building CMake package in '/home/nathan/ros2_ws/src/dojo'
[8.481s] INFO:colcon.colcon_core.shell:Skip shell extension 'powershell' for command environment: Not usable outside of PowerShell
[8.481s] DEBUG:colcon.colcon_core.shell:Skip shell extension 'dsv' for command environment
[8.489s] INFO:colcon.colcon_ros.task.ament_python.build:Building ROS package in '/home/nathan/ros2_ws/src/joy_tester' with build type 'ament_python'
[8.489s] Level 1:colcon.colcon_core.shell:create_environment_hook('joy_tester', 'ament_prefix_path')
[8.490s] INFO:colcon.colcon_core.shell:Creating environment hook '/home/nathan/ros2_ws/install/joy_tester/share/joy_tester/hook/ament_prefix_path.ps1'
[8.510s] INFO:colcon.colcon_core.shell:Creating environment descriptor '/home/nathan/ros2_ws/install/joy_tester/share/joy_tester/hook/ament_prefix_path.dsv'
[8.514s] INFO:colcon.colcon_core.shell:Creating environment hook '/home/nathan/ros2_ws/install/joy_tester/share/joy_tester/hook/ament_prefix_path.sh'
[8.516s] INFO:colcon.colcon_core.shell:Skip shell extension 'powershell' for command environment: Not usable outside of PowerShell
[8.516s] DEBUG:colcon.colcon_core.shell:Skip shell extension 'dsv' for command environment
[8.551s] DEBUG:colcon.colcon_core.event_handler.log_command:Invoking command in '/home/nathan/ros2_ws/build/articubot_one': CMAKE_PREFIX_PATH=${CMAKE_PREFIX_PATH}:/home/nathan/ros2_ws/install/rdj2025_potato_disease_detection:/home/nathan/ros2_ws/install/joy_tester:/opt/ros/humble /usr/bin/cmake /home/nathan/ros2_ws/src/articubot_one -DAMENT_CMAKE_SYMLINK_INSTALL=1 -DCMAKE_INSTALL_PREFIX=/home/nathan/ros2_ws/install/articubot_one
[8.606s] DEBUG:colcon.colcon_core.event_handler.log_command:Invoking command in '/home/nathan/ros2_ws/build/diffdrive_arduino': CMAKE_PREFIX_PATH=${CMAKE_PREFIX_PATH}:/home/nathan/ros2_ws/install/rdj2025_potato_disease_detection:/home/nathan/ros2_ws/install/joy_tester:/opt/ros/humble /usr/bin/cmake /home/nathan/ros2_ws/src/diffdrive_arduino -DAMENT_CMAKE_SYMLINK_INSTALL=1 -DCMAKE_INSTALL_PREFIX=/home/nathan/ros2_ws/install/diffdrive_arduino
[8.609s] DEBUG:colcon.colcon_core.event_handler.log_command:Invoking command in '/home/nathan/ros2_ws/build/dojo': CMAKE_PREFIX_PATH=${CMAKE_PREFIX_PATH}:/home/nathan/ros2_ws/install/rdj2025_potato_disease_detection:/home/nathan/ros2_ws/install/joy_tester:/opt/ros/humble /usr/bin/cmake /home/nathan/ros2_ws/src/dojo -DAMENT_CMAKE_SYMLINK_INSTALL=1 -DCMAKE_INSTALL_PREFIX=/home/nathan/ros2_ws/install/dojo
[9.214s] INFO:colcon.colcon_core.task.python.build:Building Python package in '/home/nathan/ros2_ws/src/joy_tester'
[9.214s] INFO:colcon.colcon_core.shell:Skip shell extension 'powershell' for command environment: Not usable outside of PowerShell
[9.215s] DEBUG:colcon.colcon_core.shell:Skip shell extension 'dsv' for command environment
[14.461s] DEBUG:colcon.colcon_core.event_handler.log_command:Invoked command in '/home/nathan/ros2_ws/build/dojo' returned '0': CMAKE_PREFIX_PATH=${CMAKE_PREFIX_PATH}:/home/nathan/ros2_ws/install/rdj2025_potato_disease_detection:/home/nathan/ros2_ws/install/joy_tester:/opt/ros/humble /usr/bin/cmake /home/nathan/ros2_ws/src/dojo -DAMENT_CMAKE_SYMLINK_INSTALL=1 -DCMAKE_INSTALL_PREFIX=/home/nathan/ros2_ws/install/dojo
[14.462s] DEBUG:colcon.colcon_core.event_handler.log_command:Invoking command in '/home/nathan/ros2_ws/build/dojo': CMAKE_PREFIX_PATH=${CMAKE_PREFIX_PATH}:/home/nathan/ros2_ws/install/rdj2025_potato_disease_detection:/home/nathan/ros2_ws/install/joy_tester:/opt/ros/humble /usr/bin/cmake --build /home/nathan/ros2_ws/build/dojo -- -j4 -l4
[14.774s] DEBUG:colcon.colcon_core.event_handler.log_command:Invoked command in '/home/nathan/ros2_ws/build/dojo' returned '0': CMAKE_PREFIX_PATH=${CMAKE_PREFIX_PATH}:/home/nathan/ros2_ws/install/rdj2025_potato_disease_detection:/home/nathan/ros2_ws/install/joy_tester:/opt/ros/humble /usr/bin/cmake --build /home/nathan/ros2_ws/build/dojo -- -j4 -l4
[14.788s] DEBUG:colcon.colcon_core.event_handler.log_command:Invoking command in '/home/nathan/ros2_ws/build/dojo': CMAKE_PREFIX_PATH=${CMAKE_PREFIX_PATH}:/home/nathan/ros2_ws/install/rdj2025_potato_disease_detection:/home/nathan/ros2_ws/install/joy_tester:/opt/ros/humble /usr/bin/cmake --install /home/nathan/ros2_ws/build/dojo
[14.901s] DEBUG:colcon.colcon_core.event_handler.log_command:Invoked command in '/home/nathan/ros2_ws/build/articubot_one' returned '0': CMAKE_PREFIX_PATH=${CMAKE_PREFIX_PATH}:/home/nathan/ros2_ws/install/rdj2025_potato_disease_detection:/home/nathan/ros2_ws/install/joy_tester:/opt/ros/humble /usr/bin/cmake /home/nathan/ros2_ws/src/articubot_one -DAMENT_CMAKE_SYMLINK_INSTALL=1 -DCMAKE_INSTALL_PREFIX=/home/nathan/ros2_ws/install/articubot_one
[14.903s] DEBUG:colcon.colcon_core.event_handler.log_command:Invoking command in '/home/nathan/ros2_ws/build/articubot_one': CMAKE_PREFIX_PATH=${CMAKE_PREFIX_PATH}:/home/nathan/ros2_ws/install/rdj2025_potato_disease_detection:/home/nathan/ros2_ws/install/joy_tester:/opt/ros/humble /usr/bin/cmake --build /home/nathan/ros2_ws/build/articubot_one -- -j4 -l4
[14.971s] DEBUG:colcon.colcon_core.event_handler.log_command:Invoked command in '/home/nathan/ros2_ws/build/articubot_one' returned '0': CMAKE_PREFIX_PATH=${CMAKE_PREFIX_PATH}:/home/nathan/ros2_ws/install/rdj2025_potato_disease_detection:/home/nathan/ros2_ws/install/joy_tester:/opt/ros/humble /usr/bin/cmake --build /home/nathan/ros2_ws/build/articubot_one -- -j4 -l4
[14.972s] DEBUG:colcon.colcon_core.event_handler.log_command:Invoking command in '/home/nathan/ros2_ws/build/articubot_one': CMAKE_PREFIX_PATH=${CMAKE_PREFIX_PATH}:/home/nathan/ros2_ws/install/rdj2025_potato_disease_detection:/home/nathan/ros2_ws/install/joy_tester:/opt/ros/humble /usr/bin/cmake --install /home/nathan/ros2_ws/build/articubot_one
[15.478s] Level 1:colcon.colcon_core.environment:create_environment_scripts_only(dojo)
[15.480s] DEBUG:colcon.colcon_core.event_handler.log_command:Invoked command in '/home/nathan/ros2_ws/build/dojo' returned '0': CMAKE_PREFIX_PATH=${CMAKE_PREFIX_PATH}:/home/nathan/ros2_ws/install/rdj2025_potato_disease_detection:/home/nathan/ros2_ws/install/joy_tester:/opt/ros/humble /usr/bin/cmake --install /home/nathan/ros2_ws/build/dojo
[15.910s] Level 1:colcon.colcon_core.environment:checking '/home/nathan/ros2_ws/install/dojo' for CMake module files
[15.911s] Level 1:colcon.colcon_core.environment:checking '/home/nathan/ros2_ws/install/dojo' for CMake config files
[15.911s] Level 1:colcon.colcon_core.shell:create_environment_hook('dojo', 'cmake_prefix_path')
[15.911s] INFO:colcon.colcon_core.shell:Creating environment hook '/home/nathan/ros2_ws/install/dojo/share/dojo/hook/cmake_prefix_path.ps1'
[15.912s] INFO:colcon.colcon_core.shell:Creating environment descriptor '/home/nathan/ros2_ws/install/dojo/share/dojo/hook/cmake_prefix_path.dsv'
[15.913s] INFO:colcon.colcon_core.shell:Creating environment hook '/home/nathan/ros2_ws/install/dojo/share/dojo/hook/cmake_prefix_path.sh'
[15.914s] Level 1:colcon.colcon_core.environment:checking '/home/nathan/ros2_ws/install/dojo/bin'
[15.914s] Level 1:colcon.colcon_core.environment:checking '/home/nathan/ros2_ws/install/dojo/lib/pkgconfig/dojo.pc'
[15.914s] Level 1:colcon.colcon_core.environment:checking '/home/nathan/ros2_ws/install/dojo/lib/python3.10/site-packages'
[15.914s] Level 1:colcon.colcon_core.environment:checking '/home/nathan/ros2_ws/install/dojo/bin'
[15.915s] INFO:colcon.colcon_core.shell:Creating package script '/home/nathan/ros2_ws/install/dojo/share/dojo/package.ps1'
[15.962s] INFO:colcon.colcon_core.shell:Creating package descriptor '/home/nathan/ros2_ws/install/dojo/share/dojo/package.dsv'
[16.026s] INFO:colcon.colcon_core.shell:Creating package script '/home/nathan/ros2_ws/install/dojo/share/dojo/package.sh'
[16.084s] INFO:colcon.colcon_core.shell:Creating package script '/home/nathan/ros2_ws/install/dojo/share/dojo/package.bash'
[16.240s] INFO:colcon.colcon_core.shell:Creating package script '/home/nathan/ros2_ws/install/dojo/share/dojo/package.zsh'
[16.306s] Level 1:colcon.colcon_core.environment:create_file_with_runtime_dependencies(/home/nathan/ros2_ws/install/dojo/share/colcon-core/packages/dojo)
[16.307s] Level 1:colcon.colcon_core.environment:create_environment_scripts_only(dojo)
[16.307s] Level 1:colcon.colcon_core.environment:checking '/home/nathan/ros2_ws/install/dojo' for CMake module files
[16.308s] Level 1:colcon.colcon_core.environment:checking '/home/nathan/ros2_ws/install/dojo' for CMake config files
[16.308s] Level 1:colcon.colcon_core.shell:create_environment_hook('dojo', 'cmake_prefix_path')
[16.308s] INFO:colcon.colcon_core.shell:Creating environment hook '/home/nathan/ros2_ws/install/dojo/share/dojo/hook/cmake_prefix_path.ps1'
[16.309s] INFO:colcon.colcon_core.shell:Creating environment descriptor '/home/nathan/ros2_ws/install/dojo/share/dojo/hook/cmake_prefix_path.dsv'
[16.309s] INFO:colcon.colcon_core.shell:Creating environment hook '/home/nathan/ros2_ws/install/dojo/share/dojo/hook/cmake_prefix_path.sh'
[16.310s] Level 1:colcon.colcon_core.environment:checking '/home/nathan/ros2_ws/install/dojo/bin'
[16.310s] Level 1:colcon.colcon_core.environment:checking '/home/nathan/ros2_ws/install/dojo/lib/pkgconfig/dojo.pc'
[16.311s] Level 1:colcon.colcon_core.environment:checking '/home/nathan/ros2_ws/install/dojo/lib/python3.10/site-packages'
[16.311s] Level 1:colcon.colcon_core.environment:checking '/home/nathan/ros2_ws/install/dojo/bin'
[16.312s] INFO:colcon.colcon_core.shell:Creating package script '/home/nathan/ros2_ws/install/dojo/share/dojo/package.ps1'
[16.313s] INFO:colcon.colcon_core.shell:Creating package descriptor '/home/nathan/ros2_ws/install/dojo/share/dojo/package.dsv'
[16.314s] INFO:colcon.colcon_core.shell:Creating package script '/home/nathan/ros2_ws/install/dojo/share/dojo/package.sh'
[16.315s] INFO:colcon.colcon_core.shell:Creating package script '/home/nathan/ros2_ws/install/dojo/share/dojo/package.bash'
[16.316s] INFO:colcon.colcon_core.shell:Creating package script '/home/nathan/ros2_ws/install/dojo/share/dojo/package.zsh'
[16.316s] Level 1:colcon.colcon_core.environment:create_file_with_runtime_dependencies(/home/nathan/ros2_ws/install/dojo/share/colcon-core/packages/dojo)
[16.317s] INFO:colcon.colcon_ros.task.ament_cmake.build:Building ROS package in '/home/nathan/ros2_ws/src/gazebo_ignition_fortress/src/ppp_bot' with build type 'ament_cmake'
[16.317s] INFO:colcon.colcon_cmake.task.cmake.build:Building CMake package in '/home/nathan/ros2_ws/src/gazebo_ignition_fortress/src/ppp_bot'
[16.318s] INFO:colcon.colcon_core.shell:Skip shell extension 'powershell' for command environment: Not usable outside of PowerShell
[16.318s] DEBUG:colcon.colcon_core.shell:Skip shell extension 'dsv' for command environment
[16.325s] Level 1:colcon.colcon_core.environment:create_environment_scripts_only(articubot_one)
[16.326s] Level 1:colcon.colcon_core.environment:checking '/home/nathan/ros2_ws/install/articubot_one' for CMake module files
[16.327s] DEBUG:colcon.colcon_core.event_handler.log_command:Invoked command in '/home/nathan/ros2_ws/build/articubot_one' returned '0': CMAKE_PREFIX_PATH=${CMAKE_PREFIX_PATH}:/home/nathan/ros2_ws/install/rdj2025_potato_disease_detection:/home/nathan/ros2_ws/install/joy_tester:/opt/ros/humble /usr/bin/cmake --install /home/nathan/ros2_ws/build/articubot_one
[16.328s] Level 1:colcon.colcon_core.environment:checking '/home/nathan/ros2_ws/install/articubot_one' for CMake config files
[16.328s] Level 1:colcon.colcon_core.shell:create_environment_hook('articubot_one', 'cmake_prefix_path')
[16.329s] INFO:colcon.colcon_core.shell:Creating environment hook '/home/nathan/ros2_ws/install/articubot_one/share/articubot_one/hook/cmake_prefix_path.ps1'
[16.330s] INFO:colcon.colcon_core.shell:Creating environment descriptor '/home/nathan/ros2_ws/install/articubot_one/share/articubot_one/hook/cmake_prefix_path.dsv'
[16.331s] INFO:colcon.colcon_core.shell:Creating environment hook '/home/nathan/ros2_ws/install/articubot_one/share/articubot_one/hook/cmake_prefix_path.sh'
[16.332s] Level 1:colcon.colcon_core.environment:checking '/home/nathan/ros2_ws/install/articubot_one/bin'
[16.332s] Level 1:colcon.colcon_core.environment:checking '/home/nathan/ros2_ws/install/articubot_one/lib/pkgconfig/articubot_one.pc'
[16.332s] Level 1:colcon.colcon_core.environment:checking '/home/nathan/ros2_ws/install/articubot_one/lib/python3.10/site-packages'
[16.333s] Level 1:colcon.colcon_core.environment:checking '/home/nathan/ros2_ws/install/articubot_one/bin'
[16.334s] INFO:colcon.colcon_core.shell:Creating package script '/home/nathan/ros2_ws/install/articubot_one/share/articubot_one/package.ps1'
[16.335s] INFO:colcon.colcon_core.shell:Creating package descriptor '/home/nathan/ros2_ws/install/articubot_one/share/articubot_one/package.dsv'
[16.336s] INFO:colcon.colcon_core.shell:Creating package script '/home/nathan/ros2_ws/install/articubot_one/share/articubot_one/package.sh'
[16.336s] INFO:colcon.colcon_core.shell:Creating package script '/home/nathan/ros2_ws/install/articubot_one/share/articubot_one/package.bash'
[16.337s] INFO:colcon.colcon_core.shell:Creating package script '/home/nathan/ros2_ws/install/articubot_one/share/articubot_one/package.zsh'
[16.340s] Level 1:colcon.colcon_core.environment:create_file_with_runtime_dependencies(/home/nathan/ros2_ws/install/articubot_one/share/colcon-core/packages/articubot_one)
[16.341s] Level 1:colcon.colcon_core.environment:create_environment_scripts_only(articubot_one)
[16.341s] Level 1:colcon.colcon_core.environment:checking '/home/nathan/ros2_ws/install/articubot_one' for CMake module files
[16.343s] Level 1:colcon.colcon_core.environment:checking '/home/nathan/ros2_ws/install/articubot_one' for CMake config files
[16.343s] Level 1:colcon.colcon_core.shell:create_environment_hook('articubot_one', 'cmake_prefix_path')
[16.344s] INFO:colcon.colcon_core.shell:Creating environment hook '/home/nathan/ros2_ws/install/articubot_one/share/articubot_one/hook/cmake_prefix_path.ps1'
[16.378s] INFO:colcon.colcon_core.shell:Creating environment descriptor '/home/nathan/ros2_ws/install/articubot_one/share/articubot_one/hook/cmake_prefix_path.dsv'
[16.379s] INFO:colcon.colcon_core.shell:Creating environment hook '/home/nathan/ros2_ws/install/articubot_one/share/articubot_one/hook/cmake_prefix_path.sh'
[16.409s] Level 1:colcon.colcon_core.environment:checking '/home/nathan/ros2_ws/install/articubot_one/bin'
[16.410s] Level 1:colcon.colcon_core.environment:checking '/home/nathan/ros2_ws/install/articubot_one/lib/pkgconfig/articubot_one.pc'
[16.410s] Level 1:colcon.colcon_core.environment:checking '/home/nathan/ros2_ws/install/articubot_one/lib/python3.10/site-packages'
[16.411s] Level 1:colcon.colcon_core.environment:checking '/home/nathan/ros2_ws/install/articubot_one/bin'
[16.411s] INFO:colcon.colcon_core.shell:Creating package script '/home/nathan/ros2_ws/install/articubot_one/share/articubot_one/package.ps1'
[16.412s] INFO:colcon.colcon_core.shell:Creating package descriptor '/home/nathan/ros2_ws/install/articubot_one/share/articubot_one/package.dsv'
[16.413s] INFO:colcon.colcon_core.shell:Creating package script '/home/nathan/ros2_ws/install/articubot_one/share/articubot_one/package.sh'
[16.413s] INFO:colcon.colcon_core.shell:Creating package script '/home/nathan/ros2_ws/install/articubot_one/share/articubot_one/package.bash'
[16.415s] INFO:colcon.colcon_core.shell:Creating package script '/home/nathan/ros2_ws/install/articubot_one/share/articubot_one/package.zsh'
[16.415s] Level 1:colcon.colcon_core.environment:create_file_with_runtime_dependencies(/home/nathan/ros2_ws/install/articubot_one/share/colcon-core/packages/articubot_one)
[16.416s] INFO:colcon.colcon_ros.task.ament_python.build:Building ROS package in '/home/nathan/ros2_ws/src/rdj2025_potato_disease_detection' with build type 'ament_python'
[16.416s] Level 1:colcon.colcon_core.shell:create_environment_hook('rdj2025_potato_disease_detection', 'ament_prefix_path')
[16.417s] INFO:colcon.colcon_core.shell:Creating environment hook '/home/nathan/ros2_ws/install/rdj2025_potato_disease_detection/share/rdj2025_potato_disease_detection/hook/ament_prefix_path.ps1'
[16.418s] INFO:colcon.colcon_core.shell:Creating environment descriptor '/home/nathan/ros2_ws/install/rdj2025_potato_disease_detection/share/rdj2025_potato_disease_detection/hook/ament_prefix_path.dsv'
[16.418s] INFO:colcon.colcon_core.shell:Creating environment hook '/home/nathan/ros2_ws/install/rdj2025_potato_disease_detection/share/rdj2025_potato_disease_detection/hook/ament_prefix_path.sh'
[16.419s] INFO:colcon.colcon_core.shell:Skip shell extension 'powershell' for command environment: Not usable outside of PowerShell
[16.419s] DEBUG:colcon.colcon_core.shell:Skip shell extension 'dsv' for command environment
[16.494s] DEBUG:colcon.colcon_core.event_handler.log_command:Invoking command in '/home/nathan/ros2_ws/build/ppp_bot': CMAKE_PREFIX_PATH=${CMAKE_PREFIX_PATH}:/home/nathan/ros2_ws/install/rdj2025_potato_disease_detection:/home/nathan/ros2_ws/install/joy_tester:/opt/ros/humble /usr/bin/cmake /home/nathan/ros2_ws/src/gazebo_ignition_fortress/src/ppp_bot -DAMENT_CMAKE_SYMLINK_INSTALL=1 -DCMAKE_INSTALL_PREFIX=/home/nathan/ros2_ws/install/ppp_bot
[17.006s] INFO:colcon.colcon_core.task.python.build:Building Python package in '/home/nathan/ros2_ws/src/rdj2025_potato_disease_detection'
[17.006s] INFO:colcon.colcon_core.shell:Skip shell extension 'powershell' for command environment: Not usable outside of PowerShell
[17.007s] DEBUG:colcon.colcon_core.shell:Skip shell extension 'dsv' for command environment
[17.583s] DEBUG:colcon.colcon_core.event_handler.log_command:Invoked command in '/home/nathan/ros2_ws/build/ppp_bot' returned '0': CMAKE_PREFIX_PATH=${CMAKE_PREFIX_PATH}:/home/nathan/ros2_ws/install/rdj2025_potato_disease_detection:/home/nathan/ros2_ws/install/joy_tester:/opt/ros/humble /usr/bin/cmake /home/nathan/ros2_ws/src/gazebo_ignition_fortress/src/ppp_bot -DAMENT_CMAKE_SYMLINK_INSTALL=1 -DCMAKE_INSTALL_PREFIX=/home/nathan/ros2_ws/install/ppp_bot
[17.585s] DEBUG:colcon.colcon_core.event_handler.log_command:Invoking command in '/home/nathan/ros2_ws/build/ppp_bot': CMAKE_PREFIX_PATH=${CMAKE_PREFIX_PATH}:/home/nathan/ros2_ws/install/rdj2025_potato_disease_detection:/home/nathan/ros2_ws/install/joy_tester:/opt/ros/humble /usr/bin/cmake --build /home/nathan/ros2_ws/build/ppp_bot -- -j4 -l4
[17.632s] DEBUG:colcon.colcon_core.event_handler.log_command:Invoked command in '/home/nathan/ros2_ws/build/ppp_bot' returned '0': CMAKE_PREFIX_PATH=${CMAKE_PREFIX_PATH}:/home/nathan/ros2_ws/install/rdj2025_potato_disease_detection:/home/nathan/ros2_ws/install/joy_tester:/opt/ros/humble /usr/bin/cmake --build /home/nathan/ros2_ws/build/ppp_bot -- -j4 -l4
[17.634s] DEBUG:colcon.colcon_core.event_handler.log_command:Invoking command in '/home/nathan/ros2_ws/build/ppp_bot': CMAKE_PREFIX_PATH=${CMAKE_PREFIX_PATH}:/home/nathan/ros2_ws/install/rdj2025_potato_disease_detection:/home/nathan/ros2_ws/install/joy_tester:/opt/ros/humble /usr/bin/cmake --install /home/nathan/ros2_ws/build/ppp_bot
[19.401s] Level 1:colcon.colcon_core.environment:create_environment_scripts_only(ppp_bot)
[19.402s] Level 1:colcon.colcon_core.environment:checking '/home/nathan/ros2_ws/install/ppp_bot' for CMake module files
[19.402s] DEBUG:colcon.colcon_core.event_handler.log_command:Invoked command in '/home/nathan/ros2_ws/build/ppp_bot' returned '0': CMAKE_PREFIX_PATH=${CMAKE_PREFIX_PATH}:/home/nathan/ros2_ws/install/rdj2025_potato_disease_detection:/home/nathan/ros2_ws/install/joy_tester:/opt/ros/humble /usr/bin/cmake --install /home/nathan/ros2_ws/build/ppp_bot
[19.403s] Level 1:colcon.colcon_core.environment:checking '/home/nathan/ros2_ws/install/ppp_bot' for CMake config files
[19.403s] Level 1:colcon.colcon_core.shell:create_environment_hook('ppp_bot', 'cmake_prefix_path')
[19.404s] INFO:colcon.colcon_core.shell:Creating environment hook '/home/nathan/ros2_ws/install/ppp_bot/share/ppp_bot/hook/cmake_prefix_path.ps1'
[19.404s] INFO:colcon.colcon_core.shell:Creating environment descriptor '/home/nathan/ros2_ws/install/ppp_bot/share/ppp_bot/hook/cmake_prefix_path.dsv'
[19.405s] INFO:colcon.colcon_core.shell:Creating environment hook '/home/nathan/ros2_ws/install/ppp_bot/share/ppp_bot/hook/cmake_prefix_path.sh'
[19.406s] Level 1:colcon.colcon_core.environment:checking '/home/nathan/ros2_ws/install/ppp_bot/bin'
[19.406s] Level 1:colcon.colcon_core.environment:checking '/home/nathan/ros2_ws/install/ppp_bot/lib/pkgconfig/ppp_bot.pc'
[19.406s] Level 1:colcon.colcon_core.environment:checking '/home/nathan/ros2_ws/install/ppp_bot/lib/python3.10/site-packages'
[19.406s] Level 1:colcon.colcon_core.environment:checking '/home/nathan/ros2_ws/install/ppp_bot/bin'
[19.407s] INFO:colcon.colcon_core.shell:Creating package script '/home/nathan/ros2_ws/install/ppp_bot/share/ppp_bot/package.ps1'
[19.408s] INFO:colcon.colcon_core.shell:Creating package descriptor '/home/nathan/ros2_ws/install/ppp_bot/share/ppp_bot/package.dsv'
[19.408s] INFO:colcon.colcon_core.shell:Creating package script '/home/nathan/ros2_ws/install/ppp_bot/share/ppp_bot/package.sh'
[19.409s] INFO:colcon.colcon_core.shell:Creating package script '/home/nathan/ros2_ws/install/ppp_bot/share/ppp_bot/package.bash'
[19.410s] INFO:colcon.colcon_core.shell:Creating package script '/home/nathan/ros2_ws/install/ppp_bot/share/ppp_bot/package.zsh'
[19.410s] Level 1:colcon.colcon_core.environment:create_file_with_runtime_dependencies(/home/nathan/ros2_ws/install/ppp_bot/share/colcon-core/packages/ppp_bot)
[19.411s] Level 1:colcon.colcon_core.environment:create_environment_scripts_only(ppp_bot)
[19.411s] Level 1:colcon.colcon_core.environment:checking '/home/nathan/ros2_ws/install/ppp_bot' for CMake module files
[19.412s] Level 1:colcon.colcon_core.environment:checking '/home/nathan/ros2_ws/install/ppp_bot' for CMake config files
[19.412s] Level 1:colcon.colcon_core.shell:create_environment_hook('ppp_bot', 'cmake_prefix_path')
[19.413s] INFO:colcon.colcon_core.shell:Creating environment hook '/home/nathan/ros2_ws/install/ppp_bot/share/ppp_bot/hook/cmake_prefix_path.ps1'
[19.413s] INFO:colcon.colcon_core.shell:Creating environment descriptor '/home/nathan/ros2_ws/install/ppp_bot/share/ppp_bot/hook/cmake_prefix_path.dsv'
[19.414s] INFO:colcon.colcon_core.shell:Creating environment hook '/home/nathan/ros2_ws/install/ppp_bot/share/ppp_bot/hook/cmake_prefix_path.sh'
[19.415s] Level 1:colcon.colcon_core.environment:checking '/home/nathan/ros2_ws/install/ppp_bot/bin'
[19.415s] Level 1:colcon.colcon_core.environment:checking '/home/nathan/ros2_ws/install/ppp_bot/lib/pkgconfig/ppp_bot.pc'
[19.416s] Level 1:colcon.colcon_core.environment:checking '/home/nathan/ros2_ws/install/ppp_bot/lib/python3.10/site-packages'
[19.416s] Level 1:colcon.colcon_core.environment:checking '/home/nathan/ros2_ws/install/ppp_bot/bin'
[19.417s] INFO:colcon.colcon_core.shell:Creating package script '/home/nathan/ros2_ws/install/ppp_bot/share/ppp_bot/package.ps1'
[19.418s] INFO:colcon.colcon_core.shell:Creating package descriptor '/home/nathan/ros2_ws/install/ppp_bot/share/ppp_bot/package.dsv'
[19.420s] INFO:colcon.colcon_core.shell:Creating package script '/home/nathan/ros2_ws/install/ppp_bot/share/ppp_bot/package.sh'
[19.420s] INFO:colcon.colcon_core.shell:Creating package script '/home/nathan/ros2_ws/install/ppp_bot/share/ppp_bot/package.bash'
[19.421s] INFO:colcon.colcon_core.shell:Creating package script '/home/nathan/ros2_ws/install/ppp_bot/share/ppp_bot/package.zsh'
[19.422s] Level 1:colcon.colcon_core.environment:create_file_with_runtime_dependencies(/home/nathan/ros2_ws/install/ppp_bot/share/colcon-core/packages/ppp_bot)
[19.422s] INFO:colcon.colcon_ros.task.ament_cmake.build:Building ROS package in '/home/nathan/ros2_ws/src/sllidar_ros2' with build type 'ament_cmake'
[19.422s] INFO:colcon.colcon_cmake.task.cmake.build:Building CMake package in '/home/nathan/ros2_ws/src/sllidar_ros2'
[19.423s] INFO:colcon.colcon_core.shell:Skip shell extension 'powershell' for command environment: Not usable outside of PowerShell
[19.423s] DEBUG:colcon.colcon_core.shell:Skip shell extension 'dsv' for command environment
[19.472s] DEBUG:colcon.colcon_core.event_handler.log_command:Invoking command in '/home/nathan/ros2_ws/build/sllidar_ros2': CMAKE_PREFIX_PATH=${CMAKE_PREFIX_PATH}:/home/nathan/ros2_ws/install/rdj2025_potato_disease_detection:/home/nathan/ros2_ws/install/joy_tester:/opt/ros/humble /usr/bin/cmake /home/nathan/ros2_ws/src/sllidar_ros2 -DAMENT_CMAKE_SYMLINK_INSTALL=1 -DCMAKE_INSTALL_PREFIX=/home/nathan/ros2_ws/install/sllidar_ros2
[23.406s] DEBUG:colcon.colcon_core.task.python.build:While undoing a previous installation files outside the Python library path are being ignored: /home/nathan/ros2_ws/install/rdj2025_potato_disease_detection/share/ament_index/resource_index/packages/rdj2025_potato_disease_detection
[23.406s] DEBUG:colcon.colcon_core.task.python.build:While undoing a previous installation files outside the Python library path are being ignored: /home/nathan/ros2_ws/install/rdj2025_potato_disease_detection/share/rdj2025_potato_disease_detection/package.xml
[23.406s] DEBUG:colcon.colcon_core.task.python.build:While undoing a previous installation files outside the Python library path are being ignored: /home/nathan/ros2_ws/install/rdj2025_potato_disease_detection/lib/rdj2025_potato_disease_detection/potato_disease_detection_node
[23.406s] DEBUG:colcon.colcon_core.task.python.build:While undoing a previous installation files outside the Python library path are being ignored: /home/nathan/ros2_ws/install/rdj2025_potato_disease_detection/lib/rdj2025_potato_disease_detection/publish_test_image
[23.412s] DEBUG:colcon.colcon_core.event_handler.log_command:Invoking command in '/home/nathan/ros2_ws/build/rdj2025_potato_disease_detection': PYTHONPATH=/home/nathan/ros2_ws/build/rdj2025_potato_disease_detection/prefix_override:/usr/lib/python3/dist-packages/colcon_core/task/python/colcon_distutils_commands:/home/nathan/ros2_ws/install/rdj2025_potato_disease_detection/lib/python3.10/site-packages:${PYTHONPATH} /usr/bin/python3 -W ignore:setup.py install is deprecated -W ignore:easy_install command is deprecated setup.py develop --editable --build-directory /home/nathan/ros2_ws/build/rdj2025_potato_disease_detection/build --no-deps symlink_data --force
[23.420s] DEBUG:colcon.colcon_core.task.python.build:While undoing a previous installation files outside the Python library path are being ignored: /home/nathan/ros2_ws/install/joy_tester/share/ament_index/resource_index/packages/joy_tester
[23.420s] DEBUG:colcon.colcon_core.task.python.build:While undoing a previous installation files outside the Python library path are being ignored: /home/nathan/ros2_ws/install/joy_tester/share/joy_tester/package.xml
[23.421s] DEBUG:colcon.colcon_core.task.python.build:While undoing a previous installation files outside the Python library path are being ignored: /home/nathan/ros2_ws/install/joy_tester/lib/joy_tester/test_joy
[23.423s] DEBUG:colcon.colcon_core.event_handler.log_command:Invoking command in '/home/nathan/ros2_ws/build/joy_tester': PYTHONPATH=/home/nathan/ros2_ws/build/joy_tester/prefix_override:/usr/lib/python3/dist-packages/colcon_core/task/python/colcon_distutils_commands:/home/nathan/ros2_ws/install/joy_tester/lib/python3.10/site-packages:${PYTHONPATH} /usr/bin/python3 -W ignore:setup.py install is deprecated -W ignore:easy_install command is deprecated setup.py develop --editable --build-directory /home/nathan/ros2_ws/build/joy_tester/build --no-deps symlink_data --force
[24.473s] DEBUG:colcon.colcon_core.event_handler.log_command:Invoked command in '/home/nathan/ros2_ws/build/sllidar_ros2' returned '0': CMAKE_PREFIX_PATH=${CMAKE_PREFIX_PATH}:/home/nathan/ros2_ws/install/rdj2025_potato_disease_detection:/home/nathan/ros2_ws/install/joy_tester:/opt/ros/humble /usr/bin/cmake /home/nathan/ros2_ws/src/sllidar_ros2 -DAMENT_CMAKE_SYMLINK_INSTALL=1 -DCMAKE_INSTALL_PREFIX=/home/nathan/ros2_ws/install/sllidar_ros2
[24.475s] DEBUG:colcon.colcon_core.event_handler.log_command:Invoking command in '/home/nathan/ros2_ws/build/sllidar_ros2': CMAKE_PREFIX_PATH=${CMAKE_PREFIX_PATH}:/home/nathan/ros2_ws/install/rdj2025_potato_disease_detection:/home/nathan/ros2_ws/install/joy_tester:/opt/ros/humble /usr/bin/cmake --build /home/nathan/ros2_ws/build/sllidar_ros2 -- -j4 -l4
[24.667s] Level 1:colcon.colcon_core.shell:create_environment_hook('joy_tester', 'pythonpath_develop')
[24.669s] DEBUG:colcon.colcon_core.event_handler.log_command:Invoked command in '/home/nathan/ros2_ws/build/joy_tester' returned '0': PYTHONPATH=/home/nathan/ros2_ws/build/joy_tester/prefix_override:/usr/lib/python3/dist-packages/colcon_core/task/python/colcon_distutils_commands:/home/nathan/ros2_ws/install/joy_tester/lib/python3.10/site-packages:${PYTHONPATH} /usr/bin/python3 -W ignore:setup.py install is deprecated -W ignore:easy_install command is deprecated setup.py develop --editable --build-directory /home/nathan/ros2_ws/build/joy_tester/build --no-deps symlink_data --force
[24.671s] INFO:colcon.colcon_core.shell:Creating environment hook '/home/nathan/ros2_ws/build/joy_tester/share/joy_tester/hook/pythonpath_develop.ps1'
[24.673s] INFO:colcon.colcon_core.shell:Creating environment descriptor '/home/nathan/ros2_ws/build/joy_tester/share/joy_tester/hook/pythonpath_develop.dsv'
[24.674s] INFO:colcon.colcon_core.shell:Creating environment hook '/home/nathan/ros2_ws/build/joy_tester/share/joy_tester/hook/pythonpath_develop.sh'
[24.675s] Level 1:colcon.colcon_core.environment:checking '/home/nathan/ros2_ws/install/joy_tester' for CMake module files
[24.677s] Level 1:colcon.colcon_core.environment:checking '/home/nathan/ros2_ws/install/joy_tester' for CMake config files
[24.682s] Level 1:colcon.colcon_core.environment:checking '/home/nathan/ros2_ws/install/joy_tester/lib'
[24.683s] Level 1:colcon.colcon_core.environment:checking '/home/nathan/ros2_ws/install/joy_tester/bin'
[24.683s] Level 1:colcon.colcon_core.environment:checking '/home/nathan/ros2_ws/install/joy_tester/lib/pkgconfig/joy_tester.pc'
[24.684s] Level 1:colcon.colcon_core.environment:checking '/home/nathan/ros2_ws/install/joy_tester/lib/python3.10/site-packages'
[24.684s] Level 1:colcon.colcon_core.shell:create_environment_hook('joy_tester', 'pythonpath')
[24.685s] INFO:colcon.colcon_core.shell:Creating environment hook '/home/nathan/ros2_ws/install/joy_tester/share/joy_tester/hook/pythonpath.ps1'
[24.686s] INFO:colcon.colcon_core.shell:Creating environment descriptor '/home/nathan/ros2_ws/install/joy_tester/share/joy_tester/hook/pythonpath.dsv'
[24.687s] INFO:colcon.colcon_core.shell:Creating environment hook '/home/nathan/ros2_ws/install/joy_tester/share/joy_tester/hook/pythonpath.sh'
[24.688s] Level 1:colcon.colcon_core.environment:checking '/home/nathan/ros2_ws/install/joy_tester/bin'
[24.689s] Level 1:colcon.colcon_core.environment:create_environment_scripts_only(joy_tester)
[24.690s] INFO:colcon.colcon_core.shell:Creating package script '/home/nathan/ros2_ws/install/joy_tester/share/joy_tester/package.ps1'
[24.691s] INFO:colcon.colcon_core.shell:Creating package descriptor '/home/nathan/ros2_ws/install/joy_tester/share/joy_tester/package.dsv'
[24.696s] INFO:colcon.colcon_core.shell:Creating package script '/home/nathan/ros2_ws/install/joy_tester/share/joy_tester/package.sh'
[24.697s] INFO:colcon.colcon_core.shell:Creating package script '/home/nathan/ros2_ws/install/joy_tester/share/joy_tester/package.bash'
[24.699s] INFO:colcon.colcon_core.shell:Creating package script '/home/nathan/ros2_ws/install/joy_tester/share/joy_tester/package.zsh'
[24.700s] Level 1:colcon.colcon_core.environment:create_file_with_runtime_dependencies(/home/nathan/ros2_ws/install/joy_tester/share/colcon-core/packages/joy_tester)
[24.706s] Level 1:colcon.colcon_core.shell:create_environment_hook('rdj2025_potato_disease_detection', 'pythonpath_develop')
[24.708s] INFO:colcon.colcon_core.shell:Creating environment hook '/home/nathan/ros2_ws/build/rdj2025_potato_disease_detection/share/rdj2025_potato_disease_detection/hook/pythonpath_develop.ps1'
[24.707s] DEBUG:colcon.colcon_core.event_handler.log_command:Invoked command in '/home/nathan/ros2_ws/build/rdj2025_potato_disease_detection' returned '0': PYTHONPATH=/home/nathan/ros2_ws/build/rdj2025_potato_disease_detection/prefix_override:/usr/lib/python3/dist-packages/colcon_core/task/python/colcon_distutils_commands:/home/nathan/ros2_ws/install/rdj2025_potato_disease_detection/lib/python3.10/site-packages:${PYTHONPATH} /usr/bin/python3 -W ignore:setup.py install is deprecated -W ignore:easy_install command is deprecated setup.py develop --editable --build-directory /home/nathan/ros2_ws/build/rdj2025_potato_disease_detection/build --no-deps symlink_data --force
[24.712s] INFO:colcon.colcon_core.shell:Creating environment descriptor '/home/nathan/ros2_ws/build/rdj2025_potato_disease_detection/share/rdj2025_potato_disease_detection/hook/pythonpath_develop.dsv'
[24.713s] INFO:colcon.colcon_core.shell:Creating environment hook '/home/nathan/ros2_ws/build/rdj2025_potato_disease_detection/share/rdj2025_potato_disease_detection/hook/pythonpath_develop.sh'
[24.714s] Level 1:colcon.colcon_core.environment:checking '/home/nathan/ros2_ws/install/rdj2025_potato_disease_detection' for CMake module files
[24.715s] Level 1:colcon.colcon_core.environment:checking '/home/nathan/ros2_ws/install/rdj2025_potato_disease_detection' for CMake config files
[24.716s] Level 1:colcon.colcon_core.environment:checking '/home/nathan/ros2_ws/install/rdj2025_potato_disease_detection/lib'
[24.716s] Level 1:colcon.colcon_core.environment:checking '/home/nathan/ros2_ws/install/rdj2025_potato_disease_detection/bin'
[24.716s] Level 1:colcon.colcon_core.environment:checking '/home/nathan/ros2_ws/install/rdj2025_potato_disease_detection/lib/pkgconfig/rdj2025_potato_disease_detection.pc'
[24.716s] Level 1:colcon.colcon_core.environment:checking '/home/nathan/ros2_ws/install/rdj2025_potato_disease_detection/lib/python3.10/site-packages'
[24.717s] Level 1:colcon.colcon_core.shell:create_environment_hook('rdj2025_potato_disease_detection', 'pythonpath')
[24.718s] INFO:colcon.colcon_core.shell:Creating environment hook '/home/nathan/ros2_ws/install/rdj2025_potato_disease_detection/share/rdj2025_potato_disease_detection/hook/pythonpath.ps1'
[24.722s] INFO:colcon.colcon_core.shell:Creating environment descriptor '/home/nathan/ros2_ws/install/rdj2025_potato_disease_detection/share/rdj2025_potato_disease_detection/hook/pythonpath.dsv'
[24.722s] INFO:colcon.colcon_core.shell:Creating environment hook '/home/nathan/ros2_ws/install/rdj2025_potato_disease_detection/share/rdj2025_potato_disease_detection/hook/pythonpath.sh'
[24.723s] Level 1:colcon.colcon_core.environment:checking '/home/nathan/ros2_ws/install/rdj2025_potato_disease_detection/bin'
[24.723s] Level 1:colcon.colcon_core.environment:create_environment_scripts_only(rdj2025_potato_disease_detection)
[24.724s] INFO:colcon.colcon_core.shell:Creating package script '/home/nathan/ros2_ws/install/rdj2025_potato_disease_detection/share/rdj2025_potato_disease_detection/package.ps1'
[24.725s] INFO:colcon.colcon_core.shell:Creating package descriptor '/home/nathan/ros2_ws/install/rdj2025_potato_disease_detection/share/rdj2025_potato_disease_detection/package.dsv'
[24.726s] INFO:colcon.colcon_core.shell:Creating package script '/home/nathan/ros2_ws/install/rdj2025_potato_disease_detection/share/rdj2025_potato_disease_detection/package.sh'
[24.727s] INFO:colcon.colcon_core.shell:Creating package script '/home/nathan/ros2_ws/install/rdj2025_potato_disease_detection/share/rdj2025_potato_disease_detection/package.bash'
[24.728s] INFO:colcon.colcon_core.shell:Creating package script '/home/nathan/ros2_ws/install/rdj2025_potato_disease_detection/share/rdj2025_potato_disease_detection/package.zsh'
[24.731s] Level 1:colcon.colcon_core.environment:create_file_with_runtime_dependencies(/home/nathan/ros2_ws/install/rdj2025_potato_disease_detection/share/colcon-core/packages/rdj2025_potato_disease_detection)
[25.437s] DEBUG:colcon.colcon_core.event_handler.log_command:Invoked command in '/home/nathan/ros2_ws/build/diffdrive_arduino' returned '0': CMAKE_PREFIX_PATH=${CMAKE_PREFIX_PATH}:/home/nathan/ros2_ws/install/rdj2025_potato_disease_detection:/home/nathan/ros2_ws/install/joy_tester:/opt/ros/humble /usr/bin/cmake /home/nathan/ros2_ws/src/diffdrive_arduino -DAMENT_CMAKE_SYMLINK_INSTALL=1 -DCMAKE_INSTALL_PREFIX=/home/nathan/ros2_ws/install/diffdrive_arduino
[25.439s] DEBUG:colcon.colcon_core.event_handler.log_command:Invoking command in '/home/nathan/ros2_ws/build/diffdrive_arduino': CMAKE_PREFIX_PATH=${CMAKE_PREFIX_PATH}:/home/nathan/ros2_ws/install/rdj2025_potato_disease_detection:/home/nathan/ros2_ws/install/joy_tester:/opt/ros/humble /usr/bin/cmake --build /home/nathan/ros2_ws/build/diffdrive_arduino -- -j4 -l4
[25.792s] DEBUG:colcon.colcon_core.event_handler.log_command:Invoked command in '/home/nathan/ros2_ws/build/diffdrive_arduino' returned '0': CMAKE_PREFIX_PATH=${CMAKE_PREFIX_PATH}:/home/nathan/ros2_ws/install/rdj2025_potato_disease_detection:/home/nathan/ros2_ws/install/joy_tester:/opt/ros/humble /usr/bin/cmake --build /home/nathan/ros2_ws/build/diffdrive_arduino -- -j4 -l4
[25.802s] DEBUG:colcon.colcon_core.event_handler.log_command:Invoking command in '/home/nathan/ros2_ws/build/diffdrive_arduino': CMAKE_PREFIX_PATH=${CMAKE_PREFIX_PATH}:/home/nathan/ros2_ws/install/rdj2025_potato_disease_detection:/home/nathan/ros2_ws/install/joy_tester:/opt/ros/humble /usr/bin/cmake --install /home/nathan/ros2_ws/build/diffdrive_arduino
[26.282s] Level 1:colcon.colcon_core.environment:create_environment_scripts_only(diffdrive_arduino)
[26.283s] Level 1:colcon.colcon_core.environment:checking '/home/nathan/ros2_ws/install/diffdrive_arduino' for CMake module files
[26.283s] DEBUG:colcon.colcon_core.event_handler.log_command:Invoked command in '/home/nathan/ros2_ws/build/diffdrive_arduino' returned '0': CMAKE_PREFIX_PATH=${CMAKE_PREFIX_PATH}:/home/nathan/ros2_ws/install/rdj2025_potato_disease_detection:/home/nathan/ros2_ws/install/joy_tester:/opt/ros/humble /usr/bin/cmake --install /home/nathan/ros2_ws/build/diffdrive_arduino
[26.284s] Level 1:colcon.colcon_core.environment:checking '/home/nathan/ros2_ws/install/diffdrive_arduino' for CMake config files
[26.284s] Level 1:colcon.colcon_core.shell:create_environment_hook('diffdrive_arduino', 'cmake_prefix_path')
[26.285s] INFO:colcon.colcon_core.shell:Creating environment hook '/home/nathan/ros2_ws/install/diffdrive_arduino/share/diffdrive_arduino/hook/cmake_prefix_path.ps1'
[26.286s] INFO:colcon.colcon_core.shell:Creating environment descriptor '/home/nathan/ros2_ws/install/diffdrive_arduino/share/diffdrive_arduino/hook/cmake_prefix_path.dsv'
[26.286s] INFO:colcon.colcon_core.shell:Creating environment hook '/home/nathan/ros2_ws/install/diffdrive_arduino/share/diffdrive_arduino/hook/cmake_prefix_path.sh'
[26.287s] Level 1:colcon.colcon_core.environment:checking '/home/nathan/ros2_ws/install/diffdrive_arduino/lib'
[26.288s] Level 1:colcon.colcon_core.shell:create_environment_hook('diffdrive_arduino', 'ld_library_path_lib')
[26.288s] INFO:colcon.colcon_core.shell:Creating environment hook '/home/nathan/ros2_ws/install/diffdrive_arduino/share/diffdrive_arduino/hook/ld_library_path_lib.ps1'
[26.305s] INFO:colcon.colcon_core.shell:Creating environment descriptor '/home/nathan/ros2_ws/install/diffdrive_arduino/share/diffdrive_arduino/hook/ld_library_path_lib.dsv'
[26.306s] INFO:colcon.colcon_core.shell:Creating environment hook '/home/nathan/ros2_ws/install/diffdrive_arduino/share/diffdrive_arduino/hook/ld_library_path_lib.sh'
[26.307s] Level 1:colcon.colcon_core.environment:checking '/home/nathan/ros2_ws/install/diffdrive_arduino/bin'
[26.307s] Level 1:colcon.colcon_core.environment:checking '/home/nathan/ros2_ws/install/diffdrive_arduino/lib/pkgconfig/diffdrive_arduino.pc'
[26.307s] Level 1:colcon.colcon_core.environment:checking '/home/nathan/ros2_ws/install/diffdrive_arduino/lib/python3.10/site-packages'
[26.308s] Level 1:colcon.colcon_core.environment:checking '/home/nathan/ros2_ws/install/diffdrive_arduino/bin'
[26.309s] INFO:colcon.colcon_core.shell:Creating package script '/home/nathan/ros2_ws/install/diffdrive_arduino/share/diffdrive_arduino/package.ps1'
[26.310s] INFO:colcon.colcon_core.shell:Creating package descriptor '/home/nathan/ros2_ws/install/diffdrive_arduino/share/diffdrive_arduino/package.dsv'
[26.311s] INFO:colcon.colcon_core.shell:Creating package script '/home/nathan/ros2_ws/install/diffdrive_arduino/share/diffdrive_arduino/package.sh'
[26.312s] INFO:colcon.colcon_core.shell:Creating package script '/home/nathan/ros2_ws/install/diffdrive_arduino/share/diffdrive_arduino/package.bash'
[26.313s] INFO:colcon.colcon_core.shell:Creating package script '/home/nathan/ros2_ws/install/diffdrive_arduino/share/diffdrive_arduino/package.zsh'
[26.314s] Level 1:colcon.colcon_core.environment:create_file_with_runtime_dependencies(/home/nathan/ros2_ws/install/diffdrive_arduino/share/colcon-core/packages/diffdrive_arduino)
[26.315s] Level 1:colcon.colcon_core.environment:create_environment_scripts_only(diffdrive_arduino)
[26.316s] Level 1:colcon.colcon_core.environment:checking '/home/nathan/ros2_ws/install/diffdrive_arduino' for CMake module files
[26.318s] Level 1:colcon.colcon_core.environment:checking '/home/nathan/ros2_ws/install/diffdrive_arduino' for CMake config files
[26.320s] Level 1:colcon.colcon_core.shell:create_environment_hook('diffdrive_arduino', 'cmake_prefix_path')
[26.320s] INFO:colcon.colcon_core.shell:Creating environment hook '/home/nathan/ros2_ws/install/diffdrive_arduino/share/diffdrive_arduino/hook/cmake_prefix_path.ps1'
[26.321s] INFO:colcon.colcon_core.shell:Creating environment descriptor '/home/nathan/ros2_ws/install/diffdrive_arduino/share/diffdrive_arduino/hook/cmake_prefix_path.dsv'
[26.322s] INFO:colcon.colcon_core.shell:Creating environment hook '/home/nathan/ros2_ws/install/diffdrive_arduino/share/diffdrive_arduino/hook/cmake_prefix_path.sh'
[26.323s] Level 1:colcon.colcon_core.environment:checking '/home/nathan/ros2_ws/install/diffdrive_arduino/lib'
[26.324s] Level 1:colcon.colcon_core.shell:create_environment_hook('diffdrive_arduino', 'ld_library_path_lib')
[26.324s] INFO:colcon.colcon_core.shell:Creating environment hook '/home/nathan/ros2_ws/install/diffdrive_arduino/share/diffdrive_arduino/hook/ld_library_path_lib.ps1'
[26.325s] INFO:colcon.colcon_core.shell:Creating environment descriptor '/home/nathan/ros2_ws/install/diffdrive_arduino/share/diffdrive_arduino/hook/ld_library_path_lib.dsv'
[26.326s] INFO:colcon.colcon_core.shell:Creating environment hook '/home/nathan/ros2_ws/install/diffdrive_arduino/share/diffdrive_arduino/hook/ld_library_path_lib.sh'
[26.326s] Level 1:colcon.colcon_core.environment:checking '/home/nathan/ros2_ws/install/diffdrive_arduino/bin'
[26.327s] Level 1:colcon.colcon_core.environment:checking '/home/nathan/ros2_ws/install/diffdrive_arduino/lib/pkgconfig/diffdrive_arduino.pc'
[26.329s] Level 1:colcon.colcon_core.environment:checking '/home/nathan/ros2_ws/install/diffdrive_arduino/lib/python3.10/site-packages'
[26.330s] Level 1:colcon.colcon_core.environment:checking '/home/nathan/ros2_ws/install/diffdrive_arduino/bin'
[26.330s] INFO:colcon.colcon_core.shell:Creating package script '/home/nathan/ros2_ws/install/diffdrive_arduino/share/diffdrive_arduino/package.ps1'
[26.331s] INFO:colcon.colcon_core.shell:Creating package descriptor '/home/nathan/ros2_ws/install/diffdrive_arduino/share/diffdrive_arduino/package.dsv'
[26.332s] INFO:colcon.colcon_core.shell:Creating package script '/home/nathan/ros2_ws/install/diffdrive_arduino/share/diffdrive_arduino/package.sh'
[26.333s] INFO:colcon.colcon_core.shell:Creating package script '/home/nathan/ros2_ws/install/diffdrive_arduino/share/diffdrive_arduino/package.bash'
[26.334s] INFO:colcon.colcon_core.shell:Creating package script '/home/nathan/ros2_ws/install/diffdrive_arduino/share/diffdrive_arduino/package.zsh'
[26.334s] Level 1:colcon.colcon_core.environment:create_file_with_runtime_dependencies(/home/nathan/ros2_ws/install/diffdrive_arduino/share/colcon-core/packages/diffdrive_arduino)
[28.703s] DEBUG:colcon.colcon_core.event_handler.log_command:Invoked command in '/home/nathan/ros2_ws/build/sllidar_ros2' returned '0': CMAKE_PREFIX_PATH=${CMAKE_PREFIX_PATH}:/home/nathan/ros2_ws/install/rdj2025_potato_disease_detection:/home/nathan/ros2_ws/install/joy_tester:/opt/ros/humble /usr/bin/cmake --build /home/nathan/ros2_ws/build/sllidar_ros2 -- -j4 -l4
[28.709s] DEBUG:colcon.colcon_core.event_handler.log_command:Invoking command in '/home/nathan/ros2_ws/build/sllidar_ros2': CMAKE_PREFIX_PATH=${CMAKE_PREFIX_PATH}:/home/nathan/ros2_ws/install/rdj2025_potato_disease_detection:/home/nathan/ros2_ws/install/joy_tester:/opt/ros/humble /usr/bin/cmake --install /home/nathan/ros2_ws/build/sllidar_ros2
[28.995s] Level 1:colcon.colcon_core.environment:create_environment_scripts_only(sllidar_ros2)
[28.996s] Level 1:colcon.colcon_core.environment:checking '/home/nathan/ros2_ws/install/sllidar_ros2' for CMake module files
[28.997s] DEBUG:colcon.colcon_core.event_handler.log_command:Invoked command in '/home/nathan/ros2_ws/build/sllidar_ros2' returned '0': CMAKE_PREFIX_PATH=${CMAKE_PREFIX_PATH}:/home/nathan/ros2_ws/install/rdj2025_potato_disease_detection:/home/nathan/ros2_ws/install/joy_tester:/opt/ros/humble /usr/bin/cmake --install /home/nathan/ros2_ws/build/sllidar_ros2
[28.998s] Level 1:colcon.colcon_core.environment:checking '/home/nathan/ros2_ws/install/sllidar_ros2' for CMake config files
[28.998s] Level 1:colcon.colcon_core.shell:create_environment_hook('sllidar_ros2', 'cmake_prefix_path')
[28.998s] INFO:colcon.colcon_core.shell:Creating environment hook '/home/nathan/ros2_ws/install/sllidar_ros2/share/sllidar_ros2/hook/cmake_prefix_path.ps1'
[28.999s] INFO:colcon.colcon_core.shell:Creating environment descriptor '/home/nathan/ros2_ws/install/sllidar_ros2/share/sllidar_ros2/hook/cmake_prefix_path.dsv'
[29.000s] INFO:colcon.colcon_core.shell:Creating environment hook '/home/nathan/ros2_ws/install/sllidar_ros2/share/sllidar_ros2/hook/cmake_prefix_path.sh'
[29.001s] Level 1:colcon.colcon_core.environment:checking '/home/nathan/ros2_ws/install/sllidar_ros2/lib'
[29.001s] Level 1:colcon.colcon_core.environment:checking '/home/nathan/ros2_ws/install/sllidar_ros2/bin'
[29.001s] Level 1:colcon.colcon_core.environment:checking '/home/nathan/ros2_ws/install/sllidar_ros2/lib/pkgconfig/sllidar_ros2.pc'
[29.001s] Level 1:colcon.colcon_core.environment:checking '/home/nathan/ros2_ws/install/sllidar_ros2/lib/python3.10/site-packages'
[29.002s] Level 1:colcon.colcon_core.environment:checking '/home/nathan/ros2_ws/install/sllidar_ros2/bin'
[29.002s] INFO:colcon.colcon_core.shell:Creating package script '/home/nathan/ros2_ws/install/sllidar_ros2/share/sllidar_ros2/package.ps1'
[29.002s] INFO:colcon.colcon_core.shell:Creating package descriptor '/home/nathan/ros2_ws/install/sllidar_ros2/share/sllidar_ros2/package.dsv'
[29.003s] INFO:colcon.colcon_core.shell:Creating package script '/home/nathan/ros2_ws/install/sllidar_ros2/share/sllidar_ros2/package.sh'
[29.004s] INFO:colcon.colcon_core.shell:Creating package script '/home/nathan/ros2_ws/install/sllidar_ros2/share/sllidar_ros2/package.bash'
[29.005s] INFO:colcon.colcon_core.shell:Creating package script '/home/nathan/ros2_ws/install/sllidar_ros2/share/sllidar_ros2/package.zsh'
[29.006s] Level 1:colcon.colcon_core.environment:create_file_with_runtime_dependencies(/home/nathan/ros2_ws/install/sllidar_ros2/share/colcon-core/packages/sllidar_ros2)
[29.007s] Level 1:colcon.colcon_core.environment:create_environment_scripts_only(sllidar_ros2)
[29.008s] Level 1:colcon.colcon_core.environment:checking '/home/nathan/ros2_ws/install/sllidar_ros2' for CMake module files
[29.009s] Level 1:colcon.colcon_core.environment:checking '/home/nathan/ros2_ws/install/sllidar_ros2' for CMake config files
[29.010s] Level 1:colcon.colcon_core.shell:create_environment_hook('sllidar_ros2', 'cmake_prefix_path')
[29.010s] INFO:colcon.colcon_core.shell:Creating environment hook '/home/nathan/ros2_ws/install/sllidar_ros2/share/sllidar_ros2/hook/cmake_prefix_path.ps1'
[29.014s] INFO:colcon.colcon_core.shell:Creating environment descriptor '/home/nathan/ros2_ws/install/sllidar_ros2/share/sllidar_ros2/hook/cmake_prefix_path.dsv'
[29.015s] INFO:colcon.colcon_core.shell:Creating environment hook '/home/nathan/ros2_ws/install/sllidar_ros2/share/sllidar_ros2/hook/cmake_prefix_path.sh'
[29.016s] Level 1:colcon.colcon_core.environment:checking '/home/nathan/ros2_ws/install/sllidar_ros2/lib'
[29.016s] Level 1:colcon.colcon_core.environment:checking '/home/nathan/ros2_ws/install/sllidar_ros2/bin'
[29.017s] Level 1:colcon.colcon_core.environment:checking '/home/nathan/ros2_ws/install/sllidar_ros2/lib/pkgconfig/sllidar_ros2.pc'
[29.017s] Level 1:colcon.colcon_core.environment:checking '/home/nathan/ros2_ws/install/sllidar_ros2/lib/python3.10/site-packages'
[29.017s] Level 1:colcon.colcon_core.environment:checking '/home/nathan/ros2_ws/install/sllidar_ros2/bin'
[29.019s] INFO:colcon.colcon_core.shell:Creating package script '/home/nathan/ros2_ws/install/sllidar_ros2/share/sllidar_ros2/package.ps1'
[29.021s] INFO:colcon.colcon_core.shell:Creating package descriptor '/home/nathan/ros2_ws/install/sllidar_ros2/share/sllidar_ros2/package.dsv'
[29.022s] INFO:colcon.colcon_core.shell:Creating package script '/home/nathan/ros2_ws/install/sllidar_ros2/share/sllidar_ros2/package.sh'
[29.024s] INFO:colcon.colcon_core.shell:Creating package script '/home/nathan/ros2_ws/install/sllidar_ros2/share/sllidar_ros2/package.bash'
[29.025s] INFO:colcon.colcon_core.shell:Creating package script '/home/nathan/ros2_ws/install/sllidar_ros2/share/sllidar_ros2/package.zsh'
[29.026s] Level 1:colcon.colcon_core.environment:create_file_with_runtime_dependencies(/home/nathan/ros2_ws/install/sllidar_ros2/share/colcon-core/packages/sllidar_ros2)
[29.026s] DEBUG:colcon.colcon_parallel_executor.executor.parallel:closing loop
[29.027s] DEBUG:colcon.colcon_parallel_executor.executor.parallel:loop closed
[29.027s] DEBUG:colcon.colcon_parallel_executor.executor.parallel:run_until_complete finished with '0'
[29.027s] DEBUG:colcon.colcon_core.event_reactor:joining thread
[29.144s] INFO:colcon.colcon_core.plugin_system:Skipping extension 'colcon_notification.desktop_notification.terminal_notifier': Not used on non-Darwin systems
[29.144s] INFO:colcon.colcon_core.plugin_system:Skipping extension 'colcon_notification.desktop_notification.win32': Not used on non-Windows systems
[29.145s] INFO:colcon.colcon_notification.desktop_notification:Sending desktop notification using 'notify2'
[29.196s] DEBUG:colcon.colcon_core.event_reactor:joined thread
[29.196s] INFO:colcon.colcon_core.shell:Creating prefix script '/home/nathan/ros2_ws/install/local_setup.ps1'
[29.268s] INFO:colcon.colcon_core.shell:Creating prefix util module '/home/nathan/ros2_ws/install/_local_setup_util_ps1.py'
[29.345s] INFO:colcon.colcon_core.shell:Creating prefix chain script '/home/nathan/ros2_ws/install/setup.ps1'
[29.347s] INFO:colcon.colcon_core.shell:Creating prefix script '/home/nathan/ros2_ws/install/local_setup.sh'
[29.399s] INFO:colcon.colcon_core.shell:Creating prefix util module '/home/nathan/ros2_ws/install/_local_setup_util_sh.py'
[29.400s] INFO:colcon.colcon_core.shell:Creating prefix chain script '/home/nathan/ros2_ws/install/setup.sh'
[29.405s] INFO:colcon.colcon_core.shell:Creating prefix script '/home/nathan/ros2_ws/install/local_setup.bash'
[29.436s] INFO:colcon.colcon_core.shell:Creating prefix chain script '/home/nathan/ros2_ws/install/setup.bash'
[29.438s] INFO:colcon.colcon_core.shell:Creating prefix script '/home/nathan/ros2_ws/install/local_setup.zsh'
[29.457s] INFO:colcon.colcon_core.shell:Creating prefix chain script '/home/nathan/ros2_ws/install/setup.zsh'
