[10.127s] Invoking command in '/home/nathan/ros2_ws/build/image_processor': PYTHONPATH=/home/nathan/ros2_ws/build/image_processor/prefix_override:/usr/lib/python3/dist-packages/colcon_core/task/python/colcon_distutils_commands:/home/nathan/ros2_ws/install/image_processor/lib/python3.10/site-packages:${PYTHONPATH} /usr/bin/python3 -W ignore:setup.py install is deprecated -W ignore:easy_install command is deprecated setup.py develop --editable --build-directory /home/nathan/ros2_ws/build/image_processor/build --no-deps symlink_data
[10.513s] running develop
[10.912s] running egg_info
[10.913s] writing image_processor.egg-info/PKG-INFO
[10.913s] writing dependency_links to image_processor.egg-info/dependency_links.txt
[10.913s] writing entry points to image_processor.egg-info/entry_points.txt
[10.913s] writing requirements to image_processor.egg-info/requires.txt
[10.914s] writing top-level names to image_processor.egg-info/top_level.txt
[10.915s] reading manifest file 'image_processor.egg-info/SOURCES.txt'
[10.985s] writing manifest file 'image_processor.egg-info/SOURCES.txt'
[10.987s] running build_ext
[10.988s] Creating /home/nathan/ros2_ws/install/image_processor/lib/python3.10/site-packages/image-processor.egg-link (link to .)
[10.989s] Installing camera_viewer_node script to /home/nathan/ros2_ws/install/image_processor/lib/image_processor
[10.990s] Installing colour_detector_node script to /home/nathan/ros2_ws/install/image_processor/lib/image_processor
[10.990s] Installing disease_detector_node script to /home/nathan/ros2_ws/install/image_processor/lib/image_processor
[10.990s] Installing image_processor_node script to /home/nathan/ros2_ws/install/image_processor/lib/image_processor
[10.990s] 
[10.991s] Installed /home/nathan/ros2_ws/build/image_processor
[10.991s] running symlink_data
[11.202s] Invoked command in '/home/nathan/ros2_ws/build/image_processor' returned '0': PYTHONPATH=/home/nathan/ros2_ws/build/image_processor/prefix_override:/usr/lib/python3/dist-packages/colcon_core/task/python/colcon_distutils_commands:/home/nathan/ros2_ws/install/image_processor/lib/python3.10/site-packages:${PYTHONPATH} /usr/bin/python3 -W ignore:setup.py install is deprecated -W ignore:easy_install command is deprecated setup.py develop --editable --build-directory /home/nathan/ros2_ws/build/image_processor/build --no-deps symlink_data
