[35m[1mConsolidate compiler generated dependencies of target diffdrive_arduino[0m
[ 14%] [32mBuilding CXX object CMakeFiles/fake_robot.dir/src/fake_robot.cpp.o[0m
[ 28%] [32mBuilding CXX object CMakeFiles/fake_robot.dir/src/wheel.cpp.o[0m
[ 42%] [32mBuilding CXX object CMakeFiles/diffdrive_arduino.dir/src/wheel.cpp.o[0m
[ 57%] [32mBuilding CXX object CMakeFiles/diffdrive_arduino.dir/src/diffdrive_arduino.cpp.o[0m
[ 71%] [32mBuilding CXX object CMakeFiles/diffdrive_arduino.dir/src/arduino_comms.cpp.o[0m
[ 85%] [32m[1mLinking CXX shared library libfake_robot.so[0m
[100%] [32m[1mLinking CXX shared library libdiffdrive_arduino.so[0m
[100%] Built target fake_robot
[100%] Built target diffdrive_arduino
-- Install configuration: ""
-- Execute custom install script
-- Symlinking: /home/limitbreakers/breakers_ws/install/diffdrive_arduino/share/diffdrive_arduino//robot_hardware.xml
-- Symlinking: /home/limitbreakers/breakers_ws/install/diffdrive_arduino/share/diffdrive_arduino//fake_robot_hardware.xml
-- Symlinking: /home/limitbreakers/breakers_ws/install/diffdrive_arduino/lib/libdiffdrive_arduino.so
-- Symlinking: /home/limitbreakers/breakers_ws/install/diffdrive_arduino/lib/libfake_robot.so
-- Symlinking: /home/limitbreakers/breakers_ws/install/diffdrive_arduino/share/diffdrive_arduino/controllers/robot_controller_example.yaml
-- Symlinking: /home/limitbreakers/breakers_ws/install/diffdrive_arduino/share/diffdrive_arduino/__pycache__/test_robot.launch.cpython-310.pyc
-- Symlinking: /home/limitbreakers/breakers_ws/install/diffdrive_arduino/share/diffdrive_arduino/fake_robot.launch.py
-- Symlinking: /home/limitbreakers/breakers_ws/install/diffdrive_arduino/share/diffdrive_arduino/test_robot.launch.py
-- Symlinking: /home/limitbreakers/breakers_ws/install/diffdrive_arduino/share/diffdrive_arduino/environment/library_path.sh
-- Symlinking: /home/limitbreakers/breakers_ws/install/diffdrive_arduino/share/diffdrive_arduino/environment/library_path.dsv
-- Symlinking: /home/limitbreakers/breakers_ws/install/diffdrive_arduino/share/ament_index/resource_index/package_run_dependencies/diffdrive_arduino
-- Symlinking: /home/limitbreakers/breakers_ws/install/diffdrive_arduino/share/ament_index/resource_index/parent_prefix_path/diffdrive_arduino
-- Symlinking: /home/limitbreakers/breakers_ws/install/diffdrive_arduino/share/diffdrive_arduino/environment/ament_prefix_path.sh
-- Symlinking: /home/limitbreakers/breakers_ws/install/diffdrive_arduino/share/diffdrive_arduino/environment/ament_prefix_path.dsv
-- Symlinking: /home/limitbreakers/breakers_ws/install/diffdrive_arduino/share/diffdrive_arduino/environment/path.sh
-- Symlinking: /home/limitbreakers/breakers_ws/install/diffdrive_arduino/share/diffdrive_arduino/environment/path.dsv
-- Symlinking: /home/limitbreakers/breakers_ws/install/diffdrive_arduino/share/diffdrive_arduino/local_setup.bash
-- Symlinking: /home/limitbreakers/breakers_ws/install/diffdrive_arduino/share/diffdrive_arduino/local_setup.sh
-- Symlinking: /home/limitbreakers/breakers_ws/install/diffdrive_arduino/share/diffdrive_arduino/local_setup.zsh
-- Symlinking: /home/limitbreakers/breakers_ws/install/diffdrive_arduino/share/diffdrive_arduino/local_setup.dsv
-- Symlinking: /home/limitbreakers/breakers_ws/install/diffdrive_arduino/share/diffdrive_arduino/package.dsv
-- Symlinking: /home/limitbreakers/breakers_ws/install/diffdrive_arduino/share/ament_index/resource_index/packages/diffdrive_arduino
-- Symlinking: /home/limitbreakers/breakers_ws/install/diffdrive_arduino/share/ament_index/resource_index/hardware_interface__pluginlib__plugin/diffdrive_arduino
-- Symlinking: /home/limitbreakers/breakers_ws/install/diffdrive_arduino/share/diffdrive_arduino/cmake/ament_cmake_export_libraries-extras.cmake
-- Symlinking: /home/limitbreakers/breakers_ws/install/diffdrive_arduino/share/diffdrive_arduino/cmake/ament_cmake_export_dependencies-extras.cmake
-- Symlinking: /home/limitbreakers/breakers_ws/install/diffdrive_arduino/share/diffdrive_arduino/cmake/diffdrive_arduinoConfig.cmake
-- Symlinking: /home/limitbreakers/breakers_ws/install/diffdrive_arduino/share/diffdrive_arduino/cmake/diffdrive_arduinoConfig-version.cmake
-- Symlinking: /home/limitbreakers/breakers_ws/install/diffdrive_arduino/share/diffdrive_arduino/package.xml
