[0.037s] Invoking command in '/home/nathan/ros2_ws/build/articubot_one': CMAKE_PREFIX_PATH=/opt/ros/humble /usr/bin/cmake /home/nathan/ros2_ws/src/articubot_one -DCMAKE_INSTALL_PREFIX=/home/nathan/ros2_ws/install/articubot_one
[0.631s] -- The C compiler identification is GNU 11.4.0
[0.631s] -- The CXX compiler identification is GNU 11.4.0
[0.631s] -- Detecting C compiler ABI info
[0.633s] -- Detecting C compiler ABI info - done
[0.633s] -- Check for working C compiler: /usr/bin/cc - skipped
[0.634s] -- Detecting C compile features
[0.634s] -- Detecting C compile features - done
[0.634s] -- Detecting CXX compiler ABI info
[0.803s] -- Detecting CXX compiler ABI info - done
[0.822s] -- Check for working CXX compiler: /usr/bin/c++ - skipped
[0.823s] -- Detecting CXX compile features
[0.825s] -- Detecting CXX compile features - done
[0.829s] -- Found ament_cmake: 1.3.12 (/opt/ros/humble/share/ament_cmake/cmake)
[1.132s] -- Found Python3: /usr/bin/python3 (found version "3.10.12") found components: Interpreter 
[1.303s] -- Found ament_lint_auto: 0.12.14 (/opt/ros/humble/share/ament_lint_auto/cmake)
[1.465s] -- Added test 'copyright' to check source files copyright and LICENSE
[1.473s] -- Added test 'flake8' to check Python code syntax and style conventions
[1.474s] -- Added test 'lint_cmake' to check CMake code style
[1.474s] -- Added test 'pep257' to check Python code against some of the docstring style conventions in PEP 257
[1.478s] -- Added test 'xmllint' to check XML markup files
[1.483s] -- Configuring done
[1.485s] -- Generating done
[1.488s] -- Build files have been written to: /home/nathan/ros2_ws/build/articubot_one
[1.496s] Invoked command in '/home/nathan/ros2_ws/build/articubot_one' returned '0': CMAKE_PREFIX_PATH=/opt/ros/humble /usr/bin/cmake /home/nathan/ros2_ws/src/articubot_one -DCMAKE_INSTALL_PREFIX=/home/nathan/ros2_ws/install/articubot_one
[1.499s] Invoking command in '/home/nathan/ros2_ws/build/articubot_one': CMAKE_PREFIX_PATH=/opt/ros/humble /usr/bin/cmake --build /home/nathan/ros2_ws/build/articubot_one -- -j4 -l4
[1.576s] Invoked command in '/home/nathan/ros2_ws/build/articubot_one' returned '0': CMAKE_PREFIX_PATH=/opt/ros/humble /usr/bin/cmake --build /home/nathan/ros2_ws/build/articubot_one -- -j4 -l4
[1.593s] Invoking command in '/home/nathan/ros2_ws/build/articubot_one': CMAKE_PREFIX_PATH=/opt/ros/humble /usr/bin/cmake --install /home/nathan/ros2_ws/build/articubot_one
[1.604s] -- Install configuration: ""
[1.605s] -- Installing: /home/nathan/ros2_ws/install/articubot_one/share/articubot_one/config
[1.605s] -- Installing: /home/nathan/ros2_ws/install/articubot_one/share/articubot_one/config/my_controllers.yaml
[1.606s] -- Installing: /home/nathan/ros2_ws/install/articubot_one/share/articubot_one/config/ball_tracker_params_sim.yaml
[1.606s] -- Installing: /home/nathan/ros2_ws/install/articubot_one/share/articubot_one/config/main.rviz
[1.607s] -- Installing: /home/nathan/ros2_ws/install/articubot_one/share/articubot_one/config/joystick.yaml
[1.607s] -- Installing: /home/nathan/ros2_ws/install/articubot_one/share/articubot_one/config/map.rviz
[1.608s] -- Installing: /home/nathan/ros2_ws/install/articubot_one/share/articubot_one/config/gazebo_params.yaml
[1.608s] -- Installing: /home/nathan/ros2_ws/install/articubot_one/share/articubot_one/config/gaz_ros2_ctl_use_sim.yaml
[1.608s] -- Installing: /home/nathan/ros2_ws/install/articubot_one/share/articubot_one/config/twist_mux.yaml
[1.609s] -- Installing: /home/nathan/ros2_ws/install/articubot_one/share/articubot_one/config/empty.yaml
[1.609s] -- Installing: /home/nathan/ros2_ws/install/articubot_one/share/articubot_one/config/drive_bot.rviz
[1.610s] -- Installing: /home/nathan/ros2_ws/install/articubot_one/share/articubot_one/config/ball_tracker_params_robot.yaml
[1.610s] -- Installing: /home/nathan/ros2_ws/install/articubot_one/share/articubot_one/config/mapper_params_online_async.yaml
[1.611s] -- Installing: /home/nathan/ros2_ws/install/articubot_one/share/articubot_one/config/view_bot.rviz
[1.611s] -- Installing: /home/nathan/ros2_ws/install/articubot_one/share/articubot_one/config/nav2_params.yaml
[1.612s] -- Installing: /home/nathan/ros2_ws/install/articubot_one/share/articubot_one/description
[1.613s] -- Installing: /home/nathan/ros2_ws/install/articubot_one/share/articubot_one/description/ros2_control.xacro
[1.613s] -- Installing: /home/nathan/ros2_ws/install/articubot_one/share/articubot_one/description/camera.xacro
[1.613s] -- Installing: /home/nathan/ros2_ws/install/articubot_one/share/articubot_one/description/lidar.xacro
[1.613s] -- Installing: /home/nathan/ros2_ws/install/articubot_one/share/articubot_one/description/depth_camera.xacro
[1.614s] -- Installing: /home/nathan/ros2_ws/install/articubot_one/share/articubot_one/description/face.xacro
[1.614s] -- Installing: /home/nathan/ros2_ws/install/articubot_one/share/articubot_one/description/robot.urdf.xacro
[1.615s] -- Installing: /home/nathan/ros2_ws/install/articubot_one/share/articubot_one/description/gazebo_control.xacro
[1.615s] -- Installing: /home/nathan/ros2_ws/install/articubot_one/share/articubot_one/description/robot_core.xacro
[1.615s] -- Installing: /home/nathan/ros2_ws/install/articubot_one/share/articubot_one/description/inertial_macros.xacro
[1.616s] -- Installing: /home/nathan/ros2_ws/install/articubot_one/share/articubot_one/launch
[1.616s] -- Installing: /home/nathan/ros2_ws/install/articubot_one/share/articubot_one/launch/joystick.launch.py
[1.617s] -- Installing: /home/nathan/ros2_ws/install/articubot_one/share/articubot_one/launch/rplidar.launch.py
[1.617s] -- Installing: /home/nathan/ros2_ws/install/articubot_one/share/articubot_one/launch/navigation_launch.py
[1.618s] -- Installing: /home/nathan/ros2_ws/install/articubot_one/share/articubot_one/launch/camera.launch.py
[1.618s] -- Installing: /home/nathan/ros2_ws/install/articubot_one/share/articubot_one/launch/rsp.launch.py
[1.618s] -- Installing: /home/nathan/ros2_ws/install/articubot_one/share/articubot_one/launch/launch_robot.launch.py
[1.619s] -- Installing: /home/nathan/ros2_ws/install/articubot_one/share/articubot_one/launch/launch_sim.launch.py
[1.619s] -- Installing: /home/nathan/ros2_ws/install/articubot_one/share/articubot_one/launch/online_async_launch.py
[1.620s] -- Installing: /home/nathan/ros2_ws/install/articubot_one/share/articubot_one/launch/ball_tracker.launch.py
[1.620s] -- Installing: /home/nathan/ros2_ws/install/articubot_one/share/articubot_one/launch/localization_launch.py
[1.621s] -- Installing: /home/nathan/ros2_ws/install/articubot_one/share/articubot_one/worlds
[1.621s] -- Installing: /home/nathan/ros2_ws/install/articubot_one/share/articubot_one/worlds/obstacles.world
[1.621s] -- Installing: /home/nathan/ros2_ws/install/articubot_one/share/articubot_one/worlds/empty.world
[1.622s] -- Installing: /home/nathan/ros2_ws/install/articubot_one/share/ament_index/resource_index/package_run_dependencies/articubot_one
[1.623s] -- Installing: /home/nathan/ros2_ws/install/articubot_one/share/ament_index/resource_index/parent_prefix_path/articubot_one
[1.624s] -- Installing: /home/nathan/ros2_ws/install/articubot_one/share/articubot_one/environment/ament_prefix_path.sh
[1.624s] -- Installing: /home/nathan/ros2_ws/install/articubot_one/share/articubot_one/environment/ament_prefix_path.dsv
[1.625s] -- Installing: /home/nathan/ros2_ws/install/articubot_one/share/articubot_one/environment/path.sh
[1.625s] -- Installing: /home/nathan/ros2_ws/install/articubot_one/share/articubot_one/environment/path.dsv
[1.626s] -- Installing: /home/nathan/ros2_ws/install/articubot_one/share/articubot_one/local_setup.bash
[1.626s] -- Installing: /home/nathan/ros2_ws/install/articubot_one/share/articubot_one/local_setup.sh
[1.627s] -- Installing: /home/nathan/ros2_ws/install/articubot_one/share/articubot_one/local_setup.zsh
[1.627s] -- Installing: /home/nathan/ros2_ws/install/articubot_one/share/articubot_one/local_setup.dsv
[1.627s] -- Installing: /home/nathan/ros2_ws/install/articubot_one/share/articubot_one/package.dsv
[1.629s] -- Installing: /home/nathan/ros2_ws/install/articubot_one/share/ament_index/resource_index/packages/articubot_one
[1.629s] -- Installing: /home/nathan/ros2_ws/install/articubot_one/share/articubot_one/cmake/articubot_oneConfig.cmake
[1.629s] -- Installing: /home/nathan/ros2_ws/install/articubot_one/share/articubot_one/cmake/articubot_oneConfig-version.cmake
[1.629s] -- Installing: /home/nathan/ros2_ws/install/articubot_one/share/articubot_one/package.xml
[1.638s] Invoked command in '/home/nathan/ros2_ws/build/articubot_one' returned '0': CMAKE_PREFIX_PATH=/opt/ros/humble /usr/bin/cmake --install /home/nathan/ros2_ws/build/articubot_one
